laptop nano4b-g6q nvidia/NVIDIA-Nemotron-3-Nano-4B-BF16@dfaf35de extra: --mamba-ssm-cache-dtype float32 g7a: none
ready in 160s
Model loading took 7.53 GiB memory and 1.604564 seconds
Available KV cache memory: 11.25 GiB
GPU KV cache size: 426,548 tokens, Maximum concurrency for 16,384 tokens per request: 26.03x
bench c=1 exit 0:  decode rate p50 91.366 p95 91.729 mean 91.428 sd 0.220 cv 0.2% tok/s
bench c=16 exit 0:  decode rate p50 68.724 p95 71.444 mean 68.677 sd 1.896 cv 2.8% tok/s
== think
  v1-s1-nano4b-g6q-think-4k: exit 0, 34s
  v2-s1-nano4b-g6q-think-4k: exit 0, 29s
  rocky-s1-nano4b-g6q-think-4k: exit 0, 34s
  promqlcat-s1-nano4b-g6q-think-4k: exit 0, 4s
  general-s1-nano4b-g6q-think-4k: exit 0, 3s
  alert-s1-nano4b-g6q-think-4k: exit 0, 5s
  trap3-s1-nano4b-g6q-think-4k: exit 0, 3s
== nothink
  v1-s1-nano4b-g6q-nothink: exit 0, 34s
  v2-s1-nano4b-g6q-nothink: exit 0, 29s
  rocky-s1-nano4b-g6q-nothink: exit 0, 33s
  promqlcat-s1-nano4b-g6q-nothink: exit 0, 5s
  general-s1-nano4b-g6q-nothink: exit 0, 2s
  alert-s1-nano4b-g6q-nothink: exit 0, 5s
  trap3-s1-nano4b-g6q-nothink: exit 0, 3s
profile: performance
