== cache_bench 23:25:02Z
check: fixed-grid copies equal the plugin's (rows of 1000, 1536, 77952 words; 1, 3, 64 programs)
NVIDIA GeForce RTX 3090: 4 layers, cold per layer [3, 5, 11, 36], BLOCK 512 WARPS 16
slots all C= 1 grid   : idle    34.4 us/layer-step; trace    87.2 us, 0.12 misses 0.12 copies/layer-step -> 0.430 ms a copy (13.0 GB/s)
slots all C= 1 few32  : idle    10.4 us/layer-step; trace    68.3 us, 0.12 misses 0.12 copies/layer-step -> 0.471 ms a copy (11.9 GB/s)
slots all C= 1 few82  : idle    10.5 us/layer-step; trace    68.7 us, 0.12 misses 0.12 copies/layer-step -> 0.474 ms a copy (11.8 GB/s)
slots all C= 1 few164 : idle    10.9 us/layer-step; trace    69.4 us, 0.12 misses 0.12 copies/layer-step -> 0.476 ms a copy (11.8 GB/s)
slots all C= 1 few328 : idle    12.1 us/layer-step; trace    70.2 us, 0.12 misses 0.12 copies/layer-step -> 0.473 ms a copy (11.9 GB/s)
slots all C= 4 grid   : idle    91.7 us/layer-step; trace   254.9 us, 0.40 misses 0.40 copies/layer-step -> 0.410 ms a copy (13.7 GB/s)
slots all C= 4 few32  : idle    15.2 us/layer-step; trace   201.8 us, 0.40 misses 0.40 copies/layer-step -> 0.468 ms a copy (12.0 GB/s)
slots all C= 4 few82  : idle    15.4 us/layer-step; trace   207.4 us, 0.40 misses 0.40 copies/layer-step -> 0.482 ms a copy (11.6 GB/s)
slots all C= 4 few164 : idle    16.6 us/layer-step; trace   212.3 us, 0.40 misses 0.40 copies/layer-step -> 0.491 ms a copy (11.4 GB/s)
slots all C= 4 few328 : idle    20.1 us/layer-step; trace   210.7 us, 0.40 misses 0.40 copies/layer-step -> 0.479 ms a copy (11.7 GB/s)
slots all C=16 grid   : idle   343.5 us/layer-step; trace   590.1 us, 0.88 misses 0.88 copies/layer-step -> 0.280 ms a copy (20.0 GB/s)
slots all C=16 few32  : idle    34.8 us/layer-step; trace   446.0 us, 0.88 misses 0.88 copies/layer-step -> 0.467 ms a copy (12.0 GB/s)
slots all C=16 few82  : idle    35.1 us/layer-step; trace   479.3 us, 0.88 misses 0.88 copies/layer-step -> 0.505 ms a copy (11.1 GB/s)
slots all C=16 few164 : idle    38.4 us/layer-step; trace   497.1 us, 0.88 misses 0.88 copies/layer-step -> 0.521 ms a copy (10.8 GB/s)
slots all C=16 few328 : idle    52.0 us/layer-step; trace   490.7 us, 0.88 misses 0.88 copies/layer-step -> 0.498 ms a copy (11.3 GB/s)
slots 64 C= 1 grid   : idle    29.1 us/layer-step; trace    82.8 us, 0.12 misses 0.12 copies/layer-step -> 0.451 ms a copy (12.4 GB/s)
slots 64 C= 1 few32  : idle     9.8 us/layer-step; trace    65.8 us, 0.12 misses 0.12 copies/layer-step -> 0.470 ms a copy (11.9 GB/s)
slots 64 C= 1 few82  : idle     9.9 us/layer-step; trace    66.1 us, 0.12 misses 0.12 copies/layer-step -> 0.472 ms a copy (11.9 GB/s)
slots 64 C= 1 few164 : idle    10.4 us/layer-step; trace    66.7 us, 0.12 misses 0.12 copies/layer-step -> 0.473 ms a copy (11.9 GB/s)
slots 64 C= 1 few328 : idle    11.6 us/layer-step; trace    67.6 us, 0.12 misses 0.12 copies/layer-step -> 0.470 ms a copy (11.9 GB/s)
slots 64 C= 4 grid   : idle    91.9 us/layer-step; trace   242.7 us, 0.37 misses 0.37 copies/layer-step -> 0.406 ms a copy (13.8 GB/s)
slots 64 C= 4 few32  : idle    14.5 us/layer-step; trace   187.7 us, 0.37 misses 0.37 copies/layer-step -> 0.466 ms a copy (12.0 GB/s)
slots 64 C= 4 few82  : idle    14.7 us/layer-step; trace   194.1 us, 0.37 misses 0.37 copies/layer-step -> 0.483 ms a copy (11.6 GB/s)
slots 64 C= 4 few164 : idle    15.9 us/layer-step; trace   197.1 us, 0.37 misses 0.37 copies/layer-step -> 0.488 ms a copy (11.5 GB/s)
slots 64 C= 4 few328 : idle    19.4 us/layer-step; trace   197.1 us, 0.37 misses 0.37 copies/layer-step -> 0.478 ms a copy (11.7 GB/s)
slots 64 C=16 grid   : idle   233.4 us/layer-step; trace   525.9 us, 0.86 misses 0.86 copies/layer-step -> 0.340 ms a copy (16.5 GB/s)
slots 64 C=16 few32  : idle    25.7 us/layer-step; trace   426.0 us, 0.86 misses 0.86 copies/layer-step -> 0.466 ms a copy (12.1 GB/s)
slots 64 C=16 few82  : idle    26.0 us/layer-step; trace   460.0 us, 0.86 misses 0.86 copies/layer-step -> 0.505 ms a copy (11.1 GB/s)
slots 64 C=16 few164 : idle    28.4 us/layer-step; trace   471.2 us, 0.86 misses 0.86 copies/layer-step -> 0.515 ms a copy (10.9 GB/s)
slots 64 C=16 few328 : idle    37.6 us/layer-step; trace   465.6 us, 0.86 misses 0.86 copies/layer-step -> 0.498 ms a copy (11.3 GB/s)
slots 16 C= 1 grid   : idle    28.7 us/layer-step; trace    91.6 us, 0.14 misses 0.14 copies/layer-step -> 0.440 ms a copy (12.7 GB/s)
slots 16 C= 1 few32  : idle     9.2 us/layer-step; trace    75.2 us, 0.14 misses 0.14 copies/layer-step -> 0.462 ms a copy (12.1 GB/s)
slots 16 C= 1 few82  : idle     9.4 us/layer-step; trace    76.1 us, 0.14 misses 0.14 copies/layer-step -> 0.467 ms a copy (12.0 GB/s)
slots 16 C= 1 few164 : idle     9.9 us/layer-step; trace    76.9 us, 0.14 misses 0.14 copies/layer-step -> 0.469 ms a copy (12.0 GB/s)
slots 16 C= 1 few328 : idle    11.1 us/layer-step; trace    77.5 us, 0.14 misses 0.14 copies/layer-step -> 0.465 ms a copy (12.1 GB/s)
slots 16 C= 4 grid   : idle    63.4 us/layer-step; trace   201.1 us, 0.33 misses 0.33 copies/layer-step -> 0.413 ms a copy (13.6 GB/s)
slots 16 C= 4 few32  : idle    11.8 us/layer-step; trace   164.4 us, 0.33 misses 0.33 copies/layer-step -> 0.458 ms a copy (12.3 GB/s)
slots 16 C= 4 few82  : idle    12.1 us/layer-step; trace   168.3 us, 0.33 misses 0.33 copies/layer-step -> 0.469 ms a copy (12.0 GB/s)
slots 16 C= 4 few164 : idle    13.0 us/layer-step; trace   170.5 us, 0.33 misses 0.33 copies/layer-step -> 0.473 ms a copy (11.9 GB/s)
slots 16 C= 4 few328 : idle    15.4 us/layer-step; trace   170.8 us, 0.33 misses 0.33 copies/layer-step -> 0.466 ms a copy (12.0 GB/s)
slots 16 C=16 grid   : idle    63.6 us/layer-step; trace   504.0 us, 1.04 misses 1.04 copies/layer-step -> 0.425 ms a copy (13.2 GB/s)
slots 16 C=16 few32  : idle    11.9 us/layer-step; trace   484.7 us, 1.04 misses 1.04 copies/layer-step -> 0.456 ms a copy (12.3 GB/s)
slots 16 C=16 few82  : idle    12.2 us/layer-step; trace   522.9 us, 1.04 misses 1.04 copies/layer-step -> 0.493 ms a copy (11.4 GB/s)
slots 16 C=16 few164 : idle    13.1 us/layer-step; trace   538.5 us, 1.04 misses 1.04 copies/layer-step -> 0.507 ms a copy (11.1 GB/s)
slots 16 C=16 few328 : idle    15.4 us/layer-step; trace   524.4 us, 1.04 misses 1.04 copies/layer-step -> 0.491 ms a copy (11.4 GB/s)
overlap (ms; k = misses):
  k= 1 grid    copy   0.127 ms ( 19.6 GB/s); elementwise  0.323 + copy ->  0.438 (sum  0.450, max  0.323); matmul  1.928 + copy ->  2.108 (sum  2.055, max  1.928)
  k= 1 few32   copy   0.059 ms ( 42.0 GB/s); elementwise  0.322 + copy ->  0.331 (sum  0.382, max  0.322); matmul  1.972 + copy ->  1.990 (sum  2.032, max  1.972)
  k= 1 few82   copy   0.056 ms ( 44.7 GB/s); elementwise  0.322 + copy ->  0.374 (sum  0.378, max  0.322); matmul  1.970 + copy ->  2.030 (sum  2.026, max  1.970)
  k= 1 few164  copy   0.055 ms ( 45.4 GB/s); elementwise  0.322 + copy ->  0.374 (sum  0.377, max  0.322); matmul  1.970 + copy ->  2.032 (sum  2.025, max  1.970)
  k= 1 few328  copy   0.061 ms ( 40.7 GB/s); elementwise  0.322 + copy ->  0.376 (sum  0.383, max  0.322); matmul  1.970 + copy ->  2.031 (sum  2.031, max  1.970)
  k= 4 grid    copy   0.670 ms ( 14.9 GB/s); elementwise  0.322 + copy ->  0.977 (sum  0.992, max  0.670); matmul  1.954 + copy ->  2.634 (sum  2.625, max  1.954)
  k= 4 few32   copy   0.685 ms ( 14.6 GB/s); elementwise  0.322 + copy ->  0.854 (sum  1.007, max  0.685); matmul  1.940 + copy ->  2.383 (sum  2.626, max  1.940)
  k= 4 few82   copy   0.880 ms ( 11.3 GB/s); elementwise  0.322 + copy ->  1.199 (sum  1.202, max  0.880); matmul  1.944 + copy ->  2.821 (sum  2.824, max  1.944)
  k= 4 few164  copy   1.050 ms (  9.5 GB/s); elementwise  0.322 + copy ->  1.364 (sum  1.372, max  1.050); matmul  1.941 + copy ->  2.984 (sum  2.991, max  1.941)
  k= 4 few328  copy   0.984 ms ( 10.1 GB/s); elementwise  0.322 + copy ->  1.253 (sum  1.306, max  0.984); matmul  1.946 + copy ->  2.894 (sum  2.929, max  1.946)
  k=16 grid    copy   3.140 ms ( 12.7 GB/s); elementwise  0.322 + copy ->  3.486 (sum  3.462, max  3.140); matmul  1.951 + copy ->  5.094 (sum  5.091, max  3.140)
  k=16 few32   copy   3.364 ms ( 11.9 GB/s); elementwise  0.322 + copy ->  3.804 (sum  3.686, max  3.364); matmul  1.957 + copy ->  5.081 (sum  5.321, max  3.364)
  k=16 few82   copy   5.069 ms (  7.9 GB/s); elementwise  0.322 + copy ->  5.436 (sum  5.391, max  5.069); matmul  1.951 + copy ->  6.991 (sum  7.021, max  5.069)
  k=16 few164  copy   5.376 ms (  7.4 GB/s); elementwise  0.322 + copy ->  5.696 (sum  5.699, max  5.376); matmul  1.956 + copy ->  7.266 (sum  7.333, max  5.376)
  k=16 few328  copy   5.319 ms (  7.5 GB/s); elementwise  0.322 + copy ->  5.381 (sum  5.641, max  5.319); matmul  1.940 + copy ->  6.973 (sum  7.259, max  5.319)
cache_bench rc=0 23:25:40Z
KSTAGE_COPY=32
== cache4-s64-c32 23:25:40Z env: KSTAGE=cache KSTAGE_COLD_GB=4 KSTAGE_PROFILE=/k/p7-all.json KSTAGE_STATS=30 KSTAGE_SLOTS=64 KSTAGE_COPY=32 flags: 
ready in 151s; Model loading took 2.27 GiB;Available KV cache memory: 4.71 GiB;
  kstage: registered, mode cache
  kstage: registered, mode cache
  kstage: model.layers.1.mixer.experts:    304.50 MiB (128, 116, 5376)       torch.int32    dev  expert-major experts.w2_weight
  kstage: model.layers.1.mixer.experts:    304.50 MiB (128, 168, 3712)       torch.int32    dev  expert-major experts.w13_weight
  kstage: model.layers.1.mixer.experts:     38.06 MiB (128, 116, 2688)       torch.float8_e4m3fn dev  expert-major fused.qcfg._w2.scale
  kstage: model.layers.1.mixer.experts:     38.06 MiB (128, 168, 1856)       torch.float8_e4m3fn dev  expert-major fused.qcfg._w1.scale
  kstage: model.layers.1.mixer.experts:      0.00 MiB (128,)                 torch.float32  dev  expert-major fused.qcfg._w2.alpha_or_gscale
  kstage: model.layers.1.mixer.experts:      0.00 MiB (128,)                 torch.float32  dev  expert-major fused.qcfg._w1.alpha_or_gscale
  kstage: cache: 23 layers, 765 experts cold (33.3 a layer), 11.70 GiB host pages, 11.48 GiB device, policy global, profile /k/p7-all.json (all); slots 64: pinned/slots per layer ['61/64', '59/64', '53/64', '28/64', '22/64', '22/64', '27/64', '24/64', '18/64', '39/64', '15/64', '27/64', '32/64', '36/64', '28/64', '28/64', '23/64', '17/64', '25/64', '32/64', '29/64', '25/64', '37/64']; evict lru; frozen from never tokens
  kstage: installed in 2.2s; device memory free 9.40 GiB
decode tok/s {'1': 127.0, '4': 179.2, '16': 201.9}, mixed {'1': 93.4, '4': 107.6, '16': 105.2}; prefill 7560 tokens in 3.23 s ; greedy saved to /home/david/kstage-tmp/out/cache4-s64-c32.json
== cache4-s64-g2 23:29:42Z env: KSTAGE=cache KSTAGE_COLD_GB=4 KSTAGE_PROFILE=/k/p7-all.json KSTAGE_STATS=30 KSTAGE_SLOTS=64 flags: 
ready in 150s; Model loading took 2.27 GiB;Available KV cache memory: 4.71 GiB;
  kstage: registered, mode cache
  kstage: registered, mode cache
  kstage: model.layers.1.mixer.experts:    304.50 MiB (128, 116, 5376)       torch.int32    dev  expert-major experts.w2_weight
  kstage: model.layers.1.mixer.experts:    304.50 MiB (128, 168, 3712)       torch.int32    dev  expert-major experts.w13_weight
  kstage: model.layers.1.mixer.experts:     38.06 MiB (128, 116, 2688)       torch.float8_e4m3fn dev  expert-major fused.qcfg._w2.scale
  kstage: model.layers.1.mixer.experts:     38.06 MiB (128, 168, 1856)       torch.float8_e4m3fn dev  expert-major fused.qcfg._w1.scale
  kstage: model.layers.1.mixer.experts:      0.00 MiB (128,)                 torch.float32  dev  expert-major fused.qcfg._w2.alpha_or_gscale
  kstage: model.layers.1.mixer.experts:      0.00 MiB (128,)                 torch.float32  dev  expert-major fused.qcfg._w1.alpha_or_gscale
  kstage: cache: 23 layers, 765 experts cold (33.3 a layer), 11.70 GiB host pages, 11.48 GiB device, policy global, profile /k/p7-all.json (all); slots 64: pinned/slots per layer ['61/64', '59/64', '53/64', '28/64', '22/64', '22/64', '27/64', '24/64', '18/64', '39/64', '15/64', '27/64', '32/64', '36/64', '28/64', '28/64', '23/64', '17/64', '25/64', '32/64', '29/64', '25/64', '37/64']; evict lru; frozen from never tokens
  kstage: installed in 1.9s; device memory free 9.40 GiB
decode tok/s {'1': 123.4, '4': 183.4, '16': 208.7}, mixed {'1': 92.9, '4': 116.1, '16': 112.6}; prefill 7560 tokens in 3.16 s ; greedy saved to /home/david/kstage-tmp/out/cache4-s64-g2.json
== cache4-s16-c32 23:33:41Z env: KSTAGE=cache KSTAGE_COLD_GB=4 KSTAGE_PROFILE=/k/p7-all.json KSTAGE_STATS=30 KSTAGE_SLOTS=16 KSTAGE_COPY=32 flags: 
ready in 146s; Model loading took 2.27 GiB;Available KV cache memory: 4.73 GiB;
  kstage: registered, mode cache
  kstage: registered, mode cache
  kstage: model.layers.1.mixer.experts:    304.50 MiB (128, 116, 5376)       torch.int32    dev  expert-major experts.w2_weight
  kstage: model.layers.1.mixer.experts:    304.50 MiB (128, 168, 3712)       torch.int32    dev  expert-major experts.w13_weight
  kstage: model.layers.1.mixer.experts:     38.06 MiB (128, 116, 2688)       torch.float8_e4m3fn dev  expert-major fused.qcfg._w2.scale
  kstage: model.layers.1.mixer.experts:     38.06 MiB (128, 168, 1856)       torch.float8_e4m3fn dev  expert-major fused.qcfg._w1.scale
  kstage: model.layers.1.mixer.experts:      0.00 MiB (128,)                 torch.float32  dev  expert-major fused.qcfg._w2.alpha_or_gscale
  kstage: model.layers.1.mixer.experts:      0.00 MiB (128,)                 torch.float32  dev  expert-major fused.qcfg._w1.alpha_or_gscale
  kstage: cache: 23 layers, 765 experts cold (33.3 a layer), 5.95 GiB host pages, 11.48 GiB device, policy global, profile /k/p7-all.json (all); slots 16: pinned/slots per layer ['109/16', '107/16', '101/16', '76/16', '70/16', '70/16', '75/16', '72/16', '66/16', '87/16', '63/16', '75/16', '80/16', '84/16', '76/16', '76/16', '71/16', '65/16', '73/16', '80/16', '77/16', '73/16', '85/16']; evict lru; frozen from never tokens
  kstage: installed in 1.3s; device memory free 9.41 GiB
decode tok/s {'1': 99.0, '4': 127.5, '16': 133.4}, mixed {'1': 80.8, '4': 90.9, '16': 67.2}; prefill 7560 tokens in 4.63 s ; greedy saved to /home/david/kstage-tmp/out/cache4-s16-c32.json
MemAvailable 28 GiB
== cache4-all-c32 23:38:19Z env: KSTAGE=cache KSTAGE_COLD_GB=4 KSTAGE_PROFILE=/k/p7-all.json KSTAGE_STATS=30 KSTAGE_COPY=32 flags: 
ready in 156s; Model loading took 2.27 GiB;Available KV cache memory: 4.71 GiB;
  kstage: registered, mode cache
  kstage: registered, mode cache
  kstage: model.layers.1.mixer.experts:    304.50 MiB (128, 116, 5376)       torch.int32    dev  expert-major experts.w2_weight
  kstage: model.layers.1.mixer.experts:    304.50 MiB (128, 168, 3712)       torch.int32    dev  expert-major experts.w13_weight
  kstage: model.layers.1.mixer.experts:     38.06 MiB (128, 116, 2688)       torch.float8_e4m3fn dev  expert-major fused.qcfg._w2.scale
  kstage: model.layers.1.mixer.experts:     38.06 MiB (128, 168, 1856)       torch.float8_e4m3fn dev  expert-major fused.qcfg._w1.scale
  kstage: model.layers.1.mixer.experts:      0.00 MiB (128,)                 torch.float32  dev  expert-major fused.qcfg._w2.alpha_or_gscale
  kstage: model.layers.1.mixer.experts:      0.00 MiB (128,)                 torch.float32  dev  expert-major fused.qcfg._w1.alpha_or_gscale
  kstage: cache: 23 layers, 765 experts cold (33.3 a layer), 15.38 GiB host pages, 11.48 GiB device, policy global, profile /k/p7-all.json (all); slots all: pinned/slots per layer ['0/125', '0/123', '0/117', '0/92', '0/86', '0/86', '0/91', '0/88', '0/82', '0/103', '0/79', '0/91', '0/96', '0/100', '0/92', '0/92', '0/87', '0/81', '0/89', '0/96', '0/93', '0/89', '0/101']; evict lru; frozen from never tokens
  kstage: installed in 2.5s; device memory free 9.39 GiB
  kstage: cache: 598 layer-steps, 1.08 misses and 0.51 copies a layer-step (646 / 302)
decode tok/s {'1': 135.2, '4': 194.2, '16': 228.4}, mixed {'1': 98.5, '4': 115.3, '16': 108.6}; prefill 7560 tokens in 2.7 s ; greedy saved to /home/david/kstage-tmp/out/cache4-all-c32.json
reference base-mx
cache4-s64-c32  full 5/8  first-diff(ref margin) drift: 96 d0.06 | 34(m0.12) d0.09 | 96 d0.09 | 96 d0.11 | 88(m0.25) d0.16 | 96 d0.17 | 96 d0.13 | 7(m0.00) d0.10
cache4-s64-g2   full 5/8  first-diff(ref margin) drift: 96 d0.06 | 34(m0.12) d0.09 | 96 d0.09 | 96 d0.11 | 88(m0.25) d0.16 | 96 d0.17 | 96 d0.13 | 7(m0.00) d0.10
cache4-s16-c32  full 3/8  first-diff(ref margin) drift: 96 d0.05 | 34(m0.12) d0.09 | 96 d0.11 | 62(m0.00) d0.12 | 89(m0.25) d0.22 | 96 d0.24 | 47(m0.25) d0.13 | 7(m0.00) d0.08
cache4-all-c32  full 3/8  first-diff(ref margin) drift: 96 d0.06 | 34(m0.12) d0.10 | 96 d0.06 | 62(m0.00) d0.13 | 89(m0.25) d0.14 | 96 d0.26 | 47(m0.25) d0.09 | 7(m0.00) d0.07
reference cache4-s64-mx
cache4-s64-c32  full 4/8  first-diff(ref margin) drift: 96 d0.06 | 74(m0.38) d0.19 | 96 d0.08 | 96 d0.08 | 88(m0.00) d0.18 | 18(m0.00) d0.13 | 47(m0.12) d0.18 | 96 d0.06
cache4-s64-g2   full 4/8  first-diff(ref margin) drift: 96 d0.06 | 74(m0.38) d0.19 | 96 d0.08 | 96 d0.08 | 88(m0.00) d0.18 | 18(m0.00) d0.13 | 47(m0.12) d0.18 | 96 d0.06
reference cache4-s16-mx
cache4-s16-c32  full 4/8  first-diff(ref margin) drift: 96 d0.05 | 49(m0.00) d0.28 | 96 d0.11 | 62(m0.12) d0.10 | 89(m0.12) d0.21 | 96 d0.11 | 59(m0.75) d0.24 | 96 d0.04
reference cache4-all-mx
cache4-all-c32  full 4/8  first-diff(ref margin) drift: 96 d0.06 | 57(m0.12) d0.15 | 96 d0.06 | 62(m0.12) d0.07 | 1(m0.00) d0.07 | 96 d0.29 | 96 d0.14 | 7(m0.00) d0.14
k11 done 23:42:21Z
