== cold0-s16 03:33:15Z env: KSTAGE=cache KSTAGE_PROFILE=/k/p7-all.json KSTAGE_STATS=30 KSTAGE_COPY=32 KSTAGE_COLD_GB=0 KSTAGE_SLOTS=16 flags: 
ready in 136s; Model loading took 2.27 GiB;Available KV cache memory: 0.68 GiB;
  kstage: registered, mode cache
  kstage: registered, mode cache
  kstage: model.layers.1.mixer.experts:    304.50 MiB (128, 116, 5376)       torch.int32    dev  expert-major experts.w2_weight
  kstage: model.layers.1.mixer.experts:    304.50 MiB (128, 168, 3712)       torch.int32    dev  expert-major experts.w13_weight
  kstage: model.layers.1.mixer.experts:     38.06 MiB (128, 116, 2688)       torch.float8_e4m3fn dev  expert-major fused.qcfg._w2.scale
  kstage: model.layers.1.mixer.experts:     38.06 MiB (128, 168, 1856)       torch.float8_e4m3fn dev  expert-major fused.qcfg._w1.scale
  kstage: model.layers.1.mixer.experts:      0.00 MiB (128,)                 torch.float32  dev  expert-major fused.qcfg._w2.alpha_or_gscale
  kstage: model.layers.1.mixer.experts:      0.00 MiB (128,)                 torch.float32  dev  expert-major fused.qcfg._w1.alpha_or_gscale
  kstage: cache: 23 layers, 0 experts cold (0.0 a layer), 1.89 GiB host pages, 15.54 GiB device, policy global, profile /k/p7-all.json (all); slots 16: pinned/slots per layer ['112/16', '112/16', '112/16', '112/16', '112/16', '112/16', '112/16', '112/16', '112/16', '112/16', '112/16', '112/16', '112/16', '112/16', '112/16', '112/16', '112/16', '112/16', '112/16', '112/16', '112/16', '112/16', '112/16']; evict lru; frozen from never tokens
  kstage: installed in 0.7s; device memory free 5.36 GiB
  kstage: cache: 1 layer-steps, 0.00 misses and 0.00 copies a layer-step (0 / 0)
decode tok/s {'1': 194.9, '4': 451.2, '16': 614.0}, mixed {'1': 193.8, '4': 460.4, '16': 599.8}; prefill 7560 tokens in 1.14 s ; greedy saved to /home/david/kstage-tmp/out/cold0-s16.json
== cold0-frz1 03:35:58Z env: KSTAGE=cache KSTAGE_PROFILE=/k/p7-all.json KSTAGE_STATS=30 KSTAGE_COPY=32 KSTAGE_COLD_GB=0 KSTAGE_SLOTS=16 KSTAGE_FREEZE_M=1 flags: 
ready in 126s; Model loading took 2.27 GiB;Available KV cache memory: 0.68 GiB;
  kstage: registered, mode cache
  kstage: registered, mode cache
  kstage: model.layers.1.mixer.experts:    304.50 MiB (128, 116, 5376)       torch.int32    dev  expert-major experts.w2_weight
  kstage: model.layers.1.mixer.experts:    304.50 MiB (128, 168, 3712)       torch.int32    dev  expert-major experts.w13_weight
  kstage: model.layers.1.mixer.experts:     38.06 MiB (128, 116, 2688)       torch.float8_e4m3fn dev  expert-major fused.qcfg._w2.scale
  kstage: model.layers.1.mixer.experts:     38.06 MiB (128, 168, 1856)       torch.float8_e4m3fn dev  expert-major fused.qcfg._w1.scale
  kstage: model.layers.1.mixer.experts:      0.00 MiB (128,)                 torch.float32  dev  expert-major fused.qcfg._w2.alpha_or_gscale
  kstage: model.layers.1.mixer.experts:      0.00 MiB (128,)                 torch.float32  dev  expert-major fused.qcfg._w1.alpha_or_gscale
  kstage: cache: 23 layers, 0 experts cold (0.0 a layer), 1.89 GiB host pages, 15.54 GiB device, policy global, profile /k/p7-all.json (all); slots 16: pinned/slots per layer ['112/16', '112/16', '112/16', '112/16', '112/16', '112/16', '112/16', '112/16', '112/16', '112/16', '112/16', '112/16', '112/16', '112/16', '112/16', '112/16', '112/16', '112/16', '112/16', '112/16', '112/16', '112/16', '112/16']; evict lru; frozen from 1 tokens
  kstage: installed in 0.7s; device memory free 5.36 GiB
  kstage: cache: 23 layer-steps, 0.00 misses and 0.00 copies a layer-step (0 / 0)
decode tok/s {'1': 202.6, '4': 467.9, '16': 627.4}, mixed {'1': 201.2, '4': 479.4, '16': 619.7}; prefill 7560 tokens in 1.14 s ; greedy saved to /home/david/kstage-tmp/out/cold0-frz1.json
== cache4-s64-frz1 03:38:29Z env: KSTAGE=cache KSTAGE_PROFILE=/k/p7-all.json KSTAGE_STATS=30 KSTAGE_COPY=32 KSTAGE_COLD_GB=4 KSTAGE_SLOTS=64 KSTAGE_FREEZE_M=1 flags: 
ready in 130s; Model loading took 2.27 GiB;Available KV cache memory: 4.72 GiB;
  kstage: registered, mode cache
  kstage: registered, mode cache
  kstage: model.layers.1.mixer.experts:    304.50 MiB (128, 116, 5376)       torch.int32    dev  expert-major experts.w2_weight
  kstage: model.layers.1.mixer.experts:    304.50 MiB (128, 168, 3712)       torch.int32    dev  expert-major experts.w13_weight
  kstage: model.layers.1.mixer.experts:     38.06 MiB (128, 116, 2688)       torch.float8_e4m3fn dev  expert-major fused.qcfg._w2.scale
  kstage: model.layers.1.mixer.experts:     38.06 MiB (128, 168, 1856)       torch.float8_e4m3fn dev  expert-major fused.qcfg._w1.scale
  kstage: model.layers.1.mixer.experts:      0.00 MiB (128,)                 torch.float32  dev  expert-major fused.qcfg._w2.alpha_or_gscale
  kstage: model.layers.1.mixer.experts:      0.00 MiB (128,)                 torch.float32  dev  expert-major fused.qcfg._w1.alpha_or_gscale
  kstage: cache: 23 layers, 765 experts cold (33.3 a layer), 11.70 GiB host pages, 11.48 GiB device, policy global, profile /k/p7-all.json (all); slots 64: pinned/slots per layer ['61/64', '59/64', '53/64', '28/64', '22/64', '22/64', '27/64', '24/64', '18/64', '39/64', '15/64', '27/64', '32/64', '36/64', '28/64', '28/64', '23/64', '17/64', '25/64', '32/64', '29/64', '25/64', '37/64']; evict lru; frozen from 1 tokens
  kstage: installed in 1.9s; device memory free 9.40 GiB
  kstage: cache: 1 layer-steps, 3.00 misses and 0.00 copies a layer-step (3 / 0)
decode tok/s {'1': 30.1, '4': 41.8, '16': 68.0}, mixed {'1': 35.6, '4': 38.2, '16': 49.5}; prefill 7560 tokens in 6.25 s ; greedy saved to /home/david/kstage-tmp/out/cache4-s64-frz1.json
MemAvailable 28 GiB
== cold0-all 03:44:42Z env: KSTAGE=cache KSTAGE_PROFILE=/k/p7-all.json KSTAGE_STATS=30 KSTAGE_COPY=32 KSTAGE_COLD_GB=0 flags: 
ready in 151s; Model loading took 2.27 GiB;Available KV cache memory: 0.65 GiB;
  kstage: registered, mode cache
  kstage: registered, mode cache
  kstage: model.layers.1.mixer.experts:    304.50 MiB (128, 116, 5376)       torch.int32    dev  expert-major experts.w2_weight
  kstage: model.layers.1.mixer.experts:    304.50 MiB (128, 168, 3712)       torch.int32    dev  expert-major experts.w13_weight
  kstage: model.layers.1.mixer.experts:     38.06 MiB (128, 116, 2688)       torch.float8_e4m3fn dev  expert-major fused.qcfg._w2.scale
  kstage: model.layers.1.mixer.experts:     38.06 MiB (128, 168, 1856)       torch.float8_e4m3fn dev  expert-major fused.qcfg._w1.scale
  kstage: model.layers.1.mixer.experts:      0.00 MiB (128,)                 torch.float32  dev  expert-major fused.qcfg._w2.alpha_or_gscale
  kstage: model.layers.1.mixer.experts:      0.00 MiB (128,)                 torch.float32  dev  expert-major fused.qcfg._w1.alpha_or_gscale
  kstage: cache: 23 layers, 0 experts cold (0.0 a layer), 15.36 GiB host pages, 15.54 GiB device, policy global, profile /k/p7-all.json (all); slots all: pinned/slots per layer ['0/128', '0/128', '0/128', '0/128', '0/128', '0/128', '0/128', '0/128', '0/128', '0/128', '0/128', '0/128', '0/128', '0/128', '0/128', '0/128', '0/128', '0/128', '0/128', '0/128', '0/128', '0/128', '0/128']; evict lru; frozen from never tokens
  kstage: installed in 3.4s; device memory free 5.33 GiB
  kstage: cache: 598 layer-steps, 0.00 misses and 0.00 copies a layer-step (0 / 0)
decode tok/s {'1': 194.0, '4': 442.5, '16': 578.6}, mixed {'1': 193.2, '4': 454.2, '16': 574.6}; prefill 7560 tokens in 1.14 s ; greedy saved to /home/david/kstage-tmp/out/cold0-all.json
== cache4-all-frz1 03:47:41Z env: KSTAGE=cache KSTAGE_PROFILE=/k/p7-all.json KSTAGE_STATS=30 KSTAGE_COPY=32 KSTAGE_COLD_GB=4 KSTAGE_FREEZE_M=1 flags: 
ready in 156s; Model loading took 2.27 GiB;Available KV cache memory: 4.71 GiB;
  kstage: registered, mode cache
  kstage: registered, mode cache
  kstage: model.layers.1.mixer.experts:    304.50 MiB (128, 116, 5376)       torch.int32    dev  expert-major experts.w2_weight
  kstage: model.layers.1.mixer.experts:    304.50 MiB (128, 168, 3712)       torch.int32    dev  expert-major experts.w13_weight
  kstage: model.layers.1.mixer.experts:     38.06 MiB (128, 116, 2688)       torch.float8_e4m3fn dev  expert-major fused.qcfg._w2.scale
  kstage: model.layers.1.mixer.experts:     38.06 MiB (128, 168, 1856)       torch.float8_e4m3fn dev  expert-major fused.qcfg._w1.scale
  kstage: model.layers.1.mixer.experts:      0.00 MiB (128,)                 torch.float32  dev  expert-major fused.qcfg._w2.alpha_or_gscale
  kstage: model.layers.1.mixer.experts:      0.00 MiB (128,)                 torch.float32  dev  expert-major fused.qcfg._w1.alpha_or_gscale
  kstage: cache: 23 layers, 765 experts cold (33.3 a layer), 15.38 GiB host pages, 11.48 GiB device, policy global, profile /k/p7-all.json (all); slots all: pinned/slots per layer ['0/125', '0/123', '0/117', '0/92', '0/86', '0/86', '0/91', '0/88', '0/82', '0/103', '0/79', '0/91', '0/96', '0/100', '0/92', '0/92', '0/87', '0/81', '0/89', '0/96', '0/93', '0/89', '0/101']; evict lru; frozen from 1 tokens
  kstage: installed in 2.4s; device memory free 9.39 GiB
  kstage: cache: 598 layer-steps, 1.99 misses and 0.00 copies a layer-step (1191 / 0)
decode tok/s {'1': 30.1, '4': 41.7, '16': 68.0}, mixed {'1': 35.5, '4': 38.1, '16': 48.9}; prefill 7560 tokens in 6.28 s ; greedy saved to /home/david/kstage-tmp/out/cache4-all-frz1.json
base-mx          decode {'1': 204.5, '4': 464.6, '16': 633.9} mixed {'1': 203.6, '4': 479.7, '16': 622.1} prefill 1.14 s
cache4-s16-c32   decode {'1': 99.0, '4': 127.5, '16': 133.4} mixed {'1': 80.8, '4': 90.9, '16': 67.2} prefill 4.63 s
(EngineCore pid=193) kstage: cache: 53444 layer-steps, 3.13 misses and 1.84 copies a layer-step (167232 / 98309)
cache4-s64-c32   decode {'1': 127.0, '4': 179.2, '16': 201.9} mixed {'1': 93.4, '4': 107.6, '16': 105.2} prefill 3.23 s
(EngineCore pid=193) kstage: cache: 53938 layer-steps, 2.55 misses and 2.51 copies a layer-step (137583 / 135173)
cache4-all-c32   decode {'1': 135.2, '4': 194.2, '16': 228.4} mixed {'1': 98.5, '4': 115.3, '16': 108.6} prefill 2.7 s
(EngineCore pid=193) kstage: cache: 49550 layer-steps, 1.54 misses and 1.50 copies a layer-step (76465 / 74448)
cold0-s16        decode {'1': 194.9, '4': 451.2, '16': 614.0} mixed {'1': 193.8, '4': 460.4, '16': 599.8} prefill 1.14 s
(EngineCore pid=193) kstage: cache: 38238 layer-steps, 0.00 misses and 0.00 copies a layer-step (0 / 0)
cold0-frz1       decode {'1': 202.6, '4': 467.9, '16': 627.4} mixed {'1': 201.2, '4': 479.4, '16': 619.7} prefill 1.14 s
(EngineCore pid=193) kstage: cache: 42125 layer-steps, 0.00 misses and 0.00 copies a layer-step (0 / 0)
cache4-s64-frz1  decode {'1': 30.1, '4': 41.8, '16': 68.0} mixed {'1': 35.6, '4': 38.2, '16': 49.5} prefill 6.25 s
(EngineCore pid=193) kstage: cache: 52504 layer-steps, 4.63 misses and 0.00 copies a layer-step (243275 / 0)
cold0-all        decode {'1': 194.0, '4': 442.5, '16': 578.6} mixed {'1': 193.2, '4': 454.2, '16': 574.6} prefill 1.14 s
(EngineCore pid=194) kstage: cache: 598 layer-steps, 0.00 misses and 0.00 copies a layer-step (0 / 0)
cache4-all-frz1  decode {'1': 30.1, '4': 41.7, '16': 68.0} mixed {'1': 35.5, '4': 38.1, '16': 48.9} prefill 6.28 s
(EngineCore pid=193) kstage: cache: 53641 layer-steps, 4.89 misses and 0.00 copies a layer-step (262158 / 0)
reference base-mx
cold0-s16       full 3/8  first-diff(ref margin) drift: 96 d0.05 | 54(m0.12) d0.16 | 96 d0.07 | 96 d0.13 | 13(m0.25) d0.23 | 31(m0.12) d0.17 | 47(m0.25) d0.13 | 7(m0.00) d0.08
cold0-frz1      full 3/8  first-diff(ref margin) drift: 96 d0.06 | 54(m0.12) d0.16 | 96 d0.07 | 96 d0.13 | 13(m0.25) d0.23 | 31(m0.12) d0.17 | 47(m0.25) d0.13 | 7(m0.00) d0.08
cold0-all       full 3/8  first-diff(ref margin) drift: 96 d0.05 | 54(m0.12) d0.16 | 96 d0.05 | 96 d0.14 | 13(m0.25) d0.23 | 79(m0.25) d0.22 | 47(m0.25) d0.15 | 7(m0.00) d0.08
cache4-s64-frz1 full 3/8  first-diff(ref margin) drift: 96 d0.06 | 54(m0.12) d0.16 | 96 d0.07 | 96 d0.13 | 13(m0.25) d0.23 | 31(m0.12) d0.17 | 47(m0.25) d0.13 | 7(m0.00) d0.08
cache4-all-frz1 full 3/8  first-diff(ref margin) drift: 96 d0.05 | 54(m0.12) d0.16 | 96 d0.09 | 96 d0.13 | 13(m0.25) d0.23 | 31(m0.12) d0.17 | 47(m0.25) d0.13 | 7(m0.00) d0.08
k12 done 03:54:20Z
