== dma64-s64 03:54:28Z env: KSTAGE=cache KSTAGE_PROFILE=/k/p7-all.json KSTAGE_STATS=30 KSTAGE_COPY=32 KSTAGE_COLD_GB=4 KSTAGE_DMA_M=64 KSTAGE_SLOTS=64 flags: 
ready in 141s; Model loading took 2.27 GiB;Available KV cache memory: 4.18 GiB;
  kstage: registered, mode cache
  kstage: registered, mode cache
  kstage: model.layers.1.mixer.experts:    304.50 MiB (128, 116, 5376)       torch.int32    dev  expert-major experts.w2_weight
  kstage: model.layers.1.mixer.experts:    304.50 MiB (128, 168, 3712)       torch.int32    dev  expert-major experts.w13_weight
  kstage: model.layers.1.mixer.experts:     38.06 MiB (128, 116, 2688)       torch.float8_e4m3fn dev  expert-major fused.qcfg._w2.scale
  kstage: model.layers.1.mixer.experts:     38.06 MiB (128, 168, 1856)       torch.float8_e4m3fn dev  expert-major fused.qcfg._w1.scale
  kstage: model.layers.1.mixer.experts:      0.00 MiB (128,)                 torch.float32  dev  expert-major fused.qcfg._w2.alpha_or_gscale
  kstage: model.layers.1.mixer.experts:      0.00 MiB (128,)                 torch.float32  dev  expert-major fused.qcfg._w1.alpha_or_gscale
  kstage: cache: 23 layers, 765 experts cold (33.3 a layer), 11.70 GiB host pages, 11.48 GiB device, policy global, profile /k/p7-all.json (all); slots 64: pinned/slots per layer ['61/64', '59/64', '53/64', '28/64', '22/64', '22/64', '27/64', '24/64', '18/64', '39/64', '15/64', '27/64', '32/64', '36/64', '28/64', '28/64', '23/64', '17/64', '25/64', '32/64', '29/64', '25/64', '37/64']; evict lru; frozen from never tokens; DMA from 64 tokens: 49 staging rows, 2 buffers, 0.54 GiB
  kstage: installed in 1.9s; device memory free 8.86 GiB
  kstage: dma: 1 big steps, 765 rows in 23 runs a step
decode tok/s {'1': 126.1, '4': 163.6, '16': 188.2}, mixed {'1': 94.0, '4': 109.7, '16': 106.8}; prefill 7560 tokens in 3.58 s ; greedy saved to /home/david/kstage-tmp/out/dma64-s64.json
MemAvailable 28 GiB
== dma64-all 03:58:23Z env: KSTAGE=cache KSTAGE_PROFILE=/k/p7-all.json KSTAGE_STATS=30 KSTAGE_COPY=32 KSTAGE_COLD_GB=4 KSTAGE_DMA_M=64 flags: 
not ready (75s)
kstage: registered, mode cache
(EngineCore pid=193) kstage: registered, mode cache
(EngineCore pid=193) kstage: model.layers.1.mixer.experts:    304.50 MiB (128, 116, 5376)       torch.int32    dev  expert-major experts.w2_weight
(EngineCore pid=193) kstage: model.layers.1.mixer.experts:    304.50 MiB (128, 168, 3712)       torch.int32    dev  expert-major experts.w13_weight
(EngineCore pid=193) kstage: model.layers.1.mixer.experts:     38.06 MiB (128, 116, 2688)       torch.float8_e4m3fn dev  expert-major fused.qcfg._w2.scale
(EngineCore pid=193) kstage: model.layers.1.mixer.experts:     38.06 MiB (128, 168, 1856)       torch.float8_e4m3fn dev  expert-major fused.qcfg._w1.scale
(EngineCore pid=193) kstage: model.layers.1.mixer.experts:      0.00 MiB (128,)                 torch.float32  dev  expert-major fused.qcfg._w2.alpha_or_gscale
(EngineCore pid=193) kstage: model.layers.1.mixer.experts:      0.00 MiB (128,)                 torch.float32  dev  expert-major fused.qcfg._w1.alpha_or_gscale
(EngineCore pid=193) ERROR 10-06 03:59:25 [core.py:1374] RuntimeError: The size of tensor a (16) must match the size of tensor b (13) at non-singleton dimension 0
(EngineCore pid=193) RuntimeError: The size of tensor a (16) must match the size of tensor b (13) at non-singleton dimension 0
(APIServer pid=1)     raise RuntimeError(
(APIServer pid=1) RuntimeError: Engine core initialization failed. See root cause above. Failed core proc(s): {}
== dma64-all-b1 03:59:39Z env: KSTAGE=cache KSTAGE_PROFILE=/k/p7-all.json KSTAGE_STATS=30 KSTAGE_COPY=32 KSTAGE_COLD_GB=4 KSTAGE_DMA_M=64 KSTAGE_DMA_BUF=1 flags: 
not ready (75s)
kstage: registered, mode cache
(EngineCore pid=193) kstage: registered, mode cache
(EngineCore pid=193) kstage: model.layers.1.mixer.experts:    304.50 MiB (128, 116, 5376)       torch.int32    dev  expert-major experts.w2_weight
(EngineCore pid=193) kstage: model.layers.1.mixer.experts:    304.50 MiB (128, 168, 3712)       torch.int32    dev  expert-major experts.w13_weight
(EngineCore pid=193) kstage: model.layers.1.mixer.experts:     38.06 MiB (128, 116, 2688)       torch.float8_e4m3fn dev  expert-major fused.qcfg._w2.scale
(EngineCore pid=193) kstage: model.layers.1.mixer.experts:     38.06 MiB (128, 168, 1856)       torch.float8_e4m3fn dev  expert-major fused.qcfg._w1.scale
(EngineCore pid=193) kstage: model.layers.1.mixer.experts:      0.00 MiB (128,)                 torch.float32  dev  expert-major fused.qcfg._w2.alpha_or_gscale
(EngineCore pid=193) kstage: model.layers.1.mixer.experts:      0.00 MiB (128,)                 torch.float32  dev  expert-major fused.qcfg._w1.alpha_or_gscale
(EngineCore pid=193) ERROR 10-06 04:00:41 [core.py:1374] RuntimeError: The size of tensor a (16) must match the size of tensor b (13) at non-singleton dimension 0
(EngineCore pid=193) RuntimeError: The size of tensor a (16) must match the size of tensor b (13) at non-singleton dimension 0
(APIServer pid=1)     raise RuntimeError(
(APIServer pid=1) RuntimeError: Engine core initialization failed. See root cause above. Failed core proc(s): {}
base-mx          decode {'1': 204.5, '4': 464.6, '16': 633.9} mixed {'1': 203.6, '4': 479.7, '16': 622.1} prefill 1.14 s
cache4-s64-c32   decode {'1': 127.0, '4': 179.2, '16': 201.9} mixed {'1': 93.4, '4': 107.6, '16': 105.2} prefill 3.23 s
cache4-all-c32   decode {'1': 135.2, '4': 194.2, '16': 228.4} mixed {'1': 98.5, '4': 115.3, '16': 108.6} prefill 2.7 s
dma64-s64        decode {'1': 126.1, '4': 163.6, '16': 188.2} mixed {'1': 94.0, '4': 109.7, '16': 106.8} prefill 3.58 s
(EngineCore pid=193) kstage: cache: 23 layers, 765 experts cold (33.3 a layer), 11.70 GiB host pages, 11.48 GiB device, policy global, profile /k/p7-all.json (all); slots 64: pinned/slots per layer ['61/64', '59/64', '53/64', '28/64', '22/6
(EngineCore pid=193) kstage: dma: 1 big steps, 765 rows in 23 runs a step
(EngineCore pid=193) RuntimeError: The size of tensor a (16) must match the size of tensor b (13) at non-singleton dimension 0
(APIServer pid=1) Traceback (most recent call last):
(APIServer pid=1)     raise RuntimeError(
(APIServer pid=1) RuntimeError: Engine core initialization failed. See root cause above. Failed core proc(s): {}
(EngineCore pid=193) RuntimeError: The size of tensor a (16) must match the size of tensor b (13) at non-singleton dimension 0
(APIServer pid=1) Traceback (most recent call last):
(APIServer pid=1)     raise RuntimeError(
(APIServer pid=1) RuntimeError: Engine core initialization failed. See root cause above. Failed core proc(s): {}
reference base-mx
dma64-s64       full 4/8  first-diff(ref margin) drift: 96 d0.05 | 34(m0.12) d0.12 | 96 d0.11 | 96 d0.10 | 88(m0.25) d0.16 | 31(m0.12) d0.20 | 47(m0.25) d0.06 | 96 d0.21
dma64-all missing
dma64-all-b1 missing
reference cache4-s64-mx
dma64-s64       full 4/8  first-diff(ref margin) drift: 96 d0.08 | 79(m0.12) d0.24 | 96 d0.03 | 96 d0.14 | 88(m0.00) d0.12 | 18(m0.00) d0.20 | 96 d0.22 | 7(m0.12) d0.12
reference cache4-all-mx
dma64-all missing
dma64-all-b1 missing
k13 done 04:00:55Z
