== dma64t-s64 04:07:02Z env: KSTAGE=cache KSTAGE_PROFILE=/k/p7-all.json KSTAGE_STATS=30 KSTAGE_COPY=32 KSTAGE_COLD_GB=4 KSTAGE_DMA_M=64 KSTAGE_DMA_TIME=1 KSTAGE_SLOTS=64 flags: 
ready in 136s; Model loading took 2.27 GiB;Available KV cache memory: 4.18 GiB;
  kstage: registered, mode cache
  kstage: registered, mode cache
  kstage: model.layers.1.mixer.experts:    304.50 MiB (128, 116, 5376)       torch.int32    dev  expert-major experts.w2_weight
  kstage: model.layers.1.mixer.experts:    304.50 MiB (128, 168, 3712)       torch.int32    dev  expert-major experts.w13_weight
  kstage: model.layers.1.mixer.experts:     38.06 MiB (128, 116, 2688)       torch.float8_e4m3fn dev  expert-major fused.qcfg._w2.scale
  kstage: model.layers.1.mixer.experts:     38.06 MiB (128, 168, 1856)       torch.float8_e4m3fn dev  expert-major fused.qcfg._w1.scale
  kstage: model.layers.1.mixer.experts:      0.00 MiB (128,)                 torch.float32  dev  expert-major fused.qcfg._w2.alpha_or_gscale
  kstage: model.layers.1.mixer.experts:      0.00 MiB (128,)                 torch.float32  dev  expert-major fused.qcfg._w1.alpha_or_gscale
  kstage: cache: 23 layers, 765 experts cold (33.3 a layer), 11.70 GiB host pages, 11.48 GiB device, policy global, profile /k/p7-all.json (all); slots 64: pinned/slots per layer ['61/64', '59/64', '53/64', '28/64', '22/64', '22/64', '27/64', '24/64', '18/64', '39/64', '15/64', '27/64', '32/64', '36/64', '28/64', '28/64', '23/64', '17/64', '25/64', '32/64', '29/64', '25/64', '37/64']; evict lru; frozen from never tokens; DMA from 64 tokens: 49 staging rows, 2 buffers, 0.54 GiB
  kstage: installed in 2.0s; device memory free 8.86 GiB
  kstage: dma: 1 big steps, 765 rows in 23 runs a step
  kstage: dma step 1 (2048 tokens): copy engine busy 0.0 ms for 0.00 GiB (0.0 GB/s); MoE layers span 1111.3 ms
decode tok/s {'1': 126.1, '4': 162.1, '16': 211.5}, mixed {'1': 93.5, '4': 106.8, '16': 106.5}; prefill 7560 tokens in 3.51 s ; greedy saved to /home/david/kstage-tmp/out/dma64t-s64.json
MemAvailable 28 GiB
== dma64t-all 04:10:49Z env: KSTAGE=cache KSTAGE_PROFILE=/k/p7-all.json KSTAGE_STATS=30 KSTAGE_COPY=32 KSTAGE_COLD_GB=4 KSTAGE_DMA_M=64 KSTAGE_DMA_TIME=1 flags: 
ready in 156s; Model loading took 2.27 GiB;Available KV cache memory: 4.17 GiB;
  kstage: registered, mode cache
  kstage: registered, mode cache
  kstage: model.layers.1.mixer.experts:    304.50 MiB (128, 116, 5376)       torch.int32    dev  expert-major experts.w2_weight
  kstage: model.layers.1.mixer.experts:    304.50 MiB (128, 168, 3712)       torch.int32    dev  expert-major experts.w13_weight
  kstage: model.layers.1.mixer.experts:     38.06 MiB (128, 116, 2688)       torch.float8_e4m3fn dev  expert-major fused.qcfg._w2.scale
  kstage: model.layers.1.mixer.experts:     38.06 MiB (128, 168, 1856)       torch.float8_e4m3fn dev  expert-major fused.qcfg._w1.scale
  kstage: model.layers.1.mixer.experts:      0.00 MiB (128,)                 torch.float32  dev  expert-major fused.qcfg._w2.alpha_or_gscale
  kstage: model.layers.1.mixer.experts:      0.00 MiB (128,)                 torch.float32  dev  expert-major fused.qcfg._w1.alpha_or_gscale
  kstage: cache: 23 layers, 765 experts cold (33.3 a layer), 15.38 GiB host pages, 11.48 GiB device, policy global, profile /k/p7-all.json (all); slots all: pinned/slots per layer ['0/125', '0/123', '0/117', '0/92', '0/86', '0/86', '0/91', '0/88', '0/82', '0/103', '0/79', '0/91', '0/96', '0/100', '0/92', '0/92', '0/87', '0/81', '0/89', '0/96', '0/93', '0/89', '0/101']; evict lru; frozen from never tokens; DMA from 64 tokens: 49 staging rows, 2 buffers, 0.54 GiB
  kstage: installed in 2.6s; device memory free 8.85 GiB
  kstage: dma: 1 big steps, 765 rows in 23 runs a step
  kstage: dma step 1 (2048 tokens): copy engine busy 0.1 ms for 0.00 GiB (0.0 GB/s); MoE layers span 1120.4 ms
  kstage: cache: 575 layer-steps, 0.38 misses and 0.38 copies a layer-step (220 / 220)
decode tok/s {'1': 130.7, '4': 195.2, '16': 234.0}, mixed {'1': 96.6, '4': 114.6, '16': 110.0}; prefill 7560 tokens in 3.51 s ; greedy saved to /home/david/kstage-tmp/out/dma64t-all.json
== dma64t-all-b1 04:14:51Z env: KSTAGE=cache KSTAGE_PROFILE=/k/p7-all.json KSTAGE_STATS=30 KSTAGE_COPY=32 KSTAGE_COLD_GB=4 KSTAGE_DMA_M=64 KSTAGE_DMA_TIME=1 KSTAGE_DMA_BUF=1 flags: 
ready in 156s; Model loading took 2.27 GiB;Available KV cache memory: 4.44 GiB;
  kstage: registered, mode cache
  kstage: registered, mode cache
  kstage: model.layers.1.mixer.experts:    304.50 MiB (128, 116, 5376)       torch.int32    dev  expert-major experts.w2_weight
  kstage: model.layers.1.mixer.experts:    304.50 MiB (128, 168, 3712)       torch.int32    dev  expert-major experts.w13_weight
  kstage: model.layers.1.mixer.experts:     38.06 MiB (128, 116, 2688)       torch.float8_e4m3fn dev  expert-major fused.qcfg._w2.scale
  kstage: model.layers.1.mixer.experts:     38.06 MiB (128, 168, 1856)       torch.float8_e4m3fn dev  expert-major fused.qcfg._w1.scale
  kstage: model.layers.1.mixer.experts:      0.00 MiB (128,)                 torch.float32  dev  expert-major fused.qcfg._w2.alpha_or_gscale
  kstage: model.layers.1.mixer.experts:      0.00 MiB (128,)                 torch.float32  dev  expert-major fused.qcfg._w1.alpha_or_gscale
  kstage: cache: 23 layers, 765 experts cold (33.3 a layer), 15.38 GiB host pages, 11.48 GiB device, policy global, profile /k/p7-all.json (all); slots all: pinned/slots per layer ['0/125', '0/123', '0/117', '0/92', '0/86', '0/86', '0/91', '0/88', '0/82', '0/103', '0/79', '0/91', '0/96', '0/100', '0/92', '0/92', '0/87', '0/81', '0/89', '0/96', '0/93', '0/89', '0/101']; evict lru; frozen from never tokens; DMA from 64 tokens: 49 staging rows, 1 buffers, 0.27 GiB
  kstage: installed in 3.5s; device memory free 9.12 GiB
  kstage: dma: 1 big steps, 765 rows in 23 runs a step
  kstage: dma step 1 (2048 tokens): copy engine busy 0.0 ms for 0.00 GiB (0.0 GB/s); MoE layers span 1133.5 ms
  kstage: cache: 575 layer-steps, 0.40 misses and 0.40 copies a layer-step (230 / 230)
decode tok/s {'1': 130.0, '4': 193.5, '16': 232.8}, mixed {'1': 95.4, '4': 115.0, '16': 110.1}; prefill 7560 tokens in 3.52 s ; greedy saved to /home/david/kstage-tmp/out/dma64t-all-b1.json
base-mx          decode {'1': 204.5, '4': 464.6, '16': 633.9} mixed {'1': 203.6, '4': 479.7, '16': 622.1} prefill 1.14 s
cache4-s64-c32   decode {'1': 127.0, '4': 179.2, '16': 201.9} mixed {'1': 93.4, '4': 107.6, '16': 105.2} prefill 3.23 s
cache4-all-c32   decode {'1': 135.2, '4': 194.2, '16': 228.4} mixed {'1': 98.5, '4': 115.3, '16': 108.6} prefill 2.7 s
dma64-s64        decode {'1': 126.1, '4': 163.6, '16': 188.2} mixed {'1': 94.0, '4': 109.7, '16': 106.8} prefill 3.58 s
(EngineCore pid=193) kstage: cache: 23 layers, 765 experts cold (33.3 a layer), 11.70 GiB host pages, 11.48 GiB device, policy global, profile /k/p7-all.json (all); slots 64: pinned/slots per layer ['61/64', '59/64', '53/64', '28/64', '22/64', '22/64', '27/64'
(EngineCore pid=193) kstage: dma: 1 big steps, 765 rows in 23 runs a step
dma64t-s64       decode {'1': 126.1, '4': 162.1, '16': 211.5} mixed {'1': 93.5, '4': 106.8, '16': 106.5} prefill 3.51 s
(EngineCore pid=193) kstage: dma step 2 (127 tokens): copy engine busy 0.0 ms for 0.00 GiB (0.0 GB/s); MoE layers span 500.7 ms
(EngineCore pid=193) kstage: dma: 3 big steps, 765 rows in 340 runs a step
(EngineCore pid=193) kstage: dma step 3 (2048 tokens): copy engine busy 0.0 ms for 0.00 GiB (0.0 GB/s); MoE layers span 752.4 ms
(EngineCore pid=193) kstage: dma step 4 (2048 tokens): copy engine busy 0.0 ms for 0.00 GiB (0.0 GB/s); MoE layers span 755.3 ms
(EngineCore pid=193) kstage: dma step 5 (80 tokens): copy engine busy 0.0 ms for 0.00 GiB (0.0 GB/s); MoE layers span 509.2 ms
(EngineCore pid=193) kstage: dma step 6 (2048 tokens): copy engine busy 0.0 ms for 0.00 GiB (0.0 GB/s); MoE layers span 761.6 ms
(EngineCore pid=193) kstage: dma step 7 (1336 tokens): copy engine busy 0.0 ms for 0.00 GiB (0.0 GB/s); MoE layers span 670.7 ms
(EngineCore pid=193) kstage: dma step 8 (234 tokens): copy engine busy 0.0 ms for 0.00 GiB (0.0 GB/s); MoE layers span 523.1 ms
dma64t-all       decode {'1': 130.7, '4': 195.2, '16': 234.0} mixed {'1': 96.6, '4': 114.6, '16': 110.0} prefill 3.51 s
(EngineCore pid=193) kstage: dma step 2 (127 tokens): copy engine busy 0.0 ms for 0.00 GiB (0.0 GB/s); MoE layers span 501.8 ms
(EngineCore pid=193) kstage: dma: 3 big steps, 765 rows in 367 runs a step
(EngineCore pid=193) kstage: dma step 3 (2048 tokens): copy engine busy 0.0 ms for 0.00 GiB (0.0 GB/s); MoE layers span 751.7 ms
(EngineCore pid=193) kstage: dma step 4 (2048 tokens): copy engine busy 0.0 ms for 0.00 GiB (0.0 GB/s); MoE layers span 754.6 ms
(EngineCore pid=193) kstage: dma step 5 (80 tokens): copy engine busy 0.0 ms for 0.00 GiB (0.0 GB/s); MoE layers span 507.5 ms
(EngineCore pid=193) kstage: dma step 6 (2048 tokens): copy engine busy 0.0 ms for 0.00 GiB (0.0 GB/s); MoE layers span 760.9 ms
(EngineCore pid=193) kstage: dma step 7 (1336 tokens): copy engine busy 0.0 ms for 0.00 GiB (0.0 GB/s); MoE layers span 673.5 ms
(EngineCore pid=193) kstage: dma step 8 (234 tokens): copy engine busy 0.0 ms for 0.00 GiB (0.0 GB/s); MoE layers span 526.6 ms
dma64t-all-b1    decode {'1': 130.0, '4': 193.5, '16': 232.8} mixed {'1': 95.4, '4': 115.0, '16': 110.1} prefill 3.52 s
(EngineCore pid=192) kstage: dma step 2 (127 tokens): copy engine busy 0.0 ms for 0.00 GiB (0.0 GB/s); MoE layers span 501.4 ms
(EngineCore pid=192) kstage: dma: 3 big steps, 765 rows in 371 runs a step
(EngineCore pid=192) kstage: dma step 3 (2048 tokens): copy engine busy 0.0 ms for 0.00 GiB (0.0 GB/s); MoE layers span 752.9 ms
(EngineCore pid=192) kstage: dma step 4 (2048 tokens): copy engine busy 0.0 ms for 0.00 GiB (0.0 GB/s); MoE layers span 759.7 ms
(EngineCore pid=192) kstage: dma step 5 (80 tokens): copy engine busy 0.0 ms for 0.00 GiB (0.0 GB/s); MoE layers span 509.4 ms
(EngineCore pid=192) kstage: dma step 6 (2048 tokens): copy engine busy 0.0 ms for 0.00 GiB (0.0 GB/s); MoE layers span 765.8 ms
(EngineCore pid=192) kstage: dma step 7 (1336 tokens): copy engine busy 0.0 ms for 0.00 GiB (0.0 GB/s); MoE layers span 675.7 ms
(EngineCore pid=192) kstage: dma step 8 (244 tokens): copy engine busy 0.0 ms for 0.00 GiB (0.0 GB/s); MoE layers span 527.5 ms
reference base-mx
dma64t-s64      full 4/8  first-diff(ref margin) drift: 96 d0.05 | 34(m0.12) d0.12 | 96 d0.11 | 96 d0.10 | 88(m0.25) d0.16 | 31(m0.12) d0.20 | 47(m0.25) d0.06 | 96 d0.21
dma64t-all      full 4/8  first-diff(ref margin) drift: 96 d0.05 | 54(m0.12) d0.18 | 96 d0.12 | 62(m0.00) d0.12 | 96 d0.19 | 96 d0.32 | 47(m0.25) d0.08 | 12(m0.12) d0.23
dma64t-all-b1   full 5/8  first-diff(ref margin) drift: 96 d0.05 | 96 d0.29 | 96 d0.11 | 62(m0.00) d0.13 | 85(m0.00) d0.12 | 31(m0.12) d0.18 | 96 d0.35 | 96 d0.20
reference cache4-s64-mx
dma64t-s64      full 4/8  first-diff(ref margin) drift: 96 d0.08 | 79(m0.12) d0.24 | 96 d0.03 | 96 d0.14 | 88(m0.00) d0.12 | 18(m0.00) d0.20 | 96 d0.22 | 7(m0.12) d0.12
reference cache4-all-mx
dma64t-all      full 4/8  first-diff(ref margin) drift: 96 d0.08 | 34(m0.12) d0.07 | 96 d0.02 | 62(m0.12) d0.23 | 1(m0.00) d0.11 | 96 d0.34 | 96 d0.27 | 12(m0.12) d0.13
dma64t-all-b1   full 3/8  first-diff(ref margin) drift: 96 d0.08 | 34(m0.12) d0.17 | 96 d0.06 | 62(m0.12) d0.23 | 1(m0.00) d0.04 | 31(m0.38) d0.15 | 47(m0.12) d0.43 | 96 d0.18
== ce_probe 04:18:54Z
