== hc-perm0 22:05:39Z env: KSTAGE=hotcold KSTAGE_COLD_GB=0 KSTAGE_PROFILE=/k/p7-all.json flags: 
ready in 125s; Model loading took 2.27 GiB;Available KV cache memory: 0.68 GiB;
  kstage: registered, mode hotcold
  kstage: registered, mode hotcold
  kstage: model.layers.1.mixer.experts:    304.50 MiB (128, 116, 5376)       torch.int32    dev  expert-major experts.w2_weight
  kstage: model.layers.1.mixer.experts:    304.50 MiB (128, 168, 3712)       torch.int32    dev  expert-major experts.w13_weight
  kstage: model.layers.1.mixer.experts:     38.06 MiB (128, 116, 2688)       torch.float8_e4m3fn dev  expert-major fused.qcfg._w2.scale
  kstage: model.layers.1.mixer.experts:     38.06 MiB (128, 168, 1856)       torch.float8_e4m3fn dev  expert-major fused.qcfg._w1.scale
  kstage: model.layers.1.mixer.experts:      0.00 MiB (128,)                 torch.float32  dev  expert-major fused.qcfg._w2.alpha_or_gscale
  kstage: model.layers.1.mixer.experts:      0.00 MiB (128,)                 torch.float32  dev  expert-major fused.qcfg._w1.alpha_or_gscale
  kstage: hotcold: 23 layers, 0 experts cold (0.0 a layer, 0.00 GiB host pages, 15.54 GiB device), policy global, profile /k/p7-all.json (all); cold per layer [0, 0, 0, 0, 0, 0, 0, 0, 0, 0, 0, 0, 0, 0, 0, 0, 0, 0, 0, 0, 0, 0, 0]
  kstage: installed in 0.4s; device memory free 5.36 GiB
decode tok/s {'1': 200.6, '4': 463.0, '16': 626.4}; prefill 7560 tokens in 1.14 s ; greedy saved to /home/david/kstage-tmp/out/hc-perm0.json
== hotcold4-prof2 22:08:00Z env: KSTAGE=hotcold KSTAGE_COLD_GB=4 KSTAGE_PROFILE=/k/p7-all.json flags: 
ready in 120s; Model loading took 2.27 GiB;Available KV cache memory: 4.73 GiB;
  kstage: registered, mode hotcold
  kstage: registered, mode hotcold
  kstage: model.layers.1.mixer.experts:    304.50 MiB (128, 116, 5376)       torch.int32    dev  expert-major experts.w2_weight
  kstage: model.layers.1.mixer.experts:    304.50 MiB (128, 168, 3712)       torch.int32    dev  expert-major experts.w13_weight
  kstage: model.layers.1.mixer.experts:     38.06 MiB (128, 116, 2688)       torch.float8_e4m3fn dev  expert-major fused.qcfg._w2.scale
  kstage: model.layers.1.mixer.experts:     38.06 MiB (128, 168, 1856)       torch.float8_e4m3fn dev  expert-major fused.qcfg._w1.scale
  kstage: model.layers.1.mixer.experts:      0.00 MiB (128,)                 torch.float32  dev  expert-major fused.qcfg._w2.alpha_or_gscale
  kstage: model.layers.1.mixer.experts:      0.00 MiB (128,)                 torch.float32  dev  expert-major fused.qcfg._w1.alpha_or_gscale
  kstage: hotcold: 23 layers, 765 experts cold (33.3 a layer, 4.06 GiB host pages, 11.48 GiB device), policy global, profile /k/p7-all.json (all); cold per layer [3, 5, 11, 36, 42, 42, 37, 40, 46, 25, 49, 37, 32, 28, 36, 36, 41, 47, 39, 32, 35, 39, 27]
  kstage: installed in 0.9s; device memory free 9.41 GiB
decode tok/s {'1': 31.0, '4': 44.6, '16': 69.1}; prefill 7560 tokens in 5.88 s ; greedy saved to /home/david/kstage-tmp/out/hotcold4-prof2.json
== cache4-s64-lp 22:12:02Z env: KSTAGE=cache KSTAGE_COLD_GB=4 KSTAGE_SLOTS=64 KSTAGE_PROFILE=/k/p7-all.json flags: 
ready in 125s; Model loading took 2.27 GiB;Available KV cache memory: 4.71 GiB;
  kstage: registered, mode cache
  kstage: registered, mode cache
  kstage: model.layers.1.mixer.experts:    304.50 MiB (128, 116, 5376)       torch.int32    dev  expert-major experts.w2_weight
  kstage: model.layers.1.mixer.experts:    304.50 MiB (128, 168, 3712)       torch.int32    dev  expert-major experts.w13_weight
  kstage: model.layers.1.mixer.experts:     38.06 MiB (128, 116, 2688)       torch.float8_e4m3fn dev  expert-major fused.qcfg._w2.scale
  kstage: model.layers.1.mixer.experts:     38.06 MiB (128, 168, 1856)       torch.float8_e4m3fn dev  expert-major fused.qcfg._w1.scale
  kstage: model.layers.1.mixer.experts:      0.00 MiB (128,)                 torch.float32  dev  expert-major fused.qcfg._w2.alpha_or_gscale
  kstage: model.layers.1.mixer.experts:      0.00 MiB (128,)                 torch.float32  dev  expert-major fused.qcfg._w1.alpha_or_gscale
  kstage: cache: 23 layers, 765 experts cold (33.3 a layer), 11.70 GiB host pages, 11.48 GiB device, policy global, profile /k/p7-all.json (all); slots 64: pinned/slots per layer ['61/64', '59/64', '53/64', '28/64', '22/64', '22/64', '27/64', '24/64', '18/64', '39/64', '15/64', '27/64', '32/64', '36/64', '28/64', '28/64', '23/64', '17/64', '25/64', '32/64', '29/64', '25/64', '37/64']; frozen from never tokens
  kstage: installed in 2.0s; device memory free 9.40 GiB
decode tok/s {'1': 118.4, '4': 163.2, '16': 220.9}; prefill 7560 tokens in 3.14 s ; greedy saved to /home/david/kstage-tmp/out/cache4-s64-lp.json
reference hc-perm0
hotcold4-prof2  full 8/8  first-diff(ref margin) drift: 96 d0.00 | 96 d0.00 | 96 d0.06 | 96 d0.00 | 96 d0.16 | 96 d0.00 | 96 d0.00 | 96 d0.00
hotcold4-prof   full 6/8  first-diff(ref margin) drift: 96 | 96 | 96 | 96 | 84(m0.25) | 31(m0.12) | 96 | 96
reference hotcold4-prof2
hotcold4-prof   full 6/8  first-diff(ref margin) drift: 96 | 96 | 96 | 96 | 84(m0.25) | 31(m0.12) | 96 | 96
reference base-lp2
hc-perm0        full 3/8  first-diff(ref margin) drift: 96 d0.05 | 54(m0.12) d0.16 | 96 d0.04 | 96 d0.13 | 71(m0.12) d0.15 | 31(m0.12) d0.17 | 47(m0.25) d0.13 | 7(m0.00) d0.08
hotcold4-prof2  full 3/8  first-diff(ref margin) drift: 96 d0.05 | 54(m0.12) d0.16 | 96 d0.06 | 96 d0.13 | 71(m0.12) d0.09 | 31(m0.12) d0.17 | 47(m0.25) d0.13 | 7(m0.00) d0.08
cache4-s64-lp   full 4/8  first-diff(ref margin) drift: 96 d0.06 | 34(m0.12) d0.14 | 96 d0.03 | 62(m0.00) d0.11 | 71(m0.12) d0.15 | 96 d0.16 | 96 d0.10 | 9(m0.25) d0.16
off4-lp2        full 8/8  first-diff(ref margin) drift: 96 d0.08 | 96 d0.00 | 96 d0.03 | 96 d0.19 | 96 d0.00 | 96 d0.00 | 96 d0.06 | 96 d0.00
k9 done 22:14:47Z
