== phase uva4-base-r1 07:15:21Z offload 4 GiB env: 
ready in 156s; Available KV cache memory: 4.63 GiB;GPU KV cache size: 792,576 tokens;
  host RAM used: +9935 MiB, 18892 MiB available; AnonHugePages 0 GiB
  bench: exit 0, 139s
  decode c=1: per-stream median 28.8 tok/s, aggregate 28.9 tok/s, 1/1 ok
  decode c=4: per-stream median 8.6 tok/s, aggregate 32.2 tok/s, 4/4 ok
  decode c=16: per-stream median 3.0 tok/s, aggregate 44.4 tok/s, 16/16 ok
== phase uva4-thp-r1 07:20:18Z offload 4 GiB env: KSTAGE_UVA_THP=1 VLLM_WEIGHT_OFFLOADING_DISABLE_PIN_MEMORY=1
ready in 150s; Available KV cache memory: 4.62 GiB;GPU KV cache size: 792,576 tokens;
  kstage: UVA THP: 4.01 GiB on mirrors, 4.05 on huge pages; 0.000 GiB pinned as before
  host RAM used: +12048 MiB, 16918 MiB available; AnonHugePages 4.05469 GiB
  bench: exit 0, 139s
  decode c=1: per-stream median 28.5 tok/s, aggregate 28.6 tok/s, 1/1 ok
  decode c=4: per-stream median 8.6 tok/s, aggregate 32.2 tok/s, 4/4 ok
  decode c=16: per-stream median 3.0 tok/s, aggregate 44.3 tok/s, 16/16 ok
== phase uva4-thp-r2 07:25:09Z offload 4 GiB env: KSTAGE_UVA_THP=1 VLLM_WEIGHT_OFFLOADING_DISABLE_PIN_MEMORY=1
ready in 151s; Available KV cache memory: 4.62 GiB;GPU KV cache size: 792,576 tokens;
  kstage: UVA THP: 4.01 GiB on mirrors, 4.05 on huge pages; 0.000 GiB pinned as before
  host RAM used: +12004 MiB, 16933 MiB available; AnonHugePages 4.05469 GiB
  bench: exit 0, 139s
  decode c=1: per-stream median 28.5 tok/s, aggregate 28.6 tok/s, 1/1 ok
  decode c=4: per-stream median 8.6 tok/s, aggregate 32.0 tok/s, 4/4 ok
  decode c=16: per-stream median 3.0 tok/s, aggregate 44.3 tok/s, 16/16 ok
== phase uva4-base-r2 07:30:00Z offload 4 GiB env: 
ready in 161s; Available KV cache memory: 4.63 GiB;GPU KV cache size: 792,576 tokens;
  host RAM used: +9916 MiB, 19033 MiB available; AnonHugePages 0 GiB
  bench: exit 0, 139s
  decode c=1: per-stream median 28.7 tok/s, aggregate 28.8 tok/s, 1/1 ok
  decode c=4: per-stream median 8.7 tok/s, aggregate 32.3 tok/s, 4/4 ok
  decode c=16: per-stream median 3.0 tok/s, aggregate 44.4 tok/s, 16/16 ok
== done 07:35:01Z
