== phase thp-base-r1 07:11:51Z ks: KSTAGE=cache KSTAGE_COLD_GB=4 KSTAGE_PROFILE=/prof/p7-all.json KSTAGE_STATS=1 KSTAGE_SLOTS=all KSTAGE_DMA_M=64 KSTAGE_DMA_BUF=1 KSTAGE_COPY_LIVE=82 KSTAGE_EVICT=lfu 
  free in 2 MiB+ blocks: 25.2 GiB
ready in 111s; Available KV cache memory: 5.44 GiB;GPU KV cache size: 1,490,944 tokens;
  kstage: cache: 1012 layer-steps, 0.46 misses and 0.46 copies a layer-step (464 / 464)
  kstage: cache: 12 layer-steps, 6.00 misses and 6.00 copies a layer-step (72 / 72)
  kstage: cache: 184 layer-steps, 1.43 misses and 1.43 copies a layer-step (264 / 264)
  kstage: cache: 196 layer-steps, 1.35 misses and 1.35 copies a layer-step (264 / 264)
  kstage: cache: 23 layers, 765 experts cold (33.3 a layer), 15.38 GiB host pages, 11.48 GiB device, policy global, profile /prof/p7-all.json (all); slots all: pinned/slots per layer ['0/125', '0/123', '0/117', '0/92', '0/86', '0/86', '0/91', '0/88', '0/82', '0/103', '0/79', '0/91', '0/96', '0/100', '0/92', '0/92', '0/87', '0/81', '0/89', '0/96', '0/93', '0/89', '0/101']; evict lfu6; frozen from never tokens; DMA from 64 tokens: 49 staging rows, 1 buffers, 0.27 GiB
  kstage: cache: 23 layer-steps, 3.96 misses and 3.96 copies a layer-step (91 / 91)
  kstage: cache: 262 layer-steps, 1.01 misses and 1.01 copies a layer-step (264 / 264)
  kstage: cache: 299 layer-steps, 0.88 misses and 0.88 copies a layer-step (264 / 264)
  kstage: cache: 368 layer-steps, 0.72 misses and 0.72 copies a layer-step (264 / 264)
  kstage: cache: 437 layer-steps, 0.71 misses and 0.71 copies a layer-step (310 / 310)
  kstage: cache: 48 layer-steps, 2.83 misses and 2.83 copies a layer-step (136 / 136)
  kstage: cache: 69 layer-steps, 3.75 misses and 3.75 copies a layer-step (259 / 259)
  kstage: cache: 713 layer-steps, 0.43 misses and 0.43 copies a layer-step (310 / 310)
  kstage: cache: 71 layer-steps, 3.65 misses and 3.65 copies a layer-step (259 / 259)
  kstage: cache: 920 layer-steps, 0.34 misses and 0.34 copies a layer-step (310 / 310)
  kstage: cache: 943 layer-steps, 0.39 misses and 0.39 copies a layer-step (369 / 369)
  kstage: installed in 2.1s; device memory free 8.64 GiB
  kstage: registered, mode cache
  host RAM used: +20225 MiB, 38550 MiB available
  bench: exit 0, 17s
  decode c=1: per-stream median 176.4 tok/s, aggregate 177.1 tok/s, 1/1 ok
  decode c=4: per-stream median 78.3 tok/s, aggregate 263.6 tok/s, 4/4 ok
  decode c=16: per-stream median 28.5 tok/s, aggregate 416.8 tok/s, 16/16 ok
  max running/waiting: Running: 11 reqs, Waiting: 0 reqs
== phase thp-on-r1 07:14:01Z ks: KSTAGE=cache KSTAGE_COLD_GB=4 KSTAGE_PROFILE=/prof/p7-all.json KSTAGE_STATS=1 KSTAGE_SLOTS=all KSTAGE_DMA_M=64 KSTAGE_DMA_BUF=1 KSTAGE_COPY_LIVE=82 KSTAGE_EVICT=lfu KSTAGE_THP=1
  free in 2 MiB+ blocks: 24.9 GiB
ready in 116s; Available KV cache memory: 5.41 GiB;GPU KV cache size: 1,484,390 tokens;
  kstage: cache: 1012 layer-steps, 0.44 misses and 0.44 copies a layer-step (447 / 447)
  kstage: cache: 184 layer-steps, 1.43 misses and 1.43 copies a layer-step (263 / 263)
  kstage: cache: 185 layer-steps, 1.42 misses and 1.42 copies a layer-step (263 / 263)
  kstage: cache: 19 layer-steps, 4.26 misses and 4.26 copies a layer-step (81 / 81)
  kstage: cache: 1 layer-steps, 1.00 misses and 1.00 copies a layer-step (1 / 1)
  kstage: cache: 203 layer-steps, 1.30 misses and 1.30 copies a layer-step (263 / 263)
  kstage: cache: 23 layers, 765 experts cold (33.3 a layer), 15.38 GiB host pages, 11.48 GiB device, policy global, profile /prof/p7-all.json (all); slots all: pinned/slots per layer ['0/125', '0/123', '0/117', '0/92', '0/86', '0/86', '0/91', '0/88', '0/82', '0/103', '0/79', '0/91', '0/96', '0/100', '0/92', '0/92', '0/87', '0/81', '0/89', '0/96', '0/93', '0/89', '0/101']; evict lfu6; frozen from never tokens; DMA from 64 tokens: 49 staging rows, 1 buffers, 0.27 GiB; THP mirror 15.39 GiB, 15.53 on huge pages
  kstage: cache: 299 layer-steps, 0.88 misses and 0.88 copies a layer-step (263 / 263)
  kstage: cache: 301 layer-steps, 0.87 misses and 0.87 copies a layer-step (263 / 263)
  kstage: cache: 368 layer-steps, 0.71 misses and 0.71 copies a layer-step (263 / 263)
  kstage: cache: 43 layer-steps, 3.14 misses and 3.14 copies a layer-step (135 / 135)
  kstage: cache: 48 layer-steps, 2.81 misses and 2.81 copies a layer-step (135 / 135)
  kstage: cache: 506 layer-steps, 0.61 misses and 0.61 copies a layer-step (309 / 309)
  kstage: cache: 69 layer-steps, 3.74 misses and 3.74 copies a layer-step (258 / 258)
  kstage: cache: 784 layer-steps, 0.39 misses and 0.39 copies a layer-step (309 / 309)
  kstage: cache: 920 layer-steps, 0.34 misses and 0.34 copies a layer-step (309 / 309)
  kstage: cache: 943 layer-steps, 0.39 misses and 0.39 copies a layer-step (368 / 368)
  kstage: installed in 7.9s; device memory free 8.61 GiB
  kstage: registered, mode cache
  host RAM used: +36307 MiB, 22463 MiB available
  bench: exit 0, 16s
  decode c=1: per-stream median 178.3 tok/s, aggregate 179.0 tok/s, 1/1 ok
  decode c=4: per-stream median 80.8 tok/s, aggregate 270.1 tok/s, 4/4 ok
  decode c=16: per-stream median 31.3 tok/s, aggregate 443.8 tok/s, 16/16 ok
  max running/waiting: Running: 15 reqs, Waiting: 1 reqs
== phase thp-on-r2 07:16:15Z ks: KSTAGE=cache KSTAGE_COLD_GB=4 KSTAGE_PROFILE=/prof/p7-all.json KSTAGE_STATS=1 KSTAGE_SLOTS=all KSTAGE_DMA_M=64 KSTAGE_DMA_BUF=1 KSTAGE_COPY_LIVE=82 KSTAGE_EVICT=lfu KSTAGE_THP=1
  free in 2 MiB+ blocks: 28.3 GiB
ready in 116s; Available KV cache memory: 5.41 GiB;GPU KV cache size: 1,484,390 tokens;
  kstage: cache: 1012 layer-steps, 0.44 misses and 0.44 copies a layer-step (447 / 447)
  kstage: cache: 12 layer-steps, 6.00 misses and 6.00 copies a layer-step (72 / 72)
  kstage: cache: 185 layer-steps, 1.42 misses and 1.42 copies a layer-step (263 / 263)
  kstage: cache: 196 layer-steps, 1.34 misses and 1.34 copies a layer-step (263 / 263)
  kstage: cache: 1 layer-steps, 1.00 misses and 1.00 copies a layer-step (1 / 1)
  kstage: cache: 23 layers, 765 experts cold (33.3 a layer), 15.38 GiB host pages, 11.48 GiB device, policy global, profile /prof/p7-all.json (all); slots all: pinned/slots per layer ['0/125', '0/123', '0/117', '0/92', '0/86', '0/86', '0/91', '0/88', '0/82', '0/103', '0/79', '0/91', '0/96', '0/100', '0/92', '0/92', '0/87', '0/81', '0/89', '0/96', '0/93', '0/89', '0/101']; evict lfu6; frozen from never tokens; DMA from 64 tokens: 49 staging rows, 1 buffers, 0.27 GiB; THP mirror 15.39 GiB, 15.52 on huge pages
  kstage: cache: 23 layer-steps, 3.96 misses and 3.96 copies a layer-step (91 / 91)
  kstage: cache: 276 layer-steps, 0.95 misses and 0.95 copies a layer-step (263 / 263)
  kstage: cache: 299 layer-steps, 0.88 misses and 0.88 copies a layer-step (263 / 263)
  kstage: cache: 368 layer-steps, 0.71 misses and 0.71 copies a layer-step (263 / 263)
  kstage: cache: 414 layer-steps, 0.69 misses and 0.69 copies a layer-step (284 / 284)
  kstage: cache: 48 layer-steps, 2.81 misses and 2.81 copies a layer-step (135 / 135)
  kstage: cache: 690 layer-steps, 0.45 misses and 0.45 copies a layer-step (309 / 309)
  kstage: cache: 69 layer-steps, 3.74 misses and 3.74 copies a layer-step (258 / 258)
  kstage: cache: 920 layer-steps, 0.34 misses and 0.34 copies a layer-step (309 / 309)
  kstage: cache: 92 layer-steps, 2.80 misses and 2.80 copies a layer-step (258 / 258)
  kstage: cache: 943 layer-steps, 0.39 misses and 0.39 copies a layer-step (368 / 368)
  kstage: installed in 7.9s; device memory free 8.61 GiB
  kstage: registered, mode cache
  host RAM used: +36408 MiB, 22380 MiB available
  bench: exit 0, 17s
  decode c=1: per-stream median 176.6 tok/s, aggregate 177.3 tok/s, 1/1 ok
  decode c=4: per-stream median 81.1 tok/s, aggregate 272.0 tok/s, 4/4 ok
  decode c=16: per-stream median 31.7 tok/s, aggregate 448.9 tok/s, 16/16 ok
  max running/waiting: Running: 16 reqs, Waiting: 0 reqs
== phase thp-base-r2 07:18:30Z ks: KSTAGE=cache KSTAGE_COLD_GB=4 KSTAGE_PROFILE=/prof/p7-all.json KSTAGE_STATS=1 KSTAGE_SLOTS=all KSTAGE_DMA_M=64 KSTAGE_DMA_BUF=1 KSTAGE_COPY_LIVE=82 KSTAGE_EVICT=lfu 
  free in 2 MiB+ blocks: 29.0 GiB
ready in 110s; Available KV cache memory: 5.44 GiB;GPU KV cache size: 1,490,944 tokens;
  kstage: cache: 1012 layer-steps, 0.44 misses and 0.44 copies a layer-step (445 / 445)
  kstage: cache: 184 layer-steps, 1.43 misses and 1.43 copies a layer-step (263 / 263)
  kstage: cache: 189 layer-steps, 1.39 misses and 1.39 copies a layer-step (263 / 263)
  kstage: cache: 19 layer-steps, 4.26 misses and 4.26 copies a layer-step (81 / 81)
  kstage: cache: 1 layer-steps, 1.00 misses and 1.00 copies a layer-step (1 / 1)
  kstage: cache: 203 layer-steps, 1.30 misses and 1.30 copies a layer-step (263 / 263)
  kstage: cache: 23 layers, 765 experts cold (33.3 a layer), 15.38 GiB host pages, 11.48 GiB device, policy global, profile /prof/p7-all.json (all); slots all: pinned/slots per layer ['0/125', '0/123', '0/117', '0/92', '0/86', '0/86', '0/91', '0/88', '0/82', '0/103', '0/79', '0/91', '0/96', '0/100', '0/92', '0/92', '0/87', '0/81', '0/89', '0/96', '0/93', '0/89', '0/101']; evict lfu6; frozen from never tokens; DMA from 64 tokens: 49 staging rows, 1 buffers, 0.27 GiB
  kstage: cache: 299 layer-steps, 0.88 misses and 0.88 copies a layer-step (263 / 263)
  kstage: cache: 301 layer-steps, 0.87 misses and 0.87 copies a layer-step (263 / 263)
  kstage: cache: 368 layer-steps, 0.71 misses and 0.71 copies a layer-step (263 / 263)
  kstage: cache: 46 layer-steps, 2.93 misses and 2.93 copies a layer-step (135 / 135)
  kstage: cache: 48 layer-steps, 2.81 misses and 2.81 copies a layer-step (135 / 135)
  kstage: cache: 626 layer-steps, 0.49 misses and 0.49 copies a layer-step (309 / 309)
  kstage: cache: 71 layer-steps, 3.63 misses and 3.63 copies a layer-step (258 / 258)
  kstage: cache: 920 layer-steps, 0.34 misses and 0.34 copies a layer-step (309 / 309)
  kstage: cache: 943 layer-steps, 0.39 misses and 0.39 copies a layer-step (368 / 368)
  kstage: installed in 2.1s; device memory free 8.64 GiB
  kstage: registered, mode cache
  host RAM used: +20447 MiB, 38369 MiB available
  bench: exit 0, 18s
  decode c=1: per-stream median 174.7 tok/s, aggregate 175.4 tok/s, 1/1 ok
  decode c=4: per-stream median 78.5 tok/s, aggregate 304.3 tok/s, 4/4 ok
  decode c=16: per-stream median 27.4 tok/s, aggregate 394.7 tok/s, 16/16 ok
  max running/waiting: Running: 9 reqs, Waiting: 7 reqs
== done 07:20:39Z
profile: performance
