NVIDIA GeForce RTX 5090 Laptop GPU: E 128, H 2688, top 1, 103 device rows
state (twin caches, the unfused path fed the kernel's top K):
  lfu slots all M  1 eager: score err 4.8e-07, top-1 sets off torch's 0/100 tokens, 10 fills, SAME
  lfu slots all M  1 graph: score err 4.8e-07, top-1 sets off torch's 0/100 tokens, 10 fills, SAME
  lfu slots all M  4 eager: score err 5.4e-07, top-1 sets off torch's 0/400 tokens, 18 fills, SAME
  lfu slots all M  4 graph: score err 4.2e-07, top-1 sets off torch's 0/400 tokens, 24 fills, SAME
  lfu slots all M 16 eager: score err 5.4e-07, top-1 sets off torch's 0/1600 tokens, 26 fills, SAME
  lfu slots all M 16 graph: score err 5.4e-07, top-1 sets off torch's 0/1600 tokens, 26 fills, SAME
  lfu slots  16 M  1 eager: score err 4.8e-07, top-1 sets off torch's 0/100 tokens, 12 fills, SAME
  lfu slots  16 M  1 graph: score err 4.2e-07, top-1 sets off torch's 0/100 tokens, 13 fills, SAME
  lfu slots  16 M  4 eager: score err 4.5e-07, top-1 sets off torch's 0/400 tokens, 24 fills, SAME
  lfu slots  16 M  4 graph: score err 6.6e-07, top-1 sets off torch's 0/400 tokens, 20 fills, SAME
  lfu slots  16 M 16 eager: score err 5.4e-07, top-1 sets off torch's 0/1600 tokens, 56 fills, SAME
  lfu slots  16 M 16 graph: score err 4.8e-07, top-1 sets off torch's 0/1600 tokens, 59 fills, SAME
  lru slots all M  1 eager: score err 4.2e-07, top-1 sets off torch's 0/100 tokens, 10 fills, SAME
  lru slots all M  1 graph: score err 4.8e-07, top-1 sets off torch's 0/100 tokens, 9 fills, SAME
  lru slots all M  4 eager: score err 4.2e-07, top-1 sets off torch's 0/400 tokens, 13 fills, SAME
  lru slots all M  4 graph: score err 5.4e-07, top-1 sets off torch's 0/400 tokens, 13 fills, SAME
  lru slots all M 16 eager: score err 6.0e-07, top-1 sets off torch's 0/1600 tokens, 23 fills, SAME
  lru slots all M 16 graph: score err 6.0e-07, top-1 sets off torch's 0/1600 tokens, 20 fills, SAME
  lru slots  16 M  1 eager: score err 3.9e-07, top-1 sets off torch's 0/100 tokens, 12 fills, SAME
  lru slots  16 M  1 graph: score err 4.8e-07, top-1 sets off torch's 0/100 tokens, 10 fills, SAME
  lru slots  16 M  4 eager: score err 4.2e-07, top-1 sets off torch's 0/400 tokens, 27 fills, SAME
  lru slots  16 M  4 graph: score err 4.8e-07, top-1 sets off torch's 0/400 tokens, 29 fills, SAME
  lru slots  16 M 16 eager: score err 5.4e-07, top-1 sets off torch's 0/1600 tokens, 96 fills, SAME
  lru slots  16 M 16 graph: score err 5.4e-07, top-1 sets off torch's 0/1600 tokens, 93 fills, SAME
time (CUDA graph of 23 layers, 128 MiB flush between, mean of 50 replays):
  M  1 BEB  16 HC  384: unfused  12.8 us a layer, fused   5.5 (-7.3); flush 156.3 us a layer taken off
  M  4 BEB  16 HC  384: unfused  27.1 us a layer, fused   6.7 (-20.4); flush 156.4 us a layer taken off
  M 16 BEB  16 HC  384: unfused  30.3 us a layer, fused   6.0 (-24.3); flush 156.3 us a layer taken off
ALL SAME
