NVIDIA GeForce RTX 5090 Laptop GPU: E 128, H 2688, top 6, 103 device rows
state (twin caches, the unfused path fed the kernel's top K):
  lru slots all M  1 eager: score err 4.8e-07, top-6 sets off torch's 0/300 tokens, 60 fills, SAME
  lru slots all M  1 graph: score err 4.8e-07, top-6 sets off torch's 0/300 tokens, 64 fills, SAME
  lru slots all M  4 eager: score err 4.8e-07, top-6 sets off torch's 0/1200 tokens, 220 fills, SAME
  lru slots all M  4 graph: score err 6.6e-07, top-6 sets off torch's 0/1200 tokens, 203 fills, SAME
  lru slots all M 16 eager: score err 5.4e-07, top-6 sets off torch's 0/4800 tokens, 733 fills, SAME
  lru slots all M 16 graph: score err 6.0e-07, top-6 sets off torch's 0/4800 tokens, 713 fills, SAME
  lru slots all M 48 eager: score err 5.7e-07, top-6 sets off torch's 0/14400 tokens, 1735 fills, SAME
  lru slots all M 48 graph: score err 6.0e-07, top-6 sets off torch's 0/14400 tokens, 1698 fills, SAME
  lru slots  16 M  1 eager: score err 4.2e-07, top-6 sets off torch's 0/300 tokens, 225 fills, SAME
  lru slots  16 M  1 graph: score err 4.5e-07, top-6 sets off torch's 0/300 tokens, 218 fills, SAME
  lru slots  16 M  4 eager: score err 4.8e-07, top-6 sets off torch's 0/1200 tokens, 750 fills, SAME
  lru slots  16 M  4 graph: score err 5.4e-07, top-6 sets off torch's 0/1200 tokens, 767 fills, SAME
  lru slots  16 M 16 eager: score err 5.4e-07, top-6 sets off torch's 0/4800 tokens, 1328 fills, SAME
  lru slots  16 M 16 graph: score err 5.4e-07, top-6 sets off torch's 0/4800 tokens, 1324 fills, SAME
  lru slots  16 M 48 eager: score err 6.0e-07, top-6 sets off torch's 0/14400 tokens, 435 fills, SAME
  lru slots  16 M 48 graph: score err 6.0e-07, top-6 sets off torch's 0/14400 tokens, 402 fills, SAME
  lfu slots all M  1 eager: score err 4.8e-07, top-6 sets off torch's 0/300 tokens, 81 fills, SAME
  lfu slots all M  1 graph: score err 4.2e-07, top-6 sets off torch's 0/300 tokens, 58 fills, SAME
  lfu slots all M  4 eager: score err 4.8e-07, top-6 sets off torch's 0/1200 tokens, 121 fills, SAME
  lfu slots all M  4 graph: score err 5.4e-07, top-6 sets off torch's 0/1200 tokens, 120 fills, SAME
  lfu slots all M 16 eager: score err 5.4e-07, top-6 sets off torch's 0/4800 tokens, 277 fills, SAME
  lfu slots all M 16 graph: score err 5.4e-07, top-6 sets off torch's 0/4800 tokens, 320 fills, SAME
  lfu slots all M 48 eager: score err 6.0e-07, top-6 sets off torch's 0/14400 tokens, 1269 fills, SAME
  lfu slots all M 48 graph: score err 6.0e-07, top-6 sets off torch's 0/14400 tokens, 1252 fills, SAME
  lfu slots  16 M  1 eager: score err 6.0e-07, top-6 sets off torch's 0/300 tokens, 140 fills, SAME
  lfu slots  16 M  1 graph: score err 5.4e-07, top-6 sets off torch's 0/300 tokens, 145 fills, SAME
  lfu slots  16 M  4 eager: score err 5.4e-07, top-6 sets off torch's 0/1200 tokens, 566 fills, SAME
  lfu slots  16 M  4 graph: score err 4.8e-07, top-6 sets off torch's 0/1200 tokens, 561 fills, SAME
  lfu slots  16 M 16 eager: score err 5.1e-07, top-6 sets off torch's 0/4800 tokens, 1283 fills, SAME
  lfu slots  16 M 16 graph: score err 5.4e-07, top-6 sets off torch's 0/4800 tokens, 1307 fills, SAME
  lfu slots  16 M 48 eager: score err 5.4e-07, top-6 sets off torch's 0/14400 tokens, 381 fills, SAME
  lfu slots  16 M 48 graph: score err 7.5e-07, top-6 sets off torch's 0/14400 tokens, 392 fills, SAME
time (CUDA graph of 23 layers, 128 MiB flush between, mean of 50 replays):
  M  1 BEB  16 HC  384: unfused  16.5 us a layer, fused   7.6 (-8.9); flush 159.7 us a layer taken off
  M  4 BEB  16 HC  384: unfused  33.8 us a layer, fused  10.9 (-23.0); flush 156.2 us a layer taken off
  M 16 BEB  16 HC  384: unfused  33.7 us a layer, fused   9.4 (-24.4); flush 159.6 us a layer taken off
  M 48 BEB  16 HC  384: unfused  20.8 us a layer, fused  36.8 (+16.0); flush 159.7 us a layer taken off
ALL SAME
