NVIDIA GeForce RTX 5090 Laptop GPU: E 128, H 2688, top 2, 103 device rows
state (twin caches, the unfused path fed the kernel's top K):
  lfu slots all M  1 eager: score err 4.8e-07, top-2 sets off torch's 0/100 tokens, 16 fills, SAME
  lfu slots all M  1 graph: score err 4.8e-07, top-2 sets off torch's 0/100 tokens, 15 fills, SAME
  lfu slots all M  4 eager: score err 5.4e-07, top-2 sets off torch's 0/400 tokens, 28 fills, SAME
  lfu slots all M  4 graph: score err 4.2e-07, top-2 sets off torch's 0/400 tokens, 30 fills, SAME
  lfu slots all M 16 eager: score err 5.4e-07, top-2 sets off torch's 0/1600 tokens, 35 fills, SAME
  lfu slots all M 16 graph: score err 5.4e-07, top-2 sets off torch's 0/1600 tokens, 38 fills, SAME
  lfu slots  16 M  1 eager: score err 4.8e-07, top-2 sets off torch's 0/100 tokens, 21 fills, SAME
  lfu slots  16 M  1 graph: score err 4.2e-07, top-2 sets off torch's 0/100 tokens, 23 fills, SAME
  lfu slots  16 M  4 eager: score err 4.5e-07, top-2 sets off torch's 0/400 tokens, 59 fills, SAME
  lfu slots  16 M  4 graph: score err 6.6e-07, top-2 sets off torch's 0/400 tokens, 47 fills, SAME
  lfu slots  16 M 16 eager: score err 5.4e-07, top-2 sets off torch's 0/1600 tokens, 142 fills, SAME
  lfu slots  16 M 16 graph: score err 4.8e-07, top-2 sets off torch's 0/1600 tokens, 127 fills, SAME
  lru slots all M  1 eager: score err 4.2e-07, top-2 sets off torch's 0/100 tokens, 12 fills, SAME
  lru slots all M  1 graph: score err 4.8e-07, top-2 sets off torch's 0/100 tokens, 12 fills, SAME
  lru slots all M  4 eager: score err 4.2e-07, top-2 sets off torch's 0/400 tokens, 21 fills, SAME
  lru slots all M  4 graph: score err 5.4e-07, top-2 sets off torch's 0/400 tokens, 18 fills, SAME
  lru slots all M 16 eager: score err 6.0e-07, top-2 sets off torch's 0/1600 tokens, 49 fills, SAME
  lru slots all M 16 graph: score err 6.0e-07, top-2 sets off torch's 0/1600 tokens, 35 fills, SAME
  lru slots  16 M  1 eager: score err 3.9e-07, top-2 sets off torch's 0/100 tokens, 27 fills, SAME
  lru slots  16 M  1 graph: score err 4.8e-07, top-2 sets off torch's 0/100 tokens, 19 fills, SAME
  lru slots  16 M  4 eager: score err 4.2e-07, top-2 sets off torch's 0/400 tokens, 64 fills, SAME
  lru slots  16 M  4 graph: score err 4.8e-07, top-2 sets off torch's 0/400 tokens, 68 fills, SAME
  lru slots  16 M 16 eager: score err 5.4e-07, top-2 sets off torch's 0/1600 tokens, 215 fills, SAME
  lru slots  16 M 16 graph: score err 5.4e-07, top-2 sets off torch's 0/1600 tokens, 219 fills, SAME
time (CUDA graph of 23 layers, 128 MiB flush between, mean of 50 replays):
  M  1 BEB  16 HC  384: unfused  16.3 us a layer, fused   5.8 (-10.5); flush 156.5 us a layer taken off
  M  4 BEB  16 HC  384: unfused  30.2 us a layer, fused   7.3 (-22.9); flush 156.4 us a layer taken off
  M 16 BEB  16 HC  384: unfused  33.8 us a layer, fused   6.7 (-27.1); flush 156.2 us a layer taken off
ALL SAME
