NVIDIA GeForce RTX 5090 Laptop GPU: E 128, H 2688, top 3, 103 device rows
state (twin caches, the unfused path fed the kernel's top K):
  lru slots all M  1 eager: score err 4.8e-07, top-3 sets off torch's 0/100 tokens, 15 fills, SAME
  lru slots all M  1 graph: score err 4.8e-07, top-3 sets off torch's 0/100 tokens, 17 fills, SAME
  lru slots all M  1 side: score err 4.2e-07, top-3 sets off torch's 0/100 tokens, 15 fills, SAME
  lru slots all M  8 eager: score err 5.4e-07, top-3 sets off torch's 0/800 tokens, 53 fills, SAME
  lru slots all M  8 graph: score err 5.4e-07, top-3 sets off torch's 0/800 tokens, 34 fills, SAME
  lru slots all M  8 side: score err 5.4e-07, top-3 sets off torch's 0/800 tokens, 37 fills, SAME
  lru slots all M 16 eager: score err 5.4e-07, top-3 sets off torch's 0/1600 tokens, 83 fills, SAME
  lru slots all M 16 graph: score err 5.4e-07, top-3 sets off torch's 0/1600 tokens, 73 fills, SAME
  lru slots all M 16 side: score err 4.8e-07, top-3 sets off torch's 0/1600 tokens, 81 fills, SAME
  lru slots  16 M  1 eager: score err 5.7e-07, top-3 sets off torch's 0/100 tokens, 35 fills, SAME
  lru slots  16 M  1 graph: score err 4.2e-07, top-3 sets off torch's 0/100 tokens, 34 fills, SAME
  lru slots  16 M  1 side: score err 4.2e-07, top-3 sets off torch's 0/100 tokens, 29 fills, SAME
  lru slots  16 M  8 eager: score err 5.4e-07, top-3 sets off torch's 0/800 tokens, 177 fills, SAME
  lru slots  16 M  8 graph: score err 4.8e-07, top-3 sets off torch's 0/800 tokens, 209 fills, SAME
  lru slots  16 M  8 side: score err 4.2e-07, top-3 sets off torch's 0/800 tokens, 206 fills, SAME
  lru slots  16 M 16 eager: score err 5.4e-07, top-3 sets off torch's 0/1600 tokens, 343 fills, SAME
  lru slots  16 M 16 graph: score err 6.0e-07, top-3 sets off torch's 0/1600 tokens, 346 fills, SAME
  lru slots  16 M 16 side: score err 6.0e-07, top-3 sets off torch's 0/1600 tokens, 337 fills, SAME
  lfu slots all M  1 eager: score err 3.9e-07, top-3 sets off torch's 0/100 tokens, 23 fills, SAME
  lfu slots all M  1 graph: score err 4.8e-07, top-3 sets off torch's 0/100 tokens, 19 fills, SAME
  lfu slots all M  1 side: score err 4.2e-07, top-3 sets off torch's 0/100 tokens, 17 fills, SAME
  lfu slots all M  8 eager: score err 4.8e-07, top-3 sets off torch's 0/800 tokens, 31 fills, SAME
  lfu slots all M  8 graph: score err 4.8e-07, top-3 sets off torch's 0/800 tokens, 38 fills, SAME
  lfu slots all M  8 side: score err 5.4e-07, top-3 sets off torch's 0/800 tokens, 44 fills, SAME
  lfu slots all M 16 eager: score err 5.7e-07, top-3 sets off torch's 0/1600 tokens, 57 fills, SAME
  lfu slots all M 16 graph: score err 4.8e-07, top-3 sets off torch's 0/1600 tokens, 69 fills, SAME
  lfu slots all M 16 side: score err 4.8e-07, top-3 sets off torch's 0/1600 tokens, 64 fills, SAME
  lfu stale 2 slots all M  1 eager: score err 3.6e-07, top-3 sets off torch's 0/100 tokens, 15 fills, SAME
  lfu stale 2 slots all M  1 graph: score err 4.5e-07, top-3 sets off torch's 0/100 tokens, 23 fills, SAME
  lfu stale 2 slots all M  1 side: score err 4.2e-07, top-3 sets off torch's 0/100 tokens, 24 fills, SAME
  lfu stale 2 slots all M  8 eager: score err 4.8e-07, top-3 sets off torch's 0/800 tokens, 32 fills, SAME
  lfu stale 2 slots all M  8 graph: score err 4.8e-07, top-3 sets off torch's 0/800 tokens, 36 fills, SAME
  lfu stale 2 slots all M  8 side: score err 4.8e-07, top-3 sets off torch's 1/800 tokens, 32 fills, SAME
  lfu stale 2 slots all M 16 eager: score err 6.0e-07, top-3 sets off torch's 0/1600 tokens, 43 fills, SAME
  lfu stale 2 slots all M 16 graph: score err 5.7e-07, top-3 sets off torch's 0/1600 tokens, 40 fills, SAME
  lfu stale 2 slots all M 16 side: score err 4.8e-07, top-3 sets off torch's 0/1600 tokens, 33 fills, SAME
  lfu slots  16 M  1 eager: score err 5.1e-07, top-3 sets off torch's 0/100 tokens, 27 fills, SAME
  lfu slots  16 M  1 graph: score err 4.8e-07, top-3 sets off torch's 0/100 tokens, 38 fills, SAME
  lfu slots  16 M  1 side: score err 3.9e-07, top-3 sets off torch's 0/100 tokens, 31 fills, SAME
  lfu slots  16 M  8 eager: score err 4.8e-07, top-3 sets off torch's 0/800 tokens, 147 fills, SAME
  lfu slots  16 M  8 graph: score err 4.8e-07, top-3 sets off torch's 0/800 tokens, 144 fills, SAME
  lfu slots  16 M  8 side: score err 4.8e-07, top-3 sets off torch's 0/800 tokens, 131 fills, SAME
  lfu slots  16 M 16 eager: score err 5.4e-07, top-3 sets off torch's 0/1600 tokens, 278 fills, SAME
  lfu slots  16 M 16 graph: score err 4.8e-07, top-3 sets off torch's 0/1600 tokens, 312 fills, SAME
  lfu slots  16 M 16 side: score err 5.4e-07, top-3 sets off torch's 0/1600 tokens, 294 fills, SAME
  lfu stale 2 slots  16 M  1 eager: score err 3.6e-07, top-3 sets off torch's 0/100 tokens, 32 fills, SAME
  lfu stale 2 slots  16 M  1 graph: score err 4.2e-07, top-3 sets off torch's 0/100 tokens, 23 fills, SAME
  lfu stale 2 slots  16 M  1 side: score err 4.8e-07, top-3 sets off torch's 0/100 tokens, 32 fills, SAME
  lfu stale 2 slots  16 M  8 eager: score err 4.8e-07, top-3 sets off torch's 0/800 tokens, 53 fills, SAME
  lfu stale 2 slots  16 M  8 graph: score err 4.8e-07, top-3 sets off torch's 0/800 tokens, 54 fills, SAME
  lfu stale 2 slots  16 M  8 side: score err 5.4e-07, top-3 sets off torch's 0/800 tokens, 47 fills, SAME
  lfu stale 2 slots  16 M 16 eager: score err 4.8e-07, top-3 sets off torch's 0/1600 tokens, 55 fills, SAME
  lfu stale 2 slots  16 M 16 graph: score err 5.1e-07, top-3 sets off torch's 0/1600 tokens, 56 fills, SAME
  lfu stale 2 slots  16 M 16 side: score err 5.4e-07, top-3 sets off torch's 0/1600 tokens, 54 fills, SAME
time (CUDA graph of 23 layers, 128 MiB flush between, mean of 50 replays):
  M  1 BEB  16 HC  384: unfused  16.1 us a layer, fused   6.0 (-10.1); flush 156.5 us a layer taken off
  M  8 BEB  16 HC  384: unfused  34.7 us a layer, fused  13.3 (-21.4); flush 156.2 us a layer taken off
  M 16 BEB  16 HC  384: unfused  33.9 us a layer, fused   8.8 (-25.0); flush 156.1 us a layer taken off
ALL SAME
