=== base1 (--inflight 1 --k 0,1,2 --steps 50) 08:28:45
CUDA_DEVICE_MAX_CONNECTIONS=unset (8), CE_PRIO=0, devdone False, layers with rows 23 of 23
work alone: 4.573 ms a step (23 layers x 160 MB read); a row is 5.35 MiB in 4 copies
K=0: 5.004 ms a step, +0.431 over work; rows checked 0, bad 0; helper requests 1174, rows 0, err 0
K=1: 6.173 ms a step, +1.600 over work; rows checked 22, bad 0; helper requests 2348, rows 1173, err 0
K=2: 7.347 ms a step, +2.774 over work; rows checked 44, bad 0; helper requests 3522, rows 3519, err 0
per layer: work 198.8 us; K=0 +18.8 us; K=1 +69.6 us; K=2 +120.6 us
=== base1 exit 0 08:28:51
=== dd1 (--inflight 1 --devdone --k 0,1,2 --steps 50) 08:28:56
CUDA_DEVICE_MAX_CONNECTIONS=unset (8), CE_PRIO=0, devdone True, layers with rows 23 of 23
work alone: 4.579 ms a step (23 layers x 160 MB read); a row is 5.35 MiB in 4 copies
K=0: 5.144 ms a step, +0.565 over work; rows checked 0, bad 0; helper requests 1173, rows 0, err 0
K=1: 6.146 ms a step, +1.567 over work; rows checked 22, bad 0; helper requests 2346, rows 1173, err 0
K=2: 7.548 ms a step, +2.969 over work; rows checked 44, bad 0; helper requests 3519, rows 3519, err 0
per layer: work 199.1 us; K=0 +24.6 us; K=1 +68.1 us; K=2 +129.1 us
=== dd1 exit 0 08:29:02
=== dd1-s50 (--inflight 1 --devdone --sparse 0.5 --k 1,2,3 --steps 50) 08:29:07
CUDA_DEVICE_MAX_CONNECTIONS=unset (8), CE_PRIO=0, devdone True, layers with rows 11 of 23
work alone: 4.579 ms a step (23 layers x 160 MB read); a row is 5.35 MiB in 4 copies
K=1: 6.038 ms a step, +1.460 over work; rows checked 11, bad 0; helper requests 1173, rows 561, err 0
K=2: 6.623 ms a step, +2.045 over work; rows checked 22, bad 0; helper requests 2346, rows 1683, err 0
K=3: 8.117 ms a step, +3.538 over work; rows checked 33, bad 0; helper requests 3519, rows 3366, err 0
per layer: work 199.1 us; K=1 +63.5 us; K=2 +88.9 us; K=3 +153.8 us
=== dd1-s50 exit 0 08:29:13
=== dd1-s25 (--inflight 1 --devdone --sparse 0.25 --k 1,2,3 --steps 50) 08:29:18
CUDA_DEVICE_MAX_CONNECTIONS=unset (8), CE_PRIO=0, devdone True, layers with rows 5 of 23
work alone: 4.580 ms a step (23 layers x 160 MB read); a row is 5.35 MiB in 4 copies
K=1: 5.706 ms a step, +1.125 over work; rows checked 5, bad 0; helper requests 1173, rows 255, err 0
K=2: 5.846 ms a step, +1.266 over work; rows checked 10, bad 0; helper requests 2346, rows 765, err 0
K=3: 6.496 ms a step, +1.916 over work; rows checked 15, bad 0; helper requests 3519, rows 1530, err 0
per layer: work 199.2 us; K=1 +48.9 us; K=2 +55.0 us; K=3 +83.3 us
=== dd1-s25 exit 0 08:29:23
=== dd2-s25 (--inflight 2 --devdone --sparse 0.25 --k 1,2,3 --steps 50) 08:29:28
CUDA_DEVICE_MAX_CONNECTIONS=unset (8), CE_PRIO=0, devdone True, layers with rows 5 of 23
work alone: 4.476 ms a step (23 layers x 160 MB read); a row is 5.35 MiB in 4 copies
K=1: 5.609 ms a step, +1.134 over work; rows checked 5, bad 0; helper requests 1173, rows 255, err 0
K=2: 5.709 ms a step, +1.233 over work; rows checked 10, bad 0; helper requests 2346, rows 765, err 0
K=3: 6.345 ms a step, +1.870 over work; rows checked 15, bad 0; helper requests 3519, rows 1530, err 0
per layer: work 194.6 us; K=1 +49.3 us; K=2 +53.6 us; K=3 +81.3 us
=== dd2-s25 exit 0 08:29:33
