=== 2026-10-06T09:20:05Z
same d2h: main call returned after 303 ms; helper copy calls returned in 0.04 ms, flag written 302 ms after go, copy 1.3 ms on the GPU
--- same d2h exit 0
same sync: main call returned after 302 ms; helper copy calls returned in 0.04 ms, flag written 302 ms after go, copy 1.3 ms on the GPU
--- same sync exit 0
DEADLOCK: the main call has not returned after 10 s
--- same free exit 2
same overlap: kernel (82 SMs x 8 blocks) alone 201.3 ms, with the copy 202.4 ms; copy of 4 GiB alone 82.7 ms (51.9 GB/s), with the kernel 84.1 ms (51.1 GB/s)
--- same overlap exit 0
ctx d2h: main call returned after 303 ms; helper copy calls returned in 0.04 ms, flag written 302 ms after go, copy 1.3 ms on the GPU
--- ctx d2h exit 0
ctx sync: main call returned after 302 ms; helper copy calls returned in 0.04 ms, flag written 302 ms after go, copy 1.3 ms on the GPU
--- ctx sync exit 0
ctx free: main call returned after 302 ms; helper copy calls returned in 0.03 ms, flag written 302 ms after go, copy 1.3 ms on the GPU
--- ctx free exit 0
ctx overlap: kernel (82 SMs x 8 blocks) alone 201.5 ms, with the copy 206.0 ms; copy of 4 GiB alone 84.3 ms (50.9 GB/s), with the kernel 84.4 ms (50.9 GB/s)
--- ctx overlap exit 0
proc d2h: main call returned after 303 ms; helper copy calls returned in 0.05 ms, flag written 302 ms after go, copy 1.3 ms on the GPU
--- proc d2h exit 0
proc sync: main call returned after 302 ms; helper copy calls returned in 0.05 ms, flag written 302 ms after go, copy 1.3 ms on the GPU
--- proc sync exit 0
proc free: main call returned after 302 ms; helper copy calls returned in 0.05 ms, flag written 302 ms after go, copy 1.3 ms on the GPU
--- proc free exit 0
proc overlap: kernel (82 SMs x 8 blocks) alone 202.3 ms, with the copy 203.3 ms; copy of 4 GiB alone 84.5 ms (50.9 GB/s), with the kernel 82.6 ms (52.0 GB/s)
--- proc overlap exit 0
=== exit 0
