laptop nano9b-bf16 nvidia/NVIDIA-Nemotron-Nano-9B-v2@6533e8de extra: --mamba-ssm-cache-dtype float32 g7a: --think-tag
ready in 151s
Model loading took 16.58 GiB memory and 3.694473 seconds
Available KV cache memory: 0.89 GiB
GPU KV cache size: 26,699 tokens, Maximum concurrency for 16,384 tokens per request: 1.63x
bench c=1 exit 0:  decode rate p50 45.038 p95 45.343 mean 45.005 sd 0.320 cv 0.7% tok/s
bench c=16 exit 0:  decode rate p50 42.826 p95 43.280 mean 42.841 sd 0.146 cv 0.3% tok/s
== think
  v1-s1-nano9b-bf16-think-4k: exit 0, 749s
  v2-s1-nano9b-bf16-think-4k: exit 0, 803s
  rocky-s1-nano9b-bf16-think-4k: exit 0, 568s
  promqlcat-s1-nano9b-bf16-think-4k: exit 0, 105s
  general-s1-nano9b-bf16-think-4k: exit 0, 78s
  alert-s1-nano9b-bf16-think-4k: exit 0, 129s
  trap3-s1-nano9b-bf16-think-4k: exit 0, 59s
== nothink
  v1-s1-nano9b-bf16-nothink: exit 0, 130s
  v2-s1-nano9b-bf16-nothink: exit 0, 126s
  rocky-s1-nano9b-bf16-nothink: exit 0, 111s
  promqlcat-s1-nano9b-bf16-nothink: exit 0, 18s
  general-s1-nano9b-bf16-nothink: exit 0, 13s
  alert-s1-nano9b-bf16-nothink: exit 0, 15s
  trap3-s1-nano9b-bf16-nothink: exit 0, 11s
profile: performance
