laptop nano4b-bf16 nvidia/NVIDIA-Nemotron-3-Nano-4B-BF16@dfaf35de extra: --mamba-ssm-cache-dtype float32 g7a: none
ready in 140s
Model loading took 7.47 GiB memory and 1.546645 seconds
Available KV cache memory: 10.66 GiB
GPU KV cache size: 403,950 tokens, Maximum concurrency for 16,384 tokens per request: 24.66x
bench c=1 exit 0:  decode rate p50 96.285 p95 97.477 mean 96.415 sd 0.612 cv 0.6% tok/s
bench c=16 exit 0:  decode rate p50 70.817 p95 72.338 mean 70.783 sd 0.858 cv 1.2% tok/s
== think
  v1-s1-nano4b-bf16-think-4k: exit 0, 191s
  v2-s1-nano4b-bf16-think-4k: exit 0, 173s
  rocky-s1-nano4b-bf16-think-4k: exit 0, 151s
  promqlcat-s1-nano4b-bf16-think-4k: exit 0, 52s
  general-s1-nano4b-bf16-think-4k: exit 0, 9s
  alert-s1-nano4b-bf16-think-4k: exit 0, 44s
  trap3-s1-nano4b-bf16-think-4k: exit 0, 15s
== nothink
  v1-s1-nano4b-bf16-nothink: exit 0, 52s
  v2-s1-nano4b-bf16-nothink: exit 0, 46s
  rocky-s1-nano4b-bf16-nothink: exit 0, 51s
  promqlcat-s1-nano4b-bf16-nothink: exit 0, 5s
  general-s1-nano4b-bf16-nothink: exit 0, 6s
  alert-s1-nano4b-bf16-nothink: exit 0, 7s
  trap3-s1-nano4b-bf16-nothink: exit 0, 6s
profile: performance
