#### /usr/local/cuda-13.0/bin/nvcc: Cuda compilation tools, release 13.0, V13.0.88
== sm_120a cluster-only: 1 syscall refs
   load_cluster REG:24 STACK:8
== sm_120a -DCTA: 1 syscall refs
   load_cta REG:4 STACK:0
   load_cluster REG:24 STACK:8
== sm_100a cluster-only: 0 syscall refs
   load_cluster REG:4 STACK:0
== sm_100a -DCTA: 0 syscall refs
   load_cta REG:4 STACK:0
   load_cluster REG:4 STACK:0
#### /usr/local/lib/python3.12/dist-packages/nvidia/cu13/bin/nvcc: Cuda compilation tools, release 13.3, V13.3.73
== sm_120a cluster-only: 1 syscall refs
   load_cluster REG:24 STACK:8
== sm_120a -DCTA: 1 syscall refs
   load_cta REG:4 STACK:0
   load_cluster REG:24 STACK:8
== sm_100a cluster-only: 0 syscall refs
   load_cluster REG:4 STACK:0
== sm_100a -DCTA: 0 syscall refs
   load_cta REG:4 STACK:0
   load_cluster REG:4 STACK:0
ptxas: /usr/local/lib/python3.12/dist-packages/tokenspeed_triton/backends/nvidia/bin/ptxas Cuda compilation tools, release 12.9, V12.9.86
ptxas: /usr/local/lib/python3.12/dist-packages/triton/backends/nvidia/bin/ptxas Cuda compilation tools, release 12.8, V12.8.93
ptxas: /usr/local/lib/python3.12/dist-packages/nvidia/cu13/bin/ptxas Cuda compilation tools, release 13.3, V13.3.73
ptxas: /usr/local/cuda-13.0/bin/ptxas Cuda compilation tools, release 13.0, V13.0.88
