{
 "dataset": "/out/research_dataset_g6p.json",
 "render": "think",
 "max_len": 1024,
 "records": 1150,
 "new_records": 200,
 "new_full_len": {
  "min": 553,
  "median": 810.0,
  "max": 985
 },
 "new_over_max_len": 0,
 "new_answer_tokens": {
  "min": 23,
  "median": 49.0,
  "max": 98
 },
 "new_failing_records": [],
 "all_over_max_len": 439,
 "all_tokens_after_cap": 924522,
 "old_answers_kept": {
  "full": 511,
  "partial": 3,
  "none": 436
 },
 "pass": true
}
old records by tool: records, final answer kept full / partial / none
  tar                            51     3    0   48
  journalctl                     48     3    0   45
  docker run                     46     3    0   43
  grep                           43     2    0   41
  systemctl                      40     1    0   39
  nvidia-smi                     39     3    0   36
  git rebase                     34     1    0   33
  df                             35     4    0   31
  docker build                   30     5    0   25
  git branch                     20     0    0   20
  git commit                     26     6    0   20
  git tag                        18     0    0   18
  git fetch                      16     0    0   16
  docker compose                  7     0    0    7
  find                            4     0    0    4
  free                           31    27    0    4
  git checkout                   19    14    3    2
  git diff                       40    38    0    2
  git log                        14    13    0    1
  git reset                      28    27    0    1
  (arithmetic)                   30    30    0    0
  (conversational_replay)        48    48    0    0
  (general_answer)              100   100    0    0
  (web_research)                 60    60    0    0
  cargo build                     7     7    0    0
  cargo check                     9     9    0    0
  cargo clean                     8     8    0    0
  cargo clippy                    7     7    0    0
  cargo test                      6     6    0    0
  curl                            6     6    0    0
  docker exec                    12    12    0    0
  docker images                  14    14    0    0
  docker ps                      17    17    0    0
  docker stop                     8     8    0    0
  git show                        5     5    0    0
  git status                     10    10    0    0
  pip                             6     6    0    0
  pytest                          8     8    0    0
PASS
gpu-lab 5512534, image 805364b33aca
exit 0
