ready in 81s
605 eligible, 605 to run, attempts 4
  25/605 done, 19 accepted, 86s
  50/605 done, 38 accepted, 148s
  75/605 done, 53 accepted, 242s
  100/605 done, 61 accepted, 345s
  125/605 done, 69 accepted, 454s
  150/605 done, 83 accepted, 545s
  175/605 done, 97 accepted, 621s
  200/605 done, 112 accepted, 717s
  225/605 done, 121 accepted, 840s
  250/605 done, 130 accepted, 997s
  275/605 done, 145 accepted, 1091s
  300/605 done, 159 accepted, 1191s
  325/605 done, 168 accepted, 1303s
  350/605 done, 182 accepted, 1392s
  375/605 done, 198 accepted, 1492s
  400/605 done, 207 accepted, 1609s
  425/605 done, 209 accepted, 1810s
  450/605 done, 211 accepted, 1992s
  475/605 done, 213 accepted, 2229s
  500/605 done, 218 accepted, 2511s
  525/605 done, 219 accepted, 2732s
  550/605 done, 236 accepted, 2790s
  575/605 done, 241 accepted, 2904s
  600/605 done, 263 accepted, 2997s
  605/605 done, 266 accepted, 3108s
collect exit 0, 3107s
profile: performance
