ready in 81s
474 eligible, 474 to run, attempts 4
  25/474 done, 0 accepted, 343s
  50/474 done, 0 accepted, 559s
  75/474 done, 0 accepted, 881s
  100/474 done, 0 accepted, 1240s
  125/474 done, 0 accepted, 1554s
  150/474 done, 0 accepted, 1893s
  175/474 done, 0 accepted, 2224s
  200/474 done, 0 accepted, 2671s
  225/474 done, 0 accepted, 2983s
  250/474 done, 2 accepted, 3310s
  275/474 done, 2 accepted, 3718s
  300/474 done, 2 accepted, 3991s
  325/474 done, 3 accepted, 4331s
  350/474 done, 3 accepted, 4617s
  375/474 done, 3 accepted, 4891s
  400/474 done, 3 accepted, 5218s
  425/474 done, 4 accepted, 5509s
  450/474 done, 6 accepted, 5813s
  474/474 done, 12 accepted, 6034s
collect exit 0, 6034s
profile: performance
