ready in 81s
== r2
  v2-lightning-g6q-think-4k-r2: exit 0, 102s
  v2-lightning-think-4k-r2: exit 0, 680s
  rocky-lightning-g6q-think-4k-r2: exit 0, 89s
  rocky-lightning-think-4k-r2: exit 0, 485s
  promqlcat-lightning-g6q-think-4k-r2: exit 0, 13s
  promqlcat-lightning-think-4k-r2: exit 0, 67s
  alert-lightning-g6q-think-4k-r2: exit 0, 17s
  alert-lightning-think-4k-r2: exit 0, 52s
  trap3-lightning-g6q-think-4k-r2: exit 0, 11s
  trap3-lightning-think-4k-r2: exit 0, 84s
== r3
  v2-lightning-g6q-think-4k-r3: exit 0, 96s
  v2-lightning-think-4k-r3: exit 0, 574s
  rocky-lightning-g6q-think-4k-r3: exit 0, 91s
  rocky-lightning-think-4k-r3: exit 0, 535s
  promqlcat-lightning-g6q-think-4k-r3: exit 0, 12s
  promqlcat-lightning-think-4k-r3: exit 0, 52s
  alert-lightning-g6q-think-4k-r3: exit 0, 17s
  alert-lightning-think-4k-r3: exit 0, 60s
  trap3-lightning-g6q-think-4k-r3: exit 0, 11s
  trap3-lightning-think-4k-r3: exit 0, 74s
profile: performance
ready in 81s
== r2
  v2-lightning-g6t-think-4k-r2: exit 0, 550s
  rocky-lightning-g6t-think-4k-r2: exit 0, 340s
  promqlcat-lightning-g6t-think-4k-r2: exit 0, 46s
  alert-lightning-g6t-think-4k-r2: exit 0, 35s
  trap3-lightning-g6t-think-4k-r2: exit 0, 73s
== r3
  v2-lightning-g6t-think-4k-r3: exit 0, 556s
  rocky-lightning-g6t-think-4k-r3: exit 0, 334s
  promqlcat-lightning-g6t-think-4k-r3: exit 0, 70s
  alert-lightning-g6t-think-4k-r3: exit 0, 15s
  trap3-lightning-g6t-think-4k-r3: exit 0, 74s
profile: performance
ready in 80s
== r2
  v2-lightning-g6u-think-4k-r2: exit 0, 512s
  rocky-lightning-g6u-think-4k-r2: exit 0, 382s
  promqlcat-lightning-g6u-think-4k-r2: exit 0, 65s
  alert-lightning-g6u-think-4k-r2: exit 0, 67s
  trap3-lightning-g6u-think-4k-r2: exit 0, 104s
== r3
  v2-lightning-g6u-think-4k-r3: exit 0, 457s
  rocky-lightning-g6u-think-4k-r3: exit 0, 412s
  promqlcat-lightning-g6u-think-4k-r3: exit 0, 50s
  alert-lightning-g6u-think-4k-r3: exit 0, 81s
  trap3-lightning-g6u-think-4k-r3: exit 0, 87s
profile: performance
