Loading weights:   0%|          | 0/263 [00:00<?, ?it/s]Loading weights:   0%|          | 1/263 [00:00<00:36,  7.15it/s]Loading weights:   8%|▊         | 21/263 [00:00<00:02, 100.28it/s]Loading weights:  16%|█▋        | 43/263 [00:00<00:01, 146.03it/s]Loading weights:  26%|██▌       | 68/263 [00:00<00:01, 175.97it/s]Loading weights:  33%|███▎      | 87/263 [00:00<00:00, 180.45it/s]Loading weights:  40%|████      | 106/263 [00:00<00:00, 166.32it/s]Loading weights:  52%|█████▏    | 138/263 [00:00<00:00, 210.79it/s]Loading weights:  61%|██████    | 160/263 [00:00<00:00, 204.25it/s]Loading weights:  69%|██████▉   | 181/263 [00:01<00:00, 201.01it/s]Loading weights:  79%|███████▉  | 209/263 [00:01<00:00, 223.13it/s]Loading weights:  88%|████████▊ | 232/263 [00:01<00:00, 217.33it/s]Loading weights:  99%|█████████▉| 260/263 [00:01<00:00, 228.36it/s]Loading weights: 100%|██████████| 263/263 [00:01<00:00, 177.36it/s]
[transformers] The following generation flags are not valid and may be ignored: ['top_p']. Set `TRANSFORMERS_VERBOSITY=info` for more details.
loaded in 2s; {'trainable_params': 17054208, 'n_modules': 71}; {'steps_per_epoch': 156, 'total_steps': 312, 'warmup_steps': 9}
step 1/312 loss 1.6585 gnorm 0.773 lr 1.11e-05 5.7s 948 tok/s
step 5/312 loss 1.5676 gnorm 0.951 lr 5.56e-05 6.3s 1018 tok/s
step 10/312 loss 1.0984 gnorm 1.074 lr 1.00e-04 7.8s 1034 tok/s
step 15/312 loss 0.7584 gnorm 0.969 lr 9.99e-05 8.1s 1040 tok/s
step 20/312 loss 0.8594 gnorm 0.793 lr 9.97e-05 7.0s 1010 tok/s
step 25/312 loss 0.5697 gnorm 0.823 lr 9.93e-05 7.8s 1021 tok/s
step 30/312 loss 0.6820 gnorm 0.955 lr 9.88e-05 5.3s 1034 tok/s
step 35/312 loss 1.0029 gnorm 0.912 lr 9.82e-05 6.4s 1009 tok/s
step 40/312 loss 0.2981 gnorm 0.853 lr 9.74e-05 8.1s 1012 tok/s
step 45/312 loss 0.5607 gnorm 0.910 lr 9.66e-05 6.7s 1016 tok/s
step 50/312 loss 0.5738 gnorm 1.023 lr 9.55e-05 6.4s 1007 tok/s
step 55/312 loss 0.4163 gnorm 1.149 lr 9.44e-05 7.1s 1016 tok/s
step 60/312 loss 0.1384 gnorm 0.852 lr 9.32e-05 7.2s 1013 tok/s
step 65/312 loss 0.4235 gnorm 1.123 lr 9.18e-05 6.9s 1018 tok/s
step 70/312 loss 0.4977 gnorm 0.826 lr 9.03e-05 7.3s 1030 tok/s
step 75/312 loss 0.0570 gnorm 0.494 lr 8.87e-05 8.6s 1033 tok/s
step 80/312 loss 0.2572 gnorm 0.878 lr 8.71e-05 7.9s 1037 tok/s
step 85/312 loss 0.2583 gnorm 1.006 lr 8.53e-05 8.3s 1029 tok/s
step 90/312 loss 0.4309 gnorm 1.257 lr 8.34e-05 6.3s 1040 tok/s
step 95/312 loss 0.1830 gnorm 0.926 lr 8.14e-05 7.4s 1009 tok/s
step 100/312 loss 0.1843 gnorm 0.876 lr 7.93e-05 6.6s 1025 tok/s
step 105/312 loss 0.1608 gnorm 0.894 lr 7.72e-05 8.2s 1019 tok/s
step 110/312 loss 0.5449 gnorm 0.985 lr 7.50e-05 6.5s 1018 tok/s
step 115/312 loss 0.1743 gnorm 0.911 lr 7.27e-05 7.8s 1024 tok/s
step 120/312 loss 0.1082 gnorm 0.844 lr 7.04e-05 6.6s 1009 tok/s
step 125/312 loss 0.1695 gnorm 1.000 lr 6.80e-05 7.3s 1029 tok/s
step 130/312 loss 0.0266 gnorm 0.358 lr 6.55e-05 8.3s 1040 tok/s
step 135/312 loss 0.2162 gnorm 0.959 lr 6.31e-05 6.5s 1007 tok/s
step 140/312 loss 0.5341 gnorm 1.295 lr 6.05e-05 7.9s 1024 tok/s
step 145/312 loss 0.1324 gnorm 0.720 lr 5.80e-05 8.5s 1032 tok/s
step 150/312 loss 0.2087 gnorm 1.150 lr 5.54e-05 8.1s 1025 tok/s
step 155/312 loss 0.7386 gnorm 1.285 lr 5.28e-05 6.8s 1050 tok/s
/usr/local/lib/python3.12/dist-packages/peft/utils/save_and_load.py:300: UserWarning: Could not find a config file in nvidia/NVIDIA-Nemotron-3-Nano-4B-BF16 - will assume that the vocabulary was not modified.
  warnings.warn(
step 160/312 loss 0.2653 gnorm 0.810 lr 5.03e-05 7.6s 1019 tok/s
step 165/312 loss 0.4793 gnorm 0.753 lr 4.77e-05 6.9s 985 tok/s
step 170/312 loss 0.0947 gnorm 0.403 lr 4.51e-05 7.3s 979 tok/s
step 175/312 loss 0.0698 gnorm 0.530 lr 4.25e-05 10.0s 987 tok/s
step 180/312 loss 0.2111 gnorm 1.026 lr 4.00e-05 5.9s 981 tok/s
step 185/312 loss 0.1667 gnorm 1.043 lr 3.74e-05 6.8s 987 tok/s
step 190/312 loss 0.0719 gnorm 0.705 lr 3.49e-05 6.5s 1010 tok/s
step 195/312 loss 0.2166 gnorm 1.021 lr 3.25e-05 6.6s 1026 tok/s
step 200/312 loss 0.0932 gnorm 0.770 lr 3.01e-05 8.2s 994 tok/s
step 205/312 loss 0.0810 gnorm 0.605 lr 2.77e-05 7.7s 1010 tok/s
step 210/312 loss 0.0200 gnorm 0.397 lr 2.55e-05 9.2s 991 tok/s
step 215/312 loss 0.0225 gnorm 0.431 lr 2.32e-05 9.5s 1010 tok/s
step 220/312 loss 0.0415 gnorm 0.572 lr 2.11e-05 8.3s 1015 tok/s
step 225/312 loss 0.2318 gnorm 0.702 lr 1.90e-05 6.3s 1020 tok/s
step 230/312 loss 0.2763 gnorm 0.528 lr 1.70e-05 8.0s 996 tok/s
step 235/312 loss 0.1654 gnorm 0.951 lr 1.51e-05 9.1s 1011 tok/s
step 240/312 loss 0.1291 gnorm 0.902 lr 1.33e-05 7.6s 1025 tok/s
step 245/312 loss 0.1235 gnorm 0.814 lr 1.16e-05 7.4s 1012 tok/s
step 250/312 loss 0.1047 gnorm 0.970 lr 9.98e-06 9.3s 1028 tok/s
step 255/312 loss 0.2933 gnorm 1.167 lr 8.48e-06 7.0s 1029 tok/s
step 260/312 loss 0.1595 gnorm 0.842 lr 7.09e-06 6.2s 1039 tok/s
step 265/312 loss 0.1779 gnorm 1.113 lr 5.82e-06 6.6s 1053 tok/s
step 270/312 loss 0.4591 gnorm 0.895 lr 4.67e-06 7.4s 1020 tok/s
step 275/312 loss 0.3778 gnorm 0.800 lr 3.63e-06 7.5s 1022 tok/s
step 280/312 loss 0.2847 gnorm 1.105 lr 2.73e-06 9.1s 1024 tok/s
step 285/312 loss 0.0564 gnorm 0.667 lr 1.95e-06 8.0s 1005 tok/s
step 290/312 loss 0.1075 gnorm 0.838 lr 1.30e-06 7.3s 991 tok/s
step 295/312 loss 0.0981 gnorm 0.847 lr 7.75e-07 7.8s 1006 tok/s
step 300/312 loss 0.1116 gnorm 0.830 lr 3.87e-07 7.7s 1006 tok/s
step 305/312 loss 0.0472 gnorm 0.593 lr 1.32e-07 7.2s 1000 tok/s
step 310/312 loss 0.0478 gnorm 0.860 lr 1.07e-08 9.7s 1008 tok/s
done: 312 steps, loss 1.6585 -> 0.0568, abort=None
gpu-lab 7309c75, image 805364b33aca
exit 0
