{
 "data": {
  "records": 1248,
  "tokens": 1190982,
  "assistant_tokens": 105943,
  "p50": 862,
  "p90": 1500,
  "max": 1901,
  "truncated": 0,
  "no_assistant_tokens": 0,
  "off_records": 357
 },
 "q1_counts": {
  "records": 1248,
  "tokens": 1190982,
  "assistant_tokens": 105943,
  "p50": 862,
  "p90": 1500,
  "p95": 1543,
  "max": 1901,
  "over_512": 1102,
  "over_1024": 491,
  "over_2048": 0,
  "no_trained_tokens": 0,
  "off_records": 357,
  "turns_with_think_masked": 2424
 },
 "parity": {
  "turns": 2424,
  "boundary_ok": 2424,
  "boundary_bad": 0,
  "exact": 1639,
  "history_diff_turns": 785,
  "bad_examples": [],
  "pass": true
 },
 "schedule": {
  "steps_per_epoch": 156,
  "total_steps": 312,
  "warmup_steps": 9
 }
}
exit 0
