{"records": 1248, "unrenderable": 0, "unrenderable_examples": [], "tokens": 1064148, "assistant_tokens": 87916, "p50": 766, "max_full": 1800, "truncated": 0}
losscheck layer 10 at 8s
losscheck layer 20 at 15s
losscheck layer 30 at 21s
losscheck layer 40 at 27s
losscheck layer 50 at 34s
losscheck layer 60 at 41s
losscheck layer 70 at 49s
losscheck layer 80 at 55s
[
 {
  "record": 1004,
  "tokens": 548,
  "assistant_tokens": 57,
  "bf16": {
   "all": 2.0747,
   "assistant": 1.6703
  },
  "nf4": {
   "all": 2.1667,
   "assistant": 1.9504
  }
 },
 {
  "record": 187,
  "tokens": 389,
  "assistant_tokens": 50,
  "bf16": {
   "all": 2.4592,
   "assistant": 3.7469
  },
  "nf4": {
   "all": 2.4572,
   "assistant": 3.8571
  }
 },
 {
  "record": 975,
  "tokens": 633,
  "assistant_tokens": 89,
  "bf16": {
   "all": 1.8488,
   "assistant": 1.4982
  },
  "nf4": {
   "all": 1.9155,
   "assistant": 1.5493
  }
 },
 {
  "record": 138,
  "tokens": 806,
  "assistant_tokens": 81,
  "bf16": {
   "all": 1.7397,
   "assistant": 2.1888
  },
  "nf4": {
   "all": 1.7999,
   "assistant": 2.2182
  }
 }
]
