{"records": 1248, "unrenderable": 0, "unrenderable_examples": [], "tokens": 1064148, "assistant_tokens": 87916, "p50": 766, "max_full": 1800, "truncated": 0}
layer 10/80 at 3s, GPU 6.068 GiB
layer 20/80 at 5s, GPU 10.18 GiB
layer 30/80 at 8s, GPU 10.182 GiB
layer 40/80 at 10s, GPU 10.184 GiB
layer 50/80 at 13s, GPU 10.187 GiB
layer 60/80 at 16s, GPU 10.189 GiB
layer 70/80 at 20s, GPU 10.192 GiB
layer 80/80 at 26s, GPU 10.194 GiB
quantized 80 layers in 30.6s; {'W_std': 0.09980439394712448, 'W_absmax': 67.0, 'nf4_rel_err': 0.032287999987602234, 'gptq_zeros_seen': [8]}; {'trainable_params': 159907840, 'dtype': 'torch.float32'}
ready in 32.7s; {'resident_layers': 20, 'streamed_layers': 60, 'layer_GiB': 0.411, 'pinned_GiB': 24.653}; idle {'torch_allocated_GiB': 10.79, 'nvml_used_GiB': 12.05}
step 1: loss 1.8098 gnorm 2.6916 100.1s 142.9 tok/s copied 394.453 GiB peak 16.044 nvml 21.649 84C {'f_resident_ms': 50.31, 'f_streamed_ms': 48.98, 'b_streamed_ms': 103.13, 'b_resident_ms': 102.89}
step 2: loss 2.0028 gnorm 2.5388 37.8s 123.6 tok/s copied 394.453 GiB peak 14.255 nvml 22.032 85C {'f_resident_ms': 18.55, 'f_streamed_ms': 18.94, 'b_streamed_ms': 39.33, 'b_resident_ms': 39.03}
step 3: loss 1.9113 gnorm 2.225 39.7s 124.6 tok/s copied 394.453 GiB peak 15.061 nvml 22.075 85C {'f_resident_ms': 19.72, 'f_streamed_ms': 19.97, 'b_streamed_ms': 41.24, 'b_resident_ms': 40.84}
step 4: loss 1.6749 gnorm 2.7758 63.8s 134.8 tok/s copied 394.453 GiB peak 15.307 nvml 22.075 87C {'f_resident_ms': 31.42, 'f_streamed_ms': 31.76, 'b_streamed_ms': 66.52, 'b_resident_ms': 66.27}
step 5: loss 2.028 gnorm 2.7376 47.6s 125.7 tok/s copied 394.453 GiB peak 15.144 nvml 22.074 87C {'f_resident_ms': 23.57, 'f_streamed_ms': 23.9, 'b_streamed_ms': 49.54, 'b_resident_ms': 49.15}
step 6: loss 1.3881 gnorm 1.6793 45.3s 124.9 tok/s copied 394.453 GiB peak 15.403 nvml 22.074 87C {'f_resident_ms': 22.52, 'f_streamed_ms': 22.82, 'b_streamed_ms': 47.12, 'b_resident_ms': 46.82}
done: 6 steps, oom=False, abort=None, full-run estimate 4.64 h
gpu-lab 7309c75, image 805364b33aca
exit 0
