{"records": 1248, "unrenderable": 0, "unrenderable_examples": [], "tokens": 1064148, "assistant_tokens": 87916, "p50": 766, "max_full": 1800, "truncated": 0}
layer 10/80 at 4s, GPU 1.959 GiB
layer 20/80 at 7s, GPU 1.962 GiB
layer 30/80 at 10s, GPU 1.964 GiB
layer 40/80 at 13s, GPU 1.967 GiB
layer 50/80 at 16s, GPU 1.969 GiB
layer 60/80 at 23s, GPU 1.971 GiB
layer 70/80 at 26s, GPU 1.974 GiB
layer 80/80 at 29s, GPU 1.976 GiB
quantized 80 layers in 33.4s; {'W_std': 0.09980439394712448, 'W_absmax': 67.0, 'nf4_rel_err': 0.032287999987602234, 'gptq_zeros_seen': [8]}; {'trainable_params': 159907840, 'dtype': 'torch.float32'}
ready in 35.5s; {'resident_layers': 0, 'streamed_layers': 80, 'layer_GiB': 0.411, 'pinned_GiB': 32.871}; idle {'torch_allocated_GiB': 2.572, 'nvml_used_GiB': 3.871}
step 1: loss 1.8098 gnorm 2.6908 100.5s 142.3 tok/s copied 525.938 GiB peak 7.826 nvml 13.674 84C {'f_streamed_ms': 49.5, 'b_streamed_ms': 103.4}
step 2: loss 2.0028 gnorm 2.5352 38.1s 122.4 tok/s copied 525.938 GiB peak 6.037 nvml 13.803 84C {'f_streamed_ms': 19.08, 'b_streamed_ms': 39.49}
step 3: loss 1.9104 gnorm 2.2386 40.1s 123.5 tok/s copied 525.938 GiB peak 6.843 nvml 13.854 85C {'f_streamed_ms': 20.16, 'b_streamed_ms': 41.37}
step 4: loss 1.6719 gnorm 2.929 63.1s 136.2 tok/s copied 525.938 GiB peak 7.089 nvml 13.854 87C {'f_streamed_ms': 31.47, 'b_streamed_ms': 65.55}
step 5: loss 2.0261 gnorm 2.6497 47.2s 126.9 tok/s copied 525.938 GiB peak 6.926 nvml 13.854 86C {'f_streamed_ms': 23.62, 'b_streamed_ms': 48.81}
step 6: loss 1.388 gnorm 1.7532 45.0s 125.7 tok/s copied 525.938 GiB peak 7.185 nvml 13.854 86C {'f_streamed_ms': 22.59, 'b_streamed_ms': 46.64}
done: 6 steps, oom=False, abort=None, full-run estimate 4.62 h
gpu-lab 7309c75, image 805364b33aca
exit 0
