== phase x-cbench 23:27:20Z (no server)
check: fixed-grid copies equal the plugin's (rows of 1000, 1536, 77952 words; 1, 3, 64 programs)
NVIDIA GeForce RTX 5090 Laptop GPU: 4 layers, cold per layer [3, 5, 11, 36], BLOCK 512 WARPS 16
slots all C= 1 grid   : idle    24.1 us/layer-step; trace    41.1 us, 0.12 misses 0.12 copies/layer-step -> 0.138 ms a copy (40.6 GB/s)
slots all C= 1 few32  : idle     8.6 us/layer-step; trace    25.3 us, 0.12 misses 0.12 copies/layer-step -> 0.136 ms a copy (41.2 GB/s)
slots all C= 1 few82  : idle     8.6 us/layer-step; trace    24.4 us, 0.12 misses 0.12 copies/layer-step -> 0.128 ms a copy (43.8 GB/s)
slots all C= 1 few164 : idle     8.7 us/layer-step; trace    25.3 us, 0.12 misses 0.12 copies/layer-step -> 0.135 ms a copy (41.7 GB/s)
slots all C= 1 few328 : idle     9.7 us/layer-step; trace    26.7 us, 0.12 misses 0.12 copies/layer-step -> 0.138 ms a copy (40.7 GB/s)
slots all C= 4 grid   : idle    75.6 us/layer-step; trace   117.6 us, 0.40 misses 0.40 copies/layer-step -> 0.106 ms a copy (53.1 GB/s)
slots all C= 4 few32  : idle    12.8 us/layer-step; trace    66.9 us, 0.40 misses 0.40 copies/layer-step -> 0.136 ms a copy (41.3 GB/s)
slots all C= 4 few82  : idle    12.8 us/layer-step; trace    63.4 us, 0.40 misses 0.40 copies/layer-step -> 0.127 ms a copy (44.2 GB/s)
slots all C= 4 few164 : idle    13.3 us/layer-step; trace    66.2 us, 0.40 misses 0.40 copies/layer-step -> 0.133 ms a copy (42.3 GB/s)
slots all C= 4 few328 : idle    16.0 us/layer-step; trace    70.2 us, 0.40 misses 0.40 copies/layer-step -> 0.136 ms a copy (41.3 GB/s)
slots all C=16 grid   : idle   283.3 us/layer-step; trace   327.6 us, 0.88 misses 0.88 copies/layer-step -> 0.050 ms a copy (111.6 GB/s)
slots all C=16 few32  : idle    30.0 us/layer-step; trace   149.6 us, 0.88 misses 0.88 copies/layer-step -> 0.136 ms a copy (41.3 GB/s)
slots all C=16 few82  : idle    30.2 us/layer-step; trace   141.8 us, 0.88 misses 0.88 copies/layer-step -> 0.127 ms a copy (44.3 GB/s)
slots all C=16 few164 : idle    31.2 us/layer-step; trace   147.1 us, 0.88 misses 0.88 copies/layer-step -> 0.132 ms a copy (42.7 GB/s)
slots all C=16 few328 : idle    41.5 us/layer-step; trace   156.4 us, 0.88 misses 0.88 copies/layer-step -> 0.131 ms a copy (43.0 GB/s)
slots 64 C= 1 grid   : idle    24.1 us/layer-step; trace    40.0 us, 0.12 misses 0.12 copies/layer-step -> 0.134 ms a copy (41.9 GB/s)
slots 64 C= 1 few32  : idle     8.2 us/layer-step; trace    24.3 us, 0.12 misses 0.12 copies/layer-step -> 0.135 ms a copy (41.4 GB/s)
slots 64 C= 1 few82  : idle     8.2 us/layer-step; trace    23.6 us, 0.12 misses 0.12 copies/layer-step -> 0.129 ms a copy (43.5 GB/s)
slots 64 C= 1 few164 : idle     8.2 us/layer-step; trace    24.3 us, 0.12 misses 0.12 copies/layer-step -> 0.135 ms a copy (41.6 GB/s)
slots 64 C= 1 few328 : idle     9.3 us/layer-step; trace    25.8 us, 0.12 misses 0.12 copies/layer-step -> 0.139 ms a copy (40.4 GB/s)
slots 64 C= 4 grid   : idle    75.2 us/layer-step; trace   113.9 us, 0.37 misses 0.37 copies/layer-step -> 0.104 ms a copy (53.8 GB/s)
slots 64 C= 4 few32  : idle    12.6 us/layer-step; trace    62.9 us, 0.37 misses 0.37 copies/layer-step -> 0.135 ms a copy (41.5 GB/s)
slots 64 C= 4 few82  : idle    12.3 us/layer-step; trace    59.7 us, 0.37 misses 0.37 copies/layer-step -> 0.127 ms a copy (44.0 GB/s)
slots 64 C= 4 few164 : idle    12.8 us/layer-step; trace    62.1 us, 0.37 misses 0.37 copies/layer-step -> 0.133 ms a copy (42.3 GB/s)
slots 64 C= 4 few328 : idle    15.9 us/layer-step; trace    66.0 us, 0.37 misses 0.37 copies/layer-step -> 0.135 ms a copy (41.6 GB/s)
slots 64 C=16 grid   : idle   191.2 us/layer-step; trace   247.4 us, 0.86 misses 0.86 copies/layer-step -> 0.065 ms a copy (85.9 GB/s)
slots 64 C=16 few32  : idle    22.0 us/layer-step; trace   139.0 us, 0.86 misses 0.86 copies/layer-step -> 0.136 ms a copy (41.3 GB/s)
slots 64 C=16 few82  : idle    22.2 us/layer-step; trace   131.3 us, 0.86 misses 0.86 copies/layer-step -> 0.127 ms a copy (44.3 GB/s)
slots 64 C=16 few164 : idle    23.0 us/layer-step; trace   136.5 us, 0.86 misses 0.86 copies/layer-step -> 0.132 ms a copy (42.5 GB/s)
slots 64 C=16 few328 : idle    30.2 us/layer-step; trace   144.1 us, 0.86 misses 0.86 copies/layer-step -> 0.133 ms a copy (42.4 GB/s)
slots 16 C= 1 grid   : idle    23.6 us/layer-step; trace    42.8 us, 0.14 misses 0.14 copies/layer-step -> 0.135 ms a copy (41.7 GB/s)
slots 16 C= 1 few32  : idle     7.7 us/layer-step; trace    27.2 us, 0.14 misses 0.14 copies/layer-step -> 0.136 ms a copy (41.2 GB/s)
slots 16 C= 1 few82  : idle     7.8 us/layer-step; trace    26.5 us, 0.14 misses 0.14 copies/layer-step -> 0.131 ms a copy (42.9 GB/s)
slots 16 C= 1 few164 : idle     8.2 us/layer-step; trace    27.3 us, 0.14 misses 0.14 copies/layer-step -> 0.134 ms a copy (41.9 GB/s)
slots 16 C= 1 few328 : idle     9.2 us/layer-step; trace    28.8 us, 0.14 misses 0.14 copies/layer-step -> 0.137 ms a copy (41.0 GB/s)
slots 16 C= 4 grid   : idle    52.4 us/layer-step; trace    90.5 us, 0.33 misses 0.33 copies/layer-step -> 0.114 ms a copy (49.1 GB/s)
slots 16 C= 4 few32  : idle    10.2 us/layer-step; trace    55.3 us, 0.33 misses 0.33 copies/layer-step -> 0.135 ms a copy (41.5 GB/s)
slots 16 C= 4 few82  : idle    10.2 us/layer-step; trace    53.2 us, 0.33 misses 0.33 copies/layer-step -> 0.129 ms a copy (43.6 GB/s)
slots 16 C= 4 few164 : idle    10.7 us/layer-step; trace    54.9 us, 0.33 misses 0.33 copies/layer-step -> 0.132 ms a copy (42.4 GB/s)
slots 16 C= 4 few328 : idle    12.8 us/layer-step; trace    57.6 us, 0.33 misses 0.33 copies/layer-step -> 0.135 ms a copy (41.7 GB/s)
slots 16 C=16 grid   : idle    52.2 us/layer-step; trace   181.0 us, 1.04 misses 1.04 copies/layer-step -> 0.124 ms a copy (45.1 GB/s)
slots 16 C=16 few32  : idle    10.2 us/layer-step; trace   151.5 us, 1.04 misses 1.04 copies/layer-step -> 0.136 ms a copy (41.2 GB/s)
slots 16 C=16 few82  : idle    10.2 us/layer-step; trace   145.6 us, 1.04 misses 1.04 copies/layer-step -> 0.131 ms a copy (43.0 GB/s)
slots 16 C=16 few164 : idle    10.7 us/layer-step; trace   149.6 us, 1.04 misses 1.04 copies/layer-step -> 0.134 ms a copy (41.9 GB/s)
slots 16 C=16 few328 : idle    12.8 us/layer-step; trace   153.5 us, 1.04 misses 1.04 copies/layer-step -> 0.136 ms a copy (41.3 GB/s)
overlap (ms; k = misses):
  k= 1 grid    copy   0.086 ms ( 29.0 GB/s); elementwise  0.345 + copy ->  0.423 (sum  0.431, max  0.345); matmul  1.358 + copy ->  1.483 (sum  1.444, max  1.358)
  k= 1 few32   copy   0.023 ms (110.8 GB/s); elementwise  0.343 + copy ->  0.351 (sum  0.366, max  0.343); matmul  1.379 + copy ->  1.425 (sum  1.402, max  1.379)
  k= 1 few82   copy   0.019 ms (132.9 GB/s); elementwise  0.344 + copy ->  0.360 (sum  0.363, max  0.344); matmul  1.477 + copy ->  1.420 (sum  1.496, max  1.477)
  k= 1 few164  copy   0.017 ms (143.3 GB/s); elementwise  0.343 + copy ->  0.356 (sum  0.361, max  0.343); matmul  1.459 + copy ->  1.424 (sum  1.477, max  1.459)
  k= 1 few328  copy   0.017 ms (143.2 GB/s); elementwise  0.344 + copy ->  0.354 (sum  0.361, max  0.344); matmul  1.431 + copy ->  1.433 (sum  1.448, max  1.431)
  k= 4 grid    copy   0.215 ms ( 46.5 GB/s); elementwise  0.344 + copy ->  0.541 (sum  0.559, max  0.344); matmul  1.408 + copy ->  1.634 (sum  1.622, max  1.408)
  k= 4 few32   copy   0.223 ms ( 44.7 GB/s); elementwise  0.344 + copy ->  0.370 (sum  0.567, max  0.344); matmul  1.370 + copy ->  1.514 (sum  1.593, max  1.370)
  k= 4 few82   copy   0.211 ms ( 47.3 GB/s); elementwise  0.344 + copy ->  0.543 (sum  0.555, max  0.344); matmul  1.401 + copy ->  1.587 (sum  1.612, max  1.401)
  k= 4 few164  copy   0.214 ms ( 46.7 GB/s); elementwise  0.343 + copy ->  0.491 (sum  0.557, max  0.343); matmul  1.373 + copy ->  1.613 (sum  1.586, max  1.373)
  k= 4 few328  copy   0.217 ms ( 45.9 GB/s); elementwise  0.343 + copy ->  0.530 (sum  0.560, max  0.343); matmul  1.386 + copy ->  1.640 (sum  1.603, max  1.386)
  k=16 grid    copy   1.022 ms ( 39.1 GB/s); elementwise  0.344 + copy ->  1.355 (sum  1.366, max  1.022); matmul  1.372 + copy ->  2.592 (sum  2.394, max  1.372)
  k=16 few32   copy   1.042 ms ( 38.3 GB/s); elementwise  0.344 + copy ->  1.295 (sum  1.386, max  1.042); matmul  1.360 + copy ->  2.401 (sum  2.403, max  1.360)
  k=16 few82   copy   1.036 ms ( 38.5 GB/s); elementwise  0.344 + copy ->  1.387 (sum  1.380, max  1.036); matmul  1.361 + copy ->  2.442 (sum  2.397, max  1.361)
  k=16 few164  copy   1.180 ms ( 33.8 GB/s); elementwise  0.344 + copy ->  1.688 (sum  1.524, max  1.180); matmul  1.360 + copy ->  2.485 (sum  2.540, max  1.360)
  k=16 few328  copy   1.178 ms ( 33.9 GB/s); elementwise  0.343 + copy ->  1.345 (sum  1.521, max  1.178); matmul  1.360 + copy ->  2.468 (sum  2.538, max  1.360)
== phase p13-base-a8l 23:27:38Z maxlen 131072 work: agent
ready in 95s; Model loading took 17.88 GiB;Available KV cache memory: 1.69 GiB;GPU KV cache size: 462,028 tokens;
  mem: Maximum concurrency for 131,072 tokens per request: 3.52x;Actual usage is 18.7 GiB for consumed memory (weights + non-torch), 1.13 GiB for peak activation, and 0.09 GiB for CUDAGraph;
  host RAM used: +4137 MiB, 54831 MiB available
  bench: exit 0, 2463s
  agent x8 to 126976: 224 turns, 0 errors, wall 2461s, decode median 5.1 tok/s, late TTFT median 68.35s, preemptions 80, prefix hits/queries 496944/14995456, external hits 0
  max running/waiting: Running: 8 reqs, Waiting: 0 reqs
== phase p13-kvoff8-a8l 00:10:17Z maxlen 131072 work: agent
ready in 101s; Model loading took 17.88 GiB;Available KV cache memory: 1.69 GiB;GPU KV cache size: 462,028 tokens;
  mem: Maximum concurrency for 131,072 tokens per request: 3.52x;Actual usage is 18.7 GiB for consumed memory (weights + non-torch), 1.13 GiB for peak activation, and 0.09 GiB for CUDAGraph;
  host RAM used: +12713 MiB, 46297 MiB available
  bench: exit 0, 376s
  agent x8 to 126976: 224 turns, 0 errors, wall 374s, decode median 33.1 tok/s, late TTFT median 9.19s, preemptions 0, prefix hits/queries 329904/14995456, external hits 13233744
  max running/waiting: Running: 8 reqs, Waiting: 0 reqs
== phase p13-ks-cache4-a8l 00:18:15Z maxlen 131072 work: agent ks: KSTAGE=cache KSTAGE_COLD_GB=4 KSTAGE_PROFILE=/prof/p7-all.json KSTAGE_STATS=30 KSTAGE_SLOTS=all
ready in 105s; Model loading took 2.34 GiB;Available KV cache memory: 5.71 GiB;GPU KV cache size: 1,566,310 tokens;
  mem: Maximum concurrency for 131,072 tokens per request: 11.95x;Actual usage is 14.67 GiB for consumed memory (weights + non-torch), 1.14 GiB for peak activation, and 0.1 GiB for CUDAGraph;
  kstage: cache: 23 layers, 765 experts cold (33.3 a layer), 15.38 GiB host pages, 11.48 GiB device, policy global, profile /prof/p7-all.json (all); slots all: pinned/slots per layer ['0/125', '0/123', '0/117', '0/92', '0/86', '0/86', '0/91', '0/88', '0/82', '0/103', '0/79', '0/91', '0/96', '0/100', '0/92', '0/92', '0/87', '0/81', '0/89', '0/96', '0/93', '0/89', '0/101']; evict lru; frozen from never tokens
  kstage: cache: 391 layer-steps, 2.11 misses and 0.99 copies a layer-step (825 / 386)
  kstage: installed in 1.2s; device memory free 8.84 GiB
  kstage: registered, mode cache
  host RAM used: +20224 MiB, 38631 MiB available
  bench: exit 0, 591s
  agent x8 to 126976: 224 turns, 0 errors, wall 589s, decode median 14.3 tok/s, late TTFT median 3.50s, preemptions 0, prefix hits/queries 13563648/14995456, external hits 0
  max running/waiting: Running: 8 reqs, Waiting: 0 reqs
== phase p13-ks-cache4-kvoff8-a8l 00:29:53Z maxlen 131072 work: agent ks: KSTAGE=cache KSTAGE_COLD_GB=4 KSTAGE_PROFILE=/prof/p7-all.json KSTAGE_STATS=30 KSTAGE_SLOTS=all
ready in 105s; Model loading took 2.34 GiB;Available KV cache memory: 5.72 GiB;GPU KV cache size: 1,566,310 tokens;
  mem: Maximum concurrency for 131,072 tokens per request: 11.95x;Actual usage is 14.67 GiB for consumed memory (weights + non-torch), 1.14 GiB for peak activation, and 0.1 GiB for CUDAGraph;
  kstage: cache: 23 layers, 765 experts cold (33.3 a layer), 15.38 GiB host pages, 11.48 GiB device, policy global, profile /prof/p7-all.json (all); slots all: pinned/slots per layer ['0/125', '0/123', '0/117', '0/92', '0/86', '0/86', '0/91', '0/88', '0/82', '0/103', '0/79', '0/91', '0/96', '0/100', '0/92', '0/92', '0/87', '0/81', '0/89', '0/96', '0/93', '0/89', '0/101']; evict lru; frozen from never tokens
  kstage: cache: 391 layer-steps, 2.11 misses and 0.98 copies a layer-step (824 / 385)
  kstage: installed in 1.5s; device memory free 8.87 GiB
  kstage: registered, mode cache
  host RAM used: +28641 MiB, 30221 MiB available
  bench: exit 0, 581s
  agent x8 to 126976: 224 turns, 0 errors, wall 579s, decode median 14.6 tok/s, late TTFT median 3.44s, preemptions 0, prefix hits/queries 13563648/14995456, external hits 0
  max running/waiting: Running: 8 reqs, Waiting: 0 reqs
== phase p13-ks-cache4-a8l-cb 00:41:20Z maxlen 131072 work: agent ks: KSTAGE=cache KSTAGE_COLD_GB=4 KSTAGE_PROFILE=/prof/p7-all.json KSTAGE_STATS=30 KSTAGE_SLOTS=all KSTAGE_COPY=82
ready in 105s; Model loading took 2.34 GiB;Available KV cache memory: 5.71 GiB;GPU KV cache size: 1,566,310 tokens;
  mem: Maximum concurrency for 131,072 tokens per request: 11.95x;Actual usage is 14.67 GiB for consumed memory (weights + non-torch), 1.14 GiB for peak activation, and 0.1 GiB for CUDAGraph;
  kstage: cache: 23 layers, 765 experts cold (33.3 a layer), 15.38 GiB host pages, 11.48 GiB device, policy global, profile /prof/p7-all.json (all); slots all: pinned/slots per layer ['0/125', '0/123', '0/117', '0/92', '0/86', '0/86', '0/91', '0/88', '0/82', '0/103', '0/79', '0/91', '0/96', '0/100', '0/92', '0/92', '0/87', '0/81', '0/89', '0/96', '0/93', '0/89', '0/101']; evict lru; frozen from never tokens
  kstage: cache: 391 layer-steps, 2.11 misses and 0.99 copies a layer-step (825 / 386)
  kstage: installed in 1.2s; device memory free 8.92 GiB
  kstage: registered, mode cache
  host RAM used: +20245 MiB, 38721 MiB available
  bench: exit 0, 565s
  agent x8 to 126976: 224 turns, 0 errors, wall 562s, decode median 15.2 tok/s, late TTFT median 3.44s, preemptions 0, prefix hits/queries 13563648/14995456, external hits 0
  max running/waiting: Running: 8 reqs, Waiting: 0 reqs
== phase p13-ks-cache4-all-cb 00:52:31Z maxlen 131072 work: decode prefill ks: KSTAGE=cache KSTAGE_COLD_GB=4 KSTAGE_PROFILE=/prof/p7-all.json KSTAGE_STATS=30 KSTAGE_SLOTS=all KSTAGE_COPY=82
ready in 105s; Model loading took 2.34 GiB;Available KV cache memory: 5.71 GiB;GPU KV cache size: 1,566,310 tokens;
  mem: Maximum concurrency for 131,072 tokens per request: 11.95x;Actual usage is 14.67 GiB for consumed memory (weights + non-torch), 1.14 GiB for peak activation, and 0.1 GiB for CUDAGraph;
  kstage: cache: 23 layers, 765 experts cold (33.3 a layer), 15.38 GiB host pages, 11.48 GiB device, policy global, profile /prof/p7-all.json (all); slots all: pinned/slots per layer ['0/125', '0/123', '0/117', '0/92', '0/86', '0/86', '0/91', '0/88', '0/82', '0/103', '0/79', '0/91', '0/96', '0/100', '0/92', '0/92', '0/87', '0/81', '0/89', '0/96', '0/93', '0/89', '0/101']; evict lru; frozen from never tokens
  kstage: cache: 391 layer-steps, 2.10 misses and 0.98 copies a layer-step (822 / 382)
  kstage: installed in 1.6s; device memory free 8.92 GiB
  kstage: registered, mode cache
  host RAM used: +20364 MiB, 38625 MiB available
  bench: exit 0, 59s
  decode c=1: per-stream median 173.9 tok/s, aggregate 174.6 tok/s, 1/1 ok
  decode c=4: per-stream median 72.7 tok/s, aggregate 258.9 tok/s, 4/4 ok
  decode c=16: per-stream median 23.2 tok/s, aggregate 314.4 tok/s, 16/16 ok
  prefill 8192: cold 1.81s (4521 tok/s), warm 0.82s, cached 4176 []
  prefill 32768: cold 7.43s (4412 tok/s), warm 0.89s, cached 29232 []
  prefill 98304: cold 25.26s (3892 tok/s), warm 0.69s, cached 96048 []
  max running/waiting: Running: 16 reqs, Waiting: 0 reqs
== phase p13-ks-cache4-s64-cb 00:55:16Z maxlen 131072 work: decode prefill ks: KSTAGE=cache KSTAGE_COLD_GB=4 KSTAGE_PROFILE=/prof/p7-all.json KSTAGE_STATS=30 KSTAGE_SLOTS=64 KSTAGE_COPY=82
ready in 100s; Model loading took 2.34 GiB;Available KV cache memory: 5.72 GiB;GPU KV cache size: 1,569,587 tokens;
  mem: Maximum concurrency for 131,072 tokens per request: 11.97x;Actual usage is 14.67 GiB for consumed memory (weights + non-torch), 1.14 GiB for peak activation, and 0.1 GiB for CUDAGraph;
  kstage: cache: 23 layers, 765 experts cold (33.3 a layer), 11.70 GiB host pages, 11.48 GiB device, policy global, profile /prof/p7-all.json (all); slots 64: pinned/slots per layer ['61/64', '59/64', '53/64', '28/64', '22/64', '22/64', '27/64', '24/64', '18/64', '39/64', '15/64', '27/64', '32/64', '36/64', '28/64', '28/64', '23/64', '17/64', '25/64', '32/64', '29/64', '25/64', '37/64']; evict lru; frozen from never tokens
  kstage: cache: 391 layer-steps, 2.09 misses and 0.89 copies a layer-step (816 / 349)
  kstage: installed in 0.9s; device memory free 8.93 GiB
  kstage: registered, mode cache
  host RAM used: +16521 MiB, 42438 MiB available
  bench: exit 0, 58s
  decode c=1: per-stream median 173.5 tok/s, aggregate 174.1 tok/s, 1/1 ok
  decode c=4: per-stream median 72.0 tok/s, aggregate 223.7 tok/s, 4/4 ok
  decode c=16: per-stream median 23.8 tok/s, aggregate 320.1 tok/s, 16/16 ok
  prefill 8192: cold 1.65s (4950 tok/s), warm 0.79s, cached 4176 []
  prefill 32768: cold 7.18s (4563 tok/s), warm 0.85s, cached 29232 []
  prefill 98304: cold 25.04s (3927 tok/s), warm 0.75s, cached 96048 []
  max running/waiting: Running: 16 reqs, Waiting: 0 reqs
== done 00:57:56Z
profile: performance
