== phase p14-kvoff16-a16l 03:27:32Z maxlen 131072 work: agent
ready in 100s; Model loading took 17.88 GiB;Available KV cache memory: 1.69 GiB;GPU KV cache size: 462,028 tokens;
  mem: Maximum concurrency for 131,072 tokens per request: 3.52x;Actual usage is 18.7 GiB for consumed memory (weights + non-torch), 1.13 GiB for peak activation, and 0.09 GiB for CUDAGraph;
  host RAM used: +20592 MiB, 37948 MiB available
  bench: exit 0, 748s
  agent x16 to 126976: 448 turns, 0 errors, wall 744s, decode median 28.3 tok/s, late TTFT median 24.98s, preemptions 0, prefix hits/queries 0/29990912, external hits 27127296
  max running/waiting: Running: 16 reqs, Waiting: 0 reqs
== phase p14-ks-cache4-a16l-cb 03:41:41Z maxlen 131072 work: agent ks: KSTAGE=cache KSTAGE_COLD_GB=4 KSTAGE_PROFILE=/prof/p7-all.json KSTAGE_STATS=30 KSTAGE_SLOTS=all KSTAGE_COPY=82
ready in 106s; Model loading took 2.34 GiB;Available KV cache memory: 5.71 GiB;GPU KV cache size: 1,566,310 tokens;
  mem: Maximum concurrency for 131,072 tokens per request: 11.95x;Actual usage is 14.67 GiB for consumed memory (weights + non-torch), 1.14 GiB for peak activation, and 0.1 GiB for CUDAGraph;
  kstage: cache: 23 layers, 765 experts cold (33.3 a layer), 15.38 GiB host pages, 11.48 GiB device, policy global, profile /prof/p7-all.json (all); slots all: pinned/slots per layer ['0/125', '0/123', '0/117', '0/92', '0/86', '0/86', '0/91', '0/88', '0/82', '0/103', '0/79', '0/91', '0/96', '0/100', '0/92', '0/92', '0/87', '0/81', '0/89', '0/96', '0/93', '0/89', '0/101']; evict lru; frozen from never tokens
  kstage: cache: 391 layer-steps, 2.11 misses and 0.99 copies a layer-step (825 / 386)
  kstage: installed in 1.7s; device memory free 8.92 GiB
  kstage: registered, mode cache
  host RAM used: +20246 MiB, 38379 MiB available
  bench: exit 0, 5819s
  agent x16 to 126976: 448 turns, 0 errors, wall 5816s, decode median 6.6 tok/s, late TTFT median 263.21s, preemptions 0, prefix hits/queries 9734256/29990912, external hits 0
  max running/waiting: Running: 16 reqs, Waiting: 0 reqs
== phase p14-ks-cache4-kvoff16-a16l-cb 05:20:27Z maxlen 131072 work: agent ks: KSTAGE=cache KSTAGE_COLD_GB=4 KSTAGE_PROFILE=/prof/p7-all.json KSTAGE_STATS=30 KSTAGE_SLOTS=all KSTAGE_COPY=82
ready in 106s; Model loading took 2.34 GiB;Available KV cache memory: 5.71 GiB;GPU KV cache size: 1,566,310 tokens;
  mem: Maximum concurrency for 131,072 tokens per request: 11.95x;Actual usage is 14.67 GiB for consumed memory (weights + non-torch), 1.14 GiB for peak activation, and 0.1 GiB for CUDAGraph;
  kstage: cache: 23 layers, 765 experts cold (33.3 a layer), 15.38 GiB host pages, 11.48 GiB device, policy global, profile /prof/p7-all.json (all); slots all: pinned/slots per layer ['0/125', '0/123', '0/117', '0/92', '0/86', '0/86', '0/91', '0/88', '0/82', '0/103', '0/79', '0/91', '0/96', '0/100', '0/92', '0/92', '0/87', '0/81', '0/89', '0/96', '0/93', '0/89', '0/101']; evict lru; frozen from never tokens
  kstage: cache: 391 layer-steps, 2.11 misses and 0.98 copies a layer-step (824 / 385)
  kstage: installed in 1.3s; device memory free 8.92 GiB
  kstage: registered, mode cache
  host RAM used: +36641 MiB, 22392 MiB available
  bench: exit 0, 1180s
  agent x16 to 126976: 448 turns, 0 errors, wall 1177s, decode median 7.2 tok/s, late TTFT median 7.09s, preemptions 12, prefix hits/queries 9095328/29990912, external hits 18031968
  max running/waiting: Running: 16 reqs, Waiting: 0 reqs
== done 05:41:54Z
profile: performance
