== phase p17-ks-dma64-b1-miss 08:50:46Z maxlen 131072 work: decode ks: KSTAGE=cache KSTAGE_COLD_GB=4 KSTAGE_PROFILE=/prof/p7-all.json KSTAGE_STATS=1 KSTAGE_SLOTS=all KSTAGE_DMA_M=64 KSTAGE_DMA_BUF=1
ready in 106s; Model loading took 2.34 GiB;Available KV cache memory: 5.44 GiB;GPU KV cache size: 1,490,944 tokens;
  mem: Maximum concurrency for 131,072 tokens per request: 11.38x;Actual usage is 14.94 GiB for consumed memory (weights + non-torch), 1.14 GiB for peak activation, and 0.1 GiB for CUDAGraph;
  kstage: cache: 1012 layer-steps, 0.45 misses and 0.45 copies a layer-step (459 / 459)
  kstage: cache: 184 layer-steps, 1.45 misses and 1.45 copies a layer-step (266 / 266)
  kstage: cache: 196 layer-steps, 1.36 misses and 1.36 copies a layer-step (266 / 266)
  kstage: cache: 19 layer-steps, 4.26 misses and 4.26 copies a layer-step (81 / 81)
  kstage: cache: 1 layer-steps, 1.00 misses and 1.00 copies a layer-step (1 / 1)
  kstage: cache: 203 layer-steps, 1.31 misses and 1.31 copies a layer-step (266 / 266)
  kstage: cache: 23 layers, 765 experts cold (33.3 a layer), 15.38 GiB host pages, 11.48 GiB device, policy global, profile /prof/p7-all.json (all); slots all: pinned/slots per layer ['0/125', '0/123', '0/117', '0/92', '0/86', '0/86', '0/91', '0/88', '0/82', '0/103', '0/79', '0/91', '0/96', '0/100', '0/92', '0/92', '0/87', '0/81', '0/89', '0/96', '0/93', '0/89', '0/101']; evict lru; frozen from never tokens; DMA from 64 tokens: 49 staging rows, 1 buffers, 0.27 GiB
  kstage: cache: 25 layer-steps, 3.76 misses and 3.76 copies a layer-step (94 / 94)
  kstage: cache: 299 layer-steps, 0.89 misses and 0.89 copies a layer-step (266 / 266)
  kstage: cache: 330 layer-steps, 0.81 misses and 0.81 copies a layer-step (266 / 266)
  kstage: cache: 368 layer-steps, 0.72 misses and 0.72 copies a layer-step (266 / 266)
  kstage: cache: 48 layer-steps, 2.83 misses and 2.83 copies a layer-step (136 / 136)
  kstage: cache: 632 layer-steps, 0.50 misses and 0.50 copies a layer-step (313 / 313)
  kstage: cache: 71 layer-steps, 3.68 misses and 3.68 copies a layer-step (261 / 261)
  kstage: cache: 920 layer-steps, 0.34 misses and 0.34 copies a layer-step (313 / 313)
  kstage: cache: 943 layer-steps, 0.39 misses and 0.39 copies a layer-step (372 / 372)
  kstage: installed in 1.4s; device memory free 8.66 GiB
  kstage: registered, mode cache
  host RAM used: +20388 MiB, 38530 MiB available
  bench: exit 0, 20s
  decode c=1: per-stream median 168.8 tok/s, aggregate 169.5 tok/s, 1/1 ok
  decode c=4: per-stream median 68.4 tok/s, aggregate 235.2 tok/s, 4/4 ok
  decode c=16: per-stream median 23.9 tok/s, aggregate 348.3 tok/s, 16/16 ok
  max running/waiting: Running: 16 reqs, Waiting: 0 reqs
== done 08:52:53Z
profile: performance
