== phase p18-ks-dma64-b1-ahead 08:52:53Z maxlen 131072 work: decode ks: KSTAGE=cache KSTAGE_COLD_GB=4 KSTAGE_PROFILE=/prof/p7-all.json KSTAGE_STATS=1 KSTAGE_SLOTS=all KSTAGE_DMA_M=64 KSTAGE_DMA_BUF=1 KSTAGE_AHEAD=1
container exited before ready (141s)
== done 08:55:14Z
profile: performance
== p18-ks-dma64-b1-ahead exit 0
== phase p18-ks-dma64-b1-ahead 09:02:22Z maxlen 131072 work: decode ks: KSTAGE=cache KSTAGE_COLD_GB=4 KSTAGE_PROFILE=/prof/p7-all.json KSTAGE_STATS=1 KSTAGE_SLOTS=all KSTAGE_DMA_M=64 KSTAGE_DMA_BUF=1 KSTAGE_AHEAD=1
container exited before ready (141s)
== done 09:04:43Z
profile: performance
== p18-ks-dma64-b1-ahead exit 0
first arm not ready: stop
=== chain 2026-10-06T14:01:09Z: helper on its own context (CE_OWNCTX=1)
== phase p18-ks-dma64-b1-ahead 14:01:09Z maxlen 131072 work: decode ks: KSTAGE=cache KSTAGE_COLD_GB=4 KSTAGE_PROFILE=/prof/p7-all.json KSTAGE_STATS=1 KSTAGE_SLOTS=all KSTAGE_DMA_M=64 KSTAGE_DMA_BUF=1 KSTAGE_AHEAD=1
ready in 110s; Model loading took 2.37 GiB;Available KV cache memory: 5.15 GiB;GPU KV cache size: 1,412,300 tokens;
  mem: Maximum concurrency for 131,072 tokens per request: 10.78x;Actual usage is 15.22 GiB for consumed memory (weights + non-torch), 1.15 GiB for peak activation, and 0.1 GiB for CUDAGraph;
  kstage: cache: 1012 layer-steps, 0.37 misses and 0.37 copies a layer-step (379 / 379)
  kstage: cache: 115 layer-steps, 2.30 misses and 2.30 copies a layer-step (265 / 265)
  kstage: cache: 12 layer-steps, 6.00 misses and 6.00 copies a layer-step (72 / 72)
  kstage: cache: 185 layer-steps, 1.43 misses and 1.43 copies a layer-step (265 / 265)
  kstage: cache: 203 layer-steps, 1.31 misses and 1.31 copies a layer-step (265 / 265)
  kstage: cache: 207 layer-steps, 1.28 misses and 1.28 copies a layer-step (265 / 265)
  kstage: cache: 230 layer-steps, 1.15 misses and 1.15 copies a layer-step (265 / 265)
  kstage: cache: 23 layers, 765 experts cold (33.3 a layer), 15.38 GiB host pages, 11.48 GiB device, policy global, profile /prof/p7-all.json (all); slots all: pinned/slots per layer ['0/125', '0/123', '0/117', '0/92', '0/86', '0/86', '0/91', '0/88', '0/82', '0/103', '0/79', '0/91', '0/96', '0/100', '0/92', '0/92', '0/87', '0/81', '0/89', '0/96', '0/93', '0/89', '0/101']; evict lru; frozen from never tokens; DMA from 64 tokens: 49 staging rows, 1 buffers, 0.27 GiB; ahead below 64 tokens, top 6, 4 tensors on the copy engine
  kstage: cache: 23 layer-steps, 3.96 misses and 3.96 copies a layer-step (91 / 91)
  kstage: cache: 25 layer-steps, 3.76 misses and 3.76 copies a layer-step (94 / 94)
  kstage: cache: 299 layer-steps, 0.89 misses and 0.89 copies a layer-step (265 / 265)
  kstage: cache: 368 layer-steps, 0.72 misses and 0.72 copies a layer-step (265 / 265)
  kstage: cache: 48 layer-steps, 2.81 misses and 2.81 copies a layer-step (135 / 135)
  kstage: cache: 607 layer-steps, 0.51 misses and 0.51 copies a layer-step (312 / 312)
  kstage: cache: 69 layer-steps, 3.77 misses and 3.77 copies a layer-step (260 / 260)
  kstage: cache: 887 layer-steps, 0.35 misses and 0.35 copies a layer-step (312 / 312)
  kstage: cache: 943 layer-steps, 0.36 misses and 0.36 copies a layer-step (340 / 340)
  kstage: installed in 1.6s; device memory free 8.32 GiB
  kstage: registered, mode cache
  host RAM used: +20413 MiB, 38185 MiB available
  bench: exit 0, 21s
  decode c=1: per-stream median 150.7 tok/s, aggregate 151.3 tok/s, 1/1 ok
  decode c=4: per-stream median 67.4 tok/s, aggregate 232.1 tok/s, 4/4 ok
  decode c=16: per-stream median 22.0 tok/s, aggregate 323.8 tok/s, 16/16 ok
  max running/waiting: Running: 16 reqs, Waiting: 0 reqs
== done 14:03:22Z
profile: performance
== p18-ks-dma64-b1-ahead exit 0
first arm not ready: stop
=== chain 2026-10-06T14:03:41Z: rest of p18 (the first-arm check was wrong: tail -12)
== phase p18-ks-dma64-b1-ahead-eval 14:03:41Z ks: KSTAGE=cache KSTAGE_COLD_GB=4 KSTAGE_PROFILE=/prof/p7-all.json KSTAGE_STATS=30 KSTAGE_SLOTS=all KSTAGE_DMA_M=64 KSTAGE_DMA_BUF=1 KSTAGE_AHEAD=1
ready in 115s; Model loading took 2.37 GiB;Available KV cache memory: 5.15 GiB;GPU KV cache size: 588,458 tokens;
  mem: Maximum concurrency for 16,384 tokens per request: 35.92x;Actual usage is 15.22 GiB for consumed memory (weights + non-torch), 1.15 GiB for peak activation, and 0.1 GiB for CUDAGraph;
  kstage: cache: 161 layer-steps, 1.65 misses and 1.65 copies a layer-step (265 / 265)
  kstage: cache: 23 layers, 765 experts cold (33.3 a layer), 15.38 GiB host pages, 11.48 GiB device, policy global, profile /prof/p7-all.json (all); slots all: pinned/slots per layer ['0/125', '0/123', '0/117', '0/92', '0/86', '0/86', '0/91', '0/88', '0/82', '0/103', '0/79', '0/91', '0/96', '0/100', '0/92', '0/92', '0/87', '0/81', '0/89', '0/96', '0/93', '0/89', '0/101']; evict lru; frozen from never tokens; DMA from 64 tokens: 49 staging rows, 1 buffers, 0.27 GiB; ahead below 64 tokens, top 6, 4 tensors on the copy engine
  kstage: installed in 1.8s; device memory free 8.32 GiB
  kstage: registered, mode cache
  host RAM used: +20242 MiB, 38277 MiB available
  v1-g6q-p18-ks-dma64-b1-ahead-eval: exit 0, 55s
  v2-g6q-p18-ks-dma64-b1-ahead-eval: exit 0, 50s
  alert-g6q-p18-ks-dma64-b1-ahead-eval: exit 0, 7s
  trap3-g6q-p18-ks-dma64-b1-ahead-eval: exit 0, 4s
  max running/waiting: Running: 16 reqs, Waiting: 0 reqs
== done 14:07:34Z
profile: performance
== p18-ks-dma64-b1-ahead-eval exit 0
== phase p18-ks-dma64-b1-ahead-k10 14:07:34Z maxlen 131072 work: decode ks: KSTAGE=cache KSTAGE_COLD_GB=4 KSTAGE_PROFILE=/prof/p7-all.json KSTAGE_STATS=1 KSTAGE_SLOTS=all KSTAGE_DMA_M=64 KSTAGE_DMA_BUF=1 KSTAGE_AHEAD=1 KSTAGE_AHEAD_K=10
ready in 116s; Model loading took 2.37 GiB;Available KV cache memory: 5.15 GiB;GPU KV cache size: 1,412,300 tokens;
  mem: Maximum concurrency for 131,072 tokens per request: 10.78x;Actual usage is 15.22 GiB for consumed memory (weights + non-torch), 1.15 GiB for peak activation, and 0.1 GiB for CUDAGraph;
  kstage: cache: 1012 layer-steps, 0.35 misses and 0.35 copies a layer-step (352 / 352)
  kstage: cache: 184 layer-steps, 1.44 misses and 1.44 copies a layer-step (265 / 265)
  kstage: cache: 196 layer-steps, 1.35 misses and 1.35 copies a layer-step (265 / 265)
  kstage: cache: 19 layer-steps, 4.26 misses and 4.26 copies a layer-step (81 / 81)
  kstage: cache: 1 layer-steps, 1.00 misses and 1.00 copies a layer-step (1 / 1)
  kstage: cache: 203 layer-steps, 1.31 misses and 1.31 copies a layer-step (265 / 265)
  kstage: cache: 207 layer-steps, 1.28 misses and 1.28 copies a layer-step (265 / 265)
  kstage: cache: 23 layers, 765 experts cold (33.3 a layer), 15.38 GiB host pages, 11.48 GiB device, policy global, profile /prof/p7-all.json (all); slots all: pinned/slots per layer ['0/125', '0/123', '0/117', '0/92', '0/86', '0/86', '0/91', '0/88', '0/82', '0/103', '0/79', '0/91', '0/96', '0/100', '0/92', '0/92', '0/87', '0/81', '0/89', '0/96', '0/93', '0/89', '0/101']; evict lru; frozen from never tokens; DMA from 64 tokens: 49 staging rows, 1 buffers, 0.27 GiB; ahead below 64 tokens, top 10, 4 tensors on the copy engine
  kstage: cache: 23 layer-steps, 3.96 misses and 3.96 copies a layer-step (91 / 91)
  kstage: cache: 276 layer-steps, 0.96 misses and 0.96 copies a layer-step (265 / 265)
  kstage: cache: 299 layer-steps, 0.89 misses and 0.89 copies a layer-step (265 / 265)
  kstage: cache: 368 layer-steps, 0.72 misses and 0.72 copies a layer-step (265 / 265)
  kstage: cache: 422 layer-steps, 0.72 misses and 0.72 copies a layer-step (302 / 302)
  kstage: cache: 48 layer-steps, 2.81 misses and 2.81 copies a layer-step (135 / 135)
  kstage: cache: 667 layer-steps, 0.47 misses and 0.47 copies a layer-step (312 / 312)
  kstage: cache: 71 layer-steps, 3.66 misses and 3.66 copies a layer-step (260 / 260)
  kstage: cache: 920 layer-steps, 0.34 misses and 0.34 copies a layer-step (312 / 312)
  kstage: cache: 943 layer-steps, 0.35 misses and 0.35 copies a layer-step (328 / 328)
  kstage: installed in 1.6s; device memory free 8.32 GiB
  kstage: registered, mode cache
  host RAM used: +20164 MiB, 38419 MiB available
  bench: exit 0, 24s
  decode c=1: per-stream median 142.8 tok/s, aggregate 143.4 tok/s, 1/1 ok
  decode c=4: per-stream median 57.9 tok/s, aggregate 202.8 tok/s, 4/4 ok
  decode c=16: per-stream median 18.3 tok/s, aggregate 272.0 tok/s, 16/16 ok
  max running/waiting: Running: 16 reqs, Waiting: 0 reqs
== done 14:09:55Z
profile: performance
== p18-ks-dma64-b1-ahead-k10 exit 0
== phase p18-ks-dma64-b1-a8l 14:09:55Z maxlen 131072 work: agent ks: KSTAGE=cache KSTAGE_COLD_GB=4 KSTAGE_PROFILE=/prof/p7-all.json KSTAGE_STATS=30 KSTAGE_SLOTS=all KSTAGE_DMA_M=64 KSTAGE_DMA_BUF=1
ready in 105s; Model loading took 2.34 GiB;Available KV cache memory: 5.44 GiB;GPU KV cache size: 1,490,944 tokens;
  mem: Maximum concurrency for 131,072 tokens per request: 11.38x;Actual usage is 14.94 GiB for consumed memory (weights + non-torch), 1.14 GiB for peak activation, and 0.1 GiB for CUDAGraph;
  kstage: cache: 23 layers, 765 experts cold (33.3 a layer), 15.38 GiB host pages, 11.48 GiB device, policy global, profile /prof/p7-all.json (all); slots all: pinned/slots per layer ['0/125', '0/123', '0/117', '0/92', '0/86', '0/86', '0/91', '0/88', '0/82', '0/103', '0/79', '0/91', '0/96', '0/100', '0/92', '0/92', '0/87', '0/81', '0/89', '0/96', '0/93', '0/89', '0/101']; evict lru; frozen from never tokens; DMA from 64 tokens: 49 staging rows, 1 buffers, 0.27 GiB
  kstage: cache: 368 layer-steps, 0.72 misses and 0.72 copies a layer-step (265 / 265)
  kstage: installed in 1.4s; device memory free 8.62 GiB
  kstage: registered, mode cache
  host RAM used: +20257 MiB, 38359 MiB available
  bench: exit 0, 460s
  agent x8 to 126976: 224 turns, 0 errors, wall 458s, decode median 17.9 tok/s, late TTFT median 2.57s, preemptions 0, prefix hits/queries 13563648/14995456, external hits 0
  max running/waiting: Running: 8 reqs, Waiting: 0 reqs
== done 14:19:22Z
profile: performance
== p18-ks-dma64-b1-a8l exit 0
== phase p18-ks-dma64-b1-ahead-a8l 14:19:22Z maxlen 131072 work: agent ks: KSTAGE=cache KSTAGE_COLD_GB=4 KSTAGE_PROFILE=/prof/p7-all.json KSTAGE_STATS=30 KSTAGE_SLOTS=all KSTAGE_DMA_M=64 KSTAGE_DMA_BUF=1 KSTAGE_AHEAD=1
ready in 110s; Model loading took 2.37 GiB;Available KV cache memory: 5.15 GiB;GPU KV cache size: 1,412,300 tokens;
  mem: Maximum concurrency for 131,072 tokens per request: 10.78x;Actual usage is 15.22 GiB for consumed memory (weights + non-torch), 1.15 GiB for peak activation, and 0.1 GiB for CUDAGraph;
  kstage: cache: 185 layer-steps, 1.43 misses and 1.43 copies a layer-step (265 / 265)
  kstage: cache: 23 layers, 765 experts cold (33.3 a layer), 15.38 GiB host pages, 11.48 GiB device, policy global, profile /prof/p7-all.json (all); slots all: pinned/slots per layer ['0/125', '0/123', '0/117', '0/92', '0/86', '0/86', '0/91', '0/88', '0/82', '0/103', '0/79', '0/91', '0/96', '0/100', '0/92', '0/92', '0/87', '0/81', '0/89', '0/96', '0/93', '0/89', '0/101']; evict lru; frozen from never tokens; DMA from 64 tokens: 49 staging rows, 1 buffers, 0.27 GiB; ahead below 64 tokens, top 6, 4 tensors on the copy engine
  kstage: installed in 1.6s; device memory free 8.32 GiB
  kstage: registered, mode cache
  host RAM used: +20415 MiB, 37506 MiB available
  bench: exit 0, 451s
  agent x8 to 126976: 224 turns, 0 errors, wall 449s, decode median 18.5 tok/s, late TTFT median 2.53s, preemptions 0, prefix hits/queries 13563648/14995456, external hits 0
  max running/waiting: Running: 8 reqs, Waiting: 0 reqs
== done 14:28:44Z
profile: performance
== p18-ks-dma64-b1-ahead-a8l exit 0
