ce2 exit 0
== phase p18-ks-dma64-b1-ahead-eval 14:03:41Z ks: KSTAGE=cache KSTAGE_COLD_GB=4 KSTAGE_PROFILE=/prof/p7-all.json KSTAGE_STATS=30 KSTAGE_SLOTS=all KSTAGE_DMA_M=64 KSTAGE_DMA_BUF=1 KSTAGE_AHEAD=1
ready in 115s; Model loading took 2.37 GiB;Available KV cache memory: 5.15 GiB;GPU KV cache size: 588,458 tokens;
  kstage: cache: 161 layer-steps, 1.65 misses and 1.65 copies a layer-step (265 / 265)
  kstage: cache: 23 layers, 765 experts cold (33.3 a layer), 15.38 GiB host pages, 11.48 GiB device, policy global, profile /prof/p7-all.json (all); slots all: pinned/slots per layer ['0/125', '0/123', '0/117', '0/92', '0/86', '0/
  kstage: installed in 1.8s; device memory free 8.32 GiB
  v1-g6q-p18-ks-dma64-b1-ahead-eval: exit 0, 55s
  v2-g6q-p18-ks-dma64-b1-ahead-eval: exit 0, 50s
  alert-g6q-p18-ks-dma64-b1-ahead-eval: exit 0, 7s
  trap3-g6q-p18-ks-dma64-b1-ahead-eval: exit 0, 4s
== done 14:07:34Z
== p18-ks-dma64-b1-ahead-eval exit 0
== phase p18-ks-dma64-b1-ahead-k10 14:07:34Z maxlen 131072 work: decode ks: KSTAGE=cache KSTAGE_COLD_GB=4 KSTAGE_PROFILE=/prof/p7-all.json KSTAGE_STATS=1 KSTAGE_SLOTS=all KSTAGE_DMA_M=64 KSTAGE_DMA_BUF=1 KSTAGE_AHEAD=1 KSTAGE_AHEA
ready in 116s; Model loading took 2.37 GiB;Available KV cache memory: 5.15 GiB;GPU KV cache size: 1,412,300 tokens;
  kstage: cache: 1012 layer-steps, 0.35 misses and 0.35 copies a layer-step (352 / 352)
  kstage: cache: 184 layer-steps, 1.44 misses and 1.44 copies a layer-step (265 / 265)
  kstage: cache: 196 layer-steps, 1.35 misses and 1.35 copies a layer-step (265 / 265)
  kstage: cache: 19 layer-steps, 4.26 misses and 4.26 copies a layer-step (81 / 81)
  kstage: cache: 1 layer-steps, 1.00 misses and 1.00 copies a layer-step (1 / 1)
  kstage: cache: 203 layer-steps, 1.31 misses and 1.31 copies a layer-step (265 / 265)
  kstage: cache: 207 layer-steps, 1.28 misses and 1.28 copies a layer-step (265 / 265)
  kstage: cache: 23 layers, 765 experts cold (33.3 a layer), 15.38 GiB host pages, 11.48 GiB device, policy global, profile /prof/p7-all.json (all); slots all: pinned/slots per layer ['0/125', '0/123', '0/117', '0/92', '0/86', '0/
  kstage: cache: 23 layer-steps, 3.96 misses and 3.96 copies a layer-step (91 / 91)
  kstage: cache: 276 layer-steps, 0.96 misses and 0.96 copies a layer-step (265 / 265)
  kstage: cache: 299 layer-steps, 0.89 misses and 0.89 copies a layer-step (265 / 265)
  kstage: cache: 368 layer-steps, 0.72 misses and 0.72 copies a layer-step (265 / 265)
  kstage: cache: 422 layer-steps, 0.72 misses and 0.72 copies a layer-step (302 / 302)
  kstage: cache: 48 layer-steps, 2.81 misses and 2.81 copies a layer-step (135 / 135)
  kstage: cache: 667 layer-steps, 0.47 misses and 0.47 copies a layer-step (312 / 312)
  kstage: cache: 71 layer-steps, 3.66 misses and 3.66 copies a layer-step (260 / 260)
  kstage: cache: 920 layer-steps, 0.34 misses and 0.34 copies a layer-step (312 / 312)
  kstage: cache: 943 layer-steps, 0.35 misses and 0.35 copies a layer-step (328 / 328)
  kstage: installed in 1.6s; device memory free 8.32 GiB
  bench: exit 0, 24s
  decode c=1: per-stream median 142.8 tok/s, aggregate 143.4 tok/s, 1/1 ok
  decode c=4: per-stream median 57.9 tok/s, aggregate 202.8 tok/s, 4/4 ok
  decode c=16: per-stream median 18.3 tok/s, aggregate 272.0 tok/s, 16/16 ok
== done 14:09:55Z
== p18-ks-dma64-b1-ahead-k10 exit 0
== phase p18-ks-dma64-b1-a8l 14:09:55Z maxlen 131072 work: agent ks: KSTAGE=cache KSTAGE_COLD_GB=4 KSTAGE_PROFILE=/prof/p7-all.json KSTAGE_STATS=30 KSTAGE_SLOTS=all KSTAGE_DMA_M=64 KSTAGE_DMA_BUF=1
ready in 105s; Model loading took 2.34 GiB;Available KV cache memory: 5.44 GiB;GPU KV cache size: 1,490,944 tokens;
  kstage: cache: 23 layers, 765 experts cold (33.3 a layer), 15.38 GiB host pages, 11.48 GiB device, policy global, profile /prof/p7-all.json (all); slots all: pinned/slots per layer ['0/125', '0/123', '0/117', '0/92', '0/86', '0/
  kstage: cache: 368 layer-steps, 0.72 misses and 0.72 copies a layer-step (265 / 265)
  kstage: installed in 1.4s; device memory free 8.62 GiB
  bench: exit 0, 460s
  agent x8 to 126976: 224 turns, 0 errors, wall 458s, decode median 17.9 tok/s, late TTFT median 2.57s, preemptions 0, prefix hits/queries 13563648/14995456, external hits 0
== done 14:19:22Z
== p18-ks-dma64-b1-a8l exit 0
== phase p18-ks-dma64-b1-ahead-a8l 14:19:22Z maxlen 131072 work: agent ks: KSTAGE=cache KSTAGE_COLD_GB=4 KSTAGE_PROFILE=/prof/p7-all.json KSTAGE_STATS=30 KSTAGE_SLOTS=all KSTAGE_DMA_M=64 KSTAGE_DMA_BUF=1 KSTAGE_AHEAD=1
ready in 110s; Model loading took 2.37 GiB;Available KV cache memory: 5.15 GiB;GPU KV cache size: 1,412,300 tokens;
  kstage: cache: 185 layer-steps, 1.43 misses and 1.43 copies a layer-step (265 / 265)
  kstage: cache: 23 layers, 765 experts cold (33.3 a layer), 15.38 GiB host pages, 11.48 GiB device, policy global, profile /prof/p7-all.json (all); slots all: pinned/slots per layer ['0/125', '0/123', '0/117', '0/92', '0/86', '0/
  kstage: installed in 1.6s; device memory free 8.32 GiB
  bench: exit 0, 451s
  agent x8 to 126976: 224 turns, 0 errors, wall 449s, decode median 18.5 tok/s, late TTFT median 2.53s, preemptions 0, prefix hits/queries 13563648/14995456, external hits 0
== done 14:28:44Z
== p18-ks-dma64-b1-ahead-a8l exit 0
=== base1 (--inflight 1 --k 0,1,2 --steps 50) 08:28:45
work alone: 4.573 ms a step (23 layers x 160 MB read); a row is 5.35 MiB in 4 copies
K=0: 5.004 ms a step, +0.431 over work; rows checked 0, bad 0; helper requests 1174, rows 0, err 0
K=1: 6.173 ms a step, +1.600 over work; rows checked 22, bad 0; helper requests 2348, rows 1173, err 0
K=2: 7.347 ms a step, +2.774 over work; rows checked 44, bad 0; helper requests 3522, rows 3519, err 0
per layer: work 198.8 us; K=0 +18.8 us; K=1 +69.6 us; K=2 +120.6 us
=== base1 exit 0 08:28:51
=== dd1 (--inflight 1 --devdone --k 0,1,2 --steps 50) 08:28:56
work alone: 4.579 ms a step (23 layers x 160 MB read); a row is 5.35 MiB in 4 copies
K=0: 5.144 ms a step, +0.565 over work; rows checked 0, bad 0; helper requests 1173, rows 0, err 0
K=1: 6.146 ms a step, +1.567 over work; rows checked 22, bad 0; helper requests 2346, rows 1173, err 0
K=2: 7.548 ms a step, +2.969 over work; rows checked 44, bad 0; helper requests 3519, rows 3519, err 0
per layer: work 199.1 us; K=0 +24.6 us; K=1 +68.1 us; K=2 +129.1 us
=== dd1 exit 0 08:29:02
=== dd1-s50 (--inflight 1 --devdone --sparse 0.5 --k 1,2,3 --steps 50) 08:29:07
work alone: 4.579 ms a step (23 layers x 160 MB read); a row is 5.35 MiB in 4 copies
K=1: 6.038 ms a step, +1.460 over work; rows checked 11, bad 0; helper requests 1173, rows 561, err 0
K=2: 6.623 ms a step, +2.045 over work; rows checked 22, bad 0; helper requests 2346, rows 1683, err 0
K=3: 8.117 ms a step, +3.538 over work; rows checked 33, bad 0; helper requests 3519, rows 3366, err 0
per layer: work 199.1 us; K=1 +63.5 us; K=2 +88.9 us; K=3 +153.8 us
=== dd1-s50 exit 0 08:29:13
=== dd1-s25 (--inflight 1 --devdone --sparse 0.25 --k 1,2,3 --steps 50) 08:29:18
work alone: 4.580 ms a step (23 layers x 160 MB read); a row is 5.35 MiB in 4 copies
K=1: 5.706 ms a step, +1.125 over work; rows checked 5, bad 0; helper requests 1173, rows 255, err 0
K=2: 5.846 ms a step, +1.266 over work; rows checked 10, bad 0; helper requests 2346, rows 765, err 0
K=3: 6.496 ms a step, +1.916 over work; rows checked 15, bad 0; helper requests 3519, rows 1530, err 0
per layer: work 199.2 us; K=1 +48.9 us; K=2 +55.0 us; K=3 +83.3 us
=== dd1-s25 exit 0 08:29:23
=== dd2-s25 (--inflight 2 --devdone --sparse 0.25 --k 1,2,3 --steps 50) 08:29:28
work alone: 4.476 ms a step (23 layers x 160 MB read); a row is 5.35 MiB in 4 copies
K=1: 5.609 ms a step, +1.134 over work; rows checked 5, bad 0; helper requests 1173, rows 255, err 0
K=2: 5.709 ms a step, +1.233 over work; rows checked 10, bad 0; helper requests 2346, rows 765, err 0
K=3: 6.345 ms a step, +1.870 over work; rows checked 15, bad 0; helper requests 3519, rows 1530, err 0
per layer: work 194.6 us; K=1 +49.3 us; K=2 +53.6 us; K=3 +81.3 us
=== dd2-s25 exit 0 08:29:33
