== phase p19-trace-base 13:07:48Z maxlen 131072 ks: KSTAGE=cache KSTAGE_COLD_GB=4 KSTAGE_PROFILE=/prof/p7-all.json KSTAGE_STATS=30 KSTAGE_SLOTS=all KSTAGE_DMA_M=64 KSTAGE_DMA_BUF=1
  free in 2 MiB+ blocks: 16.6 GiB
ready in 110s; Model loading took 2.34 GiB;Available KV cache memory: 5.44 GiB;GPU KV cache size: 1,490,944 tokens;
  mem: Maximum concurrency for 131,072 tokens per request: 11.38x;Actual usage is 14.94 GiB for consumed memory (weights + non-torch), 1.14 GiB for peak activation, and 0.1 GiB for CUDAGraph;
  kstage: cache: 23 layers, 765 experts cold (33.3 a layer), 15.38 GiB host pages, 11.48 GiB device, policy global, profile /prof/p7-all.json (all); slots all: pinned/slots per layer ['0/125', '0/123', '0/117', '0/92', '0/86', '0/86', '0/91', '0/88', '0/82', '0/103', '0/79', '0/91', '0/96', '0/100', '0/92', '0/92', '0/87', '0/81', '0/89', '0/96', '0/93', '0/89', '0/101']; evict lru; frozen from never tokens; DMA from 64 tokens: 49 staging rows, 1 buffers, 0.27 GiB
  kstage: cache: 368 layer-steps, 0.72 misses and 0.72 copies a layer-step (265 / 265)
  kstage: installed in 2.1s; device memory free 8.61 GiB
  kstage: registered, mode cache
  host RAM used: +20322 MiB, 38231 MiB available
  trace: exit 0
  c=1: profiled 0.6 s, start+stop took 7.6 s, streams still running at stop: 1
  c=1: 1 streams, median decode 87.9 tok/s
  c=4: profiled 0.6 s, start+stop took 4.9 s, streams still running at stop: 4
  c=4: 4 streams, median decode 60.5 tok/s
  c=16: profiled 0.6 s, start+stop took 2.8 s, streams still running at stop: 16
  c=16: 16 streams, median decode 42.1 tok/s
  trace file: dp0_pp0_tp0_dcp0_ep0_rank0.1791378584272433988.pt.trace.json.gz
  trace file: dp0_pp0_tp0_dcp0_ep0_rank0.1791378598553715082.pt.trace.json.gz
  trace file: dp0_pp0_tp0_dcp0_ep0_rank0.1791378618597850393.pt.trace.json.gz
  trace file: profiler_out_0.txt
== phase p19-trace-ahead 13:10:44Z maxlen 131072 ks: KSTAGE=cache KSTAGE_COLD_GB=4 KSTAGE_PROFILE=/prof/p7-all.json KSTAGE_STATS=30 KSTAGE_SLOTS=all KSTAGE_DMA_M=64 KSTAGE_DMA_BUF=1 KSTAGE_AHEAD=1
  free in 2 MiB+ blocks: 16.6 GiB
ready in 116s; Model loading took 2.37 GiB;Available KV cache memory: 5.15 GiB;GPU KV cache size: 1,412,300 tokens;
  mem: Maximum concurrency for 131,072 tokens per request: 10.78x;Actual usage is 15.22 GiB for consumed memory (weights + non-torch), 1.15 GiB for peak activation, and 0.1 GiB for CUDAGraph;
  kstage: cache: 185 layer-steps, 1.43 misses and 1.43 copies a layer-step (265 / 265)
  kstage: cache: 23 layers, 765 experts cold (33.3 a layer), 15.38 GiB host pages, 11.48 GiB device, policy global, profile /prof/p7-all.json (all); slots all: pinned/slots per layer ['0/125', '0/123', '0/117', '0/92', '0/86', '0/86', '0/91', '0/88', '0/82', '0/103', '0/79', '0/91', '0/96', '0/100', '0/92', '0/92', '0/87', '0/81', '0/89', '0/96', '0/93', '0/89', '0/101']; evict lru; frozen from never tokens; DMA from 64 tokens: 49 staging rows, 1 buffers, 0.27 GiB; ahead below 64 tokens, top 6, 4 tensors on the copy engine
  kstage: installed in 2.4s; device memory free 8.35 GiB
  kstage: registered, mode cache
  host RAM used: +20437 MiB, 38169 MiB available
  trace: exit 0
  c=1: profiled 0.6 s, start+stop took 8.2 s, streams still running at stop: 1
  c=1: 1 streams, median decode 80.3 tok/s
  c=4: profiled 0.6 s, start+stop took 5.3 s, streams still running at stop: 4
  c=4: 4 streams, median decode 55.0 tok/s
  c=16: profiled 0.6 s, start+stop took 3.1 s, streams still running at stop: 16
  c=16: 16 streams, median decode 37.6 tok/s
  trace file: dp0_pp0_tp0_dcp0_ep0_rank0.1791378765825445701.pt.trace.json.gz
  trace file: dp0_pp0_tp0_dcp0_ep0_rank0.1791378781390382806.pt.trace.json.gz
  trace file: dp0_pp0_tp0_dcp0_ep0_rank0.1791378803376086686.pt.trace.json.gz
  trace file: profiler_out_0.txt
== done 13:13:52Z
profile: performance
