=== chain 2026-10-07T13:27:42Z: copy kernel x LFU x ahead, two draws each (reversed), live trace
== phase p20-base-r1 13:27:42Z maxlen 131072 work: decode ks: KSTAGE=cache KSTAGE_COLD_GB=4 KSTAGE_PROFILE=/prof/p7-all.json KSTAGE_STATS=1 KSTAGE_SLOTS=all KSTAGE_DMA_M=64 KSTAGE_DMA_BUF=1
  free in 2 MiB+ blocks: 16.5 GiB
ready in 111s; Model loading took 2.34 GiB;Available KV cache memory: 5.44 GiB;GPU KV cache size: 1,490,944 tokens;
  mem: Maximum concurrency for 131,072 tokens per request: 11.38x;Actual usage is 14.94 GiB for consumed memory (weights + non-torch), 1.14 GiB for peak activation, and 0.1 GiB for CUDAGraph;
  kstage: cache: 1012 layer-steps, 0.44 misses and 0.44 copies a layer-step (448 / 448)
  kstage: cache: 12 layer-steps, 6.00 misses and 6.00 copies a layer-step (72 / 72)
  kstage: cache: 184 layer-steps, 1.45 misses and 1.45 copies a layer-step (266 / 266)
  kstage: cache: 196 layer-steps, 1.36 misses and 1.36 copies a layer-step (266 / 266)
  kstage: cache: 23 layers, 765 experts cold (33.3 a layer), 15.38 GiB host pages, 11.48 GiB device, policy global, profile /prof/p7-all.json (all); slots all: pinned/slots per layer ['0/125', '0/123', '0/117', '0/92', '0/86', '0/86', '0/91', '0/88', '0/82', '0/103', '0/79', '0/91', '0/96', '0/100', '0/92', '0/92', '0/87', '0/81', '0/89', '0/96', '0/93', '0/89', '0/101']; evict lru; frozen from never tokens; DMA from 64 tokens: 49 staging rows, 1 buffers, 0.27 GiB
  kstage: cache: 23 layer-steps, 3.96 misses and 3.96 copies a layer-step (91 / 91)
  kstage: cache: 276 layer-steps, 0.96 misses and 0.96 copies a layer-step (266 / 266)
  kstage: cache: 299 layer-steps, 0.89 misses and 0.89 copies a layer-step (266 / 266)
  kstage: cache: 368 layer-steps, 0.72 misses and 0.72 copies a layer-step (266 / 266)
  kstage: cache: 420 layer-steps, 0.71 misses and 0.71 copies a layer-step (298 / 298)
  kstage: cache: 48 layer-steps, 2.83 misses and 2.83 copies a layer-step (136 / 136)
  kstage: cache: 694 layer-steps, 0.45 misses and 0.45 copies a layer-step (313 / 313)
  kstage: cache: 69 layer-steps, 3.78 misses and 3.78 copies a layer-step (261 / 261)
  kstage: cache: 74 layer-steps, 3.53 misses and 3.53 copies a layer-step (261 / 261)
  kstage: cache: 920 layer-steps, 0.34 misses and 0.34 copies a layer-step (313 / 313)
  kstage: cache: 943 layer-steps, 0.39 misses and 0.39 copies a layer-step (372 / 372)
  kstage: installed in 2.2s; device memory free 8.64 GiB
  kstage: registered, mode cache
  host RAM used: +20163 MiB, 38357 MiB available
  bench: exit 0, 20s
  decode c=1: per-stream median 165.0 tok/s, aggregate 165.6 tok/s, 1/1 ok
  decode c=4: per-stream median 65.1 tok/s, aggregate 253.5 tok/s, 4/4 ok
  decode c=16: per-stream median 22.6 tok/s, aggregate 331.0 tok/s, 16/16 ok
  max running/waiting: Running: 16 reqs, Waiting: 0 reqs
== phase p20-few-r1 13:29:55Z maxlen 131072 work: decode ks: KSTAGE=cache KSTAGE_COLD_GB=4 KSTAGE_PROFILE=/prof/p7-all.json KSTAGE_STATS=1 KSTAGE_SLOTS=all KSTAGE_DMA_M=64 KSTAGE_DMA_BUF=1 KSTAGE_COPY=82
  free in 2 MiB+ blocks: 16.5 GiB
ready in 115s; Model loading took 2.34 GiB;Available KV cache memory: 5.44 GiB;GPU KV cache size: 1,490,944 tokens;
  mem: Maximum concurrency for 131,072 tokens per request: 11.38x;Actual usage is 14.94 GiB for consumed memory (weights + non-torch), 1.14 GiB for peak activation, and 0.1 GiB for CUDAGraph;
  kstage: cache: 1012 layer-steps, 0.44 misses and 0.44 copies a layer-step (449 / 449)
  kstage: cache: 184 layer-steps, 1.45 misses and 1.45 copies a layer-step (266 / 266)
  kstage: cache: 185 layer-steps, 1.44 misses and 1.44 copies a layer-step (266 / 266)
  kstage: cache: 19 layer-steps, 4.26 misses and 4.26 copies a layer-step (81 / 81)
  kstage: cache: 1 layer-steps, 1.00 misses and 1.00 copies a layer-step (1 / 1)
  kstage: cache: 203 layer-steps, 1.31 misses and 1.31 copies a layer-step (266 / 266)
  kstage: cache: 23 layers, 765 experts cold (33.3 a layer), 15.38 GiB host pages, 11.48 GiB device, policy global, profile /prof/p7-all.json (all); slots all: pinned/slots per layer ['0/125', '0/123', '0/117', '0/92', '0/86', '0/86', '0/91', '0/88', '0/82', '0/103', '0/79', '0/91', '0/96', '0/100', '0/92', '0/92', '0/87', '0/81', '0/89', '0/96', '0/93', '0/89', '0/101']; evict lru; frozen from never tokens; DMA from 64 tokens: 49 staging rows, 1 buffers, 0.27 GiB
  kstage: cache: 23 layer-steps, 3.96 misses and 3.96 copies a layer-step (91 / 91)
  kstage: cache: 276 layer-steps, 0.96 misses and 0.96 copies a layer-step (266 / 266)
  kstage: cache: 301 layer-steps, 0.88 misses and 0.88 copies a layer-step (266 / 266)
  kstage: cache: 368 layer-steps, 0.72 misses and 0.72 copies a layer-step (266 / 266)
  kstage: cache: 414 layer-steps, 0.70 misses and 0.70 copies a layer-step (288 / 288)
  kstage: cache: 48 layer-steps, 2.83 misses and 2.83 copies a layer-step (136 / 136)
  kstage: cache: 667 layer-steps, 0.47 misses and 0.47 copies a layer-step (313 / 313)
  kstage: cache: 71 layer-steps, 3.68 misses and 3.68 copies a layer-step (261 / 261)
  kstage: cache: 920 layer-steps, 0.34 misses and 0.34 copies a layer-step (313 / 313)
  kstage: cache: 943 layer-steps, 0.39 misses and 0.39 copies a layer-step (372 / 372)
  kstage: installed in 2.1s; device memory free 8.64 GiB
  kstage: registered, mode cache
  host RAM used: +20175 MiB, 38364 MiB available
  bench: exit 0, 20s
  decode c=1: per-stream median 177.4 tok/s, aggregate 178.1 tok/s, 1/1 ok
  decode c=4: per-stream median 72.4 tok/s, aggregate 246.1 tok/s, 4/4 ok
  decode c=16: per-stream median 24.5 tok/s, aggregate 357.2 tok/s, 16/16 ok
  max running/waiting: Running: 16 reqs, Waiting: 0 reqs
== phase p20-live-r1 13:32:11Z maxlen 131072 work: decode ks: KSTAGE=cache KSTAGE_COLD_GB=4 KSTAGE_PROFILE=/prof/p7-all.json KSTAGE_STATS=1 KSTAGE_SLOTS=all KSTAGE_DMA_M=64 KSTAGE_DMA_BUF=1 KSTAGE_COPY_LIVE=82
  free in 2 MiB+ blocks: 16.5 GiB
ready in 111s; Model loading took 2.34 GiB;Available KV cache memory: 5.44 GiB;GPU KV cache size: 1,490,944 tokens;
  mem: Maximum concurrency for 131,072 tokens per request: 11.38x;Actual usage is 14.94 GiB for consumed memory (weights + non-torch), 1.14 GiB for peak activation, and 0.1 GiB for CUDAGraph;
  kstage: cache: 1012 layer-steps, 0.45 misses and 0.45 copies a layer-step (454 / 454)
  kstage: cache: 12 layer-steps, 6.00 misses and 6.00 copies a layer-step (72 / 72)
  kstage: cache: 184 layer-steps, 1.44 misses and 1.44 copies a layer-step (265 / 265)
  kstage: cache: 196 layer-steps, 1.35 misses and 1.35 copies a layer-step (265 / 265)
  kstage: cache: 23 layers, 765 experts cold (33.3 a layer), 15.38 GiB host pages, 11.48 GiB device, policy global, profile /prof/p7-all.json (all); slots all: pinned/slots per layer ['0/125', '0/123', '0/117', '0/92', '0/86', '0/86', '0/91', '0/88', '0/82', '0/103', '0/79', '0/91', '0/96', '0/100', '0/92', '0/92', '0/87', '0/81', '0/89', '0/96', '0/93', '0/89', '0/101']; evict lru; frozen from never tokens; DMA from 64 tokens: 49 staging rows, 1 buffers, 0.27 GiB
  kstage: cache: 23 layer-steps, 3.96 misses and 3.96 copies a layer-step (91 / 91)
  kstage: cache: 276 layer-steps, 0.96 misses and 0.96 copies a layer-step (265 / 265)
  kstage: cache: 299 layer-steps, 0.89 misses and 0.89 copies a layer-step (265 / 265)
  kstage: cache: 368 layer-steps, 0.72 misses and 0.72 copies a layer-step (265 / 265)
  kstage: cache: 414 layer-steps, 0.69 misses and 0.69 copies a layer-step (287 / 287)
  kstage: cache: 48 layer-steps, 2.81 misses and 2.81 copies a layer-step (135 / 135)
  kstage: cache: 672 layer-steps, 0.46 misses and 0.46 copies a layer-step (312 / 312)
  kstage: cache: 69 layer-steps, 3.77 misses and 3.77 copies a layer-step (260 / 260)
  kstage: cache: 71 layer-steps, 3.66 misses and 3.66 copies a layer-step (260 / 260)
  kstage: cache: 920 layer-steps, 0.34 misses and 0.34 copies a layer-step (312 / 312)
  kstage: cache: 943 layer-steps, 0.39 misses and 0.39 copies a layer-step (371 / 371)
  kstage: installed in 2.2s; device memory free 8.64 GiB
  kstage: registered, mode cache
  host RAM used: +20219 MiB, 38298 MiB available
  bench: exit 0, 19s
  decode c=1: per-stream median 172.9 tok/s, aggregate 173.6 tok/s, 1/1 ok
  decode c=4: per-stream median 70.5 tok/s, aggregate 273.6 tok/s, 4/4 ok
  decode c=16: per-stream median 25.2 tok/s, aggregate 371.8 tok/s, 16/16 ok
  max running/waiting: Running: 16 reqs, Waiting: 0 reqs
== phase p20-live-lfu-r1 13:34:22Z maxlen 131072 work: decode ks: KSTAGE=cache KSTAGE_COLD_GB=4 KSTAGE_PROFILE=/prof/p7-all.json KSTAGE_STATS=1 KSTAGE_SLOTS=all KSTAGE_DMA_M=64 KSTAGE_DMA_BUF=1 KSTAGE_COPY_LIVE=82 KSTAGE_EVICT=lfu
  free in 2 MiB+ blocks: 16.4 GiB
ready in 111s; Model loading took 2.34 GiB;Available KV cache memory: 5.44 GiB;GPU KV cache size: 1,490,944 tokens;
  mem: Maximum concurrency for 131,072 tokens per request: 11.38x;Actual usage is 14.94 GiB for consumed memory (weights + non-torch), 1.14 GiB for peak activation, and 0.1 GiB for CUDAGraph;
  kstage: cache: 1012 layer-steps, 0.44 misses and 0.44 copies a layer-step (446 / 446)
  kstage: cache: 161 layer-steps, 1.64 misses and 1.64 copies a layer-step (264 / 264)
  kstage: cache: 185 layer-steps, 1.43 misses and 1.43 copies a layer-step (264 / 264)
  kstage: cache: 19 layer-steps, 4.26 misses and 4.26 copies a layer-step (81 / 81)
  kstage: cache: 1 layer-steps, 1.00 misses and 1.00 copies a layer-step (1 / 1)
  kstage: cache: 203 layer-steps, 1.30 misses and 1.30 copies a layer-step (264 / 264)
  kstage: cache: 23 layers, 765 experts cold (33.3 a layer), 15.38 GiB host pages, 11.48 GiB device, policy global, profile /prof/p7-all.json (all); slots all: pinned/slots per layer ['0/125', '0/123', '0/117', '0/92', '0/86', '0/86', '0/91', '0/88', '0/82', '0/103', '0/79', '0/91', '0/96', '0/100', '0/92', '0/92', '0/87', '0/81', '0/89', '0/96', '0/93', '0/89', '0/101']; evict lfu6; frozen from never tokens; DMA from 64 tokens: 49 staging rows, 1 buffers, 0.27 GiB
  kstage: cache: 25 layer-steps, 3.76 misses and 3.76 copies a layer-step (94 / 94)
  kstage: cache: 276 layer-steps, 0.96 misses and 0.96 copies a layer-step (264 / 264)
  kstage: cache: 301 layer-steps, 0.88 misses and 0.88 copies a layer-step (264 / 264)
  kstage: cache: 368 layer-steps, 0.72 misses and 0.72 copies a layer-step (264 / 264)
  kstage: cache: 48 layer-steps, 2.83 misses and 2.83 copies a layer-step (136 / 136)
  kstage: cache: 506 layer-steps, 0.61 misses and 0.61 copies a layer-step (310 / 310)
  kstage: cache: 69 layer-steps, 3.75 misses and 3.75 copies a layer-step (259 / 259)
  kstage: cache: 805 layer-steps, 0.39 misses and 0.39 copies a layer-step (310 / 310)
  kstage: cache: 920 layer-steps, 0.34 misses and 0.34 copies a layer-step (310 / 310)
  kstage: cache: 943 layer-steps, 0.39 misses and 0.39 copies a layer-step (369 / 369)
  kstage: installed in 2.0s; device memory free 8.64 GiB
  kstage: registered, mode cache
  host RAM used: +20145 MiB, 38397 MiB available
  bench: exit 0, 17s
  decode c=1: per-stream median 175.3 tok/s, aggregate 176.0 tok/s, 1/1 ok
  decode c=4: per-stream median 77.0 tok/s, aggregate 259.9 tok/s, 4/4 ok
  decode c=16: per-stream median 29.6 tok/s, aggregate 423.1 tok/s, 16/16 ok
  max running/waiting: Running: 16 reqs, Waiting: 0 reqs
== phase p20-live-ahead-r1 13:36:32Z maxlen 131072 work: decode ks: KSTAGE=cache KSTAGE_COLD_GB=4 KSTAGE_PROFILE=/prof/p7-all.json KSTAGE_STATS=1 KSTAGE_SLOTS=all KSTAGE_DMA_M=64 KSTAGE_DMA_BUF=1 KSTAGE_COPY_LIVE=82 KSTAGE_AHEAD=1
  free in 2 MiB+ blocks: 16.4 GiB
ready in 116s; Model loading took 2.37 GiB;Available KV cache memory: 5.15 GiB;GPU KV cache size: 1,412,300 tokens;
  mem: Maximum concurrency for 131,072 tokens per request: 10.78x;Actual usage is 15.22 GiB for consumed memory (weights + non-torch), 1.15 GiB for peak activation, and 0.1 GiB for CUDAGraph;
  kstage: cache: 1008 layer-steps, 0.37 misses and 0.37 copies a layer-step (371 / 371)
  kstage: cache: 1012 layer-steps, 0.37 misses and 0.37 copies a layer-step (372 / 372)
  kstage: cache: 12 layer-steps, 6.00 misses and 6.00 copies a layer-step (72 / 72)
  kstage: cache: 185 layer-steps, 1.43 misses and 1.43 copies a layer-step (265 / 265)
  kstage: cache: 196 layer-steps, 1.35 misses and 1.35 copies a layer-step (265 / 265)
  kstage: cache: 207 layer-steps, 1.28 misses and 1.28 copies a layer-step (265 / 265)
  kstage: cache: 211 layer-steps, 1.26 misses and 1.26 copies a layer-step (265 / 265)
  kstage: cache: 23 layers, 765 experts cold (33.3 a layer), 15.38 GiB host pages, 11.48 GiB device, policy global, profile /prof/p7-all.json (all); slots all: pinned/slots per layer ['0/125', '0/123', '0/117', '0/92', '0/86', '0/86', '0/91', '0/88', '0/82', '0/103', '0/79', '0/91', '0/96', '0/100', '0/92', '0/92', '0/87', '0/81', '0/89', '0/96', '0/93', '0/89', '0/101']; evict lru; frozen from never tokens; DMA from 64 tokens: 49 staging rows, 1 buffers, 0.27 GiB; ahead below 64 tokens, top 6, 4 tensors on the copy engine
  kstage: cache: 23 layer-steps, 3.96 misses and 3.96 copies a layer-step (91 / 91)
  kstage: cache: 25 layer-steps, 3.76 misses and 3.76 copies a layer-step (94 / 94)
  kstage: cache: 299 layer-steps, 0.89 misses and 0.89 copies a layer-step (265 / 265)
  kstage: cache: 351 layer-steps, 0.75 misses and 0.75 copies a layer-step (265 / 265)
  kstage: cache: 368 layer-steps, 0.72 misses and 0.72 copies a layer-step (265 / 265)
  kstage: cache: 48 layer-steps, 2.81 misses and 2.81 copies a layer-step (135 / 135)
  kstage: cache: 621 layer-steps, 0.50 misses and 0.50 copies a layer-step (312 / 312)
  kstage: cache: 69 layer-steps, 3.77 misses and 3.77 copies a layer-step (260 / 260)
  kstage: cache: 897 layer-steps, 0.35 misses and 0.35 copies a layer-step (312 / 312)
  kstage: cache: 92 layer-steps, 2.83 misses and 2.83 copies a layer-step (260 / 260)
  kstage: cache: 943 layer-steps, 0.36 misses and 0.36 copies a layer-step (340 / 340)
  kstage: installed in 2.4s; device memory free 8.35 GiB
  kstage: registered, mode cache
  host RAM used: +20508 MiB, 38031 MiB available
  bench: exit 0, 19s
  decode c=1: per-stream median 164.4 tok/s, aggregate 165.0 tok/s, 1/1 ok
  decode c=4: per-stream median 73.2 tok/s, aggregate 248.9 tok/s, 4/4 ok
  decode c=16: per-stream median 23.9 tok/s, aggregate 354.4 tok/s, 16/16 ok
  max running/waiting: Running: 16 reqs, Waiting: 0 reqs
== phase p20-live-lfu-ahead-r1 13:38:49Z maxlen 131072 work: decode ks: KSTAGE=cache KSTAGE_COLD_GB=4 KSTAGE_PROFILE=/prof/p7-all.json KSTAGE_STATS=1 KSTAGE_SLOTS=all KSTAGE_DMA_M=64 KSTAGE_DMA_BUF=1 KSTAGE_COPY_LIVE=82 KSTAGE_EVICT=lfu KSTAGE_AHEAD=1
  free in 2 MiB+ blocks: 16.4 GiB
ready in 116s; Model loading took 2.37 GiB;Available KV cache memory: 5.15 GiB;GPU KV cache size: 1,412,300 tokens;
  mem: Maximum concurrency for 131,072 tokens per request: 10.78x;Actual usage is 15.22 GiB for consumed memory (weights + non-torch), 1.15 GiB for peak activation, and 0.1 GiB for CUDAGraph;
  kstage: cache: 1012 layer-steps, 0.37 misses and 0.37 copies a layer-step (373 / 373)
  kstage: cache: 122 layer-steps, 2.16 misses and 2.16 copies a layer-step (263 / 263)
  kstage: cache: 12 layer-steps, 6.00 misses and 6.00 copies a layer-step (72 / 72)
  kstage: cache: 185 layer-steps, 1.42 misses and 1.42 copies a layer-step (263 / 263)
  kstage: cache: 1 layer-steps, 1.00 misses and 1.00 copies a layer-step (1 / 1)
  kstage: cache: 203 layer-steps, 1.30 misses and 1.30 copies a layer-step (263 / 263)
  kstage: cache: 207 layer-steps, 1.27 misses and 1.27 copies a layer-step (263 / 263)
  kstage: cache: 217 layer-steps, 1.21 misses and 1.21 copies a layer-step (263 / 263)
  kstage: cache: 23 layers, 765 experts cold (33.3 a layer), 15.38 GiB host pages, 11.48 GiB device, policy global, profile /prof/p7-all.json (all); slots all: pinned/slots per layer ['0/125', '0/123', '0/117', '0/92', '0/86', '0/86', '0/91', '0/88', '0/82', '0/103', '0/79', '0/91', '0/96', '0/100', '0/92', '0/92', '0/87', '0/81', '0/89', '0/96', '0/93', '0/89', '0/101']; evict lfu6; frozen from never tokens; DMA from 64 tokens: 49 staging rows, 1 buffers, 0.27 GiB; ahead below 64 tokens, top 6, 4 tensors on the copy engine
  kstage: cache: 23 layer-steps, 3.96 misses and 3.96 copies a layer-step (91 / 91)
  kstage: cache: 299 layer-steps, 0.88 misses and 0.88 copies a layer-step (263 / 263)
  kstage: cache: 357 layer-steps, 0.74 misses and 0.74 copies a layer-step (263 / 263)
  kstage: cache: 368 layer-steps, 0.71 misses and 0.71 copies a layer-step (263 / 263)
  kstage: cache: 45 layer-steps, 3.00 misses and 3.00 copies a layer-step (135 / 135)
  kstage: cache: 48 layer-steps, 2.81 misses and 2.81 copies a layer-step (135 / 135)
  kstage: cache: 621 layer-steps, 0.50 misses and 0.50 copies a layer-step (309 / 309)
  kstage: cache: 69 layer-steps, 3.74 misses and 3.74 copies a layer-step (258 / 258)
  kstage: cache: 897 layer-steps, 0.34 misses and 0.34 copies a layer-step (309 / 309)
  kstage: cache: 943 layer-steps, 0.36 misses and 0.36 copies a layer-step (336 / 336)
  kstage: installed in 2.4s; device memory free 8.35 GiB
  kstage: registered, mode cache
  host RAM used: +20397 MiB, 38135 MiB available
  bench: exit 0, 18s
  decode c=1: per-stream median 164.5 tok/s, aggregate 165.1 tok/s, 1/1 ok
  decode c=4: per-stream median 79.1 tok/s, aggregate 265.6 tok/s, 4/4 ok
  decode c=16: per-stream median 26.4 tok/s, aggregate 388.9 tok/s, 16/16 ok
  max running/waiting: Running: 16 reqs, Waiting: 0 reqs
== phase p20-live-lfu-ahead-r2 13:41:05Z maxlen 131072 work: decode ks: KSTAGE=cache KSTAGE_COLD_GB=4 KSTAGE_PROFILE=/prof/p7-all.json KSTAGE_STATS=1 KSTAGE_SLOTS=all KSTAGE_DMA_M=64 KSTAGE_DMA_BUF=1 KSTAGE_COPY_LIVE=82 KSTAGE_EVICT=lfu KSTAGE_AHEAD=1
  free in 2 MiB+ blocks: 16.3 GiB
ready in 115s; Model loading took 2.37 GiB;Available KV cache memory: 5.15 GiB;GPU KV cache size: 1,412,300 tokens;
  mem: Maximum concurrency for 131,072 tokens per request: 10.78x;Actual usage is 15.22 GiB for consumed memory (weights + non-torch), 1.15 GiB for peak activation, and 0.1 GiB for CUDAGraph;
  kstage: cache: 1012 layer-steps, 0.37 misses and 0.37 copies a layer-step (374 / 374)
  kstage: cache: 12 layer-steps, 6.00 misses and 6.00 copies a layer-step (72 / 72)
  kstage: cache: 184 layer-steps, 1.43 misses and 1.43 copies a layer-step (263 / 263)
  kstage: cache: 196 layer-steps, 1.34 misses and 1.34 copies a layer-step (263 / 263)
  kstage: cache: 207 layer-steps, 1.27 misses and 1.27 copies a layer-step (263 / 263)
  kstage: cache: 23 layers, 765 experts cold (33.3 a layer), 15.38 GiB host pages, 11.48 GiB device, policy global, profile /prof/p7-all.json (all); slots all: pinned/slots per layer ['0/125', '0/123', '0/117', '0/92', '0/86', '0/86', '0/91', '0/88', '0/82', '0/103', '0/79', '0/91', '0/96', '0/100', '0/92', '0/92', '0/87', '0/81', '0/89', '0/96', '0/93', '0/89', '0/101']; evict lfu6; frozen from never tokens; DMA from 64 tokens: 49 staging rows, 1 buffers, 0.27 GiB; ahead below 64 tokens, top 6, 4 tensors on the copy engine
  kstage: cache: 23 layer-steps, 3.96 misses and 3.96 copies a layer-step (91 / 91)
  kstage: cache: 276 layer-steps, 0.95 misses and 0.95 copies a layer-step (263 / 263)
  kstage: cache: 301 layer-steps, 0.87 misses and 0.87 copies a layer-step (263 / 263)
  kstage: cache: 368 layer-steps, 0.71 misses and 0.71 copies a layer-step (263 / 263)
  kstage: cache: 460 layer-steps, 0.67 misses and 0.67 copies a layer-step (309 / 309)
  kstage: cache: 48 layer-steps, 2.81 misses and 2.81 copies a layer-step (135 / 135)
  kstage: cache: 69 layer-steps, 3.74 misses and 3.74 copies a layer-step (258 / 258)
  kstage: cache: 71 layer-steps, 3.63 misses and 3.63 copies a layer-step (258 / 258)
  kstage: cache: 736 layer-steps, 0.42 misses and 0.42 copies a layer-step (309 / 309)
  kstage: cache: 920 layer-steps, 0.34 misses and 0.34 copies a layer-step (309 / 309)
  kstage: cache: 943 layer-steps, 0.36 misses and 0.36 copies a layer-step (336 / 336)
  kstage: installed in 2.5s; device memory free 8.35 GiB
  kstage: registered, mode cache
  host RAM used: +20540 MiB, 38027 MiB available
  bench: exit 0, 18s
  decode c=1: per-stream median 163.1 tok/s, aggregate 163.8 tok/s, 1/1 ok
  decode c=4: per-stream median 78.5 tok/s, aggregate 304.2 tok/s, 4/4 ok
  decode c=16: per-stream median 26.8 tok/s, aggregate 394.0 tok/s, 16/16 ok
  max running/waiting: Running: 16 reqs, Waiting: 0 reqs
== phase p20-live-ahead-r2 13:43:20Z maxlen 131072 work: decode ks: KSTAGE=cache KSTAGE_COLD_GB=4 KSTAGE_PROFILE=/prof/p7-all.json KSTAGE_STATS=1 KSTAGE_SLOTS=all KSTAGE_DMA_M=64 KSTAGE_DMA_BUF=1 KSTAGE_COPY_LIVE=82 KSTAGE_AHEAD=1
  free in 2 MiB+ blocks: 16.3 GiB
ready in 115s; Model loading took 2.37 GiB;Available KV cache memory: 5.15 GiB;GPU KV cache size: 1,412,300 tokens;
  mem: Maximum concurrency for 131,072 tokens per request: 10.78x;Actual usage is 15.22 GiB for consumed memory (weights + non-torch), 1.15 GiB for peak activation, and 0.1 GiB for CUDAGraph;
  kstage: cache: 1012 layer-steps, 0.37 misses and 0.37 copies a layer-step (374 / 374)
  kstage: cache: 12 layer-steps, 6.00 misses and 6.00 copies a layer-step (72 / 72)
  kstage: cache: 185 layer-steps, 1.43 misses and 1.43 copies a layer-step (265 / 265)
  kstage: cache: 196 layer-steps, 1.35 misses and 1.35 copies a layer-step (265 / 265)
  kstage: cache: 207 layer-steps, 1.28 misses and 1.28 copies a layer-step (265 / 265)
  kstage: cache: 23 layers, 765 experts cold (33.3 a layer), 15.38 GiB host pages, 11.48 GiB device, policy global, profile /prof/p7-all.json (all); slots all: pinned/slots per layer ['0/125', '0/123', '0/117', '0/92', '0/86', '0/86', '0/91', '0/88', '0/82', '0/103', '0/79', '0/91', '0/96', '0/100', '0/92', '0/92', '0/87', '0/81', '0/89', '0/96', '0/93', '0/89', '0/101']; evict lru; frozen from never tokens; DMA from 64 tokens: 49 staging rows, 1 buffers, 0.27 GiB; ahead below 64 tokens, top 6, 4 tensors on the copy engine
  kstage: cache: 23 layer-steps, 3.96 misses and 3.96 copies a layer-step (91 / 91)
  kstage: cache: 25 layer-steps, 3.76 misses and 3.76 copies a layer-step (94 / 94)
  kstage: cache: 299 layer-steps, 0.89 misses and 0.89 copies a layer-step (265 / 265)
  kstage: cache: 322 layer-steps, 0.82 misses and 0.82 copies a layer-step (265 / 265)
  kstage: cache: 368 layer-steps, 0.72 misses and 0.72 copies a layer-step (265 / 265)
  kstage: cache: 48 layer-steps, 2.81 misses and 2.81 copies a layer-step (135 / 135)
  kstage: cache: 618 layer-steps, 0.50 misses and 0.50 copies a layer-step (312 / 312)
  kstage: cache: 69 layer-steps, 3.77 misses and 3.77 copies a layer-step (260 / 260)
  kstage: cache: 897 layer-steps, 0.35 misses and 0.35 copies a layer-step (312 / 312)
  kstage: cache: 92 layer-steps, 2.83 misses and 2.83 copies a layer-step (260 / 260)
  kstage: cache: 943 layer-steps, 0.36 misses and 0.36 copies a layer-step (340 / 340)
  kstage: installed in 2.4s; device memory free 8.35 GiB
  kstage: registered, mode cache
  host RAM used: +20569 MiB, 38033 MiB available
  bench: exit 0, 20s
  decode c=1: per-stream median 163.0 tok/s, aggregate 163.6 tok/s, 1/1 ok
  decode c=4: per-stream median 73.3 tok/s, aggregate 249.2 tok/s, 4/4 ok
  decode c=16: per-stream median 23.6 tok/s, aggregate 351.0 tok/s, 16/16 ok
  max running/waiting: Running: 16 reqs, Waiting: 0 reqs
== phase p20-live-lfu-r2 13:45:37Z maxlen 131072 work: decode ks: KSTAGE=cache KSTAGE_COLD_GB=4 KSTAGE_PROFILE=/prof/p7-all.json KSTAGE_STATS=1 KSTAGE_SLOTS=all KSTAGE_DMA_M=64 KSTAGE_DMA_BUF=1 KSTAGE_COPY_LIVE=82 KSTAGE_EVICT=lfu
  free in 2 MiB+ blocks: 16.3 GiB
ready in 110s; Model loading took 2.34 GiB;Available KV cache memory: 5.44 GiB;GPU KV cache size: 1,490,944 tokens;
  mem: Maximum concurrency for 131,072 tokens per request: 11.38x;Actual usage is 14.94 GiB for consumed memory (weights + non-torch), 1.14 GiB for peak activation, and 0.1 GiB for CUDAGraph;
  kstage: cache: 1012 layer-steps, 0.44 misses and 0.44 copies a layer-step (447 / 447)
  kstage: cache: 159 layer-steps, 1.66 misses and 1.66 copies a layer-step (264 / 264)
  kstage: cache: 185 layer-steps, 1.43 misses and 1.43 copies a layer-step (264 / 264)
  kstage: cache: 19 layer-steps, 4.26 misses and 4.26 copies a layer-step (81 / 81)
  kstage: cache: 1 layer-steps, 1.00 misses and 1.00 copies a layer-step (1 / 1)
  kstage: cache: 203 layer-steps, 1.30 misses and 1.30 copies a layer-step (264 / 264)
  kstage: cache: 23 layers, 765 experts cold (33.3 a layer), 15.38 GiB host pages, 11.48 GiB device, policy global, profile /prof/p7-all.json (all); slots all: pinned/slots per layer ['0/125', '0/123', '0/117', '0/92', '0/86', '0/86', '0/91', '0/88', '0/82', '0/103', '0/79', '0/91', '0/96', '0/100', '0/92', '0/92', '0/87', '0/81', '0/89', '0/96', '0/93', '0/89', '0/101']; evict lfu6; frozen from never tokens; DMA from 64 tokens: 49 staging rows, 1 buffers, 0.27 GiB
  kstage: cache: 25 layer-steps, 3.76 misses and 3.76 copies a layer-step (94 / 94)
  kstage: cache: 276 layer-steps, 0.96 misses and 0.96 copies a layer-step (264 / 264)
  kstage: cache: 301 layer-steps, 0.88 misses and 0.88 copies a layer-step (264 / 264)
  kstage: cache: 368 layer-steps, 0.72 misses and 0.72 copies a layer-step (264 / 264)
  kstage: cache: 485 layer-steps, 0.64 misses and 0.64 copies a layer-step (310 / 310)
  kstage: cache: 48 layer-steps, 2.83 misses and 2.83 copies a layer-step (136 / 136)
  kstage: cache: 69 layer-steps, 3.75 misses and 3.75 copies a layer-step (259 / 259)
  kstage: cache: 782 layer-steps, 0.40 misses and 0.40 copies a layer-step (310 / 310)
  kstage: cache: 920 layer-steps, 0.34 misses and 0.34 copies a layer-step (310 / 310)
  kstage: cache: 943 layer-steps, 0.39 misses and 0.39 copies a layer-step (369 / 369)
  kstage: installed in 2.0s; device memory free 8.64 GiB
  kstage: registered, mode cache
  host RAM used: +20247 MiB, 38323 MiB available
  bench: exit 0, 17s
  decode c=1: per-stream median 175.4 tok/s, aggregate 176.1 tok/s, 1/1 ok
  decode c=4: per-stream median 76.8 tok/s, aggregate 259.6 tok/s, 4/4 ok
  decode c=16: per-stream median 28.9 tok/s, aggregate 415.1 tok/s, 16/16 ok
  max running/waiting: Running: 12 reqs, Waiting: 0 reqs
== phase p20-live-r2 13:47:47Z maxlen 131072 work: decode ks: KSTAGE=cache KSTAGE_COLD_GB=4 KSTAGE_PROFILE=/prof/p7-all.json KSTAGE_STATS=1 KSTAGE_SLOTS=all KSTAGE_DMA_M=64 KSTAGE_DMA_BUF=1 KSTAGE_COPY_LIVE=82
  free in 2 MiB+ blocks: 16.3 GiB
ready in 110s; Model loading took 2.34 GiB;Available KV cache memory: 5.44 GiB;GPU KV cache size: 1,490,944 tokens;
  mem: Maximum concurrency for 131,072 tokens per request: 11.38x;Actual usage is 14.94 GiB for consumed memory (weights + non-torch), 1.14 GiB for peak activation, and 0.1 GiB for CUDAGraph;
  kstage: cache: 1012 layer-steps, 0.44 misses and 0.44 copies a layer-step (447 / 447)
  kstage: cache: 184 layer-steps, 1.45 misses and 1.45 copies a layer-step (266 / 266)
  kstage: cache: 196 layer-steps, 1.36 misses and 1.36 copies a layer-step (266 / 266)
  kstage: cache: 19 layer-steps, 4.26 misses and 4.26 copies a layer-step (81 / 81)
  kstage: cache: 23 layers, 765 experts cold (33.3 a layer), 15.38 GiB host pages, 11.48 GiB device, policy global, profile /prof/p7-all.json (all); slots all: pinned/slots per layer ['0/125', '0/123', '0/117', '0/92', '0/86', '0/86', '0/91', '0/88', '0/82', '0/103', '0/79', '0/91', '0/96', '0/100', '0/92', '0/92', '0/87', '0/81', '0/89', '0/96', '0/93', '0/89', '0/101']; evict lru; frozen from never tokens; DMA from 64 tokens: 49 staging rows, 1 buffers, 0.27 GiB
  kstage: cache: 243 layer-steps, 1.09 misses and 1.09 copies a layer-step (266 / 266)
  kstage: cache: 299 layer-steps, 0.89 misses and 0.89 copies a layer-step (266 / 266)
  kstage: cache: 2 layer-steps, 2.00 misses and 2.00 copies a layer-step (4 / 4)
  kstage: cache: 368 layer-steps, 0.72 misses and 0.72 copies a layer-step (266 / 266)
  kstage: cache: 437 layer-steps, 0.72 misses and 0.72 copies a layer-step (313 / 313)
  kstage: cache: 46 layer-steps, 2.96 misses and 2.96 copies a layer-step (136 / 136)
  kstage: cache: 48 layer-steps, 2.83 misses and 2.83 copies a layer-step (136 / 136)
  kstage: cache: 69 layer-steps, 3.78 misses and 3.78 copies a layer-step (261 / 261)
  kstage: cache: 71 layer-steps, 3.68 misses and 3.68 copies a layer-step (261 / 261)
  kstage: cache: 725 layer-steps, 0.43 misses and 0.43 copies a layer-step (313 / 313)
  kstage: cache: 920 layer-steps, 0.34 misses and 0.34 copies a layer-step (313 / 313)
  kstage: cache: 943 layer-steps, 0.39 misses and 0.39 copies a layer-step (372 / 372)
  kstage: installed in 2.0s; device memory free 8.64 GiB
  kstage: registered, mode cache
  host RAM used: +20285 MiB, 38284 MiB available
  bench: exit 0, 19s
  decode c=1: per-stream median 181.2 tok/s, aggregate 181.9 tok/s, 1/1 ok
  decode c=4: per-stream median 72.4 tok/s, aggregate 247.0 tok/s, 4/4 ok
  decode c=16: per-stream median 26.2 tok/s, aggregate 378.9 tok/s, 16/16 ok
  max running/waiting: Running: 16 reqs, Waiting: 0 reqs
== phase p20-few-r2 13:49:58Z maxlen 131072 work: decode ks: KSTAGE=cache KSTAGE_COLD_GB=4 KSTAGE_PROFILE=/prof/p7-all.json KSTAGE_STATS=1 KSTAGE_SLOTS=all KSTAGE_DMA_M=64 KSTAGE_DMA_BUF=1 KSTAGE_COPY=82
  free in 2 MiB+ blocks: 16.3 GiB
ready in 111s; Model loading took 2.34 GiB;Available KV cache memory: 5.44 GiB;GPU KV cache size: 1,490,944 tokens;
  mem: Maximum concurrency for 131,072 tokens per request: 11.38x;Actual usage is 14.94 GiB for consumed memory (weights + non-torch), 1.14 GiB for peak activation, and 0.1 GiB for CUDAGraph;
  kstage: cache: 1012 layer-steps, 0.46 misses and 0.46 copies a layer-step (464 / 464)
  kstage: cache: 184 layer-steps, 1.45 misses and 1.45 copies a layer-step (266 / 266)
  kstage: cache: 196 layer-steps, 1.36 misses and 1.36 copies a layer-step (266 / 266)
  kstage: cache: 19 layer-steps, 4.26 misses and 4.26 copies a layer-step (81 / 81)
  kstage: cache: 207 layer-steps, 1.29 misses and 1.29 copies a layer-step (266 / 266)
  kstage: cache: 23 layers, 765 experts cold (33.3 a layer), 15.38 GiB host pages, 11.48 GiB device, policy global, profile /prof/p7-all.json (all); slots all: pinned/slots per layer ['0/125', '0/123', '0/117', '0/92', '0/86', '0/86', '0/91', '0/88', '0/82', '0/103', '0/79', '0/91', '0/96', '0/100', '0/92', '0/92', '0/87', '0/81', '0/89', '0/96', '0/93', '0/89', '0/101']; evict lru; frozen from never tokens; DMA from 64 tokens: 49 staging rows, 1 buffers, 0.27 GiB
  kstage: cache: 299 layer-steps, 0.89 misses and 0.89 copies a layer-step (266 / 266)
  kstage: cache: 346 layer-steps, 0.77 misses and 0.77 copies a layer-step (266 / 266)
  kstage: cache: 368 layer-steps, 0.72 misses and 0.72 copies a layer-step (266 / 266)
  kstage: cache: 46 layer-steps, 2.96 misses and 2.96 copies a layer-step (136 / 136)
  kstage: cache: 48 layer-steps, 2.83 misses and 2.83 copies a layer-step (136 / 136)
  kstage: cache: 49 layer-steps, 2.82 misses and 2.82 copies a layer-step (138 / 138)
  kstage: cache: 4 layer-steps, 8.50 misses and 8.50 copies a layer-step (34 / 34)
  kstage: cache: 630 layer-steps, 0.50 misses and 0.50 copies a layer-step (313 / 313)
  kstage: cache: 71 layer-steps, 3.68 misses and 3.68 copies a layer-step (261 / 261)
  kstage: cache: 920 layer-steps, 0.34 misses and 0.34 copies a layer-step (313 / 313)
  kstage: cache: 943 layer-steps, 0.39 misses and 0.39 copies a layer-step (372 / 372)
  kstage: installed in 2.0s; device memory free 8.64 GiB
  kstage: registered, mode cache
  host RAM used: +20246 MiB, 38338 MiB available
  bench: exit 0, 19s
  decode c=1: per-stream median 174.6 tok/s, aggregate 175.3 tok/s, 1/1 ok
  decode c=4: per-stream median 71.2 tok/s, aggregate 243.6 tok/s, 4/4 ok
  decode c=16: per-stream median 25.2 tok/s, aggregate 372.7 tok/s, 16/16 ok
  max running/waiting: Running: 16 reqs, Waiting: 0 reqs
== phase p20-base-r2 13:52:09Z maxlen 131072 work: decode ks: KSTAGE=cache KSTAGE_COLD_GB=4 KSTAGE_PROFILE=/prof/p7-all.json KSTAGE_STATS=1 KSTAGE_SLOTS=all KSTAGE_DMA_M=64 KSTAGE_DMA_BUF=1
  free in 2 MiB+ blocks: 16.3 GiB
ready in 111s; Model loading took 2.34 GiB;Available KV cache memory: 5.44 GiB;GPU KV cache size: 1,490,944 tokens;
  mem: Maximum concurrency for 131,072 tokens per request: 11.38x;Actual usage is 14.94 GiB for consumed memory (weights + non-torch), 1.14 GiB for peak activation, and 0.1 GiB for CUDAGraph;
  kstage: cache: 1012 layer-steps, 0.45 misses and 0.45 copies a layer-step (459 / 459)
  kstage: cache: 12 layer-steps, 6.00 misses and 6.00 copies a layer-step (72 / 72)
  kstage: cache: 185 layer-steps, 1.43 misses and 1.43 copies a layer-step (265 / 265)
  kstage: cache: 203 layer-steps, 1.31 misses and 1.31 copies a layer-step (265 / 265)
  kstage: cache: 23 layers, 765 experts cold (33.3 a layer), 15.38 GiB host pages, 11.48 GiB device, policy global, profile /prof/p7-all.json (all); slots all: pinned/slots per layer ['0/125', '0/123', '0/117', '0/92', '0/86', '0/86', '0/91', '0/88', '0/82', '0/103', '0/79', '0/91', '0/96', '0/100', '0/92', '0/92', '0/87', '0/81', '0/89', '0/96', '0/93', '0/89', '0/101']; evict lru; frozen from never tokens; DMA from 64 tokens: 49 staging rows, 1 buffers, 0.27 GiB
  kstage: cache: 23 layer-steps, 3.96 misses and 3.96 copies a layer-step (91 / 91)
  kstage: cache: 276 layer-steps, 0.96 misses and 0.96 copies a layer-step (265 / 265)
  kstage: cache: 299 layer-steps, 0.89 misses and 0.89 copies a layer-step (265 / 265)
  kstage: cache: 368 layer-steps, 0.72 misses and 0.72 copies a layer-step (265 / 265)
  kstage: cache: 449 layer-steps, 0.69 misses and 0.69 copies a layer-step (312 / 312)
  kstage: cache: 48 layer-steps, 2.81 misses and 2.81 copies a layer-step (135 / 135)
  kstage: cache: 69 layer-steps, 3.77 misses and 3.77 copies a layer-step (260 / 260)
  kstage: cache: 736 layer-steps, 0.42 misses and 0.42 copies a layer-step (312 / 312)
  kstage: cache: 920 layer-steps, 0.34 misses and 0.34 copies a layer-step (312 / 312)
  kstage: cache: 92 layer-steps, 2.83 misses and 2.83 copies a layer-step (260 / 260)
  kstage: cache: 943 layer-steps, 0.39 misses and 0.39 copies a layer-step (371 / 371)
  kstage: installed in 2.0s; device memory free 8.64 GiB
  kstage: registered, mode cache
  host RAM used: +20226 MiB, 38358 MiB available
  bench: exit 0, 19s
  decode c=1: per-stream median 166.1 tok/s, aggregate 166.8 tok/s, 1/1 ok
  decode c=4: per-stream median 67.5 tok/s, aggregate 262.4 tok/s, 4/4 ok
  decode c=16: per-stream median 23.9 tok/s, aggregate 355.2 tok/s, 16/16 ok
  max running/waiting: Running: 16 reqs, Waiting: 0 reqs
== phase p20-live-trace 13:54:21Z maxlen 131072 ks: KSTAGE=cache KSTAGE_COLD_GB=4 KSTAGE_PROFILE=/prof/p7-all.json KSTAGE_STATS=30 KSTAGE_SLOTS=all KSTAGE_DMA_M=64 KSTAGE_DMA_BUF=1 KSTAGE_COPY_LIVE=82
  free in 2 MiB+ blocks: 16.2 GiB
ready in 111s; Model loading took 2.34 GiB;Available KV cache memory: 5.44 GiB;GPU KV cache size: 1,490,944 tokens;
  mem: Maximum concurrency for 131,072 tokens per request: 11.38x;Actual usage is 14.94 GiB for consumed memory (weights + non-torch), 1.14 GiB for peak activation, and 0.1 GiB for CUDAGraph;
  kstage: cache: 23 layers, 765 experts cold (33.3 a layer), 15.38 GiB host pages, 11.48 GiB device, policy global, profile /prof/p7-all.json (all); slots all: pinned/slots per layer ['0/125', '0/123', '0/117', '0/92', '0/86', '0/86', '0/91', '0/88', '0/82', '0/103', '0/79', '0/91', '0/96', '0/100', '0/92', '0/92', '0/87', '0/81', '0/89', '0/96', '0/93', '0/89', '0/101']; evict lru; frozen from never tokens; DMA from 64 tokens: 49 staging rows, 1 buffers, 0.27 GiB
  kstage: cache: 368 layer-steps, 0.72 misses and 0.72 copies a layer-step (265 / 265)
  kstage: installed in 2.0s; device memory free 8.64 GiB
  kstage: registered, mode cache
  host RAM used: +20397 MiB, 38222 MiB available
  trace: exit 0
  c=1: profiled 0.6 s, start+stop took 8.3 s, streams still running at stop: 1
  c=1: 1 streams, median decode 85.9 tok/s
  c=4: profiled 0.6 s, start+stop took 6.3 s, streams still running at stop: 4
  c=4: 4 streams, median decode 76.0 tok/s
  c=16: profiled 0.6 s, start+stop took 2.9 s, streams still running at stop: 16
  c=16: 16 streams, median decode 43.1 tok/s
  trace file: dp0_pp0_tp0_dcp0_ep0_rank0.1791381377503549601.pt.trace.json.gz
  trace file: dp0_pp0_tp0_dcp0_ep0_rank0.1791381392155187113.pt.trace.json.gz
  trace file: dp0_pp0_tp0_dcp0_ep0_rank0.1791381408085218175.pt.trace.json.gz
  trace file: profiler_out_0.txt
== done 13:57:13Z
profile: performance
=== 2026-10-07T15:54:27Z: traces of live+ahead and live+LFU vs p20-live-trace
== phase p20-live-ahead-trace 15:54:27Z maxlen 131072 ks: KSTAGE=cache KSTAGE_COLD_GB=4 KSTAGE_PROFILE=/prof/p7-all.json KSTAGE_STATS=30 KSTAGE_SLOTS=all KSTAGE_DMA_M=64 KSTAGE_DMA_BUF=1 KSTAGE_COPY_LIVE=82 KSTAGE_AHEAD=1
  free in 2 MiB+ blocks: 16.0 GiB
ready in 116s; Model loading took 2.37 GiB;Available KV cache memory: 5.15 GiB;GPU KV cache size: 1,412,300 tokens;
  mem: Maximum concurrency for 131,072 tokens per request: 10.78x;Actual usage is 15.22 GiB for consumed memory (weights + non-torch), 1.15 GiB for peak activation, and 0.1 GiB for CUDAGraph;
  kstage: cache: 207 layer-steps, 1.29 misses and 1.29 copies a layer-step (266 / 266); ahead fills used 0, evicted unused 0, misses of experts the fill evicted 0
  kstage: cache: 23 layers, 765 experts cold (33.3 a layer), 15.38 GiB host pages, 11.48 GiB device, policy global, profile /prof/p7-all.json (all); slots all: pinned/slots per layer ['0/125', '0/123', '0/117', '0/92', '0/86', '0/86', '0/91', '0/88', '0/82', '0/103', '0/79', '0/91', '0/96', '0/100', '0/92', '0/92', '0/87', '0/81', '0/89', '0/96', '0/93', '0/89', '0/101']; evict lru; frozen from never tokens; DMA from 64 tokens: 49 staging rows, 1 buffers, 0.27 GiB; ahead below 64 tokens, top 6, 4 tensors on the copy engine
  kstage: installed in 2.5s; device memory free 8.35 GiB
  kstage: registered, mode cache
  host RAM used: +20461 MiB, 38281 MiB available
  trace: exit 0
  c=1: profiled 0.6 s, start+stop took 8.8 s, streams still running at stop: 1
  c=1: 1 streams, median decode 79.2 tok/s
  c=4: profiled 0.6 s, start+stop took 6.0 s, streams still running at stop: 4
  c=4: 4 streams, median decode 68.2 tok/s
  c=16: profiled 0.6 s, start+stop took 3.6 s, streams still running at stop: 16
  c=16: 16 streams, median decode 41.8 tok/s
  trace file: dp0_pp0_tp0_dcp0_ep0_rank0.1791388588621392032.pt.trace.json.gz
  trace file: dp0_pp0_tp0_dcp0_ep0_rank0.1791388604410333403.pt.trace.json.gz
  trace file: dp0_pp0_tp0_dcp0_ep0_rank0.1791388622204975582.pt.trace.json.gz
  trace file: profiler_out_0.txt
== phase p20-live-lfu-trace 15:57:28Z maxlen 131072 ks: KSTAGE=cache KSTAGE_COLD_GB=4 KSTAGE_PROFILE=/prof/p7-all.json KSTAGE_STATS=30 KSTAGE_SLOTS=all KSTAGE_DMA_M=64 KSTAGE_DMA_BUF=1 KSTAGE_COPY_LIVE=82 KSTAGE_EVICT=lfu
  free in 2 MiB+ blocks: 16.0 GiB
ready in 110s; Model loading took 2.34 GiB;Available KV cache memory: 5.44 GiB;GPU KV cache size: 1,490,944 tokens;
  mem: Maximum concurrency for 131,072 tokens per request: 11.38x;Actual usage is 14.94 GiB for consumed memory (weights + non-torch), 1.14 GiB for peak activation, and 0.1 GiB for CUDAGraph;
  kstage: cache: 23 layers, 765 experts cold (33.3 a layer), 15.38 GiB host pages, 11.48 GiB device, policy global, profile /prof/p7-all.json (all); slots all: pinned/slots per layer ['0/125', '0/123', '0/117', '0/92', '0/86', '0/86', '0/91', '0/88', '0/82', '0/103', '0/79', '0/91', '0/96', '0/100', '0/92', '0/92', '0/87', '0/81', '0/89', '0/96', '0/93', '0/89', '0/101']; evict lfu6; frozen from never tokens; DMA from 64 tokens: 49 staging rows, 1 buffers, 0.27 GiB
  kstage: cache: 368 layer-steps, 0.71 misses and 0.71 copies a layer-step (263 / 263)
  kstage: installed in 2.1s; device memory free 8.64 GiB
  kstage: registered, mode cache
  host RAM used: +20202 MiB, 38549 MiB available
  trace: exit 0
  c=1: profiled 0.6 s, start+stop took 8.3 s, streams still running at stop: 1
  c=1: 1 streams, median decode 86.9 tok/s
  c=4: profiled 0.6 s, start+stop took 5.7 s, streams still running at stop: 4
  c=4: 4 streams, median decode 74.6 tok/s
  c=16: profiled 0.6 s, start+stop took 3.2 s, streams still running at stop: 16
  c=16: 16 streams, median decode 48.0 tok/s
  trace file: dp0_pp0_tp0_dcp0_ep0_rank0.1791388764176571542.pt.trace.json.gz
  trace file: dp0_pp0_tp0_dcp0_ep0_rank0.1791388778657480382.pt.trace.json.gz
  trace file: dp0_pp0_tp0_dcp0_ep0_rank0.1791388794937467849.pt.trace.json.gz
  trace file: profiler_out_0.txt
== done 16:00:17Z
profile: performance
