=== chain 2026-10-07T15:07:26Z: B5 counters, one concurrency a server; LFU ahead without the predicted-use bump
== phase p21-live-ahead-c1 15:07:26Z maxlen 131072 work: decode ks: KSTAGE=cache KSTAGE_COLD_GB=4 KSTAGE_PROFILE=/prof/p7-all.json KSTAGE_STATS=1 KSTAGE_SLOTS=all KSTAGE_DMA_M=64 KSTAGE_DMA_BUF=1 KSTAGE_COPY_LIVE=82 KSTAGE_AHEAD=1
  free in 2 MiB+ blocks: 16.5 GiB
ready in 115s; Model loading took 2.37 GiB;Available KV cache memory: 5.15 GiB;GPU KV cache size: 1,412,300 tokens;
  mem: Maximum concurrency for 131,072 tokens per request: 10.78x;Actual usage is 15.22 GiB for consumed memory (weights + non-torch), 1.15 GiB for peak activation, and 0.1 GiB for CUDAGraph;
  kstage: cache: 1012 layer-steps, 0.37 misses and 0.37 copies a layer-step (377 / 377); ahead fills used 85, evicted unused 0, misses of experts the fill evicted 4
  kstage: cache: 12 layer-steps, 6.00 misses and 6.00 copies a layer-step (72 / 72); ahead fills used 0, evicted unused 0, misses of experts the fill evicted 0
  kstage: cache: 184 layer-steps, 1.44 misses and 1.44 copies a layer-step (265 / 265); ahead fills used 0, evicted unused 0, misses of experts the fill evicted 0
  kstage: cache: 196 layer-steps, 1.35 misses and 1.35 copies a layer-step (265 / 265); ahead fills used 0, evicted unused 0, misses of experts the fill evicted 0
  kstage: cache: 207 layer-steps, 1.28 misses and 1.28 copies a layer-step (265 / 265); ahead fills used 0, evicted unused 0, misses of experts the fill evicted 0
  kstage: cache: 23 layers, 765 experts cold (33.3 a layer), 15.38 GiB host pages, 11.48 GiB device, policy global, profile /prof/p7-all.json (all); slots all: pinned/slots per layer ['0/125', '0/123', '0/117', '0/92', '0/86', '0/86', '0/91', '0/88', '0/82', '0/103', '0/79', '0/91', '0/96', '0/100', '0/92', '0/92', '0/87', '0/81', '0/89', '0/96', '0/93', '0/89', '0/101']; evict lru; frozen from never tokens; DMA from 64 tokens: 49 staging rows, 1 buffers, 0.27 GiB; ahead below 64 tokens, top 6, 4 tensors on the copy engine
  kstage: cache: 23 layer-steps, 3.96 misses and 3.96 copies a layer-step (91 / 91); ahead fills used 0, evicted unused 0, misses of experts the fill evicted 0
  kstage: cache: 276 layer-steps, 0.96 misses and 0.96 copies a layer-step (265 / 265); ahead fills used 0, evicted unused 0, misses of experts the fill evicted 0
  kstage: cache: 301 layer-steps, 0.88 misses and 0.88 copies a layer-step (265 / 265); ahead fills used 0, evicted unused 0, misses of experts the fill evicted 0
  kstage: cache: 368 layer-steps, 0.72 misses and 0.72 copies a layer-step (265 / 265); ahead fills used 0, evicted unused 0, misses of experts the fill evicted 0
  kstage: cache: 447 layer-steps, 0.70 misses and 0.70 copies a layer-step (312 / 312); ahead fills used 0, evicted unused 0, misses of experts the fill evicted 0
  kstage: cache: 48 layer-steps, 2.81 misses and 2.81 copies a layer-step (135 / 135); ahead fills used 0, evicted unused 0, misses of experts the fill evicted 0
  kstage: cache: 69 layer-steps, 3.77 misses and 3.77 copies a layer-step (260 / 260); ahead fills used 0, evicted unused 0, misses of experts the fill evicted 0
  kstage: cache: 713 layer-steps, 0.44 misses and 0.44 copies a layer-step (312 / 312); ahead fills used 0, evicted unused 0, misses of experts the fill evicted 0
  kstage: cache: 71 layer-steps, 3.66 misses and 3.66 copies a layer-step (260 / 260); ahead fills used 0, evicted unused 0, misses of experts the fill evicted 0
  kstage: cache: 920 layer-steps, 0.34 misses and 0.34 copies a layer-step (312 / 312); ahead fills used 0, evicted unused 0, misses of experts the fill evicted 0
  kstage: cache: 943 layer-steps, 0.36 misses and 0.36 copies a layer-step (340 / 340); ahead fills used 33, evicted unused 0, misses of experts the fill evicted 3
  kstage: installed in 2.9s; device memory free 8.35 GiB
  kstage: registered, mode cache
  host RAM used: +20475 MiB, 38251 MiB available
  bench: exit 0, 4s
  decode c=1: per-stream median 157.4 tok/s, aggregate 158.0 tok/s, 1/1 ok
  max running/waiting: 
== phase p21-live-lfu-ahead-c1 15:09:26Z maxlen 131072 work: decode ks: KSTAGE=cache KSTAGE_COLD_GB=4 KSTAGE_PROFILE=/prof/p7-all.json KSTAGE_STATS=1 KSTAGE_SLOTS=all KSTAGE_DMA_M=64 KSTAGE_DMA_BUF=1 KSTAGE_COPY_LIVE=82 KSTAGE_EVICT=lfu KSTAGE_AHEAD=1
  free in 2 MiB+ blocks: 16.5 GiB
ready in 116s; Model loading took 2.37 GiB;Available KV cache memory: 5.15 GiB;GPU KV cache size: 1,412,300 tokens;
  mem: Maximum concurrency for 131,072 tokens per request: 10.78x;Actual usage is 15.22 GiB for consumed memory (weights + non-torch), 1.15 GiB for peak activation, and 0.1 GiB for CUDAGraph;
  kstage: cache: 1012 layer-steps, 0.37 misses and 0.37 copies a layer-step (373 / 373); ahead fills used 90, evicted unused 34, misses of experts the fill evicted 5
  kstage: cache: 184 layer-steps, 1.43 misses and 1.43 copies a layer-step (263 / 263); ahead fills used 0, evicted unused 0, misses of experts the fill evicted 0
  kstage: cache: 207 layer-steps, 1.27 misses and 1.27 copies a layer-step (263 / 263); ahead fills used 0, evicted unused 0, misses of experts the fill evicted 0
  kstage: cache: 23 layers, 765 experts cold (33.3 a layer), 15.38 GiB host pages, 11.48 GiB device, policy global, profile /prof/p7-all.json (all); slots all: pinned/slots per layer ['0/125', '0/123', '0/117', '0/92', '0/86', '0/86', '0/91', '0/88', '0/82', '0/103', '0/79', '0/91', '0/96', '0/100', '0/92', '0/92', '0/87', '0/81', '0/89', '0/96', '0/93', '0/89', '0/101']; evict lfu6; frozen from never tokens; DMA from 64 tokens: 49 staging rows, 1 buffers, 0.27 GiB; ahead below 64 tokens, top 6, 4 tensors on the copy engine
  kstage: cache: 23 layer-steps, 3.96 misses and 3.96 copies a layer-step (91 / 91); ahead fills used 0, evicted unused 0, misses of experts the fill evicted 0
  kstage: cache: 25 layer-steps, 3.76 misses and 3.76 copies a layer-step (94 / 94); ahead fills used 0, evicted unused 0, misses of experts the fill evicted 0
  kstage: cache: 299 layer-steps, 0.88 misses and 0.88 copies a layer-step (263 / 263); ahead fills used 0, evicted unused 0, misses of experts the fill evicted 0
  kstage: cache: 301 layer-steps, 0.87 misses and 0.87 copies a layer-step (263 / 263); ahead fills used 0, evicted unused 0, misses of experts the fill evicted 0
  kstage: cache: 368 layer-steps, 0.71 misses and 0.71 copies a layer-step (263 / 263); ahead fills used 0, evicted unused 0, misses of experts the fill evicted 0
  kstage: cache: 48 layer-steps, 2.81 misses and 2.81 copies a layer-step (135 / 135); ahead fills used 0, evicted unused 0, misses of experts the fill evicted 0
  kstage: cache: 506 layer-steps, 0.61 misses and 0.61 copies a layer-step (309 / 309); ahead fills used 0, evicted unused 0, misses of experts the fill evicted 0
  kstage: cache: 69 layer-steps, 3.74 misses and 3.74 copies a layer-step (258 / 258); ahead fills used 0, evicted unused 0, misses of experts the fill evicted 0
  kstage: cache: 782 layer-steps, 0.40 misses and 0.40 copies a layer-step (309 / 309); ahead fills used 0, evicted unused 0, misses of experts the fill evicted 0
  kstage: cache: 920 layer-steps, 0.34 misses and 0.34 copies a layer-step (309 / 309); ahead fills used 0, evicted unused 0, misses of experts the fill evicted 0
  kstage: cache: 92 layer-steps, 2.80 misses and 2.80 copies a layer-step (258 / 258); ahead fills used 0, evicted unused 0, misses of experts the fill evicted 0
  kstage: cache: 943 layer-steps, 0.36 misses and 0.36 copies a layer-step (336 / 336); ahead fills used 34, evicted unused 13, misses of experts the fill evicted 3
  kstage: installed in 2.4s; device memory free 8.35 GiB
  kstage: registered, mode cache
  host RAM used: +20196 MiB, 38331 MiB available
  bench: exit 0, 3s
  decode c=1: per-stream median 159.9 tok/s, aggregate 160.6 tok/s, 1/1 ok
  max running/waiting: 
== phase p21-live-ahead-c4 15:11:27Z maxlen 131072 work: decode ks: KSTAGE=cache KSTAGE_COLD_GB=4 KSTAGE_PROFILE=/prof/p7-all.json KSTAGE_STATS=1 KSTAGE_SLOTS=all KSTAGE_DMA_M=64 KSTAGE_DMA_BUF=1 KSTAGE_COPY_LIVE=82 KSTAGE_AHEAD=1
  free in 2 MiB+ blocks: 16.4 GiB
ready in 111s; Model loading took 2.37 GiB;Available KV cache memory: 5.15 GiB;GPU KV cache size: 1,412,300 tokens;
  mem: Maximum concurrency for 131,072 tokens per request: 10.78x;Actual usage is 15.22 GiB for consumed memory (weights + non-torch), 1.15 GiB for peak activation, and 0.1 GiB for CUDAGraph;
  kstage: cache: 1012 layer-steps, 0.37 misses and 0.37 copies a layer-step (377 / 377); ahead fills used 94, evicted unused 0, misses of experts the fill evicted 4
  kstage: cache: 12 layer-steps, 6.00 misses and 6.00 copies a layer-step (72 / 72); ahead fills used 0, evicted unused 0, misses of experts the fill evicted 0
  kstage: cache: 183 layer-steps, 1.45 misses and 1.45 copies a layer-step (265 / 265); ahead fills used 0, evicted unused 0, misses of experts the fill evicted 0
  kstage: cache: 196 layer-steps, 1.35 misses and 1.35 copies a layer-step (265 / 265); ahead fills used 0, evicted unused 0, misses of experts the fill evicted 0
  kstage: cache: 207 layer-steps, 1.28 misses and 1.28 copies a layer-step (265 / 265); ahead fills used 0, evicted unused 0, misses of experts the fill evicted 0
  kstage: cache: 23 layers, 765 experts cold (33.3 a layer), 15.38 GiB host pages, 11.48 GiB device, policy global, profile /prof/p7-all.json (all); slots all: pinned/slots per layer ['0/125', '0/123', '0/117', '0/92', '0/86', '0/86', '0/91', '0/88', '0/82', '0/103', '0/79', '0/91', '0/96', '0/100', '0/92', '0/92', '0/87', '0/81', '0/89', '0/96', '0/93', '0/89', '0/101']; evict lru; frozen from never tokens; DMA from 64 tokens: 49 staging rows, 1 buffers, 0.27 GiB; ahead below 64 tokens, top 6, 4 tensors on the copy engine
  kstage: cache: 23 layer-steps, 3.96 misses and 3.96 copies a layer-step (91 / 91); ahead fills used 0, evicted unused 0, misses of experts the fill evicted 0
  kstage: cache: 276 layer-steps, 0.96 misses and 0.96 copies a layer-step (265 / 265); ahead fills used 0, evicted unused 0, misses of experts the fill evicted 0
  kstage: cache: 299 layer-steps, 0.89 misses and 0.89 copies a layer-step (265 / 265); ahead fills used 0, evicted unused 0, misses of experts the fill evicted 0
  kstage: cache: 368 layer-steps, 0.72 misses and 0.72 copies a layer-step (265 / 265); ahead fills used 0, evicted unused 0, misses of experts the fill evicted 0
  kstage: cache: 434 layer-steps, 0.72 misses and 0.72 copies a layer-step (311 / 311); ahead fills used 0, evicted unused 0, misses of experts the fill evicted 0
  kstage: cache: 46 layer-steps, 2.93 misses and 2.93 copies a layer-step (135 / 135); ahead fills used 0, evicted unused 0, misses of experts the fill evicted 0
  kstage: cache: 48 layer-steps, 2.81 misses and 2.81 copies a layer-step (135 / 135); ahead fills used 0, evicted unused 0, misses of experts the fill evicted 0
  kstage: cache: 690 layer-steps, 0.45 misses and 0.45 copies a layer-step (312 / 312); ahead fills used 0, evicted unused 0, misses of experts the fill evicted 0
  kstage: cache: 69 layer-steps, 3.77 misses and 3.77 copies a layer-step (260 / 260); ahead fills used 0, evicted unused 0, misses of experts the fill evicted 0
  kstage: cache: 920 layer-steps, 0.34 misses and 0.34 copies a layer-step (312 / 312); ahead fills used 0, evicted unused 0, misses of experts the fill evicted 0
  kstage: cache: 943 layer-steps, 0.36 misses and 0.36 copies a layer-step (340 / 340); ahead fills used 33, evicted unused 0, misses of experts the fill evicted 3
  kstage: installed in 2.4s; device memory free 8.35 GiB
  kstage: registered, mode cache
  host RAM used: +20328 MiB, 38319 MiB available
  bench: exit 0, 6s
  decode c=4: per-stream median 72.8 tok/s, aggregate 245.4 tok/s, 4/4 ok
  max running/waiting: 
== phase p21-live-lfu-ahead-c4 15:13:25Z maxlen 131072 work: decode ks: KSTAGE=cache KSTAGE_COLD_GB=4 KSTAGE_PROFILE=/prof/p7-all.json KSTAGE_STATS=1 KSTAGE_SLOTS=all KSTAGE_DMA_M=64 KSTAGE_DMA_BUF=1 KSTAGE_COPY_LIVE=82 KSTAGE_EVICT=lfu KSTAGE_AHEAD=1
  free in 2 MiB+ blocks: 16.3 GiB
ready in 116s; Model loading took 2.37 GiB;Available KV cache memory: 5.15 GiB;GPU KV cache size: 1,412,300 tokens;
  mem: Maximum concurrency for 131,072 tokens per request: 10.78x;Actual usage is 15.22 GiB for consumed memory (weights + non-torch), 1.15 GiB for peak activation, and 0.1 GiB for CUDAGraph;
  kstage: cache: 1012 layer-steps, 0.37 misses and 0.37 copies a layer-step (374 / 374); ahead fills used 86, evicted unused 35, misses of experts the fill evicted 6
  kstage: cache: 184 layer-steps, 1.43 misses and 1.43 copies a layer-step (263 / 263); ahead fills used 0, evicted unused 0, misses of experts the fill evicted 0
  kstage: cache: 207 layer-steps, 1.27 misses and 1.27 copies a layer-step (263 / 263); ahead fills used 0, evicted unused 0, misses of experts the fill evicted 0
  kstage: cache: 23 layers, 765 experts cold (33.3 a layer), 15.38 GiB host pages, 11.48 GiB device, policy global, profile /prof/p7-all.json (all); slots all: pinned/slots per layer ['0/125', '0/123', '0/117', '0/92', '0/86', '0/86', '0/91', '0/88', '0/82', '0/103', '0/79', '0/91', '0/96', '0/100', '0/92', '0/92', '0/87', '0/81', '0/89', '0/96', '0/93', '0/89', '0/101']; evict lfu6; frozen from never tokens; DMA from 64 tokens: 49 staging rows, 1 buffers, 0.27 GiB; ahead below 64 tokens, top 6, 4 tensors on the copy engine
  kstage: cache: 23 layer-steps, 3.96 misses and 3.96 copies a layer-step (91 / 91); ahead fills used 0, evicted unused 0, misses of experts the fill evicted 0
  kstage: cache: 25 layer-steps, 3.76 misses and 3.76 copies a layer-step (94 / 94); ahead fills used 0, evicted unused 0, misses of experts the fill evicted 0
  kstage: cache: 299 layer-steps, 0.88 misses and 0.88 copies a layer-step (263 / 263); ahead fills used 0, evicted unused 0, misses of experts the fill evicted 0
  kstage: cache: 316 layer-steps, 0.83 misses and 0.83 copies a layer-step (263 / 263); ahead fills used 0, evicted unused 0, misses of experts the fill evicted 0
  kstage: cache: 368 layer-steps, 0.71 misses and 0.71 copies a layer-step (263 / 263); ahead fills used 0, evicted unused 0, misses of experts the fill evicted 0
  kstage: cache: 48 layer-steps, 2.81 misses and 2.81 copies a layer-step (135 / 135); ahead fills used 0, evicted unused 0, misses of experts the fill evicted 0
  kstage: cache: 621 layer-steps, 0.50 misses and 0.50 copies a layer-step (309 / 309); ahead fills used 0, evicted unused 0, misses of experts the fill evicted 0
  kstage: cache: 69 layer-steps, 3.74 misses and 3.74 copies a layer-step (258 / 258); ahead fills used 0, evicted unused 0, misses of experts the fill evicted 0
  kstage: cache: 898 layer-steps, 0.34 misses and 0.34 copies a layer-step (309 / 309); ahead fills used 0, evicted unused 0, misses of experts the fill evicted 0
  kstage: cache: 92 layer-steps, 2.80 misses and 2.80 copies a layer-step (258 / 258); ahead fills used 0, evicted unused 0, misses of experts the fill evicted 0
  kstage: cache: 943 layer-steps, 0.36 misses and 0.36 copies a layer-step (336 / 336); ahead fills used 34, evicted unused 14, misses of experts the fill evicted 3
  kstage: installed in 2.4s; device memory free 8.35 GiB
  kstage: registered, mode cache
  host RAM used: +20398 MiB, 38349 MiB available
  bench: exit 0, 6s
  decode c=4: per-stream median 76.4 tok/s, aggregate 255.6 tok/s, 4/4 ok
  max running/waiting: Running: 4 reqs, Waiting: 0 reqs
== phase p21-live-ahead-c16 15:15:29Z maxlen 131072 work: decode ks: KSTAGE=cache KSTAGE_COLD_GB=4 KSTAGE_PROFILE=/prof/p7-all.json KSTAGE_STATS=1 KSTAGE_SLOTS=all KSTAGE_DMA_M=64 KSTAGE_DMA_BUF=1 KSTAGE_COPY_LIVE=82 KSTAGE_AHEAD=1
  free in 2 MiB+ blocks: 16.3 GiB
ready in 115s; Model loading took 2.37 GiB;Available KV cache memory: 5.15 GiB;GPU KV cache size: 1,412,300 tokens;
  mem: Maximum concurrency for 131,072 tokens per request: 10.78x;Actual usage is 15.22 GiB for consumed memory (weights + non-torch), 1.15 GiB for peak activation, and 0.1 GiB for CUDAGraph;
  kstage: cache: 1012 layer-steps, 0.37 misses and 0.37 copies a layer-step (378 / 378); ahead fills used 93, evicted unused 0, misses of experts the fill evicted 5
  kstage: cache: 12 layer-steps, 6.00 misses and 6.00 copies a layer-step (72 / 72); ahead fills used 0, evicted unused 0, misses of experts the fill evicted 0
  kstage: cache: 184 layer-steps, 1.44 misses and 1.44 copies a layer-step (265 / 265); ahead fills used 0, evicted unused 0, misses of experts the fill evicted 0
  kstage: cache: 196 layer-steps, 1.35 misses and 1.35 copies a layer-step (265 / 265); ahead fills used 0, evicted unused 0, misses of experts the fill evicted 0
  kstage: cache: 207 layer-steps, 1.28 misses and 1.28 copies a layer-step (265 / 265); ahead fills used 0, evicted unused 0, misses of experts the fill evicted 0
  kstage: cache: 23 layers, 765 experts cold (33.3 a layer), 15.38 GiB host pages, 11.48 GiB device, policy global, profile /prof/p7-all.json (all); slots all: pinned/slots per layer ['0/125', '0/123', '0/117', '0/92', '0/86', '0/86', '0/91', '0/88', '0/82', '0/103', '0/79', '0/91', '0/96', '0/100', '0/92', '0/92', '0/87', '0/81', '0/89', '0/96', '0/93', '0/89', '0/101']; evict lru; frozen from never tokens; DMA from 64 tokens: 49 staging rows, 1 buffers, 0.27 GiB; ahead below 64 tokens, top 6, 4 tensors on the copy engine
  kstage: cache: 23 layer-steps, 3.96 misses and 3.96 copies a layer-step (91 / 91); ahead fills used 0, evicted unused 0, misses of experts the fill evicted 0
  kstage: cache: 276 layer-steps, 0.96 misses and 0.96 copies a layer-step (265 / 265); ahead fills used 0, evicted unused 0, misses of experts the fill evicted 0
  kstage: cache: 301 layer-steps, 0.88 misses and 0.88 copies a layer-step (265 / 265); ahead fills used 0, evicted unused 0, misses of experts the fill evicted 0
  kstage: cache: 368 layer-steps, 0.72 misses and 0.72 copies a layer-step (265 / 265); ahead fills used 0, evicted unused 0, misses of experts the fill evicted 0
  kstage: cache: 444 layer-steps, 0.70 misses and 0.70 copies a layer-step (312 / 312); ahead fills used 0, evicted unused 0, misses of experts the fill evicted 0
  kstage: cache: 48 layer-steps, 2.81 misses and 2.81 copies a layer-step (135 / 135); ahead fills used 0, evicted unused 0, misses of experts the fill evicted 0
  kstage: cache: 69 layer-steps, 3.77 misses and 3.77 copies a layer-step (260 / 260); ahead fills used 0, evicted unused 0, misses of experts the fill evicted 0
  kstage: cache: 713 layer-steps, 0.44 misses and 0.44 copies a layer-step (312 / 312); ahead fills used 0, evicted unused 0, misses of experts the fill evicted 0
  kstage: cache: 71 layer-steps, 3.66 misses and 3.66 copies a layer-step (260 / 260); ahead fills used 0, evicted unused 0, misses of experts the fill evicted 0
  kstage: cache: 920 layer-steps, 0.34 misses and 0.34 copies a layer-step (312 / 312); ahead fills used 0, evicted unused 0, misses of experts the fill evicted 0
  kstage: cache: 943 layer-steps, 0.36 misses and 0.36 copies a layer-step (340 / 340); ahead fills used 33, evicted unused 0, misses of experts the fill evicted 3
  kstage: installed in 2.4s; device memory free 8.35 GiB
  kstage: registered, mode cache
  host RAM used: +20339 MiB, 38340 MiB available
  bench: exit 0, 15s
  decode c=16: per-stream median 21.8 tok/s, aggregate 320.7 tok/s, 16/16 ok
  max running/waiting: Running: 16 reqs, Waiting: 0 reqs
== phase p21-live-lfu-ahead-c16 15:17:41Z maxlen 131072 work: decode ks: KSTAGE=cache KSTAGE_COLD_GB=4 KSTAGE_PROFILE=/prof/p7-all.json KSTAGE_STATS=1 KSTAGE_SLOTS=all KSTAGE_DMA_M=64 KSTAGE_DMA_BUF=1 KSTAGE_COPY_LIVE=82 KSTAGE_EVICT=lfu KSTAGE_AHEAD=1
  free in 2 MiB+ blocks: 16.3 GiB
ready in 115s; Model loading took 2.37 GiB;Available KV cache memory: 5.07 GiB;GPU KV cache size: 1,389,363 tokens;
  mem: Maximum concurrency for 131,072 tokens per request: 10.60x;Actual usage is 15.3 GiB for consumed memory (weights + non-torch), 1.15 GiB for peak activation, and 0.1 GiB for CUDAGraph;
  kstage: cache: 1012 layer-steps, 0.37 misses and 0.37 copies a layer-step (373 / 373); ahead fills used 77, evicted unused 34, misses of experts the fill evicted 5
  kstage: cache: 106 layer-steps, 2.44 misses and 2.44 copies a layer-step (259 / 259); ahead fills used 0, evicted unused 0, misses of experts the fill evicted 0
  kstage: cache: 12 layer-steps, 6.00 misses and 6.00 copies a layer-step (72 / 72); ahead fills used 0, evicted unused 0, misses of experts the fill evicted 0
  kstage: cache: 196 layer-steps, 1.34 misses and 1.34 copies a layer-step (263 / 263); ahead fills used 0, evicted unused 0, misses of experts the fill evicted 0
  kstage: cache: 207 layer-steps, 1.27 misses and 1.27 copies a layer-step (263 / 263); ahead fills used 0, evicted unused 0, misses of experts the fill evicted 0
  kstage: cache: 213 layer-steps, 1.23 misses and 1.23 copies a layer-step (263 / 263); ahead fills used 0, evicted unused 0, misses of experts the fill evicted 0
  kstage: cache: 23 layers, 765 experts cold (33.3 a layer), 15.38 GiB host pages, 11.48 GiB device, policy global, profile /prof/p7-all.json (all); slots all: pinned/slots per layer ['0/125', '0/123', '0/117', '0/92', '0/86', '0/86', '0/91', '0/88', '0/82', '0/103', '0/79', '0/91', '0/96', '0/100', '0/92', '0/92', '0/87', '0/81', '0/89', '0/96', '0/93', '0/89', '0/101']; evict lfu6; frozen from never tokens; DMA from 64 tokens: 49 staging rows, 1 buffers, 0.27 GiB; ahead below 64 tokens, top 6, 4 tensors on the copy engine
  kstage: cache: 23 layer-steps, 3.96 misses and 3.96 copies a layer-step (91 / 91); ahead fills used 0, evicted unused 0, misses of experts the fill evicted 0
  kstage: cache: 299 layer-steps, 0.88 misses and 0.88 copies a layer-step (263 / 263); ahead fills used 0, evicted unused 0, misses of experts the fill evicted 0
  kstage: cache: 322 layer-steps, 0.82 misses and 0.82 copies a layer-step (263 / 263); ahead fills used 0, evicted unused 0, misses of experts the fill evicted 0
  kstage: cache: 368 layer-steps, 0.71 misses and 0.71 copies a layer-step (263 / 263); ahead fills used 0, evicted unused 0, misses of experts the fill evicted 0
  kstage: cache: 46 layer-steps, 2.93 misses and 2.93 copies a layer-step (135 / 135); ahead fills used 0, evicted unused 0, misses of experts the fill evicted 0
  kstage: cache: 48 layer-steps, 2.81 misses and 2.81 copies a layer-step (135 / 135); ahead fills used 0, evicted unused 0, misses of experts the fill evicted 0
  kstage: cache: 529 layer-steps, 0.58 misses and 0.58 copies a layer-step (309 / 309); ahead fills used 0, evicted unused 0, misses of experts the fill evicted 0
  kstage: cache: 69 layer-steps, 3.74 misses and 3.74 copies a layer-step (258 / 258); ahead fills used 0, evicted unused 0, misses of experts the fill evicted 0
  kstage: cache: 805 layer-steps, 0.38 misses and 0.38 copies a layer-step (309 / 309); ahead fills used 0, evicted unused 0, misses of experts the fill evicted 0
  kstage: cache: 920 layer-steps, 0.34 misses and 0.34 copies a layer-step (309 / 309); ahead fills used 0, evicted unused 0, misses of experts the fill evicted 0
  kstage: cache: 943 layer-steps, 0.36 misses and 0.36 copies a layer-step (336 / 336); ahead fills used 33, evicted unused 13, misses of experts the fill evicted 3
  kstage: installed in 2.4s; device memory free 8.35 GiB
  kstage: registered, mode cache
  host RAM used: +20481 MiB, 38310 MiB available
  bench: exit 0, 14s
  decode c=16: per-stream median 23.0 tok/s, aggregate 336.8 tok/s, 16/16 ok
  max running/waiting: Running: 16 reqs, Waiting: 0 reqs
== done 15:19:52Z
profile: performance
