=== chain 2026-10-07T16:04:03Z: K6 live+LFU with 3 / 2.5 GiB of experts in RAM, 8 agents to 127k
== phase p23-cg3-lfu-a8l 16:04:03Z maxlen 131072 work: agent ks: KSTAGE=cache KSTAGE_COLD_GB=3 KSTAGE_PROFILE=/prof/p7-all.json KSTAGE_STATS=30 KSTAGE_SLOTS=all KSTAGE_DMA_M=64 KSTAGE_DMA_BUF=1 KSTAGE_COPY_LIVE=82 KSTAGE_EVICT=lfu
  free in 2 MiB+ blocks: 16.0 GiB
ready in 111s; Model loading took 2.34 GiB;Available KV cache memory: 4.5 GiB;GPU KV cache size: 1,232,076 tokens;
  mem: Maximum concurrency for 131,072 tokens per request: 9.40x;Actual usage is 15.88 GiB for consumed memory (weights + non-torch), 1.14 GiB for peak activation, and 0.1 GiB for CUDAGraph;
  kstage: cache: 23 layers, 573 experts cold (24.9 a layer), 15.40 GiB host pages, 12.48 GiB device, policy global, profile /prof/p7-all.json (all); slots all: pinned/slots per layer ['0/128', '0/125', '0/123', '0/97', '0/98', '0/97', '0/100', '0/97', '0/94', '0/112', '0/89', '0/103', '0/106', '0/104', '0/99', '0/101', '0/96', '0/89', '0/100', '0/104', '0/105', '0/95', '0/109']; evict lfu6; frozen from never tokens; DMA from 64 tokens: 39 staging rows, 1 buffers, 0.21 GiB
  kstage: cache: 368 layer-steps, 0.52 misses and 0.52 copies a layer-step (192 / 192)
  kstage: installed in 2.1s; device memory free 7.70 GiB
  kstage: registered, mode cache
  host RAM used: +20351 MiB, 38388 MiB available
  bench: exit 0, 391s
  agent x8 to 126976: 224 turns, 0 errors, wall 389s, decode median 21.8 tok/s, late TTFT median 2.37s, preemptions 0, prefix hits/queries 13563648/14995456, external hits 0
  max running/waiting: Running: 8 reqs, Waiting: 0 reqs
== phase p23-cg2.5-lfu-a8l 16:12:27Z maxlen 131072 work: agent ks: KSTAGE=cache KSTAGE_COLD_GB=2.5 KSTAGE_PROFILE=/prof/p7-all.json KSTAGE_STATS=30 KSTAGE_SLOTS=all KSTAGE_DMA_M=64 KSTAGE_DMA_BUF=1 KSTAGE_COPY_LIVE=82 KSTAGE_EVICT=lfu
  free in 2 MiB+ blocks: 16.0 GiB
ready in 111s; Model loading took 2.34 GiB;Available KV cache memory: 4.01 GiB;GPU KV cache size: 1,097,728 tokens;
  mem: Maximum concurrency for 131,072 tokens per request: 8.38x;Actual usage is 16.38 GiB for consumed memory (weights + non-torch), 1.14 GiB for peak activation, and 0.1 GiB for CUDAGraph;
  kstage: cache: 23 layers, 478 experts cold (20.8 a layer), 15.38 GiB host pages, 12.99 GiB device, policy global, profile /prof/p7-all.json (all); slots all: pinned/slots per layer ['0/128', '0/128', '0/123', '0/105', '0/103', '0/101', '0/107', '0/101', '0/101', '0/113', '0/97', '0/107', '0/106', '0/108', '0/100', '0/107', '0/100', '0/93', '0/105', '0/108', '0/111', '0/101', '0/113']; evict lfu6; frozen from never tokens; DMA from 64 tokens: 35 staging rows, 1 buffers, 0.20 GiB
  kstage: cache: 368 layer-steps, 0.42 misses and 0.42 copies a layer-step (153 / 153)
  kstage: installed in 2.1s; device memory free 7.21 GiB
  kstage: registered, mode cache
  host RAM used: +20326 MiB, 38401 MiB available
  bench: exit 0, 397s
  agent x8 to 126976: 224 turns, 0 errors, wall 395s, decode median 21.8 tok/s, late TTFT median 2.39s, preemptions 0, prefix hits/queries 13442544/14995456, external hits 0
  max running/waiting: Running: 8 reqs, Waiting: 0 reqs
== done 16:20:56Z
profile: performance
