=== chain 2026-10-07T16:35:28Z: KSTAGE_AHEAD_FUSE vs unfused ahead vs live+LFU, c=1/4/16 decode
== phase p24-live-lfu-ahead-fuse-c1 16:35:28Z maxlen 131072 work: decode ks: KSTAGE=cache KSTAGE_COLD_GB=4 KSTAGE_PROFILE=/prof/p7-all.json KSTAGE_STATS=1 KSTAGE_SLOTS=all KSTAGE_DMA_M=64 KSTAGE_DMA_BUF=1 KSTAGE_COPY_LIVE=82 KSTAGE_EVICT=lfu KSTAGE_AHEAD=1 KSTAGE_AHEAD_FUSE=1
  free in 2 MiB+ blocks: 15.9 GiB
ready in 125s; Model loading took 2.37 GiB;Available KV cache memory: 5.16 GiB;GPU KV cache size: 1,412,300 tokens;
  mem: Maximum concurrency for 131,072 tokens per request: 10.78x;Actual usage is 15.22 GiB for consumed memory (weights + non-torch), 1.15 GiB for peak activation, and 0.1 GiB for CUDAGraph;
  kstage: cache: 1012 layer-steps, 0.37 misses and 0.37 copies a layer-step (376 / 376); ahead fills used 88, evicted unused 35, misses of experts the fill evicted 6
  kstage: cache: 115 layer-steps, 2.29 misses and 2.29 copies a layer-step (263 / 263); ahead fills used 0, evicted unused 0, misses of experts the fill evicted 0
  kstage: cache: 161 layer-steps, 1.63 misses and 1.63 copies a layer-step (263 / 263); ahead fills used 0, evicted unused 0, misses of experts the fill evicted 0
  kstage: cache: 184 layer-steps, 1.43 misses and 1.43 copies a layer-step (263 / 263); ahead fills used 0, evicted unused 0, misses of experts the fill evicted 0
  kstage: cache: 196 layer-steps, 1.34 misses and 1.34 copies a layer-step (263 / 263); ahead fills used 0, evicted unused 0, misses of experts the fill evicted 0
  kstage: cache: 23 layers, 765 experts cold (33.3 a layer), 15.38 GiB host pages, 11.48 GiB device, policy global, profile /prof/p7-all.json (all); slots all: pinned/slots per layer ['0/125', '0/123', '0/117', '0/92', '0/86', '0/86', '0/91', '0/88', '0/82', '0/103', '0/79', '0/91', '0/96', '0/100', '0/92', '0/92', '0/87', '0/81', '0/89', '0/96', '0/93', '0/89', '0/101']; evict lfu6; frozen from never tokens; DMA from 64 tokens: 49 staging rows, 1 buffers, 0.27 GiB; ahead below 64 tokens, top 6, fused to 16, 4 tensors on the copy engine
  kstage: cache: 23 layer-steps, 3.96 misses and 3.96 copies a layer-step (91 / 91); ahead fills used 0, evicted unused 0, misses of experts the fill evicted 0
  kstage: cache: 25 layer-steps, 3.76 misses and 3.76 copies a layer-step (94 / 94); ahead fills used 0, evicted unused 0, misses of experts the fill evicted 0
  kstage: cache: 299 layer-steps, 0.88 misses and 0.88 copies a layer-step (263 / 263); ahead fills used 0, evicted unused 0, misses of experts the fill evicted 0
  kstage: cache: 368 layer-steps, 0.71 misses and 0.71 copies a layer-step (263 / 263); ahead fills used 0, evicted unused 0, misses of experts the fill evicted 0
  kstage: cache: 420 layer-steps, 0.70 misses and 0.70 copies a layer-step (294 / 294); ahead fills used 0, evicted unused 0, misses of experts the fill evicted 0
  kstage: cache: 48 layer-steps, 2.81 misses and 2.81 copies a layer-step (135 / 135); ahead fills used 0, evicted unused 0, misses of experts the fill evicted 0
  kstage: cache: 681 layer-steps, 0.45 misses and 0.45 copies a layer-step (309 / 309); ahead fills used 0, evicted unused 0, misses of experts the fill evicted 0
  kstage: cache: 69 layer-steps, 3.74 misses and 3.74 copies a layer-step (258 / 258); ahead fills used 0, evicted unused 0, misses of experts the fill evicted 0
  kstage: cache: 920 layer-steps, 0.34 misses and 0.34 copies a layer-step (309 / 309); ahead fills used 0, evicted unused 0, misses of experts the fill evicted 0
  kstage: cache: 92 layer-steps, 2.80 misses and 2.80 copies a layer-step (258 / 258); ahead fills used 0, evicted unused 0, misses of experts the fill evicted 0
  kstage: cache: 943 layer-steps, 0.36 misses and 0.36 copies a layer-step (336 / 336); ahead fills used 34, evicted unused 13, misses of experts the fill evicted 3
  kstage: installed in 2.7s; device memory free 8.35 GiB
  kstage: registered, mode cache
  host RAM used: +20346 MiB, 38367 MiB available
  bench: exit 0, 4s
  decode c=1: per-stream median 161.1 tok/s, aggregate 161.7 tok/s, 1/1 ok
  max running/waiting: 
== phase p24-live-lfu-c1 16:37:39Z maxlen 131072 work: decode ks: KSTAGE=cache KSTAGE_COLD_GB=4 KSTAGE_PROFILE=/prof/p7-all.json KSTAGE_STATS=1 KSTAGE_SLOTS=all KSTAGE_DMA_M=64 KSTAGE_DMA_BUF=1 KSTAGE_COPY_LIVE=82 KSTAGE_EVICT=lfu
  free in 2 MiB+ blocks: 15.9 GiB
ready in 111s; Model loading took 2.34 GiB;Available KV cache memory: 5.44 GiB;GPU KV cache size: 1,490,944 tokens;
  mem: Maximum concurrency for 131,072 tokens per request: 11.38x;Actual usage is 14.94 GiB for consumed memory (weights + non-torch), 1.14 GiB for peak activation, and 0.1 GiB for CUDAGraph;
  kstage: cache: 1012 layer-steps, 0.44 misses and 0.44 copies a layer-step (447 / 447)
  kstage: cache: 12 layer-steps, 6.00 misses and 6.00 copies a layer-step (72 / 72)
  kstage: cache: 184 layer-steps, 1.43 misses and 1.43 copies a layer-step (263 / 263)
  kstage: cache: 196 layer-steps, 1.34 misses and 1.34 copies a layer-step (263 / 263)
  kstage: cache: 23 layers, 765 experts cold (33.3 a layer), 15.38 GiB host pages, 11.48 GiB device, policy global, profile /prof/p7-all.json (all); slots all: pinned/slots per layer ['0/125', '0/123', '0/117', '0/92', '0/86', '0/86', '0/91', '0/88', '0/82', '0/103', '0/79', '0/91', '0/96', '0/100', '0/92', '0/92', '0/87', '0/81', '0/89', '0/96', '0/93', '0/89', '0/101']; evict lfu6; frozen from never tokens; DMA from 64 tokens: 49 staging rows, 1 buffers, 0.27 GiB
  kstage: cache: 23 layer-steps, 3.96 misses and 3.96 copies a layer-step (91 / 91)
  kstage: cache: 276 layer-steps, 0.95 misses and 0.95 copies a layer-step (263 / 263)
  kstage: cache: 299 layer-steps, 0.88 misses and 0.88 copies a layer-step (263 / 263)
  kstage: cache: 368 layer-steps, 0.71 misses and 0.71 copies a layer-step (263 / 263)
  kstage: cache: 437 layer-steps, 0.71 misses and 0.71 copies a layer-step (309 / 309)
  kstage: cache: 48 layer-steps, 2.81 misses and 2.81 copies a layer-step (135 / 135)
  kstage: cache: 69 layer-steps, 3.74 misses and 3.74 copies a layer-step (258 / 258)
  kstage: cache: 715 layer-steps, 0.43 misses and 0.43 copies a layer-step (309 / 309)
  kstage: cache: 84 layer-steps, 3.07 misses and 3.07 copies a layer-step (258 / 258)
  kstage: cache: 920 layer-steps, 0.34 misses and 0.34 copies a layer-step (309 / 309)
  kstage: cache: 943 layer-steps, 0.39 misses and 0.39 copies a layer-step (368 / 368)
  kstage: installed in 2.1s; device memory free 8.64 GiB
  kstage: registered, mode cache
  host RAM used: +20022 MiB, 38433 MiB available
  bench: exit 0, 3s
  decode c=1: per-stream median 180.0 tok/s, aggregate 180.7 tok/s, 1/1 ok
  max running/waiting: 
== phase p24-live-lfu-ahead-c1 16:39:34Z maxlen 131072 work: decode ks: KSTAGE=cache KSTAGE_COLD_GB=4 KSTAGE_PROFILE=/prof/p7-all.json KSTAGE_STATS=1 KSTAGE_SLOTS=all KSTAGE_DMA_M=64 KSTAGE_DMA_BUF=1 KSTAGE_COPY_LIVE=82 KSTAGE_EVICT=lfu KSTAGE_AHEAD=1
  free in 2 MiB+ blocks: 15.8 GiB
ready in 115s; Model loading took 2.37 GiB;Available KV cache memory: 5.15 GiB;GPU KV cache size: 1,412,300 tokens;
  mem: Maximum concurrency for 131,072 tokens per request: 10.78x;Actual usage is 15.22 GiB for consumed memory (weights + non-torch), 1.15 GiB for peak activation, and 0.1 GiB for CUDAGraph;
  kstage: cache: 1012 layer-steps, 0.37 misses and 0.37 copies a layer-step (374 / 374); ahead fills used 79, evicted unused 34, misses of experts the fill evicted 5
  kstage: cache: 184 layer-steps, 1.43 misses and 1.43 copies a layer-step (264 / 264); ahead fills used 0, evicted unused 0, misses of experts the fill evicted 0
  kstage: cache: 207 layer-steps, 1.28 misses and 1.28 copies a layer-step (264 / 264); ahead fills used 0, evicted unused 0, misses of experts the fill evicted 0
  kstage: cache: 23 layers, 765 experts cold (33.3 a layer), 15.38 GiB host pages, 11.48 GiB device, policy global, profile /prof/p7-all.json (all); slots all: pinned/slots per layer ['0/125', '0/123', '0/117', '0/92', '0/86', '0/86', '0/91', '0/88', '0/82', '0/103', '0/79', '0/91', '0/96', '0/100', '0/92', '0/92', '0/87', '0/81', '0/89', '0/96', '0/93', '0/89', '0/101']; evict lfu6; frozen from never tokens; DMA from 64 tokens: 49 staging rows, 1 buffers, 0.27 GiB; ahead below 64 tokens, top 6, 4 tensors on the copy engine
  kstage: cache: 23 layer-steps, 3.96 misses and 3.96 copies a layer-step (91 / 91); ahead fills used 0, evicted unused 0, misses of experts the fill evicted 0
  kstage: cache: 25 layer-steps, 3.76 misses and 3.76 copies a layer-step (94 / 94); ahead fills used 0, evicted unused 0, misses of experts the fill evicted 0
  kstage: cache: 299 layer-steps, 0.88 misses and 0.88 copies a layer-step (264 / 264); ahead fills used 0, evicted unused 0, misses of experts the fill evicted 0
  kstage: cache: 324 layer-steps, 0.81 misses and 0.81 copies a layer-step (264 / 264); ahead fills used 0, evicted unused 0, misses of experts the fill evicted 0
  kstage: cache: 368 layer-steps, 0.72 misses and 0.72 copies a layer-step (264 / 264); ahead fills used 0, evicted unused 0, misses of experts the fill evicted 0
  kstage: cache: 48 layer-steps, 2.83 misses and 2.83 copies a layer-step (136 / 136); ahead fills used 0, evicted unused 0, misses of experts the fill evicted 0
  kstage: cache: 619 layer-steps, 0.50 misses and 0.50 copies a layer-step (310 / 310); ahead fills used 0, evicted unused 0, misses of experts the fill evicted 0
  kstage: cache: 69 layer-steps, 3.75 misses and 3.75 copies a layer-step (259 / 259); ahead fills used 0, evicted unused 0, misses of experts the fill evicted 0
  kstage: cache: 897 layer-steps, 0.35 misses and 0.35 copies a layer-step (310 / 310); ahead fills used 0, evicted unused 0, misses of experts the fill evicted 0
  kstage: cache: 92 layer-steps, 2.82 misses and 2.82 copies a layer-step (259 / 259); ahead fills used 0, evicted unused 0, misses of experts the fill evicted 0
  kstage: cache: 943 layer-steps, 0.36 misses and 0.36 copies a layer-step (337 / 337); ahead fills used 34, evicted unused 13, misses of experts the fill evicted 3
  kstage: installed in 2.4s; device memory free 8.35 GiB
  kstage: registered, mode cache
  host RAM used: +20267 MiB, 38374 MiB available
  bench: exit 0, 4s
  decode c=1: per-stream median 160.7 tok/s, aggregate 161.3 tok/s, 1/1 ok
  max running/waiting: 
== phase p24-live-lfu-ahead-fuse-c4 16:41:34Z maxlen 131072 work: decode ks: KSTAGE=cache KSTAGE_COLD_GB=4 KSTAGE_PROFILE=/prof/p7-all.json KSTAGE_STATS=1 KSTAGE_SLOTS=all KSTAGE_DMA_M=64 KSTAGE_DMA_BUF=1 KSTAGE_COPY_LIVE=82 KSTAGE_EVICT=lfu KSTAGE_AHEAD=1 KSTAGE_AHEAD_FUSE=1
  free in 2 MiB+ blocks: 15.8 GiB
ready in 126s; Model loading took 2.37 GiB;Available KV cache memory: 5.16 GiB;GPU KV cache size: 1,412,300 tokens;
  mem: Maximum concurrency for 131,072 tokens per request: 10.78x;Actual usage is 15.22 GiB for consumed memory (weights + non-torch), 1.15 GiB for peak activation, and 0.1 GiB for CUDAGraph;
  kstage: cache: 1012 layer-steps, 0.37 misses and 0.37 copies a layer-step (374 / 374); ahead fills used 78, evicted unused 36, misses of experts the fill evicted 6
  kstage: cache: 115 layer-steps, 2.29 misses and 2.29 copies a layer-step (263 / 263); ahead fills used 0, evicted unused 0, misses of experts the fill evicted 0
  kstage: cache: 161 layer-steps, 1.63 misses and 1.63 copies a layer-step (263 / 263); ahead fills used 0, evicted unused 0, misses of experts the fill evicted 0
  kstage: cache: 184 layer-steps, 1.43 misses and 1.43 copies a layer-step (263 / 263); ahead fills used 0, evicted unused 0, misses of experts the fill evicted 0
  kstage: cache: 207 layer-steps, 1.27 misses and 1.27 copies a layer-step (263 / 263); ahead fills used 0, evicted unused 0, misses of experts the fill evicted 0
  kstage: cache: 23 layers, 765 experts cold (33.3 a layer), 15.38 GiB host pages, 11.48 GiB device, policy global, profile /prof/p7-all.json (all); slots all: pinned/slots per layer ['0/125', '0/123', '0/117', '0/92', '0/86', '0/86', '0/91', '0/88', '0/82', '0/103', '0/79', '0/91', '0/96', '0/100', '0/92', '0/92', '0/87', '0/81', '0/89', '0/96', '0/93', '0/89', '0/101']; evict lfu6; frozen from never tokens; DMA from 64 tokens: 49 staging rows, 1 buffers, 0.27 GiB; ahead below 64 tokens, top 6, fused to 16, 4 tensors on the copy engine
  kstage: cache: 23 layer-steps, 3.96 misses and 3.96 copies a layer-step (91 / 91); ahead fills used 0, evicted unused 0, misses of experts the fill evicted 0
  kstage: cache: 25 layer-steps, 3.76 misses and 3.76 copies a layer-step (94 / 94); ahead fills used 0, evicted unused 0, misses of experts the fill evicted 0
  kstage: cache: 299 layer-steps, 0.88 misses and 0.88 copies a layer-step (263 / 263); ahead fills used 0, evicted unused 0, misses of experts the fill evicted 0
  kstage: cache: 368 layer-steps, 0.71 misses and 0.71 copies a layer-step (263 / 263); ahead fills used 0, evicted unused 0, misses of experts the fill evicted 0
  kstage: cache: 414 layer-steps, 0.69 misses and 0.69 copies a layer-step (284 / 284); ahead fills used 0, evicted unused 0, misses of experts the fill evicted 0
  kstage: cache: 48 layer-steps, 2.81 misses and 2.81 copies a layer-step (135 / 135); ahead fills used 0, evicted unused 0, misses of experts the fill evicted 0
  kstage: cache: 678 layer-steps, 0.46 misses and 0.46 copies a layer-step (309 / 309); ahead fills used 0, evicted unused 0, misses of experts the fill evicted 0
  kstage: cache: 69 layer-steps, 3.74 misses and 3.74 copies a layer-step (258 / 258); ahead fills used 0, evicted unused 0, misses of experts the fill evicted 0
  kstage: cache: 920 layer-steps, 0.34 misses and 0.34 copies a layer-step (309 / 309); ahead fills used 0, evicted unused 0, misses of experts the fill evicted 0
  kstage: cache: 92 layer-steps, 2.80 misses and 2.80 copies a layer-step (258 / 258); ahead fills used 0, evicted unused 0, misses of experts the fill evicted 0
  kstage: cache: 943 layer-steps, 0.36 misses and 0.36 copies a layer-step (336 / 336); ahead fills used 34, evicted unused 14, misses of experts the fill evicted 3
  kstage: installed in 2.5s; device memory free 8.35 GiB
  kstage: registered, mode cache
  host RAM used: +20278 MiB, 38332 MiB available
  bench: exit 0, 5s
  decode c=4: per-stream median 77.4 tok/s, aggregate 295.6 tok/s, 4/4 ok
  max running/waiting: 
== phase p24-live-lfu-c4 16:43:47Z maxlen 131072 work: decode ks: KSTAGE=cache KSTAGE_COLD_GB=4 KSTAGE_PROFILE=/prof/p7-all.json KSTAGE_STATS=1 KSTAGE_SLOTS=all KSTAGE_DMA_M=64 KSTAGE_DMA_BUF=1 KSTAGE_COPY_LIVE=82 KSTAGE_EVICT=lfu
  free in 2 MiB+ blocks: 15.8 GiB
ready in 111s; Model loading took 2.34 GiB;Available KV cache memory: 5.44 GiB;GPU KV cache size: 1,490,944 tokens;
  mem: Maximum concurrency for 131,072 tokens per request: 11.38x;Actual usage is 14.94 GiB for consumed memory (weights + non-torch), 1.14 GiB for peak activation, and 0.1 GiB for CUDAGraph;
  kstage: cache: 1012 layer-steps, 0.45 misses and 0.45 copies a layer-step (453 / 453)
  kstage: cache: 161 layer-steps, 1.63 misses and 1.63 copies a layer-step (263 / 263)
  kstage: cache: 185 layer-steps, 1.42 misses and 1.42 copies a layer-step (263 / 263)
  kstage: cache: 19 layer-steps, 4.26 misses and 4.26 copies a layer-step (81 / 81)
  kstage: cache: 1 layer-steps, 1.00 misses and 1.00 copies a layer-step (1 / 1)
  kstage: cache: 203 layer-steps, 1.30 misses and 1.30 copies a layer-step (263 / 263)
  kstage: cache: 23 layers, 765 experts cold (33.3 a layer), 15.38 GiB host pages, 11.48 GiB device, policy global, profile /prof/p7-all.json (all); slots all: pinned/slots per layer ['0/125', '0/123', '0/117', '0/92', '0/86', '0/86', '0/91', '0/88', '0/82', '0/103', '0/79', '0/91', '0/96', '0/100', '0/92', '0/92', '0/87', '0/81', '0/89', '0/96', '0/93', '0/89', '0/101']; evict lfu6; frozen from never tokens; DMA from 64 tokens: 49 staging rows, 1 buffers, 0.27 GiB
  kstage: cache: 25 layer-steps, 3.76 misses and 3.76 copies a layer-step (94 / 94)
  kstage: cache: 276 layer-steps, 0.95 misses and 0.95 copies a layer-step (263 / 263)
  kstage: cache: 301 layer-steps, 0.87 misses and 0.87 copies a layer-step (263 / 263)
  kstage: cache: 368 layer-steps, 0.71 misses and 0.71 copies a layer-step (263 / 263)
  kstage: cache: 48 layer-steps, 2.81 misses and 2.81 copies a layer-step (135 / 135)
  kstage: cache: 506 layer-steps, 0.61 misses and 0.61 copies a layer-step (309 / 309)
  kstage: cache: 69 layer-steps, 3.74 misses and 3.74 copies a layer-step (258 / 258)
  kstage: cache: 812 layer-steps, 0.38 misses and 0.38 copies a layer-step (309 / 309)
  kstage: cache: 920 layer-steps, 0.34 misses and 0.34 copies a layer-step (309 / 309)
  kstage: cache: 943 layer-steps, 0.39 misses and 0.39 copies a layer-step (368 / 368)
  kstage: installed in 2.0s; device memory free 8.64 GiB
  kstage: registered, mode cache
  host RAM used: +20156 MiB, 38483 MiB available
  bench: exit 0, 6s
  decode c=4: per-stream median 78.8 tok/s, aggregate 261.6 tok/s, 4/4 ok
  max running/waiting: 
== phase p24-live-lfu-ahead-c4 16:45:45Z maxlen 131072 work: decode ks: KSTAGE=cache KSTAGE_COLD_GB=4 KSTAGE_PROFILE=/prof/p7-all.json KSTAGE_STATS=1 KSTAGE_SLOTS=all KSTAGE_DMA_M=64 KSTAGE_DMA_BUF=1 KSTAGE_COPY_LIVE=82 KSTAGE_EVICT=lfu KSTAGE_AHEAD=1
  free in 2 MiB+ blocks: 15.8 GiB
ready in 116s; Model loading took 2.37 GiB;Available KV cache memory: 5.15 GiB;GPU KV cache size: 1,412,300 tokens;
  mem: Maximum concurrency for 131,072 tokens per request: 10.78x;Actual usage is 15.22 GiB for consumed memory (weights + non-torch), 1.15 GiB for peak activation, and 0.1 GiB for CUDAGraph;
  kstage: cache: 1012 layer-steps, 0.37 misses and 0.37 copies a layer-step (373 / 373); ahead fills used 80, evicted unused 34, misses of experts the fill evicted 5
  kstage: cache: 196 layer-steps, 1.35 misses and 1.35 copies a layer-step (264 / 264); ahead fills used 0, evicted unused 0, misses of experts the fill evicted 0
  kstage: cache: 207 layer-steps, 1.28 misses and 1.28 copies a layer-step (264 / 264); ahead fills used 0, evicted unused 0, misses of experts the fill evicted 0
  kstage: cache: 230 layer-steps, 1.15 misses and 1.15 copies a layer-step (264 / 264); ahead fills used 0, evicted unused 0, misses of experts the fill evicted 0
  kstage: cache: 23 layers, 765 experts cold (33.3 a layer), 15.38 GiB host pages, 11.48 GiB device, policy global, profile /prof/p7-all.json (all); slots all: pinned/slots per layer ['0/125', '0/123', '0/117', '0/92', '0/86', '0/86', '0/91', '0/88', '0/82', '0/103', '0/79', '0/91', '0/96', '0/100', '0/92', '0/92', '0/87', '0/81', '0/89', '0/96', '0/93', '0/89', '0/101']; evict lfu6; frozen from never tokens; DMA from 64 tokens: 49 staging rows, 1 buffers, 0.27 GiB; ahead below 64 tokens, top 6, 4 tensors on the copy engine
  kstage: cache: 23 layer-steps, 3.96 misses and 3.96 copies a layer-step (91 / 91); ahead fills used 0, evicted unused 0, misses of experts the fill evicted 0
  kstage: cache: 25 layer-steps, 3.76 misses and 3.76 copies a layer-step (94 / 94); ahead fills used 0, evicted unused 0, misses of experts the fill evicted 0
  kstage: cache: 299 layer-steps, 0.88 misses and 0.88 copies a layer-step (264 / 264); ahead fills used 0, evicted unused 0, misses of experts the fill evicted 0
  kstage: cache: 364 layer-steps, 0.73 misses and 0.73 copies a layer-step (264 / 264); ahead fills used 0, evicted unused 0, misses of experts the fill evicted 0
  kstage: cache: 368 layer-steps, 0.72 misses and 0.72 copies a layer-step (264 / 264); ahead fills used 0, evicted unused 0, misses of experts the fill evicted 0
  kstage: cache: 48 layer-steps, 2.83 misses and 2.83 copies a layer-step (136 / 136); ahead fills used 0, evicted unused 0, misses of experts the fill evicted 0
  kstage: cache: 621 layer-steps, 0.50 misses and 0.50 copies a layer-step (310 / 310); ahead fills used 0, evicted unused 0, misses of experts the fill evicted 0
  kstage: cache: 69 layer-steps, 3.75 misses and 3.75 copies a layer-step (259 / 259); ahead fills used 0, evicted unused 0, misses of experts the fill evicted 0
  kstage: cache: 897 layer-steps, 0.35 misses and 0.35 copies a layer-step (310 / 310); ahead fills used 0, evicted unused 0, misses of experts the fill evicted 0
  kstage: cache: 92 layer-steps, 2.82 misses and 2.82 copies a layer-step (259 / 259); ahead fills used 0, evicted unused 0, misses of experts the fill evicted 0
  kstage: cache: 943 layer-steps, 0.36 misses and 0.36 copies a layer-step (337 / 337); ahead fills used 34, evicted unused 13, misses of experts the fill evicted 3
  kstage: installed in 2.5s; device memory free 8.35 GiB
  kstage: registered, mode cache
  host RAM used: +20301 MiB, 38370 MiB available
  bench: exit 0, 6s
  decode c=4: per-stream median 77.0 tok/s, aggregate 256.4 tok/s, 4/4 ok
  max running/waiting: Running: 4 reqs, Waiting: 0 reqs
== phase p24-live-lfu-ahead-fuse-c16 16:47:49Z maxlen 131072 work: decode ks: KSTAGE=cache KSTAGE_COLD_GB=4 KSTAGE_PROFILE=/prof/p7-all.json KSTAGE_STATS=1 KSTAGE_SLOTS=all KSTAGE_DMA_M=64 KSTAGE_DMA_BUF=1 KSTAGE_COPY_LIVE=82 KSTAGE_EVICT=lfu KSTAGE_AHEAD=1 KSTAGE_AHEAD_FUSE=1
  free in 2 MiB+ blocks: 15.8 GiB
ready in 125s; Model loading took 2.37 GiB;Available KV cache memory: 5.16 GiB;GPU KV cache size: 1,412,300 tokens;
  mem: Maximum concurrency for 131,072 tokens per request: 10.78x;Actual usage is 15.22 GiB for consumed memory (weights + non-torch), 1.15 GiB for peak activation, and 0.1 GiB for CUDAGraph;
  kstage: cache: 1012 layer-steps, 0.37 misses and 0.37 copies a layer-step (378 / 378); ahead fills used 94, evicted unused 36, misses of experts the fill evicted 7
  kstage: cache: 115 layer-steps, 2.29 misses and 2.29 copies a layer-step (263 / 263); ahead fills used 0, evicted unused 0, misses of experts the fill evicted 0
  kstage: cache: 161 layer-steps, 1.63 misses and 1.63 copies a layer-step (263 / 263); ahead fills used 0, evicted unused 0, misses of experts the fill evicted 0
  kstage: cache: 184 layer-steps, 1.43 misses and 1.43 copies a layer-step (263 / 263); ahead fills used 0, evicted unused 0, misses of experts the fill evicted 0
  kstage: cache: 214 layer-steps, 1.23 misses and 1.23 copies a layer-step (263 / 263); ahead fills used 0, evicted unused 0, misses of experts the fill evicted 0
  kstage: cache: 23 layers, 765 experts cold (33.3 a layer), 15.38 GiB host pages, 11.48 GiB device, policy global, profile /prof/p7-all.json (all); slots all: pinned/slots per layer ['0/125', '0/123', '0/117', '0/92', '0/86', '0/86', '0/91', '0/88', '0/82', '0/103', '0/79', '0/91', '0/96', '0/100', '0/92', '0/92', '0/87', '0/81', '0/89', '0/96', '0/93', '0/89', '0/101']; evict lfu6; frozen from never tokens; DMA from 64 tokens: 49 staging rows, 1 buffers, 0.27 GiB; ahead below 64 tokens, top 6, fused to 16, 4 tensors on the copy engine
  kstage: cache: 23 layer-steps, 3.96 misses and 3.96 copies a layer-step (91 / 91); ahead fills used 0, evicted unused 0, misses of experts the fill evicted 0
  kstage: cache: 25 layer-steps, 3.76 misses and 3.76 copies a layer-step (94 / 94); ahead fills used 0, evicted unused 0, misses of experts the fill evicted 0
  kstage: cache: 299 layer-steps, 0.88 misses and 0.88 copies a layer-step (263 / 263); ahead fills used 0, evicted unused 0, misses of experts the fill evicted 0
  kstage: cache: 368 layer-steps, 0.71 misses and 0.71 copies a layer-step (263 / 263); ahead fills used 0, evicted unused 0, misses of experts the fill evicted 0
  kstage: cache: 419 layer-steps, 0.70 misses and 0.70 copies a layer-step (293 / 293); ahead fills used 0, evicted unused 0, misses of experts the fill evicted 0
  kstage: cache: 48 layer-steps, 2.81 misses and 2.81 copies a layer-step (135 / 135); ahead fills used 0, evicted unused 0, misses of experts the fill evicted 0
  kstage: cache: 690 layer-steps, 0.45 misses and 0.45 copies a layer-step (309 / 309); ahead fills used 0, evicted unused 0, misses of experts the fill evicted 0
  kstage: cache: 69 layer-steps, 3.74 misses and 3.74 copies a layer-step (258 / 258); ahead fills used 0, evicted unused 0, misses of experts the fill evicted 0
  kstage: cache: 920 layer-steps, 0.34 misses and 0.34 copies a layer-step (309 / 309); ahead fills used 0, evicted unused 0, misses of experts the fill evicted 0
  kstage: cache: 92 layer-steps, 2.80 misses and 2.80 copies a layer-step (258 / 258); ahead fills used 0, evicted unused 0, misses of experts the fill evicted 0
  kstage: cache: 943 layer-steps, 0.36 misses and 0.36 copies a layer-step (336 / 336); ahead fills used 34, evicted unused 13, misses of experts the fill evicted 3
  kstage: installed in 2.5s; device memory free 8.35 GiB
  kstage: registered, mode cache
  host RAM used: +20219 MiB, 38436 MiB available
  bench: exit 0, 14s
  decode c=16: per-stream median 23.4 tok/s, aggregate 342.3 tok/s, 16/16 ok
  max running/waiting: Running: 16 reqs, Waiting: 0 reqs
== phase p24-live-lfu-c16 16:50:10Z maxlen 131072 work: decode ks: KSTAGE=cache KSTAGE_COLD_GB=4 KSTAGE_PROFILE=/prof/p7-all.json KSTAGE_STATS=1 KSTAGE_SLOTS=all KSTAGE_DMA_M=64 KSTAGE_DMA_BUF=1 KSTAGE_COPY_LIVE=82 KSTAGE_EVICT=lfu
  free in 2 MiB+ blocks: 15.8 GiB
ready in 110s; Model loading took 2.34 GiB;Available KV cache memory: 5.44 GiB;GPU KV cache size: 1,490,944 tokens;
  mem: Maximum concurrency for 131,072 tokens per request: 11.38x;Actual usage is 14.94 GiB for consumed memory (weights + non-torch), 1.14 GiB for peak activation, and 0.1 GiB for CUDAGraph;
  kstage: cache: 1012 layer-steps, 0.46 misses and 0.46 copies a layer-step (463 / 463)
  kstage: cache: 177 layer-steps, 1.49 misses and 1.49 copies a layer-step (263 / 263)
  kstage: cache: 185 layer-steps, 1.42 misses and 1.42 copies a layer-step (263 / 263)
  kstage: cache: 19 layer-steps, 4.26 misses and 4.26 copies a layer-step (81 / 81)
  kstage: cache: 1 layer-steps, 1.00 misses and 1.00 copies a layer-step (1 / 1)
  kstage: cache: 203 layer-steps, 1.30 misses and 1.30 copies a layer-step (263 / 263)
  kstage: cache: 23 layers, 765 experts cold (33.3 a layer), 15.38 GiB host pages, 11.48 GiB device, policy global, profile /prof/p7-all.json (all); slots all: pinned/slots per layer ['0/125', '0/123', '0/117', '0/92', '0/86', '0/86', '0/91', '0/88', '0/82', '0/103', '0/79', '0/91', '0/96', '0/100', '0/92', '0/92', '0/87', '0/81', '0/89', '0/96', '0/93', '0/89', '0/101']; evict lfu6; frozen from never tokens; DMA from 64 tokens: 49 staging rows, 1 buffers, 0.27 GiB
  kstage: cache: 25 layer-steps, 3.76 misses and 3.76 copies a layer-step (94 / 94)
  kstage: cache: 288 layer-steps, 0.91 misses and 0.91 copies a layer-step (263 / 263)
  kstage: cache: 301 layer-steps, 0.87 misses and 0.87 copies a layer-step (263 / 263)
  kstage: cache: 368 layer-steps, 0.71 misses and 0.71 copies a layer-step (263 / 263)
  kstage: cache: 48 layer-steps, 2.81 misses and 2.81 copies a layer-step (135 / 135)
  kstage: cache: 513 layer-steps, 0.60 misses and 0.60 copies a layer-step (309 / 309)
  kstage: cache: 69 layer-steps, 3.74 misses and 3.74 copies a layer-step (258 / 258)
  kstage: cache: 812 layer-steps, 0.38 misses and 0.38 copies a layer-step (309 / 309)
  kstage: cache: 920 layer-steps, 0.34 misses and 0.34 copies a layer-step (309 / 309)
  kstage: cache: 943 layer-steps, 0.39 misses and 0.39 copies a layer-step (368 / 368)
  kstage: installed in 2.0s; device memory free 8.64 GiB
  kstage: registered, mode cache
  host RAM used: +20313 MiB, 38440 MiB available
  bench: exit 0, 13s
  decode c=16: per-stream median 26.2 tok/s, aggregate 387.4 tok/s, 16/16 ok
  max running/waiting: Running: 16 reqs, Waiting: 0 reqs
== phase p24-live-lfu-ahead-c16 16:52:15Z maxlen 131072 work: decode ks: KSTAGE=cache KSTAGE_COLD_GB=4 KSTAGE_PROFILE=/prof/p7-all.json KSTAGE_STATS=1 KSTAGE_SLOTS=all KSTAGE_DMA_M=64 KSTAGE_DMA_BUF=1 KSTAGE_COPY_LIVE=82 KSTAGE_EVICT=lfu KSTAGE_AHEAD=1
  free in 2 MiB+ blocks: 15.7 GiB
ready in 115s; Model loading took 2.37 GiB;Available KV cache memory: 5.15 GiB;GPU KV cache size: 1,412,300 tokens;
  mem: Maximum concurrency for 131,072 tokens per request: 10.78x;Actual usage is 15.22 GiB for consumed memory (weights + non-torch), 1.15 GiB for peak activation, and 0.1 GiB for CUDAGraph;
  kstage: cache: 1012 layer-steps, 0.37 misses and 0.37 copies a layer-step (374 / 374); ahead fills used 91, evicted unused 34, misses of experts the fill evicted 5
  kstage: cache: 184 layer-steps, 1.43 misses and 1.43 copies a layer-step (264 / 264); ahead fills used 0, evicted unused 0, misses of experts the fill evicted 0
  kstage: cache: 207 layer-steps, 1.28 misses and 1.28 copies a layer-step (264 / 264); ahead fills used 0, evicted unused 0, misses of experts the fill evicted 0
  kstage: cache: 23 layers, 765 experts cold (33.3 a layer), 15.38 GiB host pages, 11.48 GiB device, policy global, profile /prof/p7-all.json (all); slots all: pinned/slots per layer ['0/125', '0/123', '0/117', '0/92', '0/86', '0/86', '0/91', '0/88', '0/82', '0/103', '0/79', '0/91', '0/96', '0/100', '0/92', '0/92', '0/87', '0/81', '0/89', '0/96', '0/93', '0/89', '0/101']; evict lfu6; frozen from never tokens; DMA from 64 tokens: 49 staging rows, 1 buffers, 0.27 GiB; ahead below 64 tokens, top 6, 4 tensors on the copy engine
  kstage: cache: 23 layer-steps, 3.96 misses and 3.96 copies a layer-step (91 / 91); ahead fills used 0, evicted unused 0, misses of experts the fill evicted 0
  kstage: cache: 25 layer-steps, 3.76 misses and 3.76 copies a layer-step (94 / 94); ahead fills used 0, evicted unused 0, misses of experts the fill evicted 0
  kstage: cache: 299 layer-steps, 0.88 misses and 0.88 copies a layer-step (264 / 264); ahead fills used 0, evicted unused 0, misses of experts the fill evicted 0
  kstage: cache: 317 layer-steps, 0.83 misses and 0.83 copies a layer-step (264 / 264); ahead fills used 0, evicted unused 0, misses of experts the fill evicted 0
  kstage: cache: 368 layer-steps, 0.72 misses and 0.72 copies a layer-step (264 / 264); ahead fills used 0, evicted unused 0, misses of experts the fill evicted 0
  kstage: cache: 48 layer-steps, 2.83 misses and 2.83 copies a layer-step (136 / 136); ahead fills used 0, evicted unused 0, misses of experts the fill evicted 0
  kstage: cache: 616 layer-steps, 0.50 misses and 0.50 copies a layer-step (310 / 310); ahead fills used 0, evicted unused 0, misses of experts the fill evicted 0
  kstage: cache: 69 layer-steps, 3.75 misses and 3.75 copies a layer-step (259 / 259); ahead fills used 0, evicted unused 0, misses of experts the fill evicted 0
  kstage: cache: 897 layer-steps, 0.35 misses and 0.35 copies a layer-step (310 / 310); ahead fills used 0, evicted unused 0, misses of experts the fill evicted 0
  kstage: cache: 92 layer-steps, 2.82 misses and 2.82 copies a layer-step (259 / 259); ahead fills used 0, evicted unused 0, misses of experts the fill evicted 0
  kstage: cache: 943 layer-steps, 0.36 misses and 0.36 copies a layer-step (337 / 337); ahead fills used 34, evicted unused 13, misses of experts the fill evicted 3
  kstage: installed in 2.4s; device memory free 8.35 GiB
  kstage: registered, mode cache
  host RAM used: +20459 MiB, 38281 MiB available
  bench: exit 0, 14s
  decode c=16: per-stream median 22.7 tok/s, aggregate 333.9 tok/s, 16/16 ok
  max running/waiting: Running: 16 reqs, Waiting: 0 reqs
== done 16:54:26Z
profile: performance
exit 0
