=== chain 2026-10-07 12:10:19: p27 - K=1/2/3 vs live+LFU at c=16 x2; K=2 vs live+LFU at c=4/8 x2; K=2 min8 at c=1
== phase p27-live-lfu-c16-r1 18:10:19Z maxlen 131072 work: decode ks: KSTAGE=cache KSTAGE_COLD_GB=4 KSTAGE_PROFILE=/prof/p7-all.json KSTAGE_STATS=1 KSTAGE_SLOTS=all KSTAGE_DMA_M=64 KSTAGE_DMA_BUF=1 KSTAGE_COPY_LIVE=82 KSTAGE_EVICT=lfu
  free in 2 MiB+ blocks: 15.1 GiB
ready in 111s; Model loading took 2.34 GiB;Available KV cache memory: 5.44 GiB;GPU KV cache size: 1,490,944 tokens;
  mem: Maximum concurrency for 131,072 tokens per request: 11.38x;Actual usage is 14.94 GiB for consumed memory (weights + non-torch), 1.14 GiB for peak activation, and 0.1 GiB for CUDAGraph;
  kstage: cache: 1012 layer-steps, 0.44 misses and 0.44 copies a layer-step (448 / 448)
  kstage: cache: 12 layer-steps, 6.00 misses and 6.00 copies a layer-step (72 / 72)
  kstage: cache: 184 layer-steps, 1.43 misses and 1.43 copies a layer-step (263 / 263)
  kstage: cache: 196 layer-steps, 1.34 misses and 1.34 copies a layer-step (263 / 263)
  kstage: cache: 233 layer-steps, 1.13 misses and 1.13 copies a layer-step (263 / 263)
  kstage: cache: 23 layers, 765 experts cold (33.3 a layer), 15.38 GiB host pages, 11.48 GiB device, policy global, profile /prof/p7-all.json (all); slots all: pinned/slots per layer ['0/125', '0/123', '0/117', '0/92', '0/86', '0/86', '0/91', '0/88', '0/82', '0/103', '0/79', '0/91', '0/96', '0/100', '0/92', '0/92', '0/87', '0/81', '0/89', '0/96', '0/93', '0/89', '0/101']; evict lfu6; frozen from never tokens; DMA from 64 tokens: 49 staging rows, 1 buffers, 0.27 GiB
  kstage: cache: 23 layer-steps, 3.96 misses and 3.96 copies a layer-step (91 / 91)
  kstage: cache: 299 layer-steps, 0.88 misses and 0.88 copies a layer-step (263 / 263)
  kstage: cache: 368 layer-steps, 0.71 misses and 0.71 copies a layer-step (263 / 263)
  kstage: cache: 434 layer-steps, 0.71 misses and 0.71 copies a layer-step (308 / 308)
  kstage: cache: 48 layer-steps, 2.81 misses and 2.81 copies a layer-step (135 / 135)
  kstage: cache: 69 layer-steps, 3.74 misses and 3.74 copies a layer-step (258 / 258)
  kstage: cache: 706 layer-steps, 0.44 misses and 0.44 copies a layer-step (309 / 309)
  kstage: cache: 71 layer-steps, 3.63 misses and 3.63 copies a layer-step (258 / 258)
  kstage: cache: 920 layer-steps, 0.34 misses and 0.34 copies a layer-step (309 / 309)
  kstage: cache: 943 layer-steps, 0.39 misses and 0.39 copies a layer-step (368 / 368)
  kstage: installed in 2.1s; device memory free 8.64 GiB
  kstage: registered, mode cache
  host RAM used: +20246 MiB, 38439 MiB available
  bench: exit 0, 13s
  decode c=16: per-stream median 25.1 tok/s, aggregate 364.4 tok/s, 16/16 ok
  max running/waiting: Running: 16 reqs, Waiting: 0 reqs
== phase p27-live-lfu-ahead-fuse-k1-c16-r1 18:12:24Z maxlen 131072 work: decode ks: KSTAGE=cache KSTAGE_COLD_GB=4 KSTAGE_PROFILE=/prof/p7-all.json KSTAGE_STATS=1 KSTAGE_SLOTS=all KSTAGE_DMA_M=64 KSTAGE_DMA_BUF=1 KSTAGE_COPY_LIVE=82 KSTAGE_EVICT=lfu KSTAGE_AHEAD=1 KSTAGE_AHEAD_FUSE=1 KSTAGE_AHEAD_K=1
  free in 2 MiB+ blocks: 15.1 GiB
ready in 126s; Model loading took 2.37 GiB;Available KV cache memory: 5.16 GiB;GPU KV cache size: 1,412,300 tokens;
  mem: Maximum concurrency for 131,072 tokens per request: 10.78x;Actual usage is 15.22 GiB for consumed memory (weights + non-torch), 1.15 GiB for peak activation, and 0.1 GiB for CUDAGraph;
  kstage: cache: 1012 layer-steps, 0.42 misses and 0.42 copies a layer-step (424 / 424); ahead fills used 26, evicted unused 2, misses of experts the fill evicted 2
  kstage: cache: 115 layer-steps, 2.29 misses and 2.29 copies a layer-step (263 / 263); ahead fills used 0, evicted unused 0, misses of experts the fill evicted 0
  kstage: cache: 12 layer-steps, 6.00 misses and 6.00 copies a layer-step (72 / 72); ahead fills used 0, evicted unused 0, misses of experts the fill evicted 0
  kstage: cache: 161 layer-steps, 1.63 misses and 1.63 copies a layer-step (263 / 263); ahead fills used 0, evicted unused 0, misses of experts the fill evicted 0
  kstage: cache: 184 layer-steps, 1.43 misses and 1.43 copies a layer-step (263 / 263); ahead fills used 0, evicted unused 0, misses of experts the fill evicted 0
  kstage: cache: 196 layer-steps, 1.34 misses and 1.34 copies a layer-step (263 / 263); ahead fills used 0, evicted unused 0, misses of experts the fill evicted 0
  kstage: cache: 23 layers, 765 experts cold (33.3 a layer), 15.38 GiB host pages, 11.48 GiB device, policy global, profile /prof/p7-all.json (all); slots all: pinned/slots per layer ['0/125', '0/123', '0/117', '0/92', '0/86', '0/86', '0/91', '0/88', '0/82', '0/103', '0/79', '0/91', '0/96', '0/100', '0/92', '0/92', '0/87', '0/81', '0/89', '0/96', '0/93', '0/89', '0/101']; evict lfu6; frozen from never tokens; DMA from 64 tokens: 49 staging rows, 1 buffers, 0.27 GiB; ahead below 64 tokens, top 1, fused to 16, 4 tensors on the copy engine
  kstage: cache: 23 layer-steps, 3.96 misses and 3.96 copies a layer-step (91 / 91); ahead fills used 0, evicted unused 0, misses of experts the fill evicted 0
  kstage: cache: 299 layer-steps, 0.88 misses and 0.88 copies a layer-step (263 / 263); ahead fills used 0, evicted unused 0, misses of experts the fill evicted 0
  kstage: cache: 368 layer-steps, 0.71 misses and 0.71 copies a layer-step (263 / 263); ahead fills used 0, evicted unused 0, misses of experts the fill evicted 0
  kstage: cache: 48 layer-steps, 2.81 misses and 2.81 copies a layer-step (135 / 135); ahead fills used 0, evicted unused 0, misses of experts the fill evicted 0
  kstage: cache: 621 layer-steps, 0.50 misses and 0.50 copies a layer-step (309 / 309); ahead fills used 0, evicted unused 0, misses of experts the fill evicted 0
  kstage: cache: 69 layer-steps, 3.74 misses and 3.74 copies a layer-step (258 / 258); ahead fills used 0, evicted unused 0, misses of experts the fill evicted 0
  kstage: cache: 898 layer-steps, 0.34 misses and 0.34 copies a layer-step (309 / 309); ahead fills used 0, evicted unused 0, misses of experts the fill evicted 0
  kstage: cache: 943 layer-steps, 0.38 misses and 0.38 copies a layer-step (357 / 357); ahead fills used 12, evicted unused 2, misses of experts the fill evicted 1
  kstage: installed in 2.5s; device memory free 8.35 GiB
  kstage: registered, mode cache
  host RAM used: +20375 MiB, 38318 MiB available
  bench: exit 0, 13s
  decode c=16: per-stream median 26.3 tok/s, aggregate 381.0 tok/s, 16/16 ok
  max running/waiting: Running: 16 reqs, Waiting: 0 reqs
== phase p27-live-lfu-ahead-fuse-k2-c16-r1 18:14:44Z maxlen 131072 work: decode ks: KSTAGE=cache KSTAGE_COLD_GB=4 KSTAGE_PROFILE=/prof/p7-all.json KSTAGE_STATS=1 KSTAGE_SLOTS=all KSTAGE_DMA_M=64 KSTAGE_DMA_BUF=1 KSTAGE_COPY_LIVE=82 KSTAGE_EVICT=lfu KSTAGE_AHEAD=1 KSTAGE_AHEAD_FUSE=1 KSTAGE_AHEAD_K=2
  free in 2 MiB+ blocks: 15.1 GiB
ready in 126s; Model loading took 2.37 GiB;Available KV cache memory: 5.16 GiB;GPU KV cache size: 1,412,300 tokens;
  mem: Maximum concurrency for 131,072 tokens per request: 10.78x;Actual usage is 15.22 GiB for consumed memory (weights + non-torch), 1.15 GiB for peak activation, and 0.1 GiB for CUDAGraph;
  kstage: cache: 1012 layer-steps, 0.42 misses and 0.42 copies a layer-step (425 / 425); ahead fills used 42, evicted unused 12, misses of experts the fill evicted 3
  kstage: cache: 115 layer-steps, 2.29 misses and 2.29 copies a layer-step (263 / 263); ahead fills used 0, evicted unused 0, misses of experts the fill evicted 0
  kstage: cache: 161 layer-steps, 1.63 misses and 1.63 copies a layer-step (263 / 263); ahead fills used 0, evicted unused 0, misses of experts the fill evicted 0
  kstage: cache: 196 layer-steps, 1.34 misses and 1.34 copies a layer-step (263 / 263); ahead fills used 0, evicted unused 0, misses of experts the fill evicted 0
  kstage: cache: 23 layers, 765 experts cold (33.3 a layer), 15.38 GiB host pages, 11.48 GiB device, policy global, profile /prof/p7-all.json (all); slots all: pinned/slots per layer ['0/125', '0/123', '0/117', '0/92', '0/86', '0/86', '0/91', '0/88', '0/82', '0/103', '0/79', '0/91', '0/96', '0/100', '0/92', '0/92', '0/87', '0/81', '0/89', '0/96', '0/93', '0/89', '0/101']; evict lfu6; frozen from never tokens; DMA from 64 tokens: 49 staging rows, 1 buffers, 0.27 GiB; ahead below 64 tokens, top 2, fused to 16, 4 tensors on the copy engine
  kstage: cache: 23 layer-steps, 3.96 misses and 3.96 copies a layer-step (91 / 91); ahead fills used 0, evicted unused 0, misses of experts the fill evicted 0
  kstage: cache: 25 layer-steps, 3.76 misses and 3.76 copies a layer-step (94 / 94); ahead fills used 0, evicted unused 0, misses of experts the fill evicted 0
  kstage: cache: 276 layer-steps, 0.95 misses and 0.95 copies a layer-step (263 / 263); ahead fills used 0, evicted unused 0, misses of experts the fill evicted 0
  kstage: cache: 299 layer-steps, 0.88 misses and 0.88 copies a layer-step (263 / 263); ahead fills used 0, evicted unused 0, misses of experts the fill evicted 0
  kstage: cache: 301 layer-steps, 0.87 misses and 0.87 copies a layer-step (263 / 263); ahead fills used 0, evicted unused 0, misses of experts the fill evicted 0
  kstage: cache: 368 layer-steps, 0.71 misses and 0.71 copies a layer-step (263 / 263); ahead fills used 0, evicted unused 0, misses of experts the fill evicted 0
  kstage: cache: 447 layer-steps, 0.69 misses and 0.69 copies a layer-step (309 / 309); ahead fills used 0, evicted unused 0, misses of experts the fill evicted 0
  kstage: cache: 48 layer-steps, 2.81 misses and 2.81 copies a layer-step (135 / 135); ahead fills used 0, evicted unused 0, misses of experts the fill evicted 0
  kstage: cache: 69 layer-steps, 3.74 misses and 3.74 copies a layer-step (258 / 258); ahead fills used 0, evicted unused 0, misses of experts the fill evicted 0
  kstage: cache: 713 layer-steps, 0.43 misses and 0.43 copies a layer-step (309 / 309); ahead fills used 0, evicted unused 0, misses of experts the fill evicted 0
  kstage: cache: 920 layer-steps, 0.34 misses and 0.34 copies a layer-step (309 / 309); ahead fills used 0, evicted unused 0, misses of experts the fill evicted 0
  kstage: cache: 943 layer-steps, 0.37 misses and 0.37 copies a layer-step (353 / 353); ahead fills used 15, evicted unused 6, misses of experts the fill evicted 1
  kstage: cache: 98 layer-steps, 2.63 misses and 2.63 copies a layer-step (258 / 258); ahead fills used 0, evicted unused 0, misses of experts the fill evicted 0
  kstage: installed in 2.4s; device memory free 8.35 GiB
  kstage: registered, mode cache
  host RAM used: +20238 MiB, 38451 MiB available
  bench: exit 0, 13s
  decode c=16: per-stream median 26.6 tok/s, aggregate 384.6 tok/s, 16/16 ok
  max running/waiting: Running: 16 reqs, Waiting: 0 reqs
== phase p27-live-lfu-ahead-fuse-k3-c16-r1 18:17:05Z maxlen 131072 work: decode ks: KSTAGE=cache KSTAGE_COLD_GB=4 KSTAGE_PROFILE=/prof/p7-all.json KSTAGE_STATS=1 KSTAGE_SLOTS=all KSTAGE_DMA_M=64 KSTAGE_DMA_BUF=1 KSTAGE_COPY_LIVE=82 KSTAGE_EVICT=lfu KSTAGE_AHEAD=1 KSTAGE_AHEAD_FUSE=1 KSTAGE_AHEAD_K=3
  free in 2 MiB+ blocks: 15.2 GiB
ready in 126s; Model loading took 2.37 GiB;Available KV cache memory: 5.16 GiB;GPU KV cache size: 1,412,300 tokens;
  mem: Maximum concurrency for 131,072 tokens per request: 10.78x;Actual usage is 15.22 GiB for consumed memory (weights + non-torch), 1.15 GiB for peak activation, and 0.1 GiB for CUDAGraph;
  kstage: cache: 1012 layer-steps, 0.39 misses and 0.39 copies a layer-step (395 / 395); ahead fills used 53, evicted unused 13, misses of experts the fill evicted 4
  kstage: cache: 115 layer-steps, 2.29 misses and 2.29 copies a layer-step (263 / 263); ahead fills used 0, evicted unused 0, misses of experts the fill evicted 0
  kstage: cache: 161 layer-steps, 1.63 misses and 1.63 copies a layer-step (263 / 263); ahead fills used 0, evicted unused 0, misses of experts the fill evicted 0
  kstage: cache: 184 layer-steps, 1.43 misses and 1.43 copies a layer-step (263 / 263); ahead fills used 0, evicted unused 0, misses of experts the fill evicted 0
  kstage: cache: 196 layer-steps, 1.34 misses and 1.34 copies a layer-step (263 / 263); ahead fills used 0, evicted unused 0, misses of experts the fill evicted 0
  kstage: cache: 23 layers, 765 experts cold (33.3 a layer), 15.38 GiB host pages, 11.48 GiB device, policy global, profile /prof/p7-all.json (all); slots all: pinned/slots per layer ['0/125', '0/123', '0/117', '0/92', '0/86', '0/86', '0/91', '0/88', '0/82', '0/103', '0/79', '0/91', '0/96', '0/100', '0/92', '0/92', '0/87', '0/81', '0/89', '0/96', '0/93', '0/89', '0/101']; evict lfu6; frozen from never tokens; DMA from 64 tokens: 49 staging rows, 1 buffers, 0.27 GiB; ahead below 64 tokens, top 3, fused to 16, 4 tensors on the copy engine
  kstage: cache: 23 layer-steps, 3.96 misses and 3.96 copies a layer-step (91 / 91); ahead fills used 0, evicted unused 0, misses of experts the fill evicted 0
  kstage: cache: 25 layer-steps, 3.76 misses and 3.76 copies a layer-step (94 / 94); ahead fills used 0, evicted unused 0, misses of experts the fill evicted 0
  kstage: cache: 299 layer-steps, 0.88 misses and 0.88 copies a layer-step (263 / 263); ahead fills used 0, evicted unused 0, misses of experts the fill evicted 0
  kstage: cache: 301 layer-steps, 0.87 misses and 0.87 copies a layer-step (263 / 263); ahead fills used 0, evicted unused 0, misses of experts the fill evicted 0
  kstage: cache: 368 layer-steps, 0.71 misses and 0.71 copies a layer-step (263 / 263); ahead fills used 0, evicted unused 0, misses of experts the fill evicted 0
  kstage: cache: 483 layer-steps, 0.64 misses and 0.64 copies a layer-step (309 / 309); ahead fills used 0, evicted unused 0, misses of experts the fill evicted 0
  kstage: cache: 48 layer-steps, 2.81 misses and 2.81 copies a layer-step (135 / 135); ahead fills used 0, evicted unused 0, misses of experts the fill evicted 0
  kstage: cache: 69 layer-steps, 3.74 misses and 3.74 copies a layer-step (258 / 258); ahead fills used 0, evicted unused 0, misses of experts the fill evicted 0
  kstage: cache: 71 layer-steps, 3.63 misses and 3.63 copies a layer-step (258 / 258); ahead fills used 0, evicted unused 0, misses of experts the fill evicted 0
  kstage: cache: 759 layer-steps, 0.41 misses and 0.41 copies a layer-step (309 / 309); ahead fills used 0, evicted unused 0, misses of experts the fill evicted 0
  kstage: cache: 920 layer-steps, 0.34 misses and 0.34 copies a layer-step (309 / 309); ahead fills used 0, evicted unused 0, misses of experts the fill evicted 0
  kstage: cache: 943 layer-steps, 0.37 misses and 0.37 copies a layer-step (347 / 347); ahead fills used 22, evicted unused 6, misses of experts the fill evicted 2
  kstage: installed in 2.4s; device memory free 8.35 GiB
  kstage: registered, mode cache
  host RAM used: +20301 MiB, 38418 MiB available
  bench: exit 0, 12s
  decode c=16: per-stream median 27.0 tok/s, aggregate 390.3 tok/s, 16/16 ok
  max running/waiting: Running: 16 reqs, Waiting: 0 reqs
== phase p27-live-lfu-c4-r1 18:19:24Z maxlen 131072 work: decode ks: KSTAGE=cache KSTAGE_COLD_GB=4 KSTAGE_PROFILE=/prof/p7-all.json KSTAGE_STATS=1 KSTAGE_SLOTS=all KSTAGE_DMA_M=64 KSTAGE_DMA_BUF=1 KSTAGE_COPY_LIVE=82 KSTAGE_EVICT=lfu
  free in 2 MiB+ blocks: 15.1 GiB
ready in 111s; Model loading took 2.34 GiB;Available KV cache memory: 5.44 GiB;GPU KV cache size: 1,490,944 tokens;
  mem: Maximum concurrency for 131,072 tokens per request: 11.38x;Actual usage is 14.94 GiB for consumed memory (weights + non-torch), 1.14 GiB for peak activation, and 0.1 GiB for CUDAGraph;
  kstage: cache: 1012 layer-steps, 0.44 misses and 0.44 copies a layer-step (447 / 447)
  kstage: cache: 161 layer-steps, 1.63 misses and 1.63 copies a layer-step (263 / 263)
  kstage: cache: 185 layer-steps, 1.42 misses and 1.42 copies a layer-step (263 / 263)
  kstage: cache: 19 layer-steps, 4.26 misses and 4.26 copies a layer-step (81 / 81)
  kstage: cache: 1 layer-steps, 1.00 misses and 1.00 copies a layer-step (1 / 1)
  kstage: cache: 203 layer-steps, 1.30 misses and 1.30 copies a layer-step (263 / 263)
  kstage: cache: 23 layers, 765 experts cold (33.3 a layer), 15.38 GiB host pages, 11.48 GiB device, policy global, profile /prof/p7-all.json (all); slots all: pinned/slots per layer ['0/125', '0/123', '0/117', '0/92', '0/86', '0/86', '0/91', '0/88', '0/82', '0/103', '0/79', '0/91', '0/96', '0/100', '0/92', '0/92', '0/87', '0/81', '0/89', '0/96', '0/93', '0/89', '0/101']; evict lfu6; frozen from never tokens; DMA from 64 tokens: 49 staging rows, 1 buffers, 0.27 GiB
  kstage: cache: 25 layer-steps, 3.76 misses and 3.76 copies a layer-step (94 / 94)
  kstage: cache: 276 layer-steps, 0.95 misses and 0.95 copies a layer-step (263 / 263)
  kstage: cache: 301 layer-steps, 0.87 misses and 0.87 copies a layer-step (263 / 263)
  kstage: cache: 368 layer-steps, 0.71 misses and 0.71 copies a layer-step (263 / 263)
  kstage: cache: 483 layer-steps, 0.64 misses and 0.64 copies a layer-step (309 / 309)
  kstage: cache: 48 layer-steps, 2.81 misses and 2.81 copies a layer-step (135 / 135)
  kstage: cache: 69 layer-steps, 3.74 misses and 3.74 copies a layer-step (258 / 258)
  kstage: cache: 782 layer-steps, 0.40 misses and 0.40 copies a layer-step (309 / 309)
  kstage: cache: 920 layer-steps, 0.34 misses and 0.34 copies a layer-step (309 / 309)
  kstage: cache: 943 layer-steps, 0.39 misses and 0.39 copies a layer-step (368 / 368)
  kstage: installed in 2.0s; device memory free 8.64 GiB
  kstage: registered, mode cache
  host RAM used: +20194 MiB, 38475 MiB available
  bench: exit 0, 6s
  decode c=4: per-stream median 80.1 tok/s, aggregate 264.9 tok/s, 4/4 ok
  max running/waiting: 
== phase p27-live-lfu-ahead-fuse-k2-c4-r1 18:21:22Z maxlen 131072 work: decode ks: KSTAGE=cache KSTAGE_COLD_GB=4 KSTAGE_PROFILE=/prof/p7-all.json KSTAGE_STATS=1 KSTAGE_SLOTS=all KSTAGE_DMA_M=64 KSTAGE_DMA_BUF=1 KSTAGE_COPY_LIVE=82 KSTAGE_EVICT=lfu KSTAGE_AHEAD=1 KSTAGE_AHEAD_FUSE=1 KSTAGE_AHEAD_K=2
  free in 2 MiB+ blocks: 15.1 GiB
ready in 126s; Model loading took 2.37 GiB;Available KV cache memory: 5.16 GiB;GPU KV cache size: 1,412,300 tokens;
  mem: Maximum concurrency for 131,072 tokens per request: 10.78x;Actual usage is 15.22 GiB for consumed memory (weights + non-torch), 1.15 GiB for peak activation, and 0.1 GiB for CUDAGraph;
  kstage: cache: 1012 layer-steps, 0.42 misses and 0.42 copies a layer-step (425 / 425); ahead fills used 42, evicted unused 12, misses of experts the fill evicted 3
  kstage: cache: 115 layer-steps, 2.29 misses and 2.29 copies a layer-step (263 / 263); ahead fills used 0, evicted unused 0, misses of experts the fill evicted 0
  kstage: cache: 161 layer-steps, 1.63 misses and 1.63 copies a layer-step (263 / 263); ahead fills used 0, evicted unused 0, misses of experts the fill evicted 0
  kstage: cache: 196 layer-steps, 1.34 misses and 1.34 copies a layer-step (263 / 263); ahead fills used 0, evicted unused 0, misses of experts the fill evicted 0
  kstage: cache: 23 layers, 765 experts cold (33.3 a layer), 15.38 GiB host pages, 11.48 GiB device, policy global, profile /prof/p7-all.json (all); slots all: pinned/slots per layer ['0/125', '0/123', '0/117', '0/92', '0/86', '0/86', '0/91', '0/88', '0/82', '0/103', '0/79', '0/91', '0/96', '0/100', '0/92', '0/92', '0/87', '0/81', '0/89', '0/96', '0/93', '0/89', '0/101']; evict lfu6; frozen from never tokens; DMA from 64 tokens: 49 staging rows, 1 buffers, 0.27 GiB; ahead below 64 tokens, top 2, fused to 16, 4 tensors on the copy engine
  kstage: cache: 23 layer-steps, 3.96 misses and 3.96 copies a layer-step (91 / 91); ahead fills used 0, evicted unused 0, misses of experts the fill evicted 0
  kstage: cache: 25 layer-steps, 3.76 misses and 3.76 copies a layer-step (94 / 94); ahead fills used 0, evicted unused 0, misses of experts the fill evicted 0
  kstage: cache: 276 layer-steps, 0.95 misses and 0.95 copies a layer-step (263 / 263); ahead fills used 0, evicted unused 0, misses of experts the fill evicted 0
  kstage: cache: 299 layer-steps, 0.88 misses and 0.88 copies a layer-step (263 / 263); ahead fills used 0, evicted unused 0, misses of experts the fill evicted 0
  kstage: cache: 300 layer-steps, 0.88 misses and 0.88 copies a layer-step (263 / 263); ahead fills used 0, evicted unused 0, misses of experts the fill evicted 0
  kstage: cache: 368 layer-steps, 0.71 misses and 0.71 copies a layer-step (263 / 263); ahead fills used 0, evicted unused 0, misses of experts the fill evicted 0
  kstage: cache: 424 layer-steps, 0.72 misses and 0.72 copies a layer-step (307 / 307); ahead fills used 0, evicted unused 0, misses of experts the fill evicted 0
  kstage: cache: 48 layer-steps, 2.81 misses and 2.81 copies a layer-step (135 / 135); ahead fills used 0, evicted unused 0, misses of experts the fill evicted 0
  kstage: cache: 690 layer-steps, 0.45 misses and 0.45 copies a layer-step (309 / 309); ahead fills used 0, evicted unused 0, misses of experts the fill evicted 0
  kstage: cache: 69 layer-steps, 3.74 misses and 3.74 copies a layer-step (258 / 258); ahead fills used 0, evicted unused 0, misses of experts the fill evicted 0
  kstage: cache: 920 layer-steps, 0.34 misses and 0.34 copies a layer-step (309 / 309); ahead fills used 0, evicted unused 0, misses of experts the fill evicted 0
  kstage: cache: 92 layer-steps, 2.80 misses and 2.80 copies a layer-step (258 / 258); ahead fills used 0, evicted unused 0, misses of experts the fill evicted 0
  kstage: cache: 943 layer-steps, 0.37 misses and 0.37 copies a layer-step (353 / 353); ahead fills used 15, evicted unused 6, misses of experts the fill evicted 1
  kstage: installed in 2.4s; device memory free 8.35 GiB
  kstage: registered, mode cache
  host RAM used: +20314 MiB, 38363 MiB available
  bench: exit 0, 6s
  decode c=4: per-stream median 81.0 tok/s, aggregate 267.4 tok/s, 4/4 ok
  max running/waiting: 
== phase p27-live-lfu-c8-r1 18:23:35Z maxlen 131072 work: decode ks: KSTAGE=cache KSTAGE_COLD_GB=4 KSTAGE_PROFILE=/prof/p7-all.json KSTAGE_STATS=1 KSTAGE_SLOTS=all KSTAGE_DMA_M=64 KSTAGE_DMA_BUF=1 KSTAGE_COPY_LIVE=82 KSTAGE_EVICT=lfu
  free in 2 MiB+ blocks: 15.1 GiB
ready in 111s; Model loading took 2.34 GiB;Available KV cache memory: 5.44 GiB;GPU KV cache size: 1,490,944 tokens;
  mem: Maximum concurrency for 131,072 tokens per request: 11.38x;Actual usage is 14.94 GiB for consumed memory (weights + non-torch), 1.14 GiB for peak activation, and 0.1 GiB for CUDAGraph;
  kstage: cache: 1012 layer-steps, 0.45 misses and 0.45 copies a layer-step (453 / 453)
  kstage: cache: 174 layer-steps, 1.51 misses and 1.51 copies a layer-step (263 / 263)
  kstage: cache: 185 layer-steps, 1.42 misses and 1.42 copies a layer-step (263 / 263)
  kstage: cache: 19 layer-steps, 4.26 misses and 4.26 copies a layer-step (81 / 81)
  kstage: cache: 1 layer-steps, 1.00 misses and 1.00 copies a layer-step (1 / 1)
  kstage: cache: 203 layer-steps, 1.30 misses and 1.30 copies a layer-step (263 / 263)
  kstage: cache: 23 layers, 765 experts cold (33.3 a layer), 15.38 GiB host pages, 11.48 GiB device, policy global, profile /prof/p7-all.json (all); slots all: pinned/slots per layer ['0/125', '0/123', '0/117', '0/92', '0/86', '0/86', '0/91', '0/88', '0/82', '0/103', '0/79', '0/91', '0/96', '0/100', '0/92', '0/92', '0/87', '0/81', '0/89', '0/96', '0/93', '0/89', '0/101']; evict lfu6; frozen from never tokens; DMA from 64 tokens: 49 staging rows, 1 buffers, 0.27 GiB
  kstage: cache: 25 layer-steps, 3.76 misses and 3.76 copies a layer-step (94 / 94)
  kstage: cache: 278 layer-steps, 0.95 misses and 0.95 copies a layer-step (263 / 263)
  kstage: cache: 301 layer-steps, 0.87 misses and 0.87 copies a layer-step (263 / 263)
  kstage: cache: 368 layer-steps, 0.71 misses and 0.71 copies a layer-step (263 / 263)
  kstage: cache: 48 layer-steps, 2.81 misses and 2.81 copies a layer-step (135 / 135)
  kstage: cache: 517 layer-steps, 0.60 misses and 0.60 copies a layer-step (309 / 309)
  kstage: cache: 69 layer-steps, 3.74 misses and 3.74 copies a layer-step (258 / 258)
  kstage: cache: 825 layer-steps, 0.37 misses and 0.37 copies a layer-step (309 / 309)
  kstage: cache: 920 layer-steps, 0.34 misses and 0.34 copies a layer-step (309 / 309)
  kstage: cache: 943 layer-steps, 0.39 misses and 0.39 copies a layer-step (368 / 368)
  kstage: installed in 2.0s; device memory free 8.64 GiB
  kstage: registered, mode cache
  host RAM used: +20101 MiB, 38567 MiB available
  bench: exit 0, 8s
  decode c=8: per-stream median 45.2 tok/s, aggregate 308.0 tok/s, 8/8 ok
  max running/waiting: Running: 8 reqs, Waiting: 0 reqs
== phase p27-live-lfu-ahead-fuse-k2-c8-r1 18:25:36Z maxlen 131072 work: decode ks: KSTAGE=cache KSTAGE_COLD_GB=4 KSTAGE_PROFILE=/prof/p7-all.json KSTAGE_STATS=1 KSTAGE_SLOTS=all KSTAGE_DMA_M=64 KSTAGE_DMA_BUF=1 KSTAGE_COPY_LIVE=82 KSTAGE_EVICT=lfu KSTAGE_AHEAD=1 KSTAGE_AHEAD_FUSE=1 KSTAGE_AHEAD_K=2
  free in 2 MiB+ blocks: 15.1 GiB
ready in 126s; Model loading took 2.37 GiB;Available KV cache memory: 5.16 GiB;GPU KV cache size: 1,412,300 tokens;
  mem: Maximum concurrency for 131,072 tokens per request: 10.78x;Actual usage is 15.22 GiB for consumed memory (weights + non-torch), 1.15 GiB for peak activation, and 0.1 GiB for CUDAGraph;
  kstage: cache: 1012 layer-steps, 0.40 misses and 0.40 copies a layer-step (409 / 409); ahead fills used 38, evicted unused 10, misses of experts the fill evicted 3
  kstage: cache: 115 layer-steps, 2.29 misses and 2.29 copies a layer-step (263 / 263); ahead fills used 0, evicted unused 0, misses of experts the fill evicted 0
  kstage: cache: 161 layer-steps, 1.63 misses and 1.63 copies a layer-step (263 / 263); ahead fills used 0, evicted unused 0, misses of experts the fill evicted 0
  kstage: cache: 184 layer-steps, 1.43 misses and 1.43 copies a layer-step (263 / 263); ahead fills used 0, evicted unused 0, misses of experts the fill evicted 0
  kstage: cache: 23 layers, 765 experts cold (33.3 a layer), 15.38 GiB host pages, 11.48 GiB device, policy global, profile /prof/p7-all.json (all); slots all: pinned/slots per layer ['0/125', '0/123', '0/117', '0/92', '0/86', '0/86', '0/91', '0/88', '0/82', '0/103', '0/79', '0/91', '0/96', '0/100', '0/92', '0/92', '0/87', '0/81', '0/89', '0/96', '0/93', '0/89', '0/101']; evict lfu6; frozen from never tokens; DMA from 64 tokens: 49 staging rows, 1 buffers, 0.27 GiB; ahead below 64 tokens, top 2, fused to 16, 4 tensors on the copy engine
  kstage: cache: 23 layer-steps, 3.96 misses and 3.96 copies a layer-step (91 / 91); ahead fills used 0, evicted unused 0, misses of experts the fill evicted 0
  kstage: cache: 25 layer-steps, 3.76 misses and 3.76 copies a layer-step (94 / 94); ahead fills used 0, evicted unused 0, misses of experts the fill evicted 0
  kstage: cache: 276 layer-steps, 0.95 misses and 0.95 copies a layer-step (263 / 263); ahead fills used 0, evicted unused 0, misses of experts the fill evicted 0
  kstage: cache: 299 layer-steps, 0.88 misses and 0.88 copies a layer-step (263 / 263); ahead fills used 0, evicted unused 0, misses of experts the fill evicted 0
  kstage: cache: 368 layer-steps, 0.71 misses and 0.71 copies a layer-step (263 / 263); ahead fills used 0, evicted unused 0, misses of experts the fill evicted 0
  kstage: cache: 414 layer-steps, 0.69 misses and 0.69 copies a layer-step (284 / 284); ahead fills used 0, evicted unused 0, misses of experts the fill evicted 0
  kstage: cache: 48 layer-steps, 2.81 misses and 2.81 copies a layer-step (135 / 135); ahead fills used 0, evicted unused 0, misses of experts the fill evicted 0
  kstage: cache: 678 layer-steps, 0.46 misses and 0.46 copies a layer-step (309 / 309); ahead fills used 0, evicted unused 0, misses of experts the fill evicted 0
  kstage: cache: 69 layer-steps, 3.74 misses and 3.74 copies a layer-step (258 / 258); ahead fills used 0, evicted unused 0, misses of experts the fill evicted 0
  kstage: cache: 920 layer-steps, 0.34 misses and 0.34 copies a layer-step (309 / 309); ahead fills used 0, evicted unused 0, misses of experts the fill evicted 0
  kstage: cache: 92 layer-steps, 2.80 misses and 2.80 copies a layer-step (258 / 258); ahead fills used 0, evicted unused 0, misses of experts the fill evicted 0
  kstage: cache: 943 layer-steps, 0.37 misses and 0.37 copies a layer-step (353 / 353); ahead fills used 15, evicted unused 6, misses of experts the fill evicted 1
  kstage: installed in 2.4s; device memory free 8.35 GiB
  kstage: registered, mode cache
  host RAM used: +20245 MiB, 38467 MiB available
  bench: exit 0, 8s
  decode c=8: per-stream median 46.9 tok/s, aggregate 318.5 tok/s, 8/8 ok
  max running/waiting: Running: 8 reqs, Waiting: 0 reqs
== phase p27-live-lfu-c16-r2 18:27:52Z maxlen 131072 work: decode ks: KSTAGE=cache KSTAGE_COLD_GB=4 KSTAGE_PROFILE=/prof/p7-all.json KSTAGE_STATS=1 KSTAGE_SLOTS=all KSTAGE_DMA_M=64 KSTAGE_DMA_BUF=1 KSTAGE_COPY_LIVE=82 KSTAGE_EVICT=lfu
  free in 2 MiB+ blocks: 15.1 GiB
ready in 110s; Model loading took 2.34 GiB;Available KV cache memory: 5.44 GiB;GPU KV cache size: 1,490,944 tokens;
  mem: Maximum concurrency for 131,072 tokens per request: 11.38x;Actual usage is 14.94 GiB for consumed memory (weights + non-torch), 1.14 GiB for peak activation, and 0.1 GiB for CUDAGraph;
  kstage: cache: 1012 layer-steps, 0.46 misses and 0.46 copies a layer-step (463 / 463)
  kstage: cache: 181 layer-steps, 1.45 misses and 1.45 copies a layer-step (263 / 263)
  kstage: cache: 185 layer-steps, 1.42 misses and 1.42 copies a layer-step (263 / 263)
  kstage: cache: 19 layer-steps, 4.26 misses and 4.26 copies a layer-step (81 / 81)
  kstage: cache: 1 layer-steps, 1.00 misses and 1.00 copies a layer-step (1 / 1)
  kstage: cache: 203 layer-steps, 1.30 misses and 1.30 copies a layer-step (263 / 263)
  kstage: cache: 23 layers, 765 experts cold (33.3 a layer), 15.38 GiB host pages, 11.48 GiB device, policy global, profile /prof/p7-all.json (all); slots all: pinned/slots per layer ['0/125', '0/123', '0/117', '0/92', '0/86', '0/86', '0/91', '0/88', '0/82', '0/103', '0/79', '0/91', '0/96', '0/100', '0/92', '0/92', '0/87', '0/81', '0/89', '0/96', '0/93', '0/89', '0/101']; evict lfu6; frozen from never tokens; DMA from 64 tokens: 49 staging rows, 1 buffers, 0.27 GiB
  kstage: cache: 25 layer-steps, 3.76 misses and 3.76 copies a layer-step (94 / 94)
  kstage: cache: 278 layer-steps, 0.95 misses and 0.95 copies a layer-step (263 / 263)
  kstage: cache: 301 layer-steps, 0.87 misses and 0.87 copies a layer-step (263 / 263)
  kstage: cache: 368 layer-steps, 0.71 misses and 0.71 copies a layer-step (263 / 263)
  kstage: cache: 48 layer-steps, 2.81 misses and 2.81 copies a layer-step (135 / 135)
  kstage: cache: 525 layer-steps, 0.59 misses and 0.59 copies a layer-step (309 / 309)
  kstage: cache: 69 layer-steps, 3.74 misses and 3.74 copies a layer-step (258 / 258)
  kstage: cache: 828 layer-steps, 0.37 misses and 0.37 copies a layer-step (309 / 309)
  kstage: cache: 920 layer-steps, 0.34 misses and 0.34 copies a layer-step (309 / 309)
  kstage: cache: 943 layer-steps, 0.39 misses and 0.39 copies a layer-step (368 / 368)
  kstage: installed in 2.0s; device memory free 8.64 GiB
  kstage: registered, mode cache
  host RAM used: +20134 MiB, 38537 MiB available
  bench: exit 0, 12s
  decode c=16: per-stream median 25.3 tok/s, aggregate 368.4 tok/s, 16/16 ok
  max running/waiting: Running: 16 reqs, Waiting: 0 reqs
== phase p27-live-lfu-ahead-fuse-k1-c16-r2 18:29:57Z maxlen 131072 work: decode ks: KSTAGE=cache KSTAGE_COLD_GB=4 KSTAGE_PROFILE=/prof/p7-all.json KSTAGE_STATS=1 KSTAGE_SLOTS=all KSTAGE_DMA_M=64 KSTAGE_DMA_BUF=1 KSTAGE_COPY_LIVE=82 KSTAGE_EVICT=lfu KSTAGE_AHEAD=1 KSTAGE_AHEAD_FUSE=1 KSTAGE_AHEAD_K=1
  free in 2 MiB+ blocks: 15.1 GiB
ready in 126s; Model loading took 2.37 GiB;Available KV cache memory: 5.16 GiB;GPU KV cache size: 1,412,300 tokens;
  mem: Maximum concurrency for 131,072 tokens per request: 10.78x;Actual usage is 15.22 GiB for consumed memory (weights + non-torch), 1.15 GiB for peak activation, and 0.1 GiB for CUDAGraph;
  kstage: cache: 1012 layer-steps, 0.44 misses and 0.44 copies a layer-step (442 / 442); ahead fills used 28, evicted unused 3, misses of experts the fill evicted 2
  kstage: cache: 115 layer-steps, 2.29 misses and 2.29 copies a layer-step (263 / 263); ahead fills used 0, evicted unused 0, misses of experts the fill evicted 0
  kstage: cache: 12 layer-steps, 6.00 misses and 6.00 copies a layer-step (72 / 72); ahead fills used 0, evicted unused 0, misses of experts the fill evicted 0
  kstage: cache: 161 layer-steps, 1.63 misses and 1.63 copies a layer-step (263 / 263); ahead fills used 0, evicted unused 0, misses of experts the fill evicted 0
  kstage: cache: 184 layer-steps, 1.43 misses and 1.43 copies a layer-step (263 / 263); ahead fills used 0, evicted unused 0, misses of experts the fill evicted 0
  kstage: cache: 196 layer-steps, 1.34 misses and 1.34 copies a layer-step (263 / 263); ahead fills used 0, evicted unused 0, misses of experts the fill evicted 0
  kstage: cache: 23 layers, 765 experts cold (33.3 a layer), 15.38 GiB host pages, 11.48 GiB device, policy global, profile /prof/p7-all.json (all); slots all: pinned/slots per layer ['0/125', '0/123', '0/117', '0/92', '0/86', '0/86', '0/91', '0/88', '0/82', '0/103', '0/79', '0/91', '0/96', '0/100', '0/92', '0/92', '0/87', '0/81', '0/89', '0/96', '0/93', '0/89', '0/101']; evict lfu6; frozen from never tokens; DMA from 64 tokens: 49 staging rows, 1 buffers, 0.27 GiB; ahead below 64 tokens, top 1, fused to 16, 4 tensors on the copy engine
  kstage: cache: 23 layer-steps, 3.96 misses and 3.96 copies a layer-step (91 / 91); ahead fills used 0, evicted unused 0, misses of experts the fill evicted 0
  kstage: cache: 299 layer-steps, 0.88 misses and 0.88 copies a layer-step (263 / 263); ahead fills used 0, evicted unused 0, misses of experts the fill evicted 0
  kstage: cache: 368 layer-steps, 0.71 misses and 0.71 copies a layer-step (263 / 263); ahead fills used 0, evicted unused 0, misses of experts the fill evicted 0
  kstage: cache: 46 layer-steps, 2.93 misses and 2.93 copies a layer-step (135 / 135); ahead fills used 0, evicted unused 0, misses of experts the fill evicted 0
  kstage: cache: 48 layer-steps, 2.81 misses and 2.81 copies a layer-step (135 / 135); ahead fills used 0, evicted unused 0, misses of experts the fill evicted 0
  kstage: cache: 621 layer-steps, 0.50 misses and 0.50 copies a layer-step (309 / 309); ahead fills used 0, evicted unused 0, misses of experts the fill evicted 0
  kstage: cache: 69 layer-steps, 3.74 misses and 3.74 copies a layer-step (258 / 258); ahead fills used 0, evicted unused 0, misses of experts the fill evicted 0
  kstage: cache: 897 layer-steps, 0.34 misses and 0.34 copies a layer-step (309 / 309); ahead fills used 0, evicted unused 0, misses of experts the fill evicted 0
  kstage: cache: 943 layer-steps, 0.38 misses and 0.38 copies a layer-step (357 / 357); ahead fills used 12, evicted unused 2, misses of experts the fill evicted 1
  kstage: installed in 2.4s; device memory free 8.35 GiB
  kstage: registered, mode cache
  host RAM used: +20506 MiB, 38259 MiB available
  bench: exit 0, 12s
  decode c=16: per-stream median 26.4 tok/s, aggregate 381.9 tok/s, 16/16 ok
  max running/waiting: Running: 16 reqs, Waiting: 0 reqs
== phase p27-live-lfu-ahead-fuse-k2-c16-r2 18:32:17Z maxlen 131072 work: decode ks: KSTAGE=cache KSTAGE_COLD_GB=4 KSTAGE_PROFILE=/prof/p7-all.json KSTAGE_STATS=1 KSTAGE_SLOTS=all KSTAGE_DMA_M=64 KSTAGE_DMA_BUF=1 KSTAGE_COPY_LIVE=82 KSTAGE_EVICT=lfu KSTAGE_AHEAD=1 KSTAGE_AHEAD_FUSE=1 KSTAGE_AHEAD_K=2
  free in 2 MiB+ blocks: 15.1 GiB
ready in 126s; Model loading took 2.37 GiB;Available KV cache memory: 5.16 GiB;GPU KV cache size: 1,412,300 tokens;
  mem: Maximum concurrency for 131,072 tokens per request: 10.78x;Actual usage is 15.22 GiB for consumed memory (weights + non-torch), 1.15 GiB for peak activation, and 0.1 GiB for CUDAGraph;
  kstage: cache: 1012 layer-steps, 0.42 misses and 0.42 copies a layer-step (425 / 425); ahead fills used 42, evicted unused 12, misses of experts the fill evicted 3
  kstage: cache: 115 layer-steps, 2.27 misses and 2.27 copies a layer-step (261 / 261); ahead fills used 0, evicted unused 0, misses of experts the fill evicted 0
  kstage: cache: 12 layer-steps, 6.00 misses and 6.00 copies a layer-step (72 / 72); ahead fills used 0, evicted unused 0, misses of experts the fill evicted 0
  kstage: cache: 161 layer-steps, 1.63 misses and 1.63 copies a layer-step (263 / 263); ahead fills used 0, evicted unused 0, misses of experts the fill evicted 0
  kstage: cache: 184 layer-steps, 1.43 misses and 1.43 copies a layer-step (263 / 263); ahead fills used 0, evicted unused 0, misses of experts the fill evicted 0
  kstage: cache: 230 layer-steps, 1.14 misses and 1.14 copies a layer-step (263 / 263); ahead fills used 0, evicted unused 0, misses of experts the fill evicted 0
  kstage: cache: 23 layers, 765 experts cold (33.3 a layer), 15.38 GiB host pages, 11.48 GiB device, policy global, profile /prof/p7-all.json (all); slots all: pinned/slots per layer ['0/125', '0/123', '0/117', '0/92', '0/86', '0/86', '0/91', '0/88', '0/82', '0/103', '0/79', '0/91', '0/96', '0/100', '0/92', '0/92', '0/87', '0/81', '0/89', '0/96', '0/93', '0/89', '0/101']; evict lfu6; frozen from never tokens; DMA from 64 tokens: 49 staging rows, 1 buffers, 0.27 GiB; ahead below 64 tokens, top 2, fused to 16, 4 tensors on the copy engine
  kstage: cache: 23 layer-steps, 3.96 misses and 3.96 copies a layer-step (91 / 91); ahead fills used 0, evicted unused 0, misses of experts the fill evicted 0
  kstage: cache: 299 layer-steps, 0.88 misses and 0.88 copies a layer-step (263 / 263); ahead fills used 0, evicted unused 0, misses of experts the fill evicted 0
  kstage: cache: 368 layer-steps, 0.71 misses and 0.71 copies a layer-step (263 / 263); ahead fills used 0, evicted unused 0, misses of experts the fill evicted 0
  kstage: cache: 414 layer-steps, 0.69 misses and 0.69 copies a layer-step (284 / 284); ahead fills used 0, evicted unused 0, misses of experts the fill evicted 0
  kstage: cache: 48 layer-steps, 2.81 misses and 2.81 copies a layer-step (135 / 135); ahead fills used 0, evicted unused 0, misses of experts the fill evicted 0
  kstage: cache: 679 layer-steps, 0.46 misses and 0.46 copies a layer-step (309 / 309); ahead fills used 0, evicted unused 0, misses of experts the fill evicted 0
  kstage: cache: 69 layer-steps, 3.74 misses and 3.74 copies a layer-step (258 / 258); ahead fills used 0, evicted unused 0, misses of experts the fill evicted 0
  kstage: cache: 71 layer-steps, 3.63 misses and 3.63 copies a layer-step (258 / 258); ahead fills used 0, evicted unused 0, misses of experts the fill evicted 0
  kstage: cache: 920 layer-steps, 0.34 misses and 0.34 copies a layer-step (309 / 309); ahead fills used 0, evicted unused 0, misses of experts the fill evicted 0
  kstage: cache: 943 layer-steps, 0.37 misses and 0.37 copies a layer-step (353 / 353); ahead fills used 15, evicted unused 6, misses of experts the fill evicted 1
  kstage: installed in 2.4s; device memory free 8.35 GiB
  kstage: registered, mode cache
  host RAM used: +20255 MiB, 38502 MiB available
  bench: exit 0, 12s
  decode c=16: per-stream median 26.6 tok/s, aggregate 385.3 tok/s, 16/16 ok
  max running/waiting: Running: 16 reqs, Waiting: 0 reqs
== phase p27-live-lfu-ahead-fuse-k3-c16-r2 18:34:37Z maxlen 131072 work: decode ks: KSTAGE=cache KSTAGE_COLD_GB=4 KSTAGE_PROFILE=/prof/p7-all.json KSTAGE_STATS=1 KSTAGE_SLOTS=all KSTAGE_DMA_M=64 KSTAGE_DMA_BUF=1 KSTAGE_COPY_LIVE=82 KSTAGE_EVICT=lfu KSTAGE_AHEAD=1 KSTAGE_AHEAD_FUSE=1 KSTAGE_AHEAD_K=3
  free in 2 MiB+ blocks: 15.1 GiB
ready in 126s; Model loading took 2.37 GiB;Available KV cache memory: 5.16 GiB;GPU KV cache size: 1,412,300 tokens;
  mem: Maximum concurrency for 131,072 tokens per request: 10.78x;Actual usage is 15.22 GiB for consumed memory (weights + non-torch), 1.15 GiB for peak activation, and 0.1 GiB for CUDAGraph;
  kstage: cache: 1012 layer-steps, 0.41 misses and 0.41 copies a layer-step (412 / 412); ahead fills used 59, evicted unused 21, misses of experts the fill evicted 6
  kstage: cache: 115 layer-steps, 2.29 misses and 2.29 copies a layer-step (263 / 263); ahead fills used 0, evicted unused 0, misses of experts the fill evicted 0
  kstage: cache: 161 layer-steps, 1.63 misses and 1.63 copies a layer-step (263 / 263); ahead fills used 0, evicted unused 0, misses of experts the fill evicted 0
  kstage: cache: 184 layer-steps, 1.43 misses and 1.43 copies a layer-step (263 / 263); ahead fills used 0, evicted unused 0, misses of experts the fill evicted 0
  kstage: cache: 196 layer-steps, 1.34 misses and 1.34 copies a layer-step (263 / 263); ahead fills used 0, evicted unused 0, misses of experts the fill evicted 0
  kstage: cache: 23 layers, 765 experts cold (33.3 a layer), 15.38 GiB host pages, 11.48 GiB device, policy global, profile /prof/p7-all.json (all); slots all: pinned/slots per layer ['0/125', '0/123', '0/117', '0/92', '0/86', '0/86', '0/91', '0/88', '0/82', '0/103', '0/79', '0/91', '0/96', '0/100', '0/92', '0/92', '0/87', '0/81', '0/89', '0/96', '0/93', '0/89', '0/101']; evict lfu6; frozen from never tokens; DMA from 64 tokens: 49 staging rows, 1 buffers, 0.27 GiB; ahead below 64 tokens, top 3, fused to 16, 4 tensors on the copy engine
  kstage: cache: 23 layer-steps, 3.96 misses and 3.96 copies a layer-step (91 / 91); ahead fills used 0, evicted unused 0, misses of experts the fill evicted 0
  kstage: cache: 25 layer-steps, 3.76 misses and 3.76 copies a layer-step (94 / 94); ahead fills used 0, evicted unused 0, misses of experts the fill evicted 0
  kstage: cache: 299 layer-steps, 0.88 misses and 0.88 copies a layer-step (263 / 263); ahead fills used 0, evicted unused 0, misses of experts the fill evicted 0
  kstage: cache: 301 layer-steps, 0.87 misses and 0.87 copies a layer-step (263 / 263); ahead fills used 0, evicted unused 0, misses of experts the fill evicted 0
  kstage: cache: 368 layer-steps, 0.71 misses and 0.71 copies a layer-step (263 / 263); ahead fills used 0, evicted unused 0, misses of experts the fill evicted 0
  kstage: cache: 48 layer-steps, 2.81 misses and 2.81 copies a layer-step (135 / 135); ahead fills used 0, evicted unused 0, misses of experts the fill evicted 0
  kstage: cache: 494 layer-steps, 0.63 misses and 0.63 copies a layer-step (309 / 309); ahead fills used 0, evicted unused 0, misses of experts the fill evicted 0
  kstage: cache: 69 layer-steps, 3.74 misses and 3.74 copies a layer-step (258 / 258); ahead fills used 0, evicted unused 0, misses of experts the fill evicted 0
  kstage: cache: 71 layer-steps, 3.63 misses and 3.63 copies a layer-step (258 / 258); ahead fills used 0, evicted unused 0, misses of experts the fill evicted 0
  kstage: cache: 782 layer-steps, 0.40 misses and 0.40 copies a layer-step (309 / 309); ahead fills used 0, evicted unused 0, misses of experts the fill evicted 0
  kstage: cache: 920 layer-steps, 0.34 misses and 0.34 copies a layer-step (309 / 309); ahead fills used 0, evicted unused 0, misses of experts the fill evicted 0
  kstage: cache: 943 layer-steps, 0.37 misses and 0.37 copies a layer-step (347 / 347); ahead fills used 22, evicted unused 6, misses of experts the fill evicted 2
  kstage: installed in 2.4s; device memory free 8.35 GiB
  kstage: registered, mode cache
  host RAM used: +20470 MiB, 38309 MiB available
  bench: exit 0, 12s
  decode c=16: per-stream median 27.1 tok/s, aggregate 392.3 tok/s, 16/16 ok
  max running/waiting: Running: 16 reqs, Waiting: 0 reqs
== phase p27-live-lfu-c4-r2 18:36:57Z maxlen 131072 work: decode ks: KSTAGE=cache KSTAGE_COLD_GB=4 KSTAGE_PROFILE=/prof/p7-all.json KSTAGE_STATS=1 KSTAGE_SLOTS=all KSTAGE_DMA_M=64 KSTAGE_DMA_BUF=1 KSTAGE_COPY_LIVE=82 KSTAGE_EVICT=lfu
  free in 2 MiB+ blocks: 15.4 GiB
ready in 110s; Model loading took 2.34 GiB;Available KV cache memory: 5.44 GiB;GPU KV cache size: 1,490,944 tokens;
  mem: Maximum concurrency for 131,072 tokens per request: 11.38x;Actual usage is 14.94 GiB for consumed memory (weights + non-torch), 1.14 GiB for peak activation, and 0.1 GiB for CUDAGraph;
  kstage: cache: 1012 layer-steps, 0.44 misses and 0.44 copies a layer-step (447 / 447)
  kstage: cache: 184 layer-steps, 1.43 misses and 1.43 copies a layer-step (263 / 263)
  kstage: cache: 196 layer-steps, 1.34 misses and 1.34 copies a layer-step (263 / 263)
  kstage: cache: 19 layer-steps, 4.26 misses and 4.26 copies a layer-step (81 / 81)
  kstage: cache: 1 layer-steps, 1.00 misses and 1.00 copies a layer-step (1 / 1)
  kstage: cache: 212 layer-steps, 1.24 misses and 1.24 copies a layer-step (263 / 263)
  kstage: cache: 23 layers, 765 experts cold (33.3 a layer), 15.38 GiB host pages, 11.48 GiB device, policy global, profile /prof/p7-all.json (all); slots all: pinned/slots per layer ['0/125', '0/123', '0/117', '0/92', '0/86', '0/86', '0/91', '0/88', '0/82', '0/103', '0/79', '0/91', '0/96', '0/100', '0/92', '0/92', '0/87', '0/81', '0/89', '0/96', '0/93', '0/89', '0/101']; evict lfu6; frozen from never tokens; DMA from 64 tokens: 49 staging rows, 1 buffers, 0.27 GiB
  kstage: cache: 299 layer-steps, 0.88 misses and 0.88 copies a layer-step (263 / 263)
  kstage: cache: 360 layer-steps, 0.73 misses and 0.73 copies a layer-step (263 / 263)
  kstage: cache: 368 layer-steps, 0.71 misses and 0.71 copies a layer-step (263 / 263)
  kstage: cache: 46 layer-steps, 2.93 misses and 2.93 copies a layer-step (135 / 135)
  kstage: cache: 48 layer-steps, 2.81 misses and 2.81 copies a layer-step (135 / 135)
  kstage: cache: 63 layer-steps, 3.86 misses and 3.86 copies a layer-step (243 / 243)
  kstage: cache: 644 layer-steps, 0.48 misses and 0.48 copies a layer-step (309 / 309)
  kstage: cache: 71 layer-steps, 3.63 misses and 3.63 copies a layer-step (258 / 258)
  kstage: cache: 920 layer-steps, 0.34 misses and 0.34 copies a layer-step (309 / 309)
  kstage: cache: 943 layer-steps, 0.39 misses and 0.39 copies a layer-step (368 / 368)
  kstage: installed in 2.1s; device memory free 8.64 GiB
  kstage: registered, mode cache
  host RAM used: +20292 MiB, 38432 MiB available
  bench: exit 0, 6s
  decode c=4: per-stream median 79.3 tok/s, aggregate 262.8 tok/s, 4/4 ok
  max running/waiting: 
== phase p27-live-lfu-ahead-fuse-k2-c4-r2 18:38:55Z maxlen 131072 work: decode ks: KSTAGE=cache KSTAGE_COLD_GB=4 KSTAGE_PROFILE=/prof/p7-all.json KSTAGE_STATS=1 KSTAGE_SLOTS=all KSTAGE_DMA_M=64 KSTAGE_DMA_BUF=1 KSTAGE_COPY_LIVE=82 KSTAGE_EVICT=lfu KSTAGE_AHEAD=1 KSTAGE_AHEAD_FUSE=1 KSTAGE_AHEAD_K=2
  free in 2 MiB+ blocks: 15.5 GiB
ready in 125s; Model loading took 2.37 GiB;Available KV cache memory: 5.16 GiB;GPU KV cache size: 1,412,300 tokens;
  mem: Maximum concurrency for 131,072 tokens per request: 10.78x;Actual usage is 15.22 GiB for consumed memory (weights + non-torch), 1.15 GiB for peak activation, and 0.1 GiB for CUDAGraph;
  kstage: cache: 1012 layer-steps, 0.42 misses and 0.42 copies a layer-step (425 / 425); ahead fills used 42, evicted unused 12, misses of experts the fill evicted 3
  kstage: cache: 115 layer-steps, 2.29 misses and 2.29 copies a layer-step (263 / 263); ahead fills used 0, evicted unused 0, misses of experts the fill evicted 0
  kstage: cache: 161 layer-steps, 1.63 misses and 1.63 copies a layer-step (263 / 263); ahead fills used 0, evicted unused 0, misses of experts the fill evicted 0
  kstage: cache: 196 layer-steps, 1.34 misses and 1.34 copies a layer-step (263 / 263); ahead fills used 0, evicted unused 0, misses of experts the fill evicted 0
  kstage: cache: 23 layers, 765 experts cold (33.3 a layer), 15.38 GiB host pages, 11.48 GiB device, policy global, profile /prof/p7-all.json (all); slots all: pinned/slots per layer ['0/125', '0/123', '0/117', '0/92', '0/86', '0/86', '0/91', '0/88', '0/82', '0/103', '0/79', '0/91', '0/96', '0/100', '0/92', '0/92', '0/87', '0/81', '0/89', '0/96', '0/93', '0/89', '0/101']; evict lfu6; frozen from never tokens; DMA from 64 tokens: 49 staging rows, 1 buffers, 0.27 GiB; ahead below 64 tokens, top 2, fused to 16, 4 tensors on the copy engine
  kstage: cache: 23 layer-steps, 3.96 misses and 3.96 copies a layer-step (91 / 91); ahead fills used 0, evicted unused 0, misses of experts the fill evicted 0
  kstage: cache: 25 layer-steps, 3.76 misses and 3.76 copies a layer-step (94 / 94); ahead fills used 0, evicted unused 0, misses of experts the fill evicted 0
  kstage: cache: 276 layer-steps, 0.95 misses and 0.95 copies a layer-step (263 / 263); ahead fills used 0, evicted unused 0, misses of experts the fill evicted 0
  kstage: cache: 299 layer-steps, 0.88 misses and 0.88 copies a layer-step (263 / 263); ahead fills used 0, evicted unused 0, misses of experts the fill evicted 0
  kstage: cache: 368 layer-steps, 0.71 misses and 0.71 copies a layer-step (263 / 263); ahead fills used 0, evicted unused 0, misses of experts the fill evicted 0
  kstage: cache: 424 layer-steps, 0.72 misses and 0.72 copies a layer-step (307 / 307); ahead fills used 0, evicted unused 0, misses of experts the fill evicted 0
  kstage: cache: 48 layer-steps, 2.81 misses and 2.81 copies a layer-step (135 / 135); ahead fills used 0, evicted unused 0, misses of experts the fill evicted 0
  kstage: cache: 690 layer-steps, 0.45 misses and 0.45 copies a layer-step (309 / 309); ahead fills used 0, evicted unused 0, misses of experts the fill evicted 0
  kstage: cache: 69 layer-steps, 3.74 misses and 3.74 copies a layer-step (258 / 258); ahead fills used 0, evicted unused 0, misses of experts the fill evicted 0
  kstage: cache: 920 layer-steps, 0.34 misses and 0.34 copies a layer-step (309 / 309); ahead fills used 0, evicted unused 0, misses of experts the fill evicted 0
  kstage: cache: 92 layer-steps, 2.80 misses and 2.80 copies a layer-step (258 / 258); ahead fills used 0, evicted unused 0, misses of experts the fill evicted 0
  kstage: cache: 943 layer-steps, 0.37 misses and 0.37 copies a layer-step (353 / 353); ahead fills used 15, evicted unused 6, misses of experts the fill evicted 1
  kstage: installed in 2.4s; device memory free 8.35 GiB
  kstage: registered, mode cache
  host RAM used: +20130 MiB, 38476 MiB available
  bench: exit 0, 5s
  decode c=4: per-stream median 80.2 tok/s, aggregate 265.0 tok/s, 4/4 ok
  max running/waiting: Running: 4 reqs, Waiting: 0 reqs
== phase p27-live-lfu-c8-r2 18:41:08Z maxlen 131072 work: decode ks: KSTAGE=cache KSTAGE_COLD_GB=4 KSTAGE_PROFILE=/prof/p7-all.json KSTAGE_STATS=1 KSTAGE_SLOTS=all KSTAGE_DMA_M=64 KSTAGE_DMA_BUF=1 KSTAGE_COPY_LIVE=82 KSTAGE_EVICT=lfu
  free in 2 MiB+ blocks: 15.5 GiB
ready in 111s; Model loading took 2.34 GiB;Available KV cache memory: 5.44 GiB;GPU KV cache size: 1,490,944 tokens;
  mem: Maximum concurrency for 131,072 tokens per request: 11.38x;Actual usage is 14.94 GiB for consumed memory (weights + non-torch), 1.14 GiB for peak activation, and 0.1 GiB for CUDAGraph;
  kstage: cache: 1012 layer-steps, 0.44 misses and 0.44 copies a layer-step (447 / 447)
  kstage: cache: 172 layer-steps, 1.53 misses and 1.53 copies a layer-step (263 / 263)
  kstage: cache: 185 layer-steps, 1.42 misses and 1.42 copies a layer-step (263 / 263)
  kstage: cache: 19 layer-steps, 4.26 misses and 4.26 copies a layer-step (81 / 81)
  kstage: cache: 1 layer-steps, 1.00 misses and 1.00 copies a layer-step (1 / 1)
  kstage: cache: 203 layer-steps, 1.30 misses and 1.30 copies a layer-step (263 / 263)
  kstage: cache: 23 layers, 765 experts cold (33.3 a layer), 15.38 GiB host pages, 11.48 GiB device, policy global, profile /prof/p7-all.json (all); slots all: pinned/slots per layer ['0/125', '0/123', '0/117', '0/92', '0/86', '0/86', '0/91', '0/88', '0/82', '0/103', '0/79', '0/91', '0/96', '0/100', '0/92', '0/92', '0/87', '0/81', '0/89', '0/96', '0/93', '0/89', '0/101']; evict lfu6; frozen from never tokens; DMA from 64 tokens: 49 staging rows, 1 buffers, 0.27 GiB
  kstage: cache: 25 layer-steps, 3.76 misses and 3.76 copies a layer-step (94 / 94)
  kstage: cache: 288 layer-steps, 0.91 misses and 0.91 copies a layer-step (263 / 263)
  kstage: cache: 301 layer-steps, 0.87 misses and 0.87 copies a layer-step (263 / 263)
  kstage: cache: 368 layer-steps, 0.71 misses and 0.71 copies a layer-step (263 / 263)
  kstage: cache: 48 layer-steps, 2.81 misses and 2.81 copies a layer-step (135 / 135)
  kstage: cache: 529 layer-steps, 0.58 misses and 0.58 copies a layer-step (309 / 309)
  kstage: cache: 69 layer-steps, 3.74 misses and 3.74 copies a layer-step (258 / 258)
  kstage: cache: 828 layer-steps, 0.37 misses and 0.37 copies a layer-step (309 / 309)
  kstage: cache: 920 layer-steps, 0.34 misses and 0.34 copies a layer-step (309 / 309)
  kstage: cache: 943 layer-steps, 0.39 misses and 0.39 copies a layer-step (368 / 368)
  kstage: installed in 2.0s; device memory free 8.64 GiB
  kstage: registered, mode cache
  host RAM used: +20313 MiB, 38410 MiB available
  bench: exit 0, 8s
  decode c=8: per-stream median 45.0 tok/s, aggregate 308.0 tok/s, 8/8 ok
  max running/waiting: Running: 8 reqs, Waiting: 0 reqs
== phase p27-live-lfu-ahead-fuse-k2-c8-r2 18:43:09Z maxlen 131072 work: decode ks: KSTAGE=cache KSTAGE_COLD_GB=4 KSTAGE_PROFILE=/prof/p7-all.json KSTAGE_STATS=1 KSTAGE_SLOTS=all KSTAGE_DMA_M=64 KSTAGE_DMA_BUF=1 KSTAGE_COPY_LIVE=82 KSTAGE_EVICT=lfu KSTAGE_AHEAD=1 KSTAGE_AHEAD_FUSE=1 KSTAGE_AHEAD_K=2
  free in 2 MiB+ blocks: 15.5 GiB
ready in 125s; Model loading took 2.37 GiB;Available KV cache memory: 5.16 GiB;GPU KV cache size: 1,412,300 tokens;
  mem: Maximum concurrency for 131,072 tokens per request: 10.78x;Actual usage is 15.22 GiB for consumed memory (weights + non-torch), 1.15 GiB for peak activation, and 0.1 GiB for CUDAGraph;
  kstage: cache: 1012 layer-steps, 0.42 misses and 0.42 copies a layer-step (426 / 426); ahead fills used 41, evicted unused 12, misses of experts the fill evicted 3
  kstage: cache: 115 layer-steps, 2.29 misses and 2.29 copies a layer-step (263 / 263); ahead fills used 0, evicted unused 0, misses of experts the fill evicted 0
  kstage: cache: 12 layer-steps, 6.00 misses and 6.00 copies a layer-step (72 / 72); ahead fills used 0, evicted unused 0, misses of experts the fill evicted 0
  kstage: cache: 161 layer-steps, 1.63 misses and 1.63 copies a layer-step (263 / 263); ahead fills used 0, evicted unused 0, misses of experts the fill evicted 0
  kstage: cache: 184 layer-steps, 1.43 misses and 1.43 copies a layer-step (263 / 263); ahead fills used 0, evicted unused 0, misses of experts the fill evicted 0
  kstage: cache: 230 layer-steps, 1.14 misses and 1.14 copies a layer-step (263 / 263); ahead fills used 0, evicted unused 0, misses of experts the fill evicted 0
  kstage: cache: 23 layers, 765 experts cold (33.3 a layer), 15.38 GiB host pages, 11.48 GiB device, policy global, profile /prof/p7-all.json (all); slots all: pinned/slots per layer ['0/125', '0/123', '0/117', '0/92', '0/86', '0/86', '0/91', '0/88', '0/82', '0/103', '0/79', '0/91', '0/96', '0/100', '0/92', '0/92', '0/87', '0/81', '0/89', '0/96', '0/93', '0/89', '0/101']; evict lfu6; frozen from never tokens; DMA from 64 tokens: 49 staging rows, 1 buffers, 0.27 GiB; ahead below 64 tokens, top 2, fused to 16, 4 tensors on the copy engine
  kstage: cache: 23 layer-steps, 3.96 misses and 3.96 copies a layer-step (91 / 91); ahead fills used 0, evicted unused 0, misses of experts the fill evicted 0
  kstage: cache: 299 layer-steps, 0.88 misses and 0.88 copies a layer-step (263 / 263); ahead fills used 0, evicted unused 0, misses of experts the fill evicted 0
  kstage: cache: 368 layer-steps, 0.71 misses and 0.71 copies a layer-step (263 / 263); ahead fills used 0, evicted unused 0, misses of experts the fill evicted 0
  kstage: cache: 48 layer-steps, 2.81 misses and 2.81 copies a layer-step (135 / 135); ahead fills used 0, evicted unused 0, misses of experts the fill evicted 0
  kstage: cache: 621 layer-steps, 0.50 misses and 0.50 copies a layer-step (309 / 309); ahead fills used 0, evicted unused 0, misses of experts the fill evicted 0
  kstage: cache: 69 layer-steps, 3.74 misses and 3.74 copies a layer-step (258 / 258); ahead fills used 0, evicted unused 0, misses of experts the fill evicted 0
  kstage: cache: 71 layer-steps, 3.63 misses and 3.63 copies a layer-step (258 / 258); ahead fills used 0, evicted unused 0, misses of experts the fill evicted 0
  kstage: cache: 902 layer-steps, 0.34 misses and 0.34 copies a layer-step (309 / 309); ahead fills used 0, evicted unused 0, misses of experts the fill evicted 0
  kstage: cache: 943 layer-steps, 0.37 misses and 0.37 copies a layer-step (353 / 353); ahead fills used 15, evicted unused 6, misses of experts the fill evicted 1
  kstage: installed in 2.4s; device memory free 8.35 GiB
  kstage: registered, mode cache
  host RAM used: +20231 MiB, 38466 MiB available
  bench: exit 0, 8s
  decode c=8: per-stream median 47.6 tok/s, aggregate 354.8 tok/s, 8/8 ok
  max running/waiting: Running: 8 reqs, Waiting: 0 reqs
== phase p27-live-lfu-c1 18:45:24Z maxlen 131072 work: decode ks: KSTAGE=cache KSTAGE_COLD_GB=4 KSTAGE_PROFILE=/prof/p7-all.json KSTAGE_STATS=1 KSTAGE_SLOTS=all KSTAGE_DMA_M=64 KSTAGE_DMA_BUF=1 KSTAGE_COPY_LIVE=82 KSTAGE_EVICT=lfu
  free in 2 MiB+ blocks: 15.5 GiB
ready in 110s; Model loading took 2.34 GiB;Available KV cache memory: 5.44 GiB;GPU KV cache size: 1,490,944 tokens;
  mem: Maximum concurrency for 131,072 tokens per request: 11.38x;Actual usage is 14.94 GiB for consumed memory (weights + non-torch), 1.14 GiB for peak activation, and 0.1 GiB for CUDAGraph;
  kstage: cache: 1012 layer-steps, 0.44 misses and 0.44 copies a layer-step (447 / 447)
  kstage: cache: 156 layer-steps, 1.69 misses and 1.69 copies a layer-step (263 / 263)
  kstage: cache: 185 layer-steps, 1.42 misses and 1.42 copies a layer-step (263 / 263)
  kstage: cache: 19 layer-steps, 4.26 misses and 4.26 copies a layer-step (81 / 81)
  kstage: cache: 1 layer-steps, 1.00 misses and 1.00 copies a layer-step (1 / 1)
  kstage: cache: 203 layer-steps, 1.30 misses and 1.30 copies a layer-step (263 / 263)
  kstage: cache: 23 layers, 765 experts cold (33.3 a layer), 15.38 GiB host pages, 11.48 GiB device, policy global, profile /prof/p7-all.json (all); slots all: pinned/slots per layer ['0/125', '0/123', '0/117', '0/92', '0/86', '0/86', '0/91', '0/88', '0/82', '0/103', '0/79', '0/91', '0/96', '0/100', '0/92', '0/92', '0/87', '0/81', '0/89', '0/96', '0/93', '0/89', '0/101']; evict lfu6; frozen from never tokens; DMA from 64 tokens: 49 staging rows, 1 buffers, 0.27 GiB
  kstage: cache: 25 layer-steps, 3.76 misses and 3.76 copies a layer-step (94 / 94)
  kstage: cache: 276 layer-steps, 0.95 misses and 0.95 copies a layer-step (263 / 263)
  kstage: cache: 301 layer-steps, 0.87 misses and 0.87 copies a layer-step (263 / 263)
  kstage: cache: 368 layer-steps, 0.71 misses and 0.71 copies a layer-step (263 / 263)
  kstage: cache: 487 layer-steps, 0.63 misses and 0.63 copies a layer-step (309 / 309)
  kstage: cache: 48 layer-steps, 2.81 misses and 2.81 copies a layer-step (135 / 135)
  kstage: cache: 69 layer-steps, 3.74 misses and 3.74 copies a layer-step (258 / 258)
  kstage: cache: 784 layer-steps, 0.39 misses and 0.39 copies a layer-step (309 / 309)
  kstage: cache: 920 layer-steps, 0.34 misses and 0.34 copies a layer-step (309 / 309)
  kstage: cache: 943 layer-steps, 0.39 misses and 0.39 copies a layer-step (368 / 368)
  kstage: installed in 2.0s; device memory free 8.64 GiB
  kstage: registered, mode cache
  host RAM used: +20265 MiB, 38511 MiB available
  bench: exit 0, 4s
  decode c=1: per-stream median 180.5 tok/s, aggregate 181.2 tok/s, 1/1 ok
  max running/waiting: 
== phase p27-live-lfu-ahead-fuse-k2-min8-c1 18:47:19Z maxlen 131072 work: decode ks: KSTAGE=cache KSTAGE_COLD_GB=4 KSTAGE_PROFILE=/prof/p7-all.json KSTAGE_STATS=1 KSTAGE_SLOTS=all KSTAGE_DMA_M=64 KSTAGE_DMA_BUF=1 KSTAGE_COPY_LIVE=82 KSTAGE_EVICT=lfu KSTAGE_AHEAD=1 KSTAGE_AHEAD_FUSE=1 KSTAGE_AHEAD_K=2 KSTAGE_AHEAD_MIN=8
  free in 2 MiB+ blocks: 15.5 GiB
ready in 121s; Model loading took 2.37 GiB;Available KV cache memory: 5.16 GiB;GPU KV cache size: 1,412,300 tokens;
  mem: Maximum concurrency for 131,072 tokens per request: 10.78x;Actual usage is 15.22 GiB for consumed memory (weights + non-torch), 1.15 GiB for peak activation, and 0.09 GiB for CUDAGraph;
  kstage: cache: 1012 layer-steps, 0.43 misses and 0.43 copies a layer-step (438 / 438); ahead fills used 29, evicted unused 12, misses of experts the fill evicted 3
  kstage: cache: 115 layer-steps, 2.29 misses and 2.29 copies a layer-step (263 / 263); ahead fills used 0, evicted unused 0, misses of experts the fill evicted 0
  kstage: cache: 161 layer-steps, 1.63 misses and 1.63 copies a layer-step (263 / 263); ahead fills used 0, evicted unused 0, misses of experts the fill evicted 0
  kstage: cache: 196 layer-steps, 1.34 misses and 1.34 copies a layer-step (263 / 263); ahead fills used 0, evicted unused 0, misses of experts the fill evicted 0
  kstage: cache: 23 layers, 765 experts cold (33.3 a layer), 15.38 GiB host pages, 11.48 GiB device, policy global, profile /prof/p7-all.json (all); slots all: pinned/slots per layer ['0/125', '0/123', '0/117', '0/92', '0/86', '0/86', '0/91', '0/88', '0/82', '0/103', '0/79', '0/91', '0/96', '0/100', '0/92', '0/92', '0/87', '0/81', '0/89', '0/96', '0/93', '0/89', '0/101']; evict lfu6; frozen from never tokens; DMA from 64 tokens: 49 staging rows, 1 buffers, 0.27 GiB; ahead from 8 below 64 tokens, top 2, fused to 16, 4 tensors on the copy engine
  kstage: cache: 23 layer-steps, 3.96 misses and 3.96 copies a layer-step (91 / 91); ahead fills used 0, evicted unused 0, misses of experts the fill evicted 0
  kstage: cache: 25 layer-steps, 3.76 misses and 3.76 copies a layer-step (94 / 94); ahead fills used 0, evicted unused 0, misses of experts the fill evicted 0
  kstage: cache: 276 layer-steps, 0.95 misses and 0.95 copies a layer-step (263 / 263); ahead fills used 0, evicted unused 0, misses of experts the fill evicted 0
  kstage: cache: 299 layer-steps, 0.88 misses and 0.88 copies a layer-step (263 / 263); ahead fills used 0, evicted unused 0, misses of experts the fill evicted 0
  kstage: cache: 368 layer-steps, 0.71 misses and 0.71 copies a layer-step (263 / 263); ahead fills used 0, evicted unused 0, misses of experts the fill evicted 0
  kstage: cache: 422 layer-steps, 0.71 misses and 0.71 copies a layer-step (299 / 299); ahead fills used 0, evicted unused 0, misses of experts the fill evicted 0
  kstage: cache: 48 layer-steps, 2.81 misses and 2.81 copies a layer-step (135 / 135); ahead fills used 0, evicted unused 0, misses of experts the fill evicted 0
  kstage: cache: 690 layer-steps, 0.45 misses and 0.45 copies a layer-step (309 / 309); ahead fills used 0, evicted unused 0, misses of experts the fill evicted 0
  kstage: cache: 69 layer-steps, 3.74 misses and 3.74 copies a layer-step (258 / 258); ahead fills used 0, evicted unused 0, misses of experts the fill evicted 0
  kstage: cache: 920 layer-steps, 0.34 misses and 0.34 copies a layer-step (309 / 309); ahead fills used 0, evicted unused 0, misses of experts the fill evicted 0
  kstage: cache: 92 layer-steps, 2.80 misses and 2.80 copies a layer-step (258 / 258); ahead fills used 0, evicted unused 0, misses of experts the fill evicted 0
  kstage: cache: 943 layer-steps, 0.37 misses and 0.37 copies a layer-step (353 / 353); ahead fills used 15, evicted unused 6, misses of experts the fill evicted 1
  kstage: installed in 2.4s; device memory free 8.35 GiB
  kstage: registered, mode cache
  host RAM used: +20150 MiB, 38492 MiB available
  bench: exit 0, 3s
  decode c=1: per-stream median 174.5 tok/s, aggregate 175.1 tok/s, 1/1 ok
  max running/waiting: 
== done 18:49:25Z
profile: performance
exit 0
