=== chain 2026-10-07 19:53:40: p31 arms lost to a watchdog race (container removal overlapped the next docker run)
== phase p31-live-lfu-kvoff16-b8k-a16l 01:53:40Z maxlen 131072 work: agent ks: KSTAGE=cache KSTAGE_COLD_GB=4 KSTAGE_PROFILE=/prof/p7-all.json KSTAGE_STATS=1 KSTAGE_SLOTS=all KSTAGE_DMA_M=64 KSTAGE_DMA_BUF=1 KSTAGE_COPY_LIVE=82 KSTAGE_EVICT=lfu
  free in 2 MiB+ blocks: 14.6 GiB
ready in 115s; Model loading took 2.34 GiB;Available KV cache memory: 4.66 GiB;GPU KV cache size: 1,274,675 tokens;
  mem: Maximum concurrency for 131,072 tokens per request: 9.72x;Actual usage is 15.54 GiB for consumed memory (weights + non-torch), 1.32 GiB for peak activation, and 0.1 GiB for CUDAGraph;
  kstage: cache: 1012 layer-steps, 0.43 misses and 0.43 copies a layer-step (440 / 440)
  kstage: cache: 184 layer-steps, 1.43 misses and 1.43 copies a layer-step (263 / 263)
  kstage: cache: 196 layer-steps, 1.34 misses and 1.34 copies a layer-step (263 / 263)
  kstage: cache: 19 layer-steps, 4.26 misses and 4.26 copies a layer-step (81 / 81)
  kstage: cache: 1 layer-steps, 1.00 misses and 1.00 copies a layer-step (1 / 1)
  kstage: cache: 204 layer-steps, 1.29 misses and 1.29 copies a layer-step (263 / 263)
  kstage: cache: 23 layers, 765 experts cold (33.3 a layer), 15.38 GiB host pages, 11.48 GiB device, policy global, profile /prof/p7-all.json (all); slots all: pinned/slots per layer ['0/125', '0/123', '0/117', '0/92', '0/86', '0/86', '0/91', '0/88', '0/82', '0/103', '0/79', '0/91', '0/96', '0/100', '0/92', '0/92', '0/87', '0/81', '0/89', '0/96', '0/93', '0/89', '0/101']; evict lfu6; frozen from never tokens; DMA from 64 tokens: 49 staging rows, 1 buffers, 0.27 GiB
  kstage: cache: 299 layer-steps, 0.88 misses and 0.88 copies a layer-step (263 / 263)
  kstage: cache: 345 layer-steps, 0.76 misses and 0.76 copies a layer-step (263 / 263)
  kstage: cache: 368 layer-steps, 0.71 misses and 0.71 copies a layer-step (263 / 263)
  kstage: cache: 46 layer-steps, 2.93 misses and 2.93 copies a layer-step (135 / 135)
  kstage: cache: 48 layer-steps, 2.81 misses and 2.81 copies a layer-step (135 / 135)
  kstage: cache: 632 layer-steps, 0.49 misses and 0.49 copies a layer-step (309 / 309)
  kstage: cache: 71 layer-steps, 3.63 misses and 3.63 copies a layer-step (258 / 258)
  kstage: cache: 920 layer-steps, 0.34 misses and 0.34 copies a layer-step (309 / 309)
  kstage: cache: 943 layer-steps, 0.39 misses and 0.39 copies a layer-step (368 / 368)
  kstage: installed in 2.0s; device memory free 8.61 GiB
  kstage: registered, mode cache
  host RAM used: +36911 MiB, 21772 MiB available
  bench: exit 0, 768s
  agent x16 to 126976: 448 turns, 0 errors, wall 765s, decode median 12.1 tok/s, late TTFT median 8.02s, preemptions 18, prefix hits/queries 4184352/29990912, external hits 22942944
  max running/waiting: Running: 16 reqs, Waiting: 0 reqs
== phase p31-live-lfu-c1-r1 02:08:26Z maxlen 131072 work: decode ks: KSTAGE=cache KSTAGE_COLD_GB=4 KSTAGE_PROFILE=/prof/p7-all.json KSTAGE_STATS=1 KSTAGE_SLOTS=all KSTAGE_DMA_M=64 KSTAGE_DMA_BUF=1 KSTAGE_COPY_LIVE=82 KSTAGE_EVICT=lfu
  free in 2 MiB+ blocks: 14.5 GiB
ready in 111s; Model loading took 2.34 GiB;Available KV cache memory: 5.44 GiB;GPU KV cache size: 1,490,944 tokens;
  mem: Maximum concurrency for 131,072 tokens per request: 11.38x;Actual usage is 14.94 GiB for consumed memory (weights + non-torch), 1.14 GiB for peak activation, and 0.1 GiB for CUDAGraph;
  kstage: cache: 1012 layer-steps, 0.45 misses and 0.45 copies a layer-step (453 / 453)
  kstage: cache: 184 layer-steps, 1.43 misses and 1.43 copies a layer-step (263 / 263)
  kstage: cache: 185 layer-steps, 1.42 misses and 1.42 copies a layer-step (263 / 263)
  kstage: cache: 19 layer-steps, 4.26 misses and 4.26 copies a layer-step (81 / 81)
  kstage: cache: 1 layer-steps, 1.00 misses and 1.00 copies a layer-step (1 / 1)
  kstage: cache: 203 layer-steps, 1.30 misses and 1.30 copies a layer-step (263 / 263)
  kstage: cache: 23 layers, 765 experts cold (33.3 a layer), 15.38 GiB host pages, 11.48 GiB device, policy global, profile /prof/p7-all.json (all); slots all: pinned/slots per layer ['0/125', '0/123', '0/117', '0/92', '0/86', '0/86', '0/91', '0/88', '0/82', '0/103', '0/79', '0/91', '0/96', '0/100', '0/92', '0/92', '0/87', '0/81', '0/89', '0/96', '0/93', '0/89', '0/101']; evict lfu6; frozen from never tokens; DMA from 64 tokens: 49 staging rows, 1 buffers, 0.27 GiB
  kstage: cache: 299 layer-steps, 0.88 misses and 0.88 copies a layer-step (263 / 263)
  kstage: cache: 301 layer-steps, 0.87 misses and 0.87 copies a layer-step (263 / 263)
  kstage: cache: 368 layer-steps, 0.71 misses and 0.71 copies a layer-step (263 / 263)
  kstage: cache: 46 layer-steps, 2.93 misses and 2.93 copies a layer-step (135 / 135)
  kstage: cache: 48 layer-steps, 2.81 misses and 2.81 copies a layer-step (135 / 135)
  kstage: cache: 506 layer-steps, 0.61 misses and 0.61 copies a layer-step (309 / 309)
  kstage: cache: 71 layer-steps, 3.63 misses and 3.63 copies a layer-step (258 / 258)
  kstage: cache: 805 layer-steps, 0.38 misses and 0.38 copies a layer-step (309 / 309)
  kstage: cache: 920 layer-steps, 0.34 misses and 0.34 copies a layer-step (309 / 309)
  kstage: cache: 943 layer-steps, 0.39 misses and 0.39 copies a layer-step (368 / 368)
  kstage: installed in 2.1s; device memory free 8.64 GiB
  kstage: registered, mode cache
  host RAM used: +20281 MiB, 38504 MiB available
  bench: exit 0, 3s
  decode c=1: per-stream median 176.6 tok/s, aggregate 177.3 tok/s, 1/1 ok
  max running/waiting: 
== phase p31-live-lfu-ahead-c1-r1 02:10:22Z maxlen 131072 work: decode ks: KSTAGE=cache KSTAGE_COLD_GB=4 KSTAGE_PROFILE=/prof/p7-all.json KSTAGE_STATS=1 KSTAGE_SLOTS=all KSTAGE_DMA_M=64 KSTAGE_DMA_BUF=1 KSTAGE_COPY_LIVE=82 KSTAGE_EVICT=lfu KSTAGE_AHEAD=1 KSTAGE_AHEAD_FUSE=1 KSTAGE_AHEAD_K=3 KSTAGE_AHEAD_MIN=8
  free in 2 MiB+ blocks: 14.3 GiB
ready in 120s; Model loading took 2.37 GiB;Available KV cache memory: 5.16 GiB;GPU KV cache size: 1,412,300 tokens;
  mem: Maximum concurrency for 131,072 tokens per request: 10.78x;Actual usage is 15.22 GiB for consumed memory (weights + non-torch), 1.15 GiB for peak activation, and 0.09 GiB for CUDAGraph;
  kstage: cache: 1012 layer-steps, 0.42 misses and 0.42 copies a layer-step (430 / 430); ahead fills used 38, evicted unused 15, misses of experts the fill evicted 4
  kstage: cache: 115 layer-steps, 2.29 misses and 2.29 copies a layer-step (263 / 263); ahead fills used 0, evicted unused 0, misses of experts the fill evicted 0
  kstage: cache: 161 layer-steps, 1.63 misses and 1.63 copies a layer-step (263 / 263); ahead fills used 0, evicted unused 0, misses of experts the fill evicted 0
  kstage: cache: 196 layer-steps, 1.34 misses and 1.34 copies a layer-step (263 / 263); ahead fills used 0, evicted unused 0, misses of experts the fill evicted 0
  kstage: cache: 23 layers, 765 experts cold (33.3 a layer), 15.38 GiB host pages, 11.48 GiB device, policy global, profile /prof/p7-all.json (all); slots all: pinned/slots per layer ['0/125', '0/123', '0/117', '0/92', '0/86', '0/86', '0/91', '0/88', '0/82', '0/103', '0/79', '0/91', '0/96', '0/100', '0/92', '0/92', '0/87', '0/81', '0/89', '0/96', '0/93', '0/89', '0/101']; evict lfu6; frozen from never tokens; DMA from 64 tokens: 49 staging rows, 1 buffers, 0.27 GiB; ahead from 8 below 64 tokens, top 3, fused to 16, 4 tensors on the copy engine
  kstage: cache: 23 layer-steps, 3.96 misses and 3.96 copies a layer-step (91 / 91); ahead fills used 0, evicted unused 0, misses of experts the fill evicted 0
  kstage: cache: 25 layer-steps, 3.76 misses and 3.76 copies a layer-step (94 / 94); ahead fills used 0, evicted unused 0, misses of experts the fill evicted 0
  kstage: cache: 276 layer-steps, 0.95 misses and 0.95 copies a layer-step (263 / 263); ahead fills used 0, evicted unused 0, misses of experts the fill evicted 0
  kstage: cache: 299 layer-steps, 0.88 misses and 0.88 copies a layer-step (263 / 263); ahead fills used 0, evicted unused 0, misses of experts the fill evicted 0
  kstage: cache: 368 layer-steps, 0.71 misses and 0.71 copies a layer-step (263 / 263); ahead fills used 0, evicted unused 0, misses of experts the fill evicted 0
  kstage: cache: 421 layer-steps, 0.70 misses and 0.70 copies a layer-step (296 / 296); ahead fills used 0, evicted unused 0, misses of experts the fill evicted 0
  kstage: cache: 48 layer-steps, 2.81 misses and 2.81 copies a layer-step (135 / 135); ahead fills used 0, evicted unused 0, misses of experts the fill evicted 0
  kstage: cache: 690 layer-steps, 0.45 misses and 0.45 copies a layer-step (309 / 309); ahead fills used 0, evicted unused 0, misses of experts the fill evicted 0
  kstage: cache: 69 layer-steps, 3.74 misses and 3.74 copies a layer-step (258 / 258); ahead fills used 0, evicted unused 0, misses of experts the fill evicted 0
  kstage: cache: 71 layer-steps, 3.63 misses and 3.63 copies a layer-step (258 / 258); ahead fills used 0, evicted unused 0, misses of experts the fill evicted 0
  kstage: cache: 920 layer-steps, 0.34 misses and 0.34 copies a layer-step (309 / 309); ahead fills used 0, evicted unused 0, misses of experts the fill evicted 0
  kstage: cache: 943 layer-steps, 0.37 misses and 0.37 copies a layer-step (347 / 347); ahead fills used 22, evicted unused 6, misses of experts the fill evicted 2
  kstage: installed in 2.4s; device memory free 8.35 GiB
  kstage: registered, mode cache
  host RAM used: +20364 MiB, 38199 MiB available
  bench: exit 0, 3s
  decode c=1: per-stream median 177.4 tok/s, aggregate 178.1 tok/s, 1/1 ok
  max running/waiting: 
== phase p31-live-lfu-c1-r2 02:12:27Z maxlen 131072 work: decode ks: KSTAGE=cache KSTAGE_COLD_GB=4 KSTAGE_PROFILE=/prof/p7-all.json KSTAGE_STATS=1 KSTAGE_SLOTS=all KSTAGE_DMA_M=64 KSTAGE_DMA_BUF=1 KSTAGE_COPY_LIVE=82 KSTAGE_EVICT=lfu
  free in 2 MiB+ blocks: 14.4 GiB
ready in 111s; Model loading took 2.34 GiB;Available KV cache memory: 5.44 GiB;GPU KV cache size: 1,490,944 tokens;
  mem: Maximum concurrency for 131,072 tokens per request: 11.38x;Actual usage is 14.94 GiB for consumed memory (weights + non-torch), 1.14 GiB for peak activation, and 0.1 GiB for CUDAGraph;
  kstage: cache: 1012 layer-steps, 0.44 misses and 0.44 copies a layer-step (447 / 447)
  kstage: cache: 178 layer-steps, 1.48 misses and 1.48 copies a layer-step (263 / 263)
  kstage: cache: 185 layer-steps, 1.42 misses and 1.42 copies a layer-step (263 / 263)
  kstage: cache: 19 layer-steps, 4.26 misses and 4.26 copies a layer-step (81 / 81)
  kstage: cache: 1 layer-steps, 1.00 misses and 1.00 copies a layer-step (1 / 1)
  kstage: cache: 203 layer-steps, 1.30 misses and 1.30 copies a layer-step (263 / 263)
  kstage: cache: 23 layers, 765 experts cold (33.3 a layer), 15.38 GiB host pages, 11.48 GiB device, policy global, profile /prof/p7-all.json (all); slots all: pinned/slots per layer ['0/125', '0/123', '0/117', '0/92', '0/86', '0/86', '0/91', '0/88', '0/82', '0/103', '0/79', '0/91', '0/96', '0/100', '0/92', '0/92', '0/87', '0/81', '0/89', '0/96', '0/93', '0/89', '0/101']; evict lfu6; frozen from never tokens; DMA from 64 tokens: 49 staging rows, 1 buffers, 0.27 GiB
  kstage: cache: 25 layer-steps, 3.76 misses and 3.76 copies a layer-step (94 / 94)
  kstage: cache: 299 layer-steps, 0.88 misses and 0.88 copies a layer-step (263 / 263)
  kstage: cache: 301 layer-steps, 0.87 misses and 0.87 copies a layer-step (263 / 263)
  kstage: cache: 368 layer-steps, 0.71 misses and 0.71 copies a layer-step (263 / 263)
  kstage: cache: 48 layer-steps, 2.81 misses and 2.81 copies a layer-step (135 / 135)
  kstage: cache: 529 layer-steps, 0.58 misses and 0.58 copies a layer-step (309 / 309)
  kstage: cache: 69 layer-steps, 3.74 misses and 3.74 copies a layer-step (258 / 258)
  kstage: cache: 828 layer-steps, 0.37 misses and 0.37 copies a layer-step (309 / 309)
  kstage: cache: 920 layer-steps, 0.34 misses and 0.34 copies a layer-step (309 / 309)
  kstage: cache: 943 layer-steps, 0.39 misses and 0.39 copies a layer-step (368 / 368)
  kstage: installed in 2.0s; device memory free 8.64 GiB
  kstage: registered, mode cache
  host RAM used: +20355 MiB, 38307 MiB available
  bench: exit 0, 3s
  decode c=1: per-stream median 175.3 tok/s, aggregate 175.9 tok/s, 1/1 ok
  max running/waiting: 
== phase p31-live-lfu-ahead-c1-r2 02:14:23Z maxlen 131072 work: decode ks: KSTAGE=cache KSTAGE_COLD_GB=4 KSTAGE_PROFILE=/prof/p7-all.json KSTAGE_STATS=1 KSTAGE_SLOTS=all KSTAGE_DMA_M=64 KSTAGE_DMA_BUF=1 KSTAGE_COPY_LIVE=82 KSTAGE_EVICT=lfu KSTAGE_AHEAD=1 KSTAGE_AHEAD_FUSE=1 KSTAGE_AHEAD_K=3 KSTAGE_AHEAD_MIN=8
  free in 2 MiB+ blocks: 14.4 GiB
ready in 126s; Model loading took 2.37 GiB;Available KV cache memory: 5.08 GiB;GPU KV cache size: 1,389,363 tokens;
  mem: Maximum concurrency for 131,072 tokens per request: 10.60x;Actual usage is 15.3 GiB for consumed memory (weights + non-torch), 1.15 GiB for peak activation, and 0.09 GiB for CUDAGraph;
  kstage: cache: 1012 layer-steps, 0.43 misses and 0.43 copies a layer-step (432 / 432); ahead fills used 37, evicted unused 13, misses of experts the fill evicted 4
  kstage: cache: 115 layer-steps, 2.30 misses and 2.30 copies a layer-step (264 / 264); ahead fills used 0, evicted unused 0, misses of experts the fill evicted 0
  kstage: cache: 143 layer-steps, 1.85 misses and 1.85 copies a layer-step (264 / 264); ahead fills used 0, evicted unused 0, misses of experts the fill evicted 0
  kstage: cache: 161 layer-steps, 1.64 misses and 1.64 copies a layer-step (264 / 264); ahead fills used 0, evicted unused 0, misses of experts the fill evicted 0
  kstage: cache: 196 layer-steps, 1.35 misses and 1.35 copies a layer-step (264 / 264); ahead fills used 0, evicted unused 0, misses of experts the fill evicted 0
  kstage: cache: 23 layers, 765 experts cold (33.3 a layer), 15.38 GiB host pages, 11.48 GiB device, policy global, profile /prof/p7-all.json (all); slots all: pinned/slots per layer ['0/125', '0/123', '0/117', '0/92', '0/86', '0/86', '0/91', '0/88', '0/82', '0/103', '0/79', '0/91', '0/96', '0/100', '0/92', '0/92', '0/87', '0/81', '0/89', '0/96', '0/93', '0/89', '0/101']; evict lfu6; frozen from never tokens; DMA from 64 tokens: 49 staging rows, 1 buffers, 0.27 GiB; ahead from 8 below 64 tokens, top 3, fused to 16, 4 tensors on the copy engine
  kstage: cache: 23 layer-steps, 3.96 misses and 3.96 copies a layer-step (91 / 91); ahead fills used 0, evicted unused 0, misses of experts the fill evicted 0
  kstage: cache: 24 layer-steps, 3.79 misses and 3.79 copies a layer-step (91 / 91); ahead fills used 0, evicted unused 0, misses of experts the fill evicted 0
  kstage: cache: 276 layer-steps, 0.96 misses and 0.96 copies a layer-step (264 / 264); ahead fills used 0, evicted unused 0, misses of experts the fill evicted 0
  kstage: cache: 299 layer-steps, 0.88 misses and 0.88 copies a layer-step (264 / 264); ahead fills used 0, evicted unused 0, misses of experts the fill evicted 0
  kstage: cache: 368 layer-steps, 0.72 misses and 0.72 copies a layer-step (264 / 264); ahead fills used 0, evicted unused 0, misses of experts the fill evicted 0
  kstage: cache: 414 layer-steps, 0.69 misses and 0.69 copies a layer-step (285 / 285); ahead fills used 0, evicted unused 0, misses of experts the fill evicted 0
  kstage: cache: 48 layer-steps, 2.83 misses and 2.83 copies a layer-step (136 / 136); ahead fills used 0, evicted unused 0, misses of experts the fill evicted 0
  kstage: cache: 658 layer-steps, 0.47 misses and 0.47 copies a layer-step (310 / 310); ahead fills used 0, evicted unused 0, misses of experts the fill evicted 0
  kstage: cache: 69 layer-steps, 3.75 misses and 3.75 copies a layer-step (259 / 259); ahead fills used 0, evicted unused 0, misses of experts the fill evicted 0
  kstage: cache: 71 layer-steps, 3.65 misses and 3.65 copies a layer-step (259 / 259); ahead fills used 0, evicted unused 0, misses of experts the fill evicted 0
  kstage: cache: 920 layer-steps, 0.34 misses and 0.34 copies a layer-step (310 / 310); ahead fills used 0, evicted unused 0, misses of experts the fill evicted 0
  kstage: cache: 943 layer-steps, 0.37 misses and 0.37 copies a layer-step (348 / 348); ahead fills used 22, evicted unused 6, misses of experts the fill evicted 2
  kstage: installed in 2.4s; device memory free 8.35 GiB
  kstage: registered, mode cache
  host RAM used: +20195 MiB, 38337 MiB available
  bench: exit 0, 3s
  decode c=1: per-stream median 172.8 tok/s, aggregate 173.5 tok/s, 1/1 ok
  max running/waiting: 
== done 02:16:33Z
profile: performance
exit 0
