=== chain 2026-10-07 20:57:27: p33 - 8k chunk second draws, 4k chunks, ahead with 8k, host KV alone at 4k
== phase p33-live-lfu-b8k-r2-a8l 02:57:28Z maxlen 131072 work: agent ks: KSTAGE=cache KSTAGE_COLD_GB=4 KSTAGE_PROFILE=/prof/p7-all.json KSTAGE_STATS=1 KSTAGE_SLOTS=all KSTAGE_DMA_M=64 KSTAGE_DMA_BUF=1 KSTAGE_COPY_LIVE=82 KSTAGE_EVICT=lfu
  free in 2 MiB+ blocks: 14.2 GiB
ready in 116s; Model loading took 2.34 GiB;Available KV cache memory: 4.63 GiB;GPU KV cache size: 1,268,121 tokens;
  mem: Maximum concurrency for 131,072 tokens per request: 9.68x;Actual usage is 15.57 GiB for consumed memory (weights + non-torch), 1.32 GiB for peak activation, and 0.1 GiB for CUDAGraph;
  kstage: cache: 1012 layer-steps, 0.43 misses and 0.43 copies a layer-step (440 / 440)
  kstage: cache: 184 layer-steps, 1.43 misses and 1.43 copies a layer-step (263 / 263)
  kstage: cache: 185 layer-steps, 1.42 misses and 1.42 copies a layer-step (263 / 263)
  kstage: cache: 19 layer-steps, 4.26 misses and 4.26 copies a layer-step (81 / 81)
  kstage: cache: 1 layer-steps, 1.00 misses and 1.00 copies a layer-step (1 / 1)
  kstage: cache: 203 layer-steps, 1.30 misses and 1.30 copies a layer-step (263 / 263)
  kstage: cache: 23 layers, 765 experts cold (33.3 a layer), 15.38 GiB host pages, 11.48 GiB device, policy global, profile /prof/p7-all.json (all); slots all: pinned/slots per layer ['0/125', '0/123', '0/117', '0/92', '0/86', '0/86', '0/91', '0/88', '0/82', '0/103', '0/79', '0/91', '0/96', '0/100', '0/92', '0/92', '0/87', '0/81', '0/89', '0/96', '0/93', '0/89', '0/101']; evict lfu6; frozen from never tokens; DMA from 64 tokens: 49 staging rows, 1 buffers, 0.27 GiB
  kstage: cache: 299 layer-steps, 0.88 misses and 0.88 copies a layer-step (263 / 263)
  kstage: cache: 301 layer-steps, 0.87 misses and 0.87 copies a layer-step (263 / 263)
  kstage: cache: 368 layer-steps, 0.71 misses and 0.71 copies a layer-step (263 / 263)
  kstage: cache: 414 layer-steps, 0.69 misses and 0.69 copies a layer-step (284 / 284)
  kstage: cache: 46 layer-steps, 2.93 misses and 2.93 copies a layer-step (135 / 135)
  kstage: cache: 48 layer-steps, 2.81 misses and 2.81 copies a layer-step (135 / 135)
  kstage: cache: 681 layer-steps, 0.45 misses and 0.45 copies a layer-step (309 / 309)
  kstage: cache: 71 layer-steps, 3.63 misses and 3.63 copies a layer-step (258 / 258)
  kstage: cache: 920 layer-steps, 0.34 misses and 0.34 copies a layer-step (309 / 309)
  kstage: cache: 943 layer-steps, 0.39 misses and 0.39 copies a layer-step (368 / 368)
  kstage: installed in 2.4s; device memory free 8.64 GiB
  kstage: registered, mode cache
  host RAM used: +20165 MiB, 38522 MiB available
  bench: exit 0, 384s
  agent x8 to 126976: 224 turns, 0 errors, wall 382s, decode median 22.3 tok/s, late TTFT median 2.48s, preemptions 0, prefix hits/queries 13563648/14995456, external hits 0
  max running/waiting: Running: 8 reqs, Waiting: 0 reqs
== phase p33-live-lfu-b4k-a8l 03:05:49Z maxlen 131072 work: agent ks: KSTAGE=cache KSTAGE_COLD_GB=4 KSTAGE_PROFILE=/prof/p7-all.json KSTAGE_STATS=1 KSTAGE_SLOTS=all KSTAGE_DMA_M=64 KSTAGE_DMA_BUF=1 KSTAGE_COPY_LIVE=82 KSTAGE_EVICT=lfu
  free in 2 MiB+ blocks: 14.0 GiB
ready in 110s; Model loading took 2.34 GiB;Available KV cache memory: 5.55 GiB;GPU KV cache size: 1,520,435 tokens;
  mem: Maximum concurrency for 131,072 tokens per request: 11.60x;Actual usage is 14.94 GiB for consumed memory (weights + non-torch), 1.03 GiB for peak activation, and 0.1 GiB for CUDAGraph;
  kstage: cache: 1012 layer-steps, 0.44 misses and 0.44 copies a layer-step (448 / 448)
  kstage: cache: 116 layer-steps, 2.27 misses and 2.27 copies a layer-step (263 / 263)
  kstage: cache: 12 layer-steps, 6.00 misses and 6.00 copies a layer-step (72 / 72)
  kstage: cache: 185 layer-steps, 1.42 misses and 1.42 copies a layer-step (263 / 263)
  kstage: cache: 1 layer-steps, 1.00 misses and 1.00 copies a layer-step (1 / 1)
  kstage: cache: 203 layer-steps, 1.30 misses and 1.30 copies a layer-step (263 / 263)
  kstage: cache: 23 layers, 765 experts cold (33.3 a layer), 15.38 GiB host pages, 11.48 GiB device, policy global, profile /prof/p7-all.json (all); slots all: pinned/slots per layer ['0/125', '0/123', '0/117', '0/92', '0/86', '0/86', '0/91', '0/88', '0/82', '0/103', '0/79', '0/91', '0/96', '0/100', '0/92', '0/92', '0/87', '0/81', '0/89', '0/96', '0/93', '0/89', '0/101']; evict lfu6; frozen from never tokens; DMA from 64 tokens: 49 staging rows, 1 buffers, 0.27 GiB
  kstage: cache: 23 layer-steps, 3.96 misses and 3.96 copies a layer-step (91 / 91)
  kstage: cache: 276 layer-steps, 0.95 misses and 0.95 copies a layer-step (263 / 263)
  kstage: cache: 301 layer-steps, 0.87 misses and 0.87 copies a layer-step (263 / 263)
  kstage: cache: 368 layer-steps, 0.71 misses and 0.71 copies a layer-step (263 / 263)
  kstage: cache: 48 layer-steps, 2.81 misses and 2.81 copies a layer-step (135 / 135)
  kstage: cache: 496 layer-steps, 0.62 misses and 0.62 copies a layer-step (309 / 309)
  kstage: cache: 69 layer-steps, 3.74 misses and 3.74 copies a layer-step (258 / 258)
  kstage: cache: 782 layer-steps, 0.40 misses and 0.40 copies a layer-step (309 / 309)
  kstage: cache: 920 layer-steps, 0.34 misses and 0.34 copies a layer-step (309 / 309)
  kstage: cache: 943 layer-steps, 0.39 misses and 0.39 copies a layer-step (368 / 368)
  kstage: installed in 2.1s; device memory free 8.64 GiB
  kstage: registered, mode cache
  host RAM used: +20402 MiB, 38279 MiB available
  bench: exit 0, 387s
  agent x8 to 126976: 224 turns, 0 errors, wall 386s, decode median 22.8 tok/s, late TTFT median 2.88s, preemptions 0, prefix hits/queries 13563648/14995456, external hits 0
  max running/waiting: Running: 8 reqs, Waiting: 0 reqs
== phase p33-live-lfu-ahead-b8k-a8l 03:14:09Z maxlen 131072 work: agent ks: KSTAGE=cache KSTAGE_COLD_GB=4 KSTAGE_PROFILE=/prof/p7-all.json KSTAGE_STATS=1 KSTAGE_SLOTS=all KSTAGE_DMA_M=64 KSTAGE_DMA_BUF=1 KSTAGE_COPY_LIVE=82 KSTAGE_EVICT=lfu KSTAGE_AHEAD=1 KSTAGE_AHEAD_FUSE=1 KSTAGE_AHEAD_K=3 KSTAGE_AHEAD_MIN=8
  free in 2 MiB+ blocks: 14.1 GiB
ready in 126s; Model loading took 2.37 GiB;Available KV cache memory: 4.34 GiB;GPU KV cache size: 1,189,478 tokens;
  mem: Maximum concurrency for 131,072 tokens per request: 9.07x;Actual usage is 15.85 GiB for consumed memory (weights + non-torch), 1.33 GiB for peak activation, and 0.09 GiB for CUDAGraph;
  kstage: cache: 1012 layer-steps, 0.40 misses and 0.40 copies a layer-step (406 / 406); ahead fills used 37, evicted unused 17, misses of experts the fill evicted 5
  kstage: cache: 115 layer-steps, 2.29 misses and 2.29 copies a layer-step (263 / 263); ahead fills used 0, evicted unused 0, misses of experts the fill evicted 0
  kstage: cache: 161 layer-steps, 1.63 misses and 1.63 copies a layer-step (263 / 263); ahead fills used 0, evicted unused 0, misses of experts the fill evicted 0
  kstage: cache: 196 layer-steps, 1.34 misses and 1.34 copies a layer-step (263 / 263); ahead fills used 0, evicted unused 0, misses of experts the fill evicted 0
  kstage: cache: 23 layers, 765 experts cold (33.3 a layer), 15.38 GiB host pages, 11.48 GiB device, policy global, profile /prof/p7-all.json (all); slots all: pinned/slots per layer ['0/125', '0/123', '0/117', '0/92', '0/86', '0/86', '0/91', '0/88', '0/82', '0/103', '0/79', '0/91', '0/96', '0/100', '0/92', '0/92', '0/87', '0/81', '0/89', '0/96', '0/93', '0/89', '0/101']; evict lfu6; frozen from never tokens; DMA from 64 tokens: 49 staging rows, 1 buffers, 0.27 GiB; ahead from 8 below 64 tokens, top 3, fused to 16, 4 tensors on the copy engine
  kstage: cache: 23 layer-steps, 3.96 misses and 3.96 copies a layer-step (91 / 91); ahead fills used 0, evicted unused 0, misses of experts the fill evicted 0
  kstage: cache: 25 layer-steps, 3.76 misses and 3.76 copies a layer-step (94 / 94); ahead fills used 0, evicted unused 0, misses of experts the fill evicted 0
  kstage: cache: 276 layer-steps, 0.95 misses and 0.95 copies a layer-step (263 / 263); ahead fills used 0, evicted unused 0, misses of experts the fill evicted 0
  kstage: cache: 301 layer-steps, 0.87 misses and 0.87 copies a layer-step (263 / 263); ahead fills used 0, evicted unused 0, misses of experts the fill evicted 0
  kstage: cache: 368 layer-steps, 0.71 misses and 0.71 copies a layer-step (263 / 263); ahead fills used 0, evicted unused 0, misses of experts the fill evicted 0
  kstage: cache: 391 layer-steps, 0.72 misses and 0.72 copies a layer-step (283 / 283); ahead fills used 0, evicted unused 0, misses of experts the fill evicted 0
  kstage: cache: 48 layer-steps, 2.81 misses and 2.81 copies a layer-step (135 / 135); ahead fills used 0, evicted unused 0, misses of experts the fill evicted 0
  kstage: cache: 640 layer-steps, 0.48 misses and 0.48 copies a layer-step (309 / 309); ahead fills used 0, evicted unused 0, misses of experts the fill evicted 0
  kstage: cache: 69 layer-steps, 3.74 misses and 3.74 copies a layer-step (258 / 258); ahead fills used 0, evicted unused 0, misses of experts the fill evicted 0
  kstage: cache: 71 layer-steps, 3.63 misses and 3.63 copies a layer-step (258 / 258); ahead fills used 0, evicted unused 0, misses of experts the fill evicted 0
  kstage: cache: 920 layer-steps, 0.34 misses and 0.34 copies a layer-step (309 / 309); ahead fills used 0, evicted unused 0, misses of experts the fill evicted 0
  kstage: cache: 943 layer-steps, 0.37 misses and 0.37 copies a layer-step (347 / 347); ahead fills used 22, evicted unused 6, misses of experts the fill evicted 2
  kstage: installed in 2.5s; device memory free 8.35 GiB
  kstage: registered, mode cache
  host RAM used: +20355 MiB, 38357 MiB available
  bench: exit 0, 379s
  agent x8 to 126976: 224 turns, 0 errors, wall 377s, decode median 22.4 tok/s, late TTFT median 2.48s, preemptions 0, prefix hits/queries 13563648/14995456, external hits 0
  max running/waiting: Running: 8 reqs, Waiting: 0 reqs
== phase p33-live-lfu-kvoff16-b8k-r2-a16l 03:22:36Z maxlen 131072 work: agent ks: KSTAGE=cache KSTAGE_COLD_GB=4 KSTAGE_PROFILE=/prof/p7-all.json KSTAGE_STATS=1 KSTAGE_SLOTS=all KSTAGE_DMA_M=64 KSTAGE_DMA_BUF=1 KSTAGE_COPY_LIVE=82 KSTAGE_EVICT=lfu
  free in 2 MiB+ blocks: 14.0 GiB
ready in 116s; Model loading took 2.34 GiB;Available KV cache memory: 4.63 GiB;GPU KV cache size: 1,268,121 tokens;
  mem: Maximum concurrency for 131,072 tokens per request: 9.68x;Actual usage is 15.57 GiB for consumed memory (weights + non-torch), 1.32 GiB for peak activation, and 0.1 GiB for CUDAGraph;
  kstage: cache: 1012 layer-steps, 0.43 misses and 0.43 copies a layer-step (440 / 440)
  kstage: cache: 167 layer-steps, 1.57 misses and 1.57 copies a layer-step (263 / 263)
  kstage: cache: 185 layer-steps, 1.42 misses and 1.42 copies a layer-step (263 / 263)
  kstage: cache: 19 layer-steps, 4.26 misses and 4.26 copies a layer-step (81 / 81)
  kstage: cache: 1 layer-steps, 1.00 misses and 1.00 copies a layer-step (1 / 1)
  kstage: cache: 203 layer-steps, 1.30 misses and 1.30 copies a layer-step (263 / 263)
  kstage: cache: 23 layers, 765 experts cold (33.3 a layer), 15.38 GiB host pages, 11.48 GiB device, policy global, profile /prof/p7-all.json (all); slots all: pinned/slots per layer ['0/125', '0/123', '0/117', '0/92', '0/86', '0/86', '0/91', '0/88', '0/82', '0/103', '0/79', '0/91', '0/96', '0/100', '0/92', '0/92', '0/87', '0/81', '0/89', '0/96', '0/93', '0/89', '0/101']; evict lfu6; frozen from never tokens; DMA from 64 tokens: 49 staging rows, 1 buffers, 0.27 GiB
  kstage: cache: 25 layer-steps, 3.76 misses and 3.76 copies a layer-step (94 / 94)
  kstage: cache: 283 layer-steps, 0.93 misses and 0.93 copies a layer-step (263 / 263)
  kstage: cache: 301 layer-steps, 0.87 misses and 0.87 copies a layer-step (263 / 263)
  kstage: cache: 368 layer-steps, 0.71 misses and 0.71 copies a layer-step (263 / 263)
  kstage: cache: 48 layer-steps, 2.81 misses and 2.81 copies a layer-step (135 / 135)
  kstage: cache: 630 layer-steps, 0.49 misses and 0.49 copies a layer-step (309 / 309)
  kstage: cache: 69 layer-steps, 3.74 misses and 3.74 copies a layer-step (258 / 258)
  kstage: cache: 920 layer-steps, 0.34 misses and 0.34 copies a layer-step (309 / 309)
  kstage: cache: 943 layer-steps, 0.39 misses and 0.39 copies a layer-step (368 / 368)
  kstage: installed in 2.0s; device memory free 8.64 GiB
  kstage: registered, mode cache
  host RAM used: +36838 MiB, 21861 MiB available
  bench: exit 0, 772s
  agent x16 to 126976: 448 turns, 0 errors, wall 769s, decode median 12.1 tok/s, late TTFT median 8.12s, preemptions 24, prefix hits/queries 4092480/29990912, external hits 23034816
  max running/waiting: Running: 16 reqs, Waiting: 0 reqs
== phase p33-live-lfu-kvoff16-b4k-a16l 03:37:27Z maxlen 131072 work: agent ks: KSTAGE=cache KSTAGE_COLD_GB=4 KSTAGE_PROFILE=/prof/p7-all.json KSTAGE_STATS=1 KSTAGE_SLOTS=all KSTAGE_DMA_M=64 KSTAGE_DMA_BUF=1 KSTAGE_COPY_LIVE=82 KSTAGE_EVICT=lfu
  free in 2 MiB+ blocks: 13.8 GiB
ready in 115s; Model loading took 2.34 GiB;Available KV cache memory: 5.55 GiB;GPU KV cache size: 1,520,435 tokens;
  mem: Maximum concurrency for 131,072 tokens per request: 11.60x;Actual usage is 14.94 GiB for consumed memory (weights + non-torch), 1.03 GiB for peak activation, and 0.1 GiB for CUDAGraph;
  kstage: cache: 1012 layer-steps, 0.44 misses and 0.44 copies a layer-step (450 / 450)
  kstage: cache: 12 layer-steps, 6.00 misses and 6.00 copies a layer-step (72 / 72)
  kstage: cache: 184 layer-steps, 1.43 misses and 1.43 copies a layer-step (263 / 263)
  kstage: cache: 196 layer-steps, 1.34 misses and 1.34 copies a layer-step (263 / 263)
  kstage: cache: 23 layers, 765 experts cold (33.3 a layer), 15.38 GiB host pages, 11.48 GiB device, policy global, profile /prof/p7-all.json (all); slots all: pinned/slots per layer ['0/125', '0/123', '0/117', '0/92', '0/86', '0/86', '0/91', '0/88', '0/82', '0/103', '0/79', '0/91', '0/96', '0/100', '0/92', '0/92', '0/87', '0/81', '0/89', '0/96', '0/93', '0/89', '0/101']; evict lfu6; frozen from never tokens; DMA from 64 tokens: 49 staging rows, 1 buffers, 0.27 GiB
  kstage: cache: 23 layer-steps, 3.96 misses and 3.96 copies a layer-step (91 / 91)
  kstage: cache: 276 layer-steps, 0.95 misses and 0.95 copies a layer-step (263 / 263)
  kstage: cache: 299 layer-steps, 0.88 misses and 0.88 copies a layer-step (263 / 263)
  kstage: cache: 368 layer-steps, 0.71 misses and 0.71 copies a layer-step (263 / 263)
  kstage: cache: 48 layer-steps, 2.81 misses and 2.81 copies a layer-step (135 / 135)
  kstage: cache: 631 layer-steps, 0.49 misses and 0.49 copies a layer-step (309 / 309)
  kstage: cache: 69 layer-steps, 3.74 misses and 3.74 copies a layer-step (258 / 258)
  kstage: cache: 920 layer-steps, 0.34 misses and 0.34 copies a layer-step (309 / 309)
  kstage: cache: 92 layer-steps, 2.80 misses and 2.80 copies a layer-step (258 / 258)
  kstage: cache: 943 layer-steps, 0.39 misses and 0.39 copies a layer-step (368 / 368)
  kstage: installed in 2.1s; device memory free 8.64 GiB
  kstage: registered, mode cache
  host RAM used: +36953 MiB, 21790 MiB available
  bench: exit 0, 780s
  agent x16 to 126976: 448 turns, 0 errors, wall 777s, decode median 11.2 tok/s, late TTFT median 5.71s, preemptions 34, prefix hits/queries 8485632/29990912, external hits 18641664
  max running/waiting: Running: 16 reqs, Waiting: 0 reqs
== phase p33-base-kvoff8-b4k-a8l 03:52:25Z maxlen 131072 work: agent
  free in 2 MiB+ blocks: 13.6 GiB
ready in 106s; Model loading took 17.88 GiB;Available KV cache memory: 1.8 GiB;GPU KV cache size: 491,520 tokens;
  mem: Maximum concurrency for 131,072 tokens per request: 3.75x;Actual usage is 18.7 GiB for consumed memory (weights + non-torch), 1.02 GiB for peak activation, and 0.09 GiB for CUDAGraph;
  host RAM used: +12515 MiB, 46191 MiB available
  bench: exit 0, 353s
  agent x8 to 126976: 224 turns, 0 errors, wall 351s, decode median 36.2 tok/s, late TTFT median 8.24s, preemptions 0, prefix hits/queries 609696/14995456, external hits 12953952
  max running/waiting: Running: 8 reqs, Waiting: 0 reqs
== phase p33-base-kvoff16-b4k-a16l 04:00:06Z maxlen 131072 work: agent
  free in 2 MiB+ blocks: 13.7 GiB
ready in 110s; Model loading took 17.88 GiB;Available KV cache memory: 1.8 GiB;GPU KV cache size: 491,520 tokens;
  mem: Maximum concurrency for 131,072 tokens per request: 3.75x;Actual usage is 18.7 GiB for consumed memory (weights + non-torch), 1.02 GiB for peak activation, and 0.09 GiB for CUDAGraph;
  host RAM used: +20830 MiB, 37890 MiB available
  bench: exit 0, 700s
  agent x16 to 126976: 448 turns, 0 errors, wall 696s, decode median 28.0 tok/s, late TTFT median 22.54s, preemptions 0, prefix hits/queries 0/29990912, external hits 27127296
  max running/waiting: Running: 16 reqs, Waiting: 0 reqs
== done 04:13:39Z
profile: performance
exit 0
