=== chain 2026-10-08T04:54:46Z: p35 - K6 cold 3 GiB at 8k; host KV 4k draw 2
== phase p35-live-lfu-cg3-b8k-a8l 04:54:46Z maxlen 131072 work: agent ks: KSTAGE=cache KSTAGE_COLD_GB=3 KSTAGE_PROFILE=/prof/p7-all.json KSTAGE_STATS=1 KSTAGE_SLOTS=all KSTAGE_DMA_M=64 KSTAGE_DMA_BUF=1 KSTAGE_COPY_LIVE=82 KSTAGE_EVICT=lfu
  free in 2 MiB+ blocks: 13.8 GiB
ready in 116s; Model loading took 2.34 GiB;Available KV cache memory: 3.69 GiB;GPU KV cache size: 1,009,254 tokens;
  mem: Maximum concurrency for 131,072 tokens per request: 7.70x;Actual usage is 16.51 GiB for consumed memory (weights + non-torch), 1.32 GiB for peak activation, and 0.1 GiB for CUDAGraph;
  kstage: cache: 1012 layer-steps, 0.32 misses and 0.32 copies a layer-step (320 / 320)
  kstage: cache: 119 layer-steps, 1.61 misses and 1.61 copies a layer-step (192 / 192)
  kstage: cache: 185 layer-steps, 1.04 misses and 1.04 copies a layer-step (192 / 192)
  kstage: cache: 193 layer-steps, 0.99 misses and 0.99 copies a layer-step (192 / 192)
  kstage: cache: 1 layer-steps, 0.00 misses and 0.00 copies a layer-step (0 / 0)
  kstage: cache: 23 layers, 573 experts cold (24.9 a layer), 15.40 GiB host pages, 12.48 GiB device, policy global, profile /prof/p7-all.json (all); slots all: pinned/slots per layer ['0/128', '0/125', '0/123', '0/97', '0/98', '0/97', '0/100', '0/97', '0/94', '0/112', '0/89', '0/103', '0/106', '0/104', '0/99', '0/101', '0/96', '0/89', '0/100', '0/104', '0/105', '0/95', '0/109']; evict lfu6; frozen from never tokens; DMA from 64 tokens: 39 staging rows, 1 buffers, 0.21 GiB
  kstage: cache: 25 layer-steps, 2.72 misses and 2.72 copies a layer-step (68 / 68)
  kstage: cache: 276 layer-steps, 0.70 misses and 0.70 copies a layer-step (192 / 192)
  kstage: cache: 299 layer-steps, 0.64 misses and 0.64 copies a layer-step (192 / 192)
  kstage: cache: 368 layer-steps, 0.52 misses and 0.52 copies a layer-step (192 / 192)
  kstage: cache: 48 layer-steps, 2.08 misses and 2.08 copies a layer-step (100 / 100)
  kstage: cache: 623 layer-steps, 0.36 misses and 0.36 copies a layer-step (226 / 226)
  kstage: cache: 69 layer-steps, 2.74 misses and 2.74 copies a layer-step (189 / 189)
  kstage: cache: 920 layer-steps, 0.25 misses and 0.25 copies a layer-step (226 / 226)
  kstage: cache: 943 layer-steps, 0.29 misses and 0.29 copies a layer-step (270 / 270)
  kstage: cache: 9 layer-steps, 5.11 misses and 5.11 copies a layer-step (46 / 46)
  kstage: installed in 2.1s; device memory free 7.70 GiB
  kstage: registered, mode cache
  host RAM used: +20256 MiB, 38410 MiB available
  bench: exit 0, 770s
  agent x8 to 126976: 224 turns, 0 errors, wall 768s, decode median 23.5 tok/s, late TTFT median 2.72s, preemptions 0, prefix hits/queries 10790784/14995456, external hits 0
  max running/waiting: Running: 8 reqs, Waiting: 0 reqs
== phase p35-live-lfu-cg3-kvoff8-b8k-a8l 05:09:33Z maxlen 131072 work: agent ks: KSTAGE=cache KSTAGE_COLD_GB=3 KSTAGE_PROFILE=/prof/p7-all.json KSTAGE_STATS=1 KSTAGE_SLOTS=all KSTAGE_DMA_M=64 KSTAGE_DMA_BUF=1 KSTAGE_COPY_LIVE=82 KSTAGE_EVICT=lfu
  free in 2 MiB+ blocks: 13.8 GiB
ready in 115s; Model loading took 2.34 GiB;Available KV cache memory: 3.69 GiB;GPU KV cache size: 1,009,254 tokens;
  mem: Maximum concurrency for 131,072 tokens per request: 7.70x;Actual usage is 16.51 GiB for consumed memory (weights + non-torch), 1.32 GiB for peak activation, and 0.1 GiB for CUDAGraph;
  kstage: cache: 1012 layer-steps, 0.32 misses and 0.32 copies a layer-step (320 / 320)
  kstage: cache: 184 layer-steps, 1.04 misses and 1.04 copies a layer-step (192 / 192)
  kstage: cache: 186 layer-steps, 1.03 misses and 1.03 copies a layer-step (192 / 192)
  kstage: cache: 193 layer-steps, 0.99 misses and 0.99 copies a layer-step (192 / 192)
  kstage: cache: 1 layer-steps, 0.00 misses and 0.00 copies a layer-step (0 / 0)
  kstage: cache: 23 layers, 573 experts cold (24.9 a layer), 15.40 GiB host pages, 12.48 GiB device, policy global, profile /prof/p7-all.json (all); slots all: pinned/slots per layer ['0/128', '0/125', '0/123', '0/97', '0/98', '0/97', '0/100', '0/97', '0/94', '0/112', '0/89', '0/103', '0/106', '0/104', '0/99', '0/101', '0/96', '0/89', '0/100', '0/104', '0/105', '0/95', '0/109']; evict lfu6; frozen from never tokens; DMA from 64 tokens: 39 staging rows, 1 buffers, 0.21 GiB
  kstage: cache: 299 layer-steps, 0.64 misses and 0.64 copies a layer-step (192 / 192)
  kstage: cache: 322 layer-steps, 0.60 misses and 0.60 copies a layer-step (192 / 192)
  kstage: cache: 368 layer-steps, 0.52 misses and 0.52 copies a layer-step (192 / 192)
  kstage: cache: 46 layer-steps, 2.17 misses and 2.17 copies a layer-step (100 / 100)
  kstage: cache: 48 layer-steps, 2.08 misses and 2.08 copies a layer-step (100 / 100)
  kstage: cache: 621 layer-steps, 0.36 misses and 0.36 copies a layer-step (226 / 226)
  kstage: cache: 71 layer-steps, 2.66 misses and 2.66 copies a layer-step (189 / 189)
  kstage: cache: 920 layer-steps, 0.25 misses and 0.25 copies a layer-step (226 / 226)
  kstage: cache: 943 layer-steps, 0.29 misses and 0.29 copies a layer-step (270 / 270)
  kstage: cache: 9 layer-steps, 5.11 misses and 5.11 copies a layer-step (46 / 46)
  kstage: installed in 2.1s; device memory free 7.70 GiB
  kstage: registered, mode cache
  host RAM used: +28526 MiB, 30220 MiB available
  bench: exit 0, 362s
  agent x8 to 126976: 224 turns, 0 errors, wall 359s, decode median 24.9 tok/s, late TTFT median 2.71s, preemptions 0, prefix hits/queries 10790784/14995456, external hits 2772864
  max running/waiting: Running: 8 reqs, Waiting: 0 reqs
== phase p35-live-lfu-cg3-kvoff16-b8k-a16l 05:17:32Z maxlen 131072 work: agent ks: KSTAGE=cache KSTAGE_COLD_GB=3 KSTAGE_PROFILE=/prof/p7-all.json KSTAGE_STATS=1 KSTAGE_SLOTS=all KSTAGE_DMA_M=64 KSTAGE_DMA_BUF=1 KSTAGE_COPY_LIVE=82 KSTAGE_EVICT=lfu
  free in 2 MiB+ blocks: 13.8 GiB
ready in 116s; Model loading took 2.34 GiB;Available KV cache memory: 3.69 GiB;GPU KV cache size: 1,009,254 tokens;
  mem: Maximum concurrency for 131,072 tokens per request: 7.70x;Actual usage is 16.51 GiB for consumed memory (weights + non-torch), 1.32 GiB for peak activation, and 0.1 GiB for CUDAGraph;
  kstage: cache: 1012 layer-steps, 0.31 misses and 0.31 copies a layer-step (318 / 318)
  kstage: cache: 184 layer-steps, 1.04 misses and 1.04 copies a layer-step (192 / 192)
  kstage: cache: 186 layer-steps, 1.03 misses and 1.03 copies a layer-step (192 / 192)
  kstage: cache: 1 layer-steps, 0.00 misses and 0.00 copies a layer-step (0 / 0)
  kstage: cache: 207 layer-steps, 0.93 misses and 0.93 copies a layer-step (192 / 192)
  kstage: cache: 23 layers, 573 experts cold (24.9 a layer), 15.40 GiB host pages, 12.48 GiB device, policy global, profile /prof/p7-all.json (all); slots all: pinned/slots per layer ['0/128', '0/125', '0/123', '0/97', '0/98', '0/97', '0/100', '0/97', '0/94', '0/112', '0/89', '0/103', '0/106', '0/104', '0/99', '0/101', '0/96', '0/89', '0/100', '0/104', '0/105', '0/95', '0/109']; evict lfu6; frozen from never tokens; DMA from 64 tokens: 39 staging rows, 1 buffers, 0.21 GiB
  kstage: cache: 299 layer-steps, 0.64 misses and 0.64 copies a layer-step (192 / 192)
  kstage: cache: 345 layer-steps, 0.56 misses and 0.56 copies a layer-step (192 / 192)
  kstage: cache: 368 layer-steps, 0.52 misses and 0.52 copies a layer-step (192 / 192)
  kstage: cache: 46 layer-steps, 2.17 misses and 2.17 copies a layer-step (100 / 100)
  kstage: cache: 48 layer-steps, 2.08 misses and 2.08 copies a layer-step (100 / 100)
  kstage: cache: 637 layer-steps, 0.35 misses and 0.35 copies a layer-step (226 / 226)
  kstage: cache: 71 layer-steps, 2.66 misses and 2.66 copies a layer-step (189 / 189)
  kstage: cache: 920 layer-steps, 0.25 misses and 0.25 copies a layer-step (226 / 226)
  kstage: cache: 943 layer-steps, 0.29 misses and 0.29 copies a layer-step (270 / 270)
  kstage: cache: 9 layer-steps, 5.11 misses and 5.11 copies a layer-step (46 / 46)
  kstage: installed in 2.0s; device memory free 7.70 GiB
  kstage: registered, mode cache
  host RAM used: +36943 MiB, 21799 MiB available
  bench: exit 0, 719s
  agent x16 to 126976: 448 turns, 0 errors, wall 716s, decode median 14.8 tok/s, late TTFT median 12.93s, preemptions 19, prefix hits/queries 1194336/29990912, external hits 25932960
  max running/waiting: Running: 16 reqs, Waiting: 0 reqs
== phase p35-base-kvoff8-b4k-r2-a8l 05:31:30Z maxlen 131072 work: agent
  free in 2 MiB+ blocks: 13.6 GiB
ready in 106s; Model loading took 17.88 GiB;Available KV cache memory: 1.8 GiB;GPU KV cache size: 491,520 tokens;
  mem: Maximum concurrency for 131,072 tokens per request: 3.75x;Actual usage is 18.7 GiB for consumed memory (weights + non-torch), 1.02 GiB for peak activation, and 0.09 GiB for CUDAGraph;
  host RAM used: +12622 MiB, 46123 MiB available
  bench: exit 0, 353s
  agent x8 to 126976: 224 turns, 0 errors, wall 351s, decode median 36.3 tok/s, late TTFT median 8.27s, preemptions 0, prefix hits/queries 609696/14995456, external hits 12953952
  max running/waiting: Running: 8 reqs, Waiting: 0 reqs
== phase p35-base-kvoff16-b4k-r2-a16l 05:39:11Z maxlen 131072 work: agent
  free in 2 MiB+ blocks: 13.7 GiB
ready in 111s; Model loading took 17.88 GiB;Available KV cache memory: 1.8 GiB;GPU KV cache size: 491,520 tokens;
  mem: Maximum concurrency for 131,072 tokens per request: 3.75x;Actual usage is 18.7 GiB for consumed memory (weights + non-torch), 1.02 GiB for peak activation, and 0.09 GiB for CUDAGraph;
  host RAM used: +20876 MiB, 37870 MiB available
  bench: exit 0, 700s
  agent x16 to 126976: 448 turns, 0 errors, wall 697s, decode median 28.0 tok/s, late TTFT median 22.55s, preemptions 0, prefix hits/queries 0/29990912, external hits 27127296
  max running/waiting: Running: 16 reqs, Waiting: 0 reqs
== done 05:52:44Z
profile: performance
exit 0
