=== chain 2026-10-08T05:54:12Z: p36 - host KV alone at 6k, unjammed
== phase p36-base-kvoff8-b6k-unjam-a8l 05:54:12Z maxlen 131072 work: agent ks:  KSTAGE_UNJAM=1
  free in 2 MiB+ blocks: 13.7 GiB
ready in 111s; Model loading took 17.88 GiB;Available KV cache memory: 1.19 GiB;GPU KV cache size: 324,403 tokens;
  mem: Maximum concurrency for 131,072 tokens per request: 2.48x;Actual usage is 19.17 GiB for consumed memory (weights + non-torch), 1.16 GiB for peak activation, and 0.09 GiB for CUDAGraph;
  host RAM used: +12566 MiB, 46108 MiB available
  bench: exit 0, 380s
  agent x8 to 126976: 224 turns, 0 errors, wall 378s, decode median 47.3 tok/s, late TTFT median 12.59s, preemptions 28, prefix hits/queries 8352/14995456, external hits 13555296
  max running/waiting: Running: 8 reqs, Waiting: 0 reqs
== phase p36-base-kvoff16-b6k-unjam-a16l 06:02:24Z maxlen 131072 work: agent ks:  KSTAGE_UNJAM=1
  free in 2 MiB+ blocks: 13.7 GiB
ready in 111s; Model loading took 17.88 GiB;Available KV cache memory: 1.19 GiB;GPU KV cache size: 324,403 tokens;
  mem: Maximum concurrency for 131,072 tokens per request: 2.48x;Actual usage is 19.17 GiB for consumed memory (weights + non-torch), 1.16 GiB for peak activation, and 0.09 GiB for CUDAGraph;
  host RAM used: +20822 MiB, 37875 MiB available
  bench: exit 0, 772s
  agent x16 to 126976: 448 turns, 0 errors, wall 769s, decode median 46.4 tok/s, late TTFT median 29.64s, preemptions 103, prefix hits/queries 0/29990912, external hits 27127296
  max running/waiting: Running: 15 reqs, Waiting: 1 reqs
== done 06:17:10Z
profile: performance
exit 0
