=== chain 2026-10-08T06:18:09Z: p37 - cold-tier sweep with host KV
== phase p37-live-lfu-cg2-kvoff8-b8k-a8l 06:18:09Z maxlen 131072 work: agent ks: KSTAGE=cache KSTAGE_COLD_GB=2 KSTAGE_PROFILE=/prof/p7-all.json KSTAGE_STATS=1 KSTAGE_SLOTS=all KSTAGE_DMA_M=64 KSTAGE_DMA_BUF=1 KSTAGE_COPY_LIVE=82 KSTAGE_EVICT=lfu
  free in 2 MiB+ blocks: 13.6 GiB
ready in 116s; Model loading took 2.34 GiB;Available KV cache memory: 2.71 GiB;GPU KV cache size: 740,556 tokens;
  mem: Maximum concurrency for 131,072 tokens per request: 5.65x;Actual usage is 17.49 GiB for consumed memory (weights + non-torch), 1.32 GiB for peak activation, and 0.1 GiB for CUDAGraph;
  kstage: cache: 1012 layer-steps, 0.20 misses and 0.20 copies a layer-step (200 / 200)
  kstage: cache: 167 layer-steps, 0.76 misses and 0.76 copies a layer-step (127 / 127)
  kstage: cache: 185 layer-steps, 0.69 misses and 0.69 copies a layer-step (127 / 127)
  kstage: cache: 187 layer-steps, 0.68 misses and 0.68 copies a layer-step (127 / 127)
  kstage: cache: 1 layer-steps, 0.00 misses and 0.00 copies a layer-step (0 / 0)
  kstage: cache: 23 layers, 382 experts cold (16.6 a layer), 15.37 GiB host pages, 13.50 GiB device, policy global, profile /prof/p7-all.json (all); slots all: pinned/slots per layer ['0/128', '0/128', '0/124', '0/109', '0/112', '0/104', '0/111', '0/109', '0/106', '0/114', '0/103', '0/110', '0/111', '0/113', '0/106', '0/109', '0/101', '0/97', '0/109', '0/111', '0/119', '0/111', '0/117']; evict lfu6; frozen from never tokens; DMA from 64 tokens: 31 staging rows, 1 buffers, 0.17 GiB
  kstage: cache: 25 layer-steps, 1.56 misses and 1.56 copies a layer-step (39 / 39)
  kstage: cache: 278 layer-steps, 0.46 misses and 0.46 copies a layer-step (127 / 127)
  kstage: cache: 301 layer-steps, 0.42 misses and 0.42 copies a layer-step (127 / 127)
  kstage: cache: 368 layer-steps, 0.35 misses and 0.35 copies a layer-step (127 / 127)
  kstage: cache: 3 layer-steps, 1.00 misses and 1.00 copies a layer-step (3 / 3)
  kstage: cache: 460 layer-steps, 0.32 misses and 0.32 copies a layer-step (147 / 147)
  kstage: cache: 48 layer-steps, 1.25 misses and 1.25 copies a layer-step (60 / 60)
  kstage: cache: 69 layer-steps, 1.81 misses and 1.81 copies a layer-step (125 / 125)
  kstage: cache: 742 layer-steps, 0.20 misses and 0.20 copies a layer-step (147 / 147)
  kstage: cache: 920 layer-steps, 0.16 misses and 0.16 copies a layer-step (147 / 147)
  kstage: cache: 943 layer-steps, 0.18 misses and 0.18 copies a layer-step (173 / 173)
  kstage: installed in 2.1s; device memory free 6.72 GiB
  kstage: registered, mode cache
  host RAM used: +28565 MiB, 30120 MiB available
  bench: exit 0, 354s
  agent x8 to 126976: 224 turns, 0 errors, wall 352s, decode median 29.2 tok/s, late TTFT median 5.05s, preemptions 5, prefix hits/queries 3942144/14995456, external hits 9621504
  max running/waiting: Running: 8 reqs, Waiting: 0 reqs
== phase p37-live-lfu-cg2-kvoff16-b8k-a16l 06:26:01Z maxlen 131072 work: agent ks: KSTAGE=cache KSTAGE_COLD_GB=2 KSTAGE_PROFILE=/prof/p7-all.json KSTAGE_STATS=1 KSTAGE_SLOTS=all KSTAGE_DMA_M=64 KSTAGE_DMA_BUF=1 KSTAGE_COPY_LIVE=82 KSTAGE_EVICT=lfu
  free in 2 MiB+ blocks: 13.6 GiB
ready in 116s; Model loading took 2.34 GiB;Available KV cache memory: 2.71 GiB;GPU KV cache size: 740,556 tokens;
  mem: Maximum concurrency for 131,072 tokens per request: 5.65x;Actual usage is 17.49 GiB for consumed memory (weights + non-torch), 1.32 GiB for peak activation, and 0.1 GiB for CUDAGraph;
  kstage: cache: 1012 layer-steps, 0.20 misses and 0.20 copies a layer-step (203 / 203)
  kstage: cache: 161 layer-steps, 0.79 misses and 0.79 copies a layer-step (127 / 127)
  kstage: cache: 185 layer-steps, 0.69 misses and 0.69 copies a layer-step (127 / 127)
  kstage: cache: 187 layer-steps, 0.68 misses and 0.68 copies a layer-step (127 / 127)
  kstage: cache: 1 layer-steps, 0.00 misses and 0.00 copies a layer-step (0 / 0)
  kstage: cache: 23 layers, 382 experts cold (16.6 a layer), 15.37 GiB host pages, 13.50 GiB device, policy global, profile /prof/p7-all.json (all); slots all: pinned/slots per layer ['0/128', '0/128', '0/124', '0/109', '0/112', '0/104', '0/111', '0/109', '0/106', '0/114', '0/103', '0/110', '0/111', '0/113', '0/106', '0/109', '0/101', '0/97', '0/109', '0/111', '0/119', '0/111', '0/117']; evict lfu6; frozen from never tokens; DMA from 64 tokens: 31 staging rows, 1 buffers, 0.17 GiB
  kstage: cache: 25 layer-steps, 1.56 misses and 1.56 copies a layer-step (39 / 39)
  kstage: cache: 278 layer-steps, 0.46 misses and 0.46 copies a layer-step (127 / 127)
  kstage: cache: 301 layer-steps, 0.42 misses and 0.42 copies a layer-step (127 / 127)
  kstage: cache: 368 layer-steps, 0.35 misses and 0.35 copies a layer-step (127 / 127)
  kstage: cache: 3 layer-steps, 1.00 misses and 1.00 copies a layer-step (3 / 3)
  kstage: cache: 48 layer-steps, 1.25 misses and 1.25 copies a layer-step (60 / 60)
  kstage: cache: 575 layer-steps, 0.26 misses and 0.26 copies a layer-step (147 / 147)
  kstage: cache: 69 layer-steps, 1.81 misses and 1.81 copies a layer-step (125 / 125)
  kstage: cache: 874 layer-steps, 0.17 misses and 0.17 copies a layer-step (147 / 147)
  kstage: cache: 943 layer-steps, 0.18 misses and 0.18 copies a layer-step (173 / 173)
  kstage: cache: 955 layer-steps, 0.19 misses and 0.19 copies a layer-step (179 / 179)
  kstage: installed in 2.0s; device memory free 6.72 GiB
  kstage: registered, mode cache
  host RAM used: +36868 MiB, 21843 MiB available
  bench: exit 0, 702s
  agent x16 to 126976: 448 turns, 0 errors, wall 698s, decode median 19.0 tok/s, late TTFT median 17.84s, preemptions 27, prefix hits/queries 33408/29990912, external hits 27093888
  max running/waiting: Running: 16 reqs, Waiting: 0 reqs
== phase p37-live-lfu-cg3-kvoff8-b8k-r2-a8l 06:39:40Z maxlen 131072 work: agent ks: KSTAGE=cache KSTAGE_COLD_GB=3 KSTAGE_PROFILE=/prof/p7-all.json KSTAGE_STATS=1 KSTAGE_SLOTS=all KSTAGE_DMA_M=64 KSTAGE_DMA_BUF=1 KSTAGE_COPY_LIVE=82 KSTAGE_EVICT=lfu
  free in 2 MiB+ blocks: 13.4 GiB
ready in 116s; Model loading took 2.34 GiB;Available KV cache memory: 3.69 GiB;GPU KV cache size: 1,009,254 tokens;
  mem: Maximum concurrency for 131,072 tokens per request: 7.70x;Actual usage is 16.51 GiB for consumed memory (weights + non-torch), 1.32 GiB for peak activation, and 0.1 GiB for CUDAGraph;
  kstage: cache: 1012 layer-steps, 0.32 misses and 0.32 copies a layer-step (321 / 321)
  kstage: cache: 184 layer-steps, 1.04 misses and 1.04 copies a layer-step (192 / 192)
  kstage: cache: 186 layer-steps, 1.03 misses and 1.03 copies a layer-step (192 / 192)
  kstage: cache: 193 layer-steps, 0.99 misses and 0.99 copies a layer-step (192 / 192)
  kstage: cache: 1 layer-steps, 0.00 misses and 0.00 copies a layer-step (0 / 0)
  kstage: cache: 23 layers, 573 experts cold (24.9 a layer), 15.40 GiB host pages, 12.48 GiB device, policy global, profile /prof/p7-all.json (all); slots all: pinned/slots per layer ['0/128', '0/125', '0/123', '0/97', '0/98', '0/97', '0/100', '0/97', '0/94', '0/112', '0/89', '0/103', '0/106', '0/104', '0/99', '0/101', '0/96', '0/89', '0/100', '0/104', '0/105', '0/95', '0/109']; evict lfu6; frozen from never tokens; DMA from 64 tokens: 39 staging rows, 1 buffers, 0.21 GiB
  kstage: cache: 299 layer-steps, 0.64 misses and 0.64 copies a layer-step (192 / 192)
  kstage: cache: 322 layer-steps, 0.60 misses and 0.60 copies a layer-step (192 / 192)
  kstage: cache: 368 layer-steps, 0.52 misses and 0.52 copies a layer-step (192 / 192)
  kstage: cache: 46 layer-steps, 2.17 misses and 2.17 copies a layer-step (100 / 100)
  kstage: cache: 48 layer-steps, 2.08 misses and 2.08 copies a layer-step (100 / 100)
  kstage: cache: 49 layer-steps, 2.04 misses and 2.04 copies a layer-step (100 / 100)
  kstage: cache: 635 layer-steps, 0.36 misses and 0.36 copies a layer-step (226 / 226)
  kstage: cache: 71 layer-steps, 2.66 misses and 2.66 copies a layer-step (189 / 189)
  kstage: cache: 920 layer-steps, 0.25 misses and 0.25 copies a layer-step (226 / 226)
  kstage: cache: 943 layer-steps, 0.29 misses and 0.29 copies a layer-step (270 / 270)
  kstage: cache: 9 layer-steps, 5.11 misses and 5.11 copies a layer-step (46 / 46)
  kstage: installed in 2.1s; device memory free 7.70 GiB
  kstage: registered, mode cache
  host RAM used: +28672 MiB, 30081 MiB available
  bench: exit 0, 361s
  agent x8 to 126976: 224 turns, 0 errors, wall 359s, decode median 25.3 tok/s, late TTFT median 2.72s, preemptions 0, prefix hits/queries 10790784/14995456, external hits 2772864
  max running/waiting: Running: 8 reqs, Waiting: 0 reqs
== phase p37-live-lfu-cg3-kvoff8-b4k-a8l 06:47:39Z maxlen 131072 work: agent ks: KSTAGE=cache KSTAGE_COLD_GB=3 KSTAGE_PROFILE=/prof/p7-all.json KSTAGE_STATS=1 KSTAGE_SLOTS=all KSTAGE_DMA_M=64 KSTAGE_DMA_BUF=1 KSTAGE_COPY_LIVE=82 KSTAGE_EVICT=lfu
  free in 2 MiB+ blocks: 13.5 GiB
ready in 116s; Model loading took 2.34 GiB;Available KV cache memory: 4.61 GiB;GPU KV cache size: 1,261,568 tokens;
  mem: Maximum concurrency for 131,072 tokens per request: 9.62x;Actual usage is 15.88 GiB for consumed memory (weights + non-torch), 1.03 GiB for peak activation, and 0.1 GiB for CUDAGraph;
  kstage: cache: 1012 layer-steps, 0.31 misses and 0.31 copies a layer-step (318 / 318)
  kstage: cache: 184 layer-steps, 1.04 misses and 1.04 copies a layer-step (192 / 192)
  kstage: cache: 186 layer-steps, 1.03 misses and 1.03 copies a layer-step (192 / 192)
  kstage: cache: 23 layers, 573 experts cold (24.9 a layer), 15.40 GiB host pages, 12.48 GiB device, policy global, profile /prof/p7-all.json (all); slots all: pinned/slots per layer ['0/128', '0/125', '0/123', '0/97', '0/98', '0/97', '0/100', '0/97', '0/94', '0/112', '0/89', '0/103', '0/106', '0/104', '0/99', '0/101', '0/96', '0/89', '0/100', '0/104', '0/105', '0/95', '0/109']; evict lfu6; frozen from never tokens; DMA from 64 tokens: 39 staging rows, 1 buffers, 0.21 GiB
  kstage: cache: 23 layer-steps, 2.87 misses and 2.87 copies a layer-step (66 / 66)
  kstage: cache: 276 layer-steps, 0.70 misses and 0.70 copies a layer-step (192 / 192)
  kstage: cache: 299 layer-steps, 0.64 misses and 0.64 copies a layer-step (192 / 192)
  kstage: cache: 2 layer-steps, 0.50 misses and 0.50 copies a layer-step (1 / 1)
  kstage: cache: 368 layer-steps, 0.52 misses and 0.52 copies a layer-step (192 / 192)
  kstage: cache: 48 layer-steps, 2.08 misses and 2.08 copies a layer-step (100 / 100)
  kstage: cache: 518 layer-steps, 0.44 misses and 0.44 copies a layer-step (226 / 226)
  kstage: cache: 69 layer-steps, 2.74 misses and 2.74 copies a layer-step (189 / 189)
  kstage: cache: 826 layer-steps, 0.27 misses and 0.27 copies a layer-step (226 / 226)
  kstage: cache: 920 layer-steps, 0.25 misses and 0.25 copies a layer-step (226 / 226)
  kstage: cache: 92 layer-steps, 2.05 misses and 2.05 copies a layer-step (189 / 189)
  kstage: cache: 943 layer-steps, 0.29 misses and 0.29 copies a layer-step (270 / 270)
  kstage: installed in 2.1s; device memory free 7.70 GiB
  kstage: registered, mode cache
  host RAM used: +28573 MiB, 30167 MiB available
  bench: exit 0, 365s
  agent x8 to 126976: 224 turns, 0 errors, wall 363s, decode median 24.5 tok/s, late TTFT median 2.85s, preemptions 0, prefix hits/queries 13563648/14995456, external hits 0
  max running/waiting: Running: 8 reqs, Waiting: 0 reqs
== phase p37-live-lfu-cg3-kvoff16-b4k-a16l 06:55:42Z maxlen 131072 work: agent ks: KSTAGE=cache KSTAGE_COLD_GB=3 KSTAGE_PROFILE=/prof/p7-all.json KSTAGE_STATS=1 KSTAGE_SLOTS=all KSTAGE_DMA_M=64 KSTAGE_DMA_BUF=1 KSTAGE_COPY_LIVE=82 KSTAGE_EVICT=lfu
  free in 2 MiB+ blocks: 13.5 GiB
ready in 116s; Model loading took 2.34 GiB;Available KV cache memory: 4.61 GiB;GPU KV cache size: 1,261,568 tokens;
  mem: Maximum concurrency for 131,072 tokens per request: 9.62x;Actual usage is 15.88 GiB for consumed memory (weights + non-torch), 1.03 GiB for peak activation, and 0.1 GiB for CUDAGraph;
  kstage: cache: 1012 layer-steps, 0.32 misses and 0.32 copies a layer-step (321 / 321)
  kstage: cache: 184 layer-steps, 1.04 misses and 1.04 copies a layer-step (192 / 192)
  kstage: cache: 186 layer-steps, 1.03 misses and 1.03 copies a layer-step (192 / 192)
  kstage: cache: 23 layers, 573 experts cold (24.9 a layer), 15.40 GiB host pages, 12.48 GiB device, policy global, profile /prof/p7-all.json (all); slots all: pinned/slots per layer ['0/128', '0/125', '0/123', '0/97', '0/98', '0/97', '0/100', '0/97', '0/94', '0/112', '0/89', '0/103', '0/106', '0/104', '0/99', '0/101', '0/96', '0/89', '0/100', '0/104', '0/105', '0/95', '0/109']; evict lfu6; frozen from never tokens; DMA from 64 tokens: 39 staging rows, 1 buffers, 0.21 GiB
  kstage: cache: 23 layer-steps, 2.87 misses and 2.87 copies a layer-step (66 / 66)
  kstage: cache: 276 layer-steps, 0.70 misses and 0.70 copies a layer-step (192 / 192)
  kstage: cache: 299 layer-steps, 0.64 misses and 0.64 copies a layer-step (192 / 192)
  kstage: cache: 2 layer-steps, 0.50 misses and 0.50 copies a layer-step (1 / 1)
  kstage: cache: 368 layer-steps, 0.52 misses and 0.52 copies a layer-step (192 / 192)
  kstage: cache: 48 layer-steps, 2.08 misses and 2.08 copies a layer-step (100 / 100)
  kstage: cache: 634 layer-steps, 0.36 misses and 0.36 copies a layer-step (226 / 226)
  kstage: cache: 69 layer-steps, 2.74 misses and 2.74 copies a layer-step (189 / 189)
  kstage: cache: 83 layer-steps, 2.28 misses and 2.28 copies a layer-step (189 / 189)
  kstage: cache: 920 layer-steps, 0.25 misses and 0.25 copies a layer-step (226 / 226)
  kstage: cache: 943 layer-steps, 0.29 misses and 0.29 copies a layer-step (270 / 270)
  kstage: installed in 2.1s; device memory free 7.70 GiB
  kstage: registered, mode cache
  host RAM used: +37009 MiB, 21740 MiB available
  bench: exit 0, 719s
  agent x16 to 126976: 448 turns, 0 errors, wall 716s, decode median 13.3 tok/s, late TTFT median 8.02s, preemptions 10, prefix hits/queries 4000608/29990912, external hits 23126688
  max running/waiting: Running: 16 reqs, Waiting: 0 reqs
== phase p37-live-lfu-cg1-kvoff8-b8k-unjam-a8l 07:09:40Z maxlen 131072 work: agent ks: KSTAGE=cache KSTAGE_COLD_GB=1 KSTAGE_PROFILE=/prof/p7-all.json KSTAGE_STATS=1 KSTAGE_SLOTS=all KSTAGE_DMA_M=64 KSTAGE_DMA_BUF=1 KSTAGE_COPY_LIVE=82 KSTAGE_EVICT=lfu KSTAGE_UNJAM=1
  free in 2 MiB+ blocks: 13.4 GiB
ready in 115s; Model loading took 2.34 GiB;Available KV cache memory: 1.79 GiB;GPU KV cache size: 488,243 tokens;
  mem: Maximum concurrency for 131,072 tokens per request: 3.73x;Actual usage is 18.42 GiB for consumed memory (weights + non-torch), 1.32 GiB for peak activation, and 0.1 GiB for CUDAGraph;
  kstage: cache: 1012 layer-steps, 0.10 misses and 0.10 copies a layer-step (98 / 98)
  kstage: cache: 161 layer-steps, 0.41 misses and 0.41 copies a layer-step (66 / 66)
  kstage: cache: 185 layer-steps, 0.36 misses and 0.36 copies a layer-step (66 / 66)
  kstage: cache: 187 layer-steps, 0.35 misses and 0.35 copies a layer-step (66 / 66)
  kstage: cache: 1 layer-steps, 0.00 misses and 0.00 copies a layer-step (0 / 0)
  kstage: cache: 23 layers, 191 experts cold (8.3 a layer), 15.39 GiB host pages, 14.49 GiB device, policy global, profile /prof/p7-all.json (all); slots all: pinned/slots per layer ['0/128', '0/128', '0/127', '0/117', '0/122', '0/120', '0/117', '0/119', '0/118', '0/120', '0/111', '0/120', '0/122', '0/121', '0/115', '0/117', '0/110', '0/110', '0/117', '0/122', '0/124', '0/122', '0/126']; evict lfu6; frozen from never tokens; DMA from 64 tokens: 18 staging rows, 1 buffers, 0.11 GiB
  kstage: cache: 25 layer-steps, 0.84 misses and 0.84 copies a layer-step (21 / 21)
  kstage: cache: 278 layer-steps, 0.24 misses and 0.24 copies a layer-step (66 / 66)
  kstage: cache: 301 layer-steps, 0.22 misses and 0.22 copies a layer-step (66 / 66)
  kstage: cache: 368 layer-steps, 0.18 misses and 0.18 copies a layer-step (66 / 66)
  kstage: cache: 3 layer-steps, 0.00 misses and 0.00 copies a layer-step (0 / 0)
  kstage: cache: 450 layer-steps, 0.17 misses and 0.17 copies a layer-step (75 / 75)
  kstage: cache: 48 layer-steps, 0.67 misses and 0.67 copies a layer-step (32 / 32)
  kstage: cache: 69 layer-steps, 0.93 misses and 0.93 copies a layer-step (64 / 64)
  kstage: cache: 736 layer-steps, 0.10 misses and 0.10 copies a layer-step (75 / 75)
  kstage: cache: 920 layer-steps, 0.08 misses and 0.08 copies a layer-step (75 / 75)
  kstage: cache: 943 layer-steps, 0.09 misses and 0.09 copies a layer-step (89 / 89)
  kstage: installed in 2.1s; device memory free 5.80 GiB
  kstage: registered, mode cache
  host RAM used: +28663 MiB, 30130 MiB available
  bench: exit 0, 356s
  agent x8 to 126976: 224 turns, 0 errors, wall 354s, decode median 34.6 tok/s, late TTFT median 8.30s, preemptions 21, prefix hits/queries 584640/14995456, external hits 12979008
  max running/waiting: Running: 8 reqs, Waiting: 0 reqs
== done 07:17:34Z
profile: performance
exit 0
