== phase p38-base-moeb12-lgate-eval 07:42:25Z nolora maxlen 131072 ks:  KSTAGE_MOE_NOLORA=1 KSTAGE_B12X_FIX=1
  free in 2 MiB+ blocks: 13.6 GiB
ready in 111s; Model loading took 18.33 GiB;Available KV cache memory: 1.27 GiB;GPU KV cache size: 347,340 tokens;
  mem: Maximum concurrency for 131,072 tokens per request: 2.65x;Actual usage is 19.15 GiB for consumed memory (weights + non-torch), 1.1 GiB for peak activation, and 0.07 GiB for CUDAGraph;
  host RAM used: +4335 MiB, 54245 MiB available
  v1-g6q-p38-base-moeb12-lgate-eval: exit 0, 34s
  v2-g6q-p38-base-moeb12-lgate-eval: exit 0, 31s
  alert-g6q-p38-base-moeb12-lgate-eval: exit 0, 4s
  trap3-g6q-p38-base-moeb12-lgate-eval: exit 0, 3s
  max running/waiting: Running: 16 reqs, Waiting: 0 reqs
== phase p38-base-moeb12-lgate-pref 07:45:28Z nolora maxlen 131072 work: decode prefill ks:  KSTAGE_MOE_NOLORA=1 KSTAGE_B12X_FIX=1
  free in 2 MiB+ blocks: 13.6 GiB
ready in 111s; Model loading took 18.33 GiB;Available KV cache memory: 1.27 GiB;GPU KV cache size: 347,340 tokens;
  mem: Maximum concurrency for 131,072 tokens per request: 2.65x;Actual usage is 19.15 GiB for consumed memory (weights + non-torch), 1.1 GiB for peak activation, and 0.07 GiB for CUDAGraph;
  host RAM used: +4269 MiB, 54246 MiB available
  bench: exit 0, 28s
  decode c=1: per-stream median 184.5 tok/s, aggregate 185.2 tok/s, 1/1 ok
  decode c=16: per-stream median 44.7 tok/s, aggregate 644.3 tok/s, 16/16 ok
  prefill 8192: cold 2.05s (3988 tok/s), warm 0.27s, cached 4176 []
  prefill 32768: cold 2.78s (11803 tok/s), warm 0.36s, cached 29232 []
  prefill 98304: cold 12.15s (8090 tok/s), warm 0.46s, cached 96048 []
  max running/waiting: Running: 1 reqs, Waiting: 0 reqs
== phase p38-base-moeb12-lgate-kvoff8-b4k-unjam-a8l 07:47:48Z nolora maxlen 131072 work: agent ks:  KSTAGE_MOE_NOLORA=1 KSTAGE_B12X_FIX=1 KSTAGE_UNJAM=1
  free in 2 MiB+ blocks: 13.6 GiB
ready in 115s; Model loading took 18.33 GiB;Available KV cache memory: 1.05 GiB;GPU KV cache size: 285,081 tokens;
  mem: Maximum concurrency for 131,072 tokens per request: 2.17x;Actual usage is 19.15 GiB for consumed memory (weights + non-torch), 1.32 GiB for peak activation, and 0.07 GiB for CUDAGraph;
  host RAM used: +12562 MiB, 46053 MiB available
  bench: exit 0, 384s
  agent x8 to 126976: 224 turns, 0 errors, wall 381s, decode median 52.9 tok/s, late TTFT median 12.50s, preemptions 0, prefix hits/queries 4176/14995456, external hits 13559472
  max running/waiting: Running: 8 reqs, Waiting: 0 reqs
== done 07:56:09Z
profile: performance
