== phase p38-base-moeb12-lgate-r2-eval 07:57:23Z nolora maxlen 131072 ks:  KSTAGE_MOE_NOLORA=1 KSTAGE_B12X_FIX=1
  free in 2 MiB+ blocks: 13.7 GiB
ready in 115s; Model loading took 18.33 GiB;Available KV cache memory: 1.27 GiB;GPU KV cache size: 347,340 tokens;
  mem: Maximum concurrency for 131,072 tokens per request: 2.65x;Actual usage is 19.15 GiB for consumed memory (weights + non-torch), 1.1 GiB for peak activation, and 0.07 GiB for CUDAGraph;
  host RAM used: +4365 MiB, 54248 MiB available
  v1-g6q-p38-base-moeb12-lgate-r2-eval: exit 0, 34s
  v2-g6q-p38-base-moeb12-lgate-r2-eval: exit 0, 29s
  alert-g6q-p38-base-moeb12-lgate-r2-eval: exit 0, 5s
  trap3-g6q-p38-base-moeb12-lgate-r2-eval: exit 0, 3s
  max running/waiting: Running: 16 reqs, Waiting: 0 reqs
== phase p38-base-moeb12-lgate-kvoff16-b4k-unjam-a16l 08:00:31Z nolora maxlen 131072 work: agent ks:  KSTAGE_MOE_NOLORA=1 KSTAGE_B12X_FIX=1 KSTAGE_UNJAM=1
  free in 2 MiB+ blocks: 13.7 GiB
ready in 121s; Model loading took 18.33 GiB;Available KV cache memory: 1.05 GiB;GPU KV cache size: 285,081 tokens;
  mem: Maximum concurrency for 131,072 tokens per request: 2.17x;Actual usage is 19.15 GiB for consumed memory (weights + non-torch), 1.32 GiB for peak activation, and 0.07 GiB for CUDAGraph;
  host RAM used: +20231 MiB, 37749 MiB available
  bench: exit 0, 784s
  agent x16 to 126976: 448 turns, 0 errors, wall 781s, decode median 52.1 tok/s, late TTFT median 28.31s, preemptions 51, prefix hits/queries 0/29990912, external hits 27127296
  max running/waiting: Running: 12 reqs, Waiting: 4 reqs
== done 08:15:38Z
profile: performance
