== phase p38-base-moeb12-lgate-exact-eval 08:44:01Z nolora maxlen 131072 ks:  KSTAGE_MOE_NOLORA=1 KSTAGE_B12X_FIX=1 KSTAGE_B12X_EXACT=1
  free in 2 MiB+ blocks: 12.2 GiB
ready in 116s; Model loading took 18.33 GiB;Available KV cache memory: 1.27 GiB;GPU KV cache size: 347,340 tokens;
  mem: Maximum concurrency for 131,072 tokens per request: 2.65x;Actual usage is 19.15 GiB for consumed memory (weights + non-torch), 1.1 GiB for peak activation, and 0.07 GiB for CUDAGraph;
  host RAM used: +4297 MiB, 54312 MiB available
  v1-g6q-p38-base-moeb12-lgate-exact-eval: exit 0, 31s
  v2-g6q-p38-base-moeb12-lgate-exact-eval: exit 0, 31s
  alert-g6q-p38-base-moeb12-lgate-exact-eval: exit 0, 6s
  trap3-g6q-p38-base-moeb12-lgate-exact-eval: exit 0, 3s
  max running/waiting: Running: 16 reqs, Waiting: 0 reqs
== phase p38-base-moeb12-lgate-exact-r2-eval 08:47:08Z nolora maxlen 131072 ks:  KSTAGE_MOE_NOLORA=1 KSTAGE_B12X_FIX=1 KSTAGE_B12X_EXACT=1
  free in 2 MiB+ blocks: 12.5 GiB
ready in 110s; Model loading took 18.33 GiB;Available KV cache memory: 1.27 GiB;GPU KV cache size: 347,340 tokens;
  mem: Maximum concurrency for 131,072 tokens per request: 2.65x;Actual usage is 19.15 GiB for consumed memory (weights + non-torch), 1.1 GiB for peak activation, and 0.07 GiB for CUDAGraph;
  host RAM used: +4319 MiB, 54196 MiB available
  v1-g6q-p38-base-moeb12-lgate-exact-r2-eval: exit 0, 33s
  v2-g6q-p38-base-moeb12-lgate-exact-r2-eval: exit 0, 27s
  alert-g6q-p38-base-moeb12-lgate-exact-r2-eval: exit 0, 5s
  trap3-g6q-p38-base-moeb12-lgate-exact-r2-eval: exit 0, 3s
  max running/waiting: Running: 16 reqs, Waiting: 0 reqs
== phase p38-base-moeb12-lgate-exact-pref 08:50:07Z nolora maxlen 131072 work: decode prefill ks:  KSTAGE_MOE_NOLORA=1 KSTAGE_B12X_FIX=1 KSTAGE_B12X_EXACT=1
  free in 2 MiB+ blocks: 12.5 GiB
ready in 116s; Model loading took 18.33 GiB;Available KV cache memory: 1.27 GiB;GPU KV cache size: 347,340 tokens;
  mem: Maximum concurrency for 131,072 tokens per request: 2.65x;Actual usage is 19.15 GiB for consumed memory (weights + non-torch), 1.1 GiB for peak activation, and 0.07 GiB for CUDAGraph;
  host RAM used: +4135 MiB, 54374 MiB available
  bench: exit 0, 27s
  decode c=1: per-stream median 184.3 tok/s, aggregate 185.0 tok/s, 1/1 ok
  decode c=16: per-stream median 44.8 tok/s, aggregate 645.2 tok/s, 16/16 ok
  prefill 8192: cold 2.03s (4038 tok/s), warm 0.27s, cached 4176 []
  prefill 32768: cold 2.76s (11876 tok/s), warm 0.35s, cached 29232 []
  prefill 98304: cold 12.13s (8104 tok/s), warm 0.46s, cached 96048 []
  max running/waiting: Running: 16 reqs, Waiting: 0 reqs
== done 08:52:32Z
profile: performance
