== phase p39-base-kvoff8-b4k-trace-a8l 13:40:32Z nolora maxlen 131072 work: agent
  free in 2 MiB+ blocks: 13.4 GiB
ready in 106s; Model loading took 17.88 GiB;Available KV cache memory: 1.8 GiB;GPU KV cache size: 491,520 tokens;
  mem: Maximum concurrency for 131,072 tokens per request: 3.75x;Actual usage is 18.7 GiB for consumed memory (weights + non-torch), 1.02 GiB for peak activation, and 0.09 GiB for CUDAGraph;
  host RAM used: +12584 MiB, 45810 MiB available
  bench: exit 0, 392s
  window 15: 15.0-18.3 s, stop returned at 33.1 s
  window 170: 170.0-173.3 s, stop returned at 187.9 s
  window 320: 320.2-324.1 s, stop returned at 329.9 s
  agent x8 to 126976: 224 turns, 0 errors, wall 390s, decode median 34.4 tok/s, late TTFT median 8.57s, preemptions 0, prefix hits/queries 609696/14995456, external hits 12953952
  trace file: dp0_pp0_tp0_dcp0_ep0_rank0.1791466961653983442.pt.trace.json.gz
  trace file: dp0_pp0_tp0_dcp0_ep0_rank0.1791467117338968357.pt.trace.json.gz
  trace file: dp0_pp0_tp0_dcp0_ep0_rank0.1791467267206358563.pt.trace.json.gz
  trace file: profiler_out_0.txt
== phase p39-live-lfu-cg2-kvoff8-b8k-trace-a8l 13:48:52Z nolora maxlen 131072 work: agent ks: KSTAGE=cache KSTAGE_COLD_GB=2 KSTAGE_PROFILE=/prof/p7-all.json KSTAGE_STATS=1 KSTAGE_SLOTS=all KSTAGE_DMA_M=64 KSTAGE_DMA_BUF=1 KSTAGE_COPY_LIVE=82 KSTAGE_EVICT=lfu
  free in 2 MiB+ blocks: 13.5 GiB
ready in 116s; Model loading took 2.34 GiB;Available KV cache memory: 2.71 GiB;GPU KV cache size: 740,556 tokens;
  mem: Maximum concurrency for 131,072 tokens per request: 5.65x;Actual usage is 17.49 GiB for consumed memory (weights + non-torch), 1.32 GiB for peak activation, and 0.1 GiB for CUDAGraph;
  kstage: cache: 1012 layer-steps, 0.20 misses and 0.20 copies a layer-step (206 / 206)
  kstage: cache: 138 layer-steps, 0.92 misses and 0.92 copies a layer-step (127 / 127)
  kstage: cache: 185 layer-steps, 0.69 misses and 0.69 copies a layer-step (127 / 127)
  kstage: cache: 187 layer-steps, 0.68 misses and 0.68 copies a layer-step (127 / 127)
  kstage: cache: 1 layer-steps, 0.00 misses and 0.00 copies a layer-step (0 / 0)
  kstage: cache: 23 layers, 382 experts cold (16.6 a layer), 15.37 GiB host pages, 13.50 GiB device, policy global, profile /prof/p7-all.json (all); slots all: pinned/slots per layer ['0/128', '0/128', '0/124', '0/109', '0/112', '0/104', '0/111', '0/109', '0/106', '0/114', '0/103', '0/110', '0/111', '0/113', '0/106', '0/109', '0/101', '0/97', '0/109', '0/111', '0/119', '0/111', '0/117']; evict lfu6; frozen from never tokens; DMA from 64 tokens: 31 staging rows, 1 buffers, 0.17 GiB
  kstage: cache: 25 layer-steps, 1.56 misses and 1.56 copies a layer-step (39 / 39)
  kstage: cache: 276 layer-steps, 0.46 misses and 0.46 copies a layer-step (127 / 127)
  kstage: cache: 301 layer-steps, 0.42 misses and 0.42 copies a layer-step (127 / 127)
  kstage: cache: 368 layer-steps, 0.35 misses and 0.35 copies a layer-step (127 / 127)
  kstage: cache: 394 layer-steps, 0.35 misses and 0.35 copies a layer-step (137 / 137)
  kstage: cache: 3 layer-steps, 1.00 misses and 1.00 copies a layer-step (3 / 3)
  kstage: cache: 48 layer-steps, 1.25 misses and 1.25 copies a layer-step (60 / 60)
  kstage: cache: 667 layer-steps, 0.22 misses and 0.22 copies a layer-step (147 / 147)
  kstage: cache: 69 layer-steps, 1.81 misses and 1.81 copies a layer-step (125 / 125)
  kstage: cache: 920 layer-steps, 0.16 misses and 0.16 copies a layer-step (147 / 147)
  kstage: cache: 943 layer-steps, 0.18 misses and 0.18 copies a layer-step (173 / 173)
  kstage: installed in 2.1s; device memory free 6.67 GiB
  kstage: registered, mode cache
  host RAM used: +28481 MiB, 29911 MiB available
  bench: exit 0, 391s
  window 15: 15.0-18.7 s, stop returned at 32.8 s
  window 170: 170.1-173.5 s, stop returned at 183.6 s
  window 320: 320.1-323.3 s, stop returned at 330.9 s
  agent x8 to 126976: 224 turns, 0 errors, wall 389s, decode median 28.0 tok/s, late TTFT median 5.17s, preemptions 5, prefix hits/queries 3942144/14995456, external hits 9621504
  trace file: dp0_pp0_tp0_dcp0_ep0_rank0.1791467472058752004.pt.trace.json.gz
  trace file: dp0_pp0_tp0_dcp0_ep0_rank0.1791467626390181299.pt.trace.json.gz
  trace file: dp0_pp0_tp0_dcp0_ep0_rank0.1791467776765374551.pt.trace.json.gz
  trace file: profiler_out_0.txt
== done 13:57:22Z
profile: performance
