== phase p40-base-kvoff8-b4k-a8l 13:57:27Z maxlen 131072 work: agent
  free in 2 MiB+ blocks: 13.2 GiB
ready in 110s; Model loading took 17.88 GiB;Available KV cache memory: 1.8 GiB;GPU KV cache size: 491,520 tokens;
  mem: Maximum concurrency for 131,072 tokens per request: 3.75x;Actual usage is 18.7 GiB for consumed memory (weights + non-torch), 1.02 GiB for peak activation, and 0.09 GiB for CUDAGraph;
  host RAM used: +12491 MiB, 45849 MiB available
  bench: exit 0, 359s
  agent x8 to 126976: 224 turns, 0 errors, wall 357s, decode median 35.5 tok/s, late TTFT median 8.45s, preemptions 0, prefix hits/queries 609696/14995456, external hits 12953952
  max running/waiting: Running: 8 reqs, Waiting: 0 reqs
== phase p40-base-kvoff8-b4k-kvbf16-a8l 14:05:18Z maxlen 131072 work: agent
  free in 2 MiB+ blocks: 13.7 GiB
ready in 111s; Model loading took 17.88 GiB;Available KV cache memory: 1.75 GiB;GPU KV cache size: 478,412 tokens;
  mem: Maximum concurrency for 131,072 tokens per request: 3.65x;Actual usage is 18.76 GiB for consumed memory (weights + non-torch), 1.02 GiB for peak activation, and 0.09 GiB for CUDAGraph;
  host RAM used: +12860 MiB, 45738 MiB available
  bench: exit 0, 360s
  agent x8 to 126976: 224 turns, 0 errors, wall 358s, decode median 34.8 tok/s, late TTFT median 8.62s, preemptions 0, prefix hits/queries 459360/14995456, external hits 13104288
  max running/waiting: Running: 8 reqs, Waiting: 0 reqs
== phase p40-base-kvoff8-b4k-triton-a8l 14:13:11Z maxlen 131072 work: agent
  free in 2 MiB+ blocks: 13.9 GiB
ready in 106s; Model loading took 17.88 GiB;Available KV cache memory: 2.23 GiB;GPU KV cache size: 609,484 tokens;
  mem: Maximum concurrency for 131,072 tokens per request: 4.65x;Actual usage is 18.68 GiB for consumed memory (weights + non-torch), 0.62 GiB for peak activation, and 0.09 GiB for CUDAGraph;
  host RAM used: +12417 MiB, 45899 MiB available
  bench: exit 0, 418s
  agent x8 to 126976: 224 turns, 0 errors, wall 417s, decode median 30.9 tok/s, late TTFT median 7.53s, preemptions 1, prefix hits/queries 1770624/14995456, external hits 11793024
  max running/waiting: Running: 8 reqs, Waiting: 0 reqs
== phase p40-base-kvoff8-b4k-fa2-kvbf16-a8l 14:21:58Z maxlen 131072 work: agent
  free in 2 MiB+ blocks: 14.0 GiB
container exited before ready (35s)
== phase p40-live-lfu-cg2-kvb270-kvoff8-b8k-a8l 14:22:34Z maxlen 131072 work: agent ks: KSTAGE=cache KSTAGE_COLD_GB=2 KSTAGE_PROFILE=/prof/p7-all.json KSTAGE_STATS=1 KSTAGE_SLOTS=all KSTAGE_DMA_M=64 KSTAGE_DMA_BUF=1 KSTAGE_COPY_LIVE=82 KSTAGE_EVICT=lfu
  free in 2 MiB+ blocks: 14.0 GiB
ready in 111s; Model loading took 2.34 GiB;GPU KV cache size: 737,280 tokens;
  mem: Maximum concurrency for 131,072 tokens per request: 5.62x;
  kstage: cache: 184 layer-steps, 0.38 misses and 0.38 copies a layer-step (69 / 69)
  kstage: cache: 186 layer-steps, 0.37 misses and 0.37 copies a layer-step (69 / 69)
  kstage: cache: 187 layer-steps, 0.37 misses and 0.37 copies a layer-step (69 / 69)
  kstage: cache: 1 layer-steps, 0.00 misses and 0.00 copies a layer-step (0 / 0)
  kstage: cache: 23 layers, 382 experts cold (16.6 a layer), 15.37 GiB host pages, 13.50 GiB device, policy global, profile /prof/p7-all.json (all); slots all: pinned/slots per layer ['0/128', '0/128', '0/124', '0/109', '0/112', '0/104', '0/111', '0/109', '0/106', '0/114', '0/103', '0/110', '0/111', '0/113', '0/106', '0/109', '0/101', '0/97', '0/109', '0/111', '0/119', '0/111', '0/117']; evict lfu6; frozen from never tokens; DMA from 64 tokens: 31 staging rows, 1 buffers, 0.17 GiB
  kstage: cache: 299 layer-steps, 0.23 misses and 0.23 copies a layer-step (69 / 69)
  kstage: cache: 322 layer-steps, 0.21 misses and 0.21 copies a layer-step (69 / 69)
  kstage: cache: 3 layer-steps, 1.00 misses and 1.00 copies a layer-step (3 / 3)
  kstage: cache: 46 layer-steps, 0.63 misses and 0.63 copies a layer-step (29 / 29)
  kstage: cache: 48 layer-steps, 0.60 misses and 0.60 copies a layer-step (29 / 29)
  kstage: cache: 552 layer-steps, 0.12 misses and 0.12 copies a layer-step (69 / 69)
  kstage: cache: 575 layer-steps, 0.16 misses and 0.16 copies a layer-step (93 / 93)
  kstage: cache: 644 layer-steps, 0.20 misses and 0.20 copies a layer-step (129 / 129)
  kstage: cache: 71 layer-steps, 0.90 misses and 0.90 copies a layer-step (64 / 64)
  kstage: installed in 2.0s; device memory free 6.70 GiB
  kstage: registered, mode cache
  host RAM used: +28617 MiB, 29711 MiB available
  bench: exit 0, 356s
  agent x8 to 126976: 224 turns, 0 errors, wall 354s, decode median 30.5 tok/s, late TTFT median 5.56s, preemptions 7, prefix hits/queries 3942144/14995456, external hits 9621504
  max running/waiting: Running: 8 reqs, Waiting: 0 reqs
== phase p40-live-lfu-cg2-kvb270-kvoff8-b8k-cs8-a8l 14:30:22Z maxlen 131072 work: agent ks: KSTAGE=cache KSTAGE_COLD_GB=2 KSTAGE_PROFILE=/prof/p7-all.json KSTAGE_STATS=1 KSTAGE_SLOTS=all KSTAGE_DMA_M=64 KSTAGE_DMA_BUF=1 KSTAGE_COPY_LIVE=82 KSTAGE_EVICT=lfu
  free in 2 MiB+ blocks: 13.9 GiB
ready in 116s; Model loading took 2.34 GiB;GPU KV cache size: 737,280 tokens;
  mem: Maximum concurrency for 131,072 tokens per request: 5.62x;
  kstage: cache: 1012 layer-steps, 0.13 misses and 0.13 copies a layer-step (129 / 129)
  kstage: cache: 184 layer-steps, 0.38 misses and 0.38 copies a layer-step (69 / 69)
  kstage: cache: 185 layer-steps, 0.37 misses and 0.37 copies a layer-step (69 / 69)
  kstage: cache: 187 layer-steps, 0.37 misses and 0.37 copies a layer-step (69 / 69)
  kstage: cache: 1 layer-steps, 0.00 misses and 0.00 copies a layer-step (0 / 0)
  kstage: cache: 23 layers, 382 experts cold (16.6 a layer), 15.37 GiB host pages, 13.50 GiB device, policy global, profile /prof/p7-all.json (all); slots all: pinned/slots per layer ['0/128', '0/128', '0/124', '0/109', '0/112', '0/104', '0/111', '0/109', '0/106', '0/114', '0/103', '0/110', '0/111', '0/113', '0/106', '0/109', '0/101', '0/97', '0/109', '0/111', '0/119', '0/111', '0/117']; evict lfu6; frozen from never tokens; DMA from 64 tokens: 31 staging rows, 1 buffers, 0.17 GiB
  kstage: cache: 25 layer-steps, 1.12 misses and 1.12 copies a layer-step (28 / 28)
  kstage: cache: 3 layer-steps, 1.00 misses and 1.00 copies a layer-step (3 / 3)
  kstage: cache: 460 layer-steps, 0.16 misses and 0.16 copies a layer-step (73 / 73)
  kstage: cache: 483 layer-steps, 0.15 misses and 0.15 copies a layer-step (73 / 73)
  kstage: cache: 48 layer-steps, 0.60 misses and 0.60 copies a layer-step (29 / 29)
  kstage: cache: 598 layer-steps, 0.12 misses and 0.12 copies a layer-step (73 / 73)
  kstage: cache: 69 layer-steps, 0.93 misses and 0.93 copies a layer-step (64 / 64)
  kstage: cache: 908 layer-steps, 0.08 misses and 0.08 copies a layer-step (73 / 73)
  kstage: cache: 943 layer-steps, 0.10 misses and 0.10 copies a layer-step (97 / 97)
  kstage: installed in 2.1s; device memory free 6.72 GiB
  kstage: registered, mode cache
  host RAM used: +28758 MiB, 29588 MiB available
  bench: exit 0, 353s
  agent x8 to 126976: 224 turns, 0 errors, wall 351s, decode median 30.5 tok/s, late TTFT median 5.51s, preemptions 6, prefix hits/queries 3942144/14995456, external hits 9621504
  max running/waiting: Running: 8 reqs, Waiting: 0 reqs
== done 14:38:13Z
profile: performance
