== phase p41-base-kvoff8-b4k-kvbf16-a8l 14:39:59Z maxlen 131072 work: agent
  free in 2 MiB+ blocks: 13.8 GiB
ready in 166s; Model loading took 17.88 GiB;Available KV cache memory: 2.2 GiB;GPU KV cache size: 337,833 tokens;
  mem: Maximum concurrency for 131,072 tokens per request: 2.58x;Actual usage is 18.7 GiB for consumed memory (weights + non-torch), 0.62 GiB for peak activation, and 0.09 GiB for CUDAGraph;
  host RAM used: +12862 MiB, 45477 MiB available
  bench: exit 0, 387s
  agent x8 to 126976: 224 turns, 0 errors, wall 385s, decode median 45.6 tok/s, late TTFT median 11.81s, preemptions 8, prefix hits/queries 123664/14995456, external hits 13626096
  max running/waiting: Running: 8 reqs, Waiting: 0 reqs
== phase p41-base-kvoff16-b4k-kvbf16-a8l 14:49:13Z maxlen 131072 work: agent
  free in 2 MiB+ blocks: 13.9 GiB
ready in 171s; Model loading took 17.88 GiB;Available KV cache memory: 2.2 GiB;GPU KV cache size: 337,833 tokens;
  mem: Maximum concurrency for 131,072 tokens per request: 2.58x;Actual usage is 18.7 GiB for consumed memory (weights + non-torch), 0.62 GiB for peak activation, and 0.09 GiB for CUDAGraph;
  host RAM used: +21104 MiB, 37280 MiB available
  bench: exit 0, 386s
  agent x8 to 126976: 224 turns, 0 errors, wall 384s, decode median 45.6 tok/s, late TTFT median 11.80s, preemptions 8, prefix hits/queries 123664/14995456, external hits 13626096
  max running/waiting: Running: 8 reqs, Waiting: 0 reqs
== phase p41-base-kvoff16-b4k-fa2-kvbf16-a8l 14:58:33Z maxlen 131072 work: agent
  free in 2 MiB+ blocks: 13.7 GiB
ready in 171s; Model loading took 17.88 GiB;Available KV cache memory: 2.2 GiB;GPU KV cache size: 337,833 tokens;
  mem: Maximum concurrency for 131,072 tokens per request: 2.58x;Actual usage is 18.7 GiB for consumed memory (weights + non-torch), 0.62 GiB for peak activation, and 0.09 GiB for CUDAGraph;
  host RAM used: +21172 MiB, 37277 MiB available
  bench: exit 0, 387s
  agent x8 to 126976: 224 turns, 0 errors, wall 384s, decode median 45.5 tok/s, late TTFT median 11.79s, preemptions 8, prefix hits/queries 123664/14995456, external hits 13626096
  max running/waiting: Running: 8 reqs, Waiting: 0 reqs
== done 15:07:52Z
profile: performance
