== phase p43-live-lfu-cg2-kvb270-kvoff8-b8k-kvbf16-a8l 16:19:15Z maxlen 131072 work: agent ks: KSTAGE=cache KSTAGE_COLD_GB=2 KSTAGE_PROFILE=/prof/p7-all.json KSTAGE_STATS=1 KSTAGE_SLOTS=all KSTAGE_DMA_M=64 KSTAGE_DMA_BUF=1 KSTAGE_COPY_LIVE=82 KSTAGE_EVICT=lfu
  free in 2 MiB+ blocks: 13.8 GiB
ready in 176s; Model loading took 2.34 GiB;GPU KV cache size: 415,369 tokens;
  mem: Maximum concurrency for 131,072 tokens per request: 3.17x;
  kstage: cache: 185 layer-steps, 0.16 misses and 0.16 copies a layer-step (29 / 29)
  kstage: cache: 187 layer-steps, 0.16 misses and 0.16 copies a layer-step (29 / 29)
  kstage: cache: 23 layers, 382 experts cold (16.6 a layer), 15.37 GiB host pages, 13.50 GiB device, policy global, profile /prof/p7-all.json (all); slots all: pinned/slots per layer ['0/128', '0/128', '0/124', '0/109', '0/112', '0/104', '0/111', '0/109', '0/106', '0/114', '0/103', '0/110', '0/111', '0/113', '0/106', '0/109', '0/101', '0/97', '0/109', '0/111', '0/119', '0/111', '0/117']; evict lfu6; frozen from never tokens; DMA from 64 tokens: 31 staging rows, 1 buffers, 0.17 GiB
  kstage: cache: 276 layer-steps, 0.11 misses and 0.11 copies a layer-step (29 / 29)
  kstage: cache: 2 layer-steps, 0.00 misses and 0.00 copies a layer-step (0 / 0)
  kstage: cache: 301 layer-steps, 0.10 misses and 0.10 copies a layer-step (29 / 29)
  kstage: cache: 324 layer-steps, 0.09 misses and 0.09 copies a layer-step (29 / 29)
  kstage: cache: 3 layer-steps, 1.00 misses and 1.00 copies a layer-step (3 / 3)
  kstage: cache: 46 layer-steps, 0.63 misses and 0.63 copies a layer-step (29 / 29)
  kstage: cache: 547 layer-steps, 0.05 misses and 0.05 copies a layer-step (29 / 29)
  kstage: cache: 575 layer-steps, 0.09 misses and 0.09 copies a layer-step (51 / 51)
  kstage: cache: 644 layer-steps, 0.13 misses and 0.13 copies a layer-step (81 / 81)
  kstage: cache: 71 layer-steps, 0.41 misses and 0.41 copies a layer-step (29 / 29)
  kstage: cache: 94 layer-steps, 0.31 misses and 0.31 copies a layer-step (29 / 29)
  kstage: installed in 2.2s; device memory free 6.72 GiB
  kstage: registered, mode cache
  host RAM used: +28853 MiB, 29758 MiB available
  bench: exit 0, 391s
  agent x8 to 126976: 224 turns, 0 errors, wall 389s, decode median 37.8 tok/s, late TTFT median 9.30s, preemptions 41, prefix hits/queries 1312096/14995456, external hits 12437664
  max running/waiting: Running: 8 reqs, Waiting: 0 reqs
== phase p43-live-lfu-cg2-kvb270-kvoff8-b8k-fi-kvbf16-a8l 16:28:44Z maxlen 131072 work: agent ks: KSTAGE=cache KSTAGE_COLD_GB=2 KSTAGE_PROFILE=/prof/p7-all.json KSTAGE_STATS=1 KSTAGE_SLOTS=all KSTAGE_DMA_M=64 KSTAGE_DMA_BUF=1 KSTAGE_COPY_LIVE=82 KSTAGE_EVICT=lfu
  free in 2 MiB+ blocks: 13.7 GiB
ready in 110s; Model loading took 2.34 GiB;GPU KV cache size: 415,369 tokens;
  mem: Maximum concurrency for 131,072 tokens per request: 3.17x;
  kstage: cache: 138 layer-steps, 0.50 misses and 0.50 copies a layer-step (69 / 69)
  kstage: cache: 185 layer-steps, 0.37 misses and 0.37 copies a layer-step (69 / 69)
  kstage: cache: 187 layer-steps, 0.37 misses and 0.37 copies a layer-step (69 / 69)
  kstage: cache: 1 layer-steps, 0.00 misses and 0.00 copies a layer-step (0 / 0)
  kstage: cache: 23 layers, 382 experts cold (16.6 a layer), 15.37 GiB host pages, 13.50 GiB device, policy global, profile /prof/p7-all.json (all); slots all: pinned/slots per layer ['0/128', '0/128', '0/124', '0/109', '0/112', '0/104', '0/111', '0/109', '0/106', '0/114', '0/103', '0/110', '0/111', '0/113', '0/106', '0/109', '0/101', '0/97', '0/109', '0/111', '0/119', '0/111', '0/117']; evict lfu6; frozen from never tokens; DMA from 64 tokens: 31 staging rows, 1 buffers, 0.17 GiB
  kstage: cache: 25 layer-steps, 1.12 misses and 1.12 copies a layer-step (28 / 28)
  kstage: cache: 276 layer-steps, 0.25 misses and 0.25 copies a layer-step (69 / 69)
  kstage: cache: 301 layer-steps, 0.23 misses and 0.23 copies a layer-step (69 / 69)
  kstage: cache: 3 layer-steps, 1.00 misses and 1.00 copies a layer-step (3 / 3)
  kstage: cache: 48 layer-steps, 0.60 misses and 0.60 copies a layer-step (29 / 29)
  kstage: cache: 530 layer-steps, 0.13 misses and 0.13 copies a layer-step (69 / 69)
  kstage: cache: 575 layer-steps, 0.16 misses and 0.16 copies a layer-step (91 / 91)
  kstage: cache: 644 layer-steps, 0.20 misses and 0.20 copies a layer-step (130 / 130)
  kstage: cache: 69 layer-steps, 0.93 misses and 0.93 copies a layer-step (64 / 64)
  kstage: installed in 2.0s; device memory free 6.72 GiB
  kstage: registered, mode cache
  host RAM used: +28754 MiB, 29867 MiB available
  bench: exit 0, 363s
  agent x8 to 126976: 224 turns, 0 errors, wall 360s, decode median 44.9 tok/s, late TTFT median 10.36s, preemptions 14, prefix hits/queries 1395936/14995456, external hits 12353824
  max running/waiting: Running: 8 reqs, Waiting: 0 reqs
== done 16:36:39Z
profile: performance
