== phase p44-live-lfu-cg3-kvoff8-b8k-fi-kvbf16-a8l 16:58:33Z maxlen 131072 work: agent ks: KSTAGE=cache KSTAGE_COLD_GB=3 KSTAGE_PROFILE=/prof/p7-all.json KSTAGE_STATS=1 KSTAGE_SLOTS=all KSTAGE_DMA_M=64 KSTAGE_DMA_BUF=1 KSTAGE_COPY_LIVE=82 KSTAGE_EVICT=lfu
  free in 2 MiB+ blocks: 13.6 GiB
ready in 116s; Model loading took 2.34 GiB;Available KV cache memory: 3.69 GiB;GPU KV cache size: 566,747 tokens;
  mem: Maximum concurrency for 131,072 tokens per request: 4.32x;Actual usage is 16.51 GiB for consumed memory (weights + non-torch), 1.32 GiB for peak activation, and 0.1 GiB for CUDAGraph;
  kstage: cache: 1012 layer-steps, 0.33 misses and 0.33 copies a layer-step (330 / 330)
  kstage: cache: 184 layer-steps, 1.04 misses and 1.04 copies a layer-step (192 / 192)
  kstage: cache: 186 layer-steps, 1.03 misses and 1.03 copies a layer-step (192 / 192)
  kstage: cache: 23 layers, 573 experts cold (24.9 a layer), 15.40 GiB host pages, 12.48 GiB device, policy global, profile /prof/p7-all.json (all); slots all: pinned/slots per layer ['0/128', '0/125', '0/123', '0/97', '0/98', '0/97', '0/100', '0/97', '0/94', '0/112', '0/89', '0/103', '0/106', '0/104', '0/99', '0/101', '0/96', '0/89', '0/100', '0/104', '0/105', '0/95', '0/109']; evict lfu6; frozen from never tokens; DMA from 64 tokens: 39 staging rows, 1 buffers, 0.21 GiB
  kstage: cache: 23 layer-steps, 2.87 misses and 2.87 copies a layer-step (66 / 66)
  kstage: cache: 253 layer-steps, 0.76 misses and 0.76 copies a layer-step (192 / 192)
  kstage: cache: 299 layer-steps, 0.64 misses and 0.64 copies a layer-step (192 / 192)
  kstage: cache: 2 layer-steps, 0.50 misses and 0.50 copies a layer-step (1 / 1)
  kstage: cache: 368 layer-steps, 0.52 misses and 0.52 copies a layer-step (192 / 192)
  kstage: cache: 391 layer-steps, 0.53 misses and 0.53 copies a layer-step (209 / 209)
  kstage: cache: 48 layer-steps, 2.08 misses and 2.08 copies a layer-step (100 / 100)
  kstage: cache: 667 layer-steps, 0.34 misses and 0.34 copies a layer-step (226 / 226)
  kstage: cache: 69 layer-steps, 2.74 misses and 2.74 copies a layer-step (189 / 189)
  kstage: cache: 71 layer-steps, 2.66 misses and 2.66 copies a layer-step (189 / 189)
  kstage: cache: 920 layer-steps, 0.25 misses and 0.25 copies a layer-step (226 / 226)
  kstage: cache: 943 layer-steps, 0.28 misses and 0.28 copies a layer-step (266 / 266)
  kstage: installed in 2.2s; device memory free 7.70 GiB
  kstage: registered, mode cache
  host RAM used: +28652 MiB, 29951 MiB available
  bench: exit 0, 361s
  agent x8 to 126976: 224 turns, 0 errors, wall 359s, decode median 32.8 tok/s, late TTFT median 6.39s, preemptions 14, prefix hits/queries 3257184/14995456, external hits 10492576
  max running/waiting: Running: 8 reqs, Waiting: 0 reqs
== phase p44-live-lfu-cg4-kvoff8-b8k-fi-kvbf16-a8l 17:06:33Z maxlen 131072 work: agent ks: KSTAGE=cache KSTAGE_COLD_GB=4 KSTAGE_PROFILE=/prof/p7-all.json KSTAGE_STATS=1 KSTAGE_SLOTS=all KSTAGE_DMA_M=64 KSTAGE_DMA_BUF=1 KSTAGE_COPY_LIVE=82 KSTAGE_EVICT=lfu
  free in 2 MiB+ blocks: 13.7 GiB
ready in 115s; Model loading took 2.34 GiB;Available KV cache memory: 4.63 GiB;GPU KV cache size: 710,742 tokens;
  mem: Maximum concurrency for 131,072 tokens per request: 5.42x;Actual usage is 15.57 GiB for consumed memory (weights + non-torch), 1.32 GiB for peak activation, and 0.1 GiB for CUDAGraph;
  kstage: cache: 1012 layer-steps, 0.45 misses and 0.45 copies a layer-step (451 / 451)
  kstage: cache: 106 layer-steps, 2.44 misses and 2.44 copies a layer-step (259 / 259)
  kstage: cache: 12 layer-steps, 6.00 misses and 6.00 copies a layer-step (72 / 72)
  kstage: cache: 185 layer-steps, 1.42 misses and 1.42 copies a layer-step (263 / 263)
  kstage: cache: 1 layer-steps, 1.00 misses and 1.00 copies a layer-step (1 / 1)
  kstage: cache: 203 layer-steps, 1.30 misses and 1.30 copies a layer-step (263 / 263)
  kstage: cache: 23 layers, 765 experts cold (33.3 a layer), 15.38 GiB host pages, 11.48 GiB device, policy global, profile /prof/p7-all.json (all); slots all: pinned/slots per layer ['0/125', '0/123', '0/117', '0/92', '0/86', '0/86', '0/91', '0/88', '0/82', '0/103', '0/79', '0/91', '0/96', '0/100', '0/92', '0/92', '0/87', '0/81', '0/89', '0/96', '0/93', '0/89', '0/101']; evict lfu6; frozen from never tokens; DMA from 64 tokens: 49 staging rows, 1 buffers, 0.27 GiB
  kstage: cache: 23 layer-steps, 3.96 misses and 3.96 copies a layer-step (91 / 91)
  kstage: cache: 276 layer-steps, 0.95 misses and 0.95 copies a layer-step (263 / 263)
  kstage: cache: 300 layer-steps, 0.88 misses and 0.88 copies a layer-step (263 / 263)
  kstage: cache: 368 layer-steps, 0.71 misses and 0.71 copies a layer-step (263 / 263)
  kstage: cache: 414 layer-steps, 0.69 misses and 0.69 copies a layer-step (284 / 284)
  kstage: cache: 48 layer-steps, 2.81 misses and 2.81 copies a layer-step (135 / 135)
  kstage: cache: 690 layer-steps, 0.45 misses and 0.45 copies a layer-step (309 / 309)
  kstage: cache: 69 layer-steps, 3.74 misses and 3.74 copies a layer-step (258 / 258)
  kstage: cache: 920 layer-steps, 0.34 misses and 0.34 copies a layer-step (309 / 309)
  kstage: cache: 943 layer-steps, 0.38 misses and 0.38 copies a layer-step (363 / 363)
  kstage: installed in 2.1s; device memory free 8.64 GiB
  kstage: registered, mode cache
  host RAM used: +28504 MiB, 30050 MiB available
  bench: exit 0, 372s
  agent x8 to 126976: 224 turns, 0 errors, wall 369s, decode median 27.5 tok/s, late TTFT median 4.61s, preemptions 3, prefix hits/queries 5516672/14995456, external hits 8233088
  max running/waiting: Running: 8 reqs, Waiting: 0 reqs
== done 17:14:42Z
profile: performance
