== phase p6-base 15:09:10Z maxlen 131072 work: decode prefill agent
ready in 100s; Model loading took 17.88 GiB;Available KV cache memory: 1.69 GiB;GPU KV cache size: 462,028 tokens;
  mem: Maximum concurrency for 131,072 tokens per request: 3.52x;Actual usage is 18.7 GiB for consumed memory (weights + non-torch), 1.13 GiB for peak activation, and 0.09 GiB for CUDAGraph;
  host RAM used: +4288 MiB, 54598 MiB available
  bench: exit 0, 169s
  decode c=1: per-stream median 201.2 tok/s, aggregate 202.0 tok/s, 1/1 ok
  decode c=2: per-stream median 159.7 tok/s, aggregate 310.8 tok/s, 2/2 ok
  decode c=4: per-stream median 118.7 tok/s, aggregate 429.8 tok/s, 4/4 ok
  decode c=8: per-stream median 83.4 tok/s, aggregate 571.3 tok/s, 8/8 ok
  decode c=16: per-stream median 52.0 tok/s, aggregate 701.2 tok/s, 16/16 ok
  prefill 8192: cold 0.78s (10458 tok/s), warm 0.41s, cached 4176 []
  prefill 32768: cold 3.78s (8672 tok/s), warm 0.47s, cached 29232 []
  prefill 98304: cold 15.40s (6382 tok/s), warm 0.52s, cached 96048 []
  agent x4 to 98304: 84 turns, 0 errors, wall 129s, decode median 61.3 tok/s, late TTFT median 2.06s, preemptions 0, prefix hits/queries 3825216/4343808, external hits 0
  max running/waiting: Running: 16 reqs, Waiting: 0 reqs
== phase p6-off4 15:13:39Z maxlen 131072 work: decode prefill agent
ready in 110s; Model loading took 13.93 GiB;Available KV cache memory: 5.63 GiB;GPU KV cache size: 1,543,372 tokens;
  mem: Total CPU offloaded parameters: 4.01;Maximum concurrency for 131,072 tokens per request: 11.78x;Actual usage is 14.76 GiB for consumed memory (weights + non-torch), 1.13 GiB for peak activation, and 0.09 GiB for CUDAGraph;
  host RAM used: +11355 MiB, 47576 MiB available
  bench: exit 0, 498s
  decode c=1: per-stream median 75.5 tok/s, aggregate 75.8 tok/s, 1/1 ok
  decode c=2: per-stream median 45.0 tok/s, aggregate 87.2 tok/s, 2/2 ok
  decode c=4: per-stream median 25.7 tok/s, aggregate 98.3 tok/s, 4/4 ok
  decode c=8: per-stream median 15.7 tok/s, aggregate 114.8 tok/s, 8/8 ok
  decode c=16: per-stream median 8.9 tok/s, aggregate 132.2 tok/s, 16/16 ok
  prefill 8192: cold 2.29s (3580 tok/s), warm 1.05s, cached 4176 []
  prefill 32768: cold 10.15s (3228 tok/s), warm 1.07s, cached 29232 []
  prefill 98304: cold 34.75s (2829 tok/s), warm 1.06s, cached 96048 []
  agent x4 to 98304: 84 turns, 0 errors, wall 374s, decode median 17.6 tok/s, late TTFT median 3.43s, preemptions 0, prefix hits/queries 3825216/4343808, external hits 0
  max running/waiting: Running: 16 reqs, Waiting: 0 reqs
== phase p6-off2 15:23:49Z maxlen 131072 work: decode
ready in 106s; Model loading took 15.91 GiB;Available KV cache memory: 3.66 GiB;GPU KV cache size: 1,002,700 tokens;
  mem: Total CPU offloaded parameters: 2.01;Maximum concurrency for 131,072 tokens per request: 7.65x;Actual usage is 16.73 GiB for consumed memory (weights + non-torch), 1.13 GiB for peak activation, and 0.09 GiB for CUDAGraph;
  host RAM used: +7736 MiB, 51189 MiB available
  bench: exit 0, 29s
  decode c=1: per-stream median 113.5 tok/s, aggregate 113.9 tok/s, 1/1 ok
  decode c=4: per-stream median 43.5 tok/s, aggregate 153.8 tok/s, 4/4 ok
  decode c=16: per-stream median 16.0 tok/s, aggregate 230.9 tok/s, 16/16 ok
  max running/waiting: Running: 16 reqs, Waiting: 0 reqs
== phase p6-off8 15:26:05Z maxlen 131072 work: decode
ready in 115s; Model loading took 9.98 GiB;Available KV cache memory: 9.57 GiB;GPU KV cache size: 2,624,716 tokens;
  mem: Total CPU offloaded parameters: 8.03;Maximum concurrency for 131,072 tokens per request: 20.02x;Actual usage is 10.82 GiB for consumed memory (weights + non-torch), 1.13 GiB for peak activation, and 0.09 GiB for CUDAGraph;
  host RAM used: +18129 MiB, 40802 MiB available
  bench: exit 0, 81s
  decode c=1: per-stream median 46.9 tok/s, aggregate 47.0 tok/s, 1/1 ok
  decode c=4: per-stream median 14.8 tok/s, aggregate 54.1 tok/s, 4/4 ok
  decode c=16: per-stream median 5.3 tok/s, aggregate 77.2 tok/s, 16/16 ok
  max running/waiting: Running: 16 reqs, Waiting: 0 reqs
== phase p6-off12 15:29:22Z maxlen 131072 work: decode
ready in 145s; Model loading took 6.05 GiB;Available KV cache memory: 13.49 GiB;GPU KV cache size: 3,696,230 tokens;
  mem: Total CPU offloaded parameters: 12.01;Maximum concurrency for 131,072 tokens per request: 28.20x;Actual usage is 6.91 GiB for consumed memory (weights + non-torch), 1.13 GiB for peak activation, and 0.09 GiB for CUDAGraph;
  host RAM used: +24399 MiB, 34551 MiB available
  bench: exit 0, 116s
  decode c=1: per-stream median 33.9 tok/s, aggregate 34.0 tok/s, 1/1 ok
  decode c=4: per-stream median 10.3 tok/s, aggregate 38.1 tok/s, 4/4 ok
  decode c=16: per-stream median 3.7 tok/s, aggregate 53.9 tok/s, 16/16 ok
  max running/waiting: Running: 16 reqs, Waiting: 0 reqs
== phase p6-off16 15:33:46Z maxlen 131072 work: decode
ready in 156s; Model loading took 2.69 GiB;Available KV cache memory: 16.83 GiB;GPU KV cache size: 4,613,734 tokens;
  mem: Total CPU offloaded parameters: 15.39;Maximum concurrency for 131,072 tokens per request: 35.20x;Actual usage is 3.56 GiB for consumed memory (weights + non-torch), 1.13 GiB for peak activation, and 0.09 GiB for CUDAGraph;
  host RAM used: +30226 MiB, 28749 MiB available
  bench: exit 0, 145s
  decode c=1: per-stream median 27.3 tok/s, aggregate 27.4 tok/s, 1/1 ok
  decode c=4: per-stream median 8.1 tok/s, aggregate 31.1 tok/s, 4/4 ok
  decode c=16: per-stream median 2.9 tok/s, aggregate 42.3 tok/s, 16/16 ok
  max running/waiting: Running: 16 reqs, Waiting: 0 reqs
== done 15:38:49Z
profile: performance
