== phase p11-off4-fdo 23:05:05Z maxlen 131072 work: decode prefill
ready in 96s; Model loading took 13.93 GiB;Available KV cache memory: 6.5 GiB;GPU KV cache size: 1,782,579 tokens;
  mem: Total CPU offloaded parameters: 4.01;Maximum concurrency for 131,072 tokens per request: 13.60x;Actual usage is 14.31 GiB for consumed memory (weights + non-torch), 0.71 GiB for peak activation, and 0.11 GiB for CUDAGraph;
  host RAM used: +11494 MiB, 47531 MiB available
  bench: exit 0, 96s
  decode c=1: per-stream median 74.7 tok/s, aggregate 75.0 tok/s, 1/1 ok
  decode c=4: per-stream median 26.4 tok/s, aggregate 97.7 tok/s, 4/4 ok
  decode c=16: per-stream median 9.6 tok/s, aggregate 139.7 tok/s, 16/16 ok
  prefill 8192: cold 2.27s (3610 tok/s), warm 1.05s, cached 4176 []
  prefill 32768: cold 10.08s (3249 tok/s), warm 1.06s, cached 29232 []
  prefill 98304: cold 34.43s (2856 tok/s), warm 1.06s, cached 96048 []
  max running/waiting: Running: 16 reqs, Waiting: 0 reqs
== phase p11-ks-cache4-fdo 23:08:18Z maxlen 131072 work: decode prefill ks: KSTAGE=cache KSTAGE_COLD_GB=4 KSTAGE_PROFILE=/prof/p7-all.json KSTAGE_STATS=30 KSTAGE_SLOTS=all
ready in 91s; Model loading took 2.34 GiB;Available KV cache memory: 6.59 GiB;GPU KV cache size: 1,805,516 tokens;
  mem: Maximum concurrency for 131,072 tokens per request: 13.78x;Actual usage is 14.23 GiB for consumed memory (weights + non-torch), 0.71 GiB for peak activation, and 0.11 GiB for CUDAGraph;
  kstage: cache: 23 layers, 765 experts cold (33.3 a layer), 15.38 GiB host pages, 11.48 GiB device, policy global, profile /prof/p7-all.json (all); slots all: pinned/slots per layer ['0/125', '0/123', '0/117', '0/92', '0/86', '0/86', '0/91', '0/88', '0/82', '0/103', '0/79', '0/91', '0/96', '0/100', '0/92', '0/92', '0/87', '0/81', '0/89', '0/96', '0/93', '0/89', '0/101']; evict lru; frozen from never tokens
  kstage: installed in 1.3s; device memory free 8.92 GiB
  kstage: registered, mode cache
  host RAM used: +20289 MiB, 38732 MiB available
  bench: exit 0, 61s
  decode c=1: per-stream median 154.9 tok/s, aggregate 155.5 tok/s, 1/1 ok
  decode c=4: per-stream median 65.3 tok/s, aggregate 202.7 tok/s, 4/4 ok
  decode c=16: per-stream median 22.5 tok/s, aggregate 297.3 tok/s, 16/16 ok
  prefill 8192: cold 1.80s (4541 tok/s), warm 0.83s, cached 4176 []
  prefill 32768: cold 7.66s (4279 tok/s), warm 0.92s, cached 29232 []
  prefill 98304: cold 25.83s (3805 tok/s), warm 0.71s, cached 96048 []
  max running/waiting: Running: 16 reqs, Waiting: 0 reqs
== phase p11-off4-brk 23:10:51Z maxlen 131072 work: decode prefill
container exited before ready (101s)
== phase p11-base-fdo 23:12:32Z maxlen 131072 work: decode prefill
ready in 85s; Model loading took 17.88 GiB;Available KV cache memory: 2.56 GiB;GPU KV cache size: 701,235 tokens;
  mem: Maximum concurrency for 131,072 tokens per request: 5.35x;Actual usage is 18.26 GiB for consumed memory (weights + non-torch), 0.71 GiB for peak activation, and 0.11 GiB for CUDAGraph;
  host RAM used: +4198 MiB, 54521 MiB available
  bench: exit 0, 34s
  decode c=1: per-stream median 187.0 tok/s, aggregate 187.7 tok/s, 1/1 ok
  decode c=4: per-stream median 113.6 tok/s, aggregate 358.5 tok/s, 4/4 ok
  decode c=16: per-stream median 51.3 tok/s, aggregate 711.5 tok/s, 16/16 ok
  prefill 8192: cold 0.81s (10173 tok/s), warm 0.41s, cached 4176 []
  prefill 32768: cold 3.86s (8493 tok/s), warm 0.47s, cached 29232 []
  prefill 98304: cold 15.53s (6330 tok/s), warm 0.53s, cached 96048 []
  max running/waiting: Running: 10 reqs, Waiting: 6 reqs
== done 23:14:32Z
profile: performance
