== phase p7-off4-b8k 16:46:07Z maxlen 131072 work: decode prefill
ready in 110s; Model loading took 13.93 GiB;Available KV cache memory: 4.82 GiB;GPU KV cache size: 1,320,550 tokens;
  mem: Total CPU offloaded parameters: 4.01;Maximum concurrency for 131,072 tokens per request: 10.07x;Actual usage is 15.39 GiB for consumed memory (weights + non-torch), 1.32 GiB for peak activation, and 0.09 GiB for CUDAGraph;
  host RAM used: +11074 MiB, 47826 MiB available
  bench: exit 0, 75s
  decode c=1: per-stream median 77.2 tok/s, aggregate 77.5 tok/s, 1/1 ok
  decode c=16: per-stream median 9.2 tok/s, aggregate 141.4 tok/s, 16/16 ok
  prefill 8192: cold 1.87s (4383 tok/s), warm 0.94s, cached 4176 []
  prefill 32768: cold 7.89s (4152 tok/s), warm 0.94s, cached 29232 []
  prefill 98304: cold 27.19s (3615 tok/s), warm 0.85s, cached 96048 []
  max running/waiting: Running: 16 reqs, Waiting: 0 reqs
== phase p7-off4-b16k 16:49:14Z maxlen 131072 work: decode prefill
container exited before ready (110s)
== phase p7-pf-g4s1 16:51:05Z maxlen 131072 work: decode prefill
ready in 111s; Model loading took 13.26 GiB;Available KV cache memory: 5.61 GiB;GPU KV cache size: 1,536,819 tokens;
  mem: Total GPU memory saved: 5.0288 GB, Static buffer pool: 0.7184 GB;Maximum concurrency for 131,072 tokens per request: 11.72x;Actual usage is 14.78 GiB for consumed memory (weights + non-torch), 1.13 GiB for peak activation, and 0.1 GiB for CUDAGraph;
  host RAM used: +12429 MiB, 46270 MiB available
  bench: exit 0, 109s
  decode c=1: per-stream median 9.7 tok/s, aggregate 9.8 tok/s, 1/1 ok
  decode c=4: per-stream median 9.6 tok/s, aggregate 38.2 tok/s, 4/4 ok
  decode c=16: per-stream median 9.3 tok/s, aggregate 142.6 tok/s, 16/16 ok
  prefill 8192: cold 0.95s (8632 tok/s), warm 0.43s, cached 4176 []
  prefill 32768: cold 4.59s (7137 tok/s), warm 0.52s, cached 29232 []
  prefill 98304: cold 17.84s (5509 tok/s), warm 0.60s, cached 96048 []
  max running/waiting: Running: 16 reqs, Waiting: 0 reqs
== phase p7-pf-g4s2 16:54:46Z maxlen 131072 work: decode prefill
ready in 110s; Model loading took 13.26 GiB;Available KV cache memory: 4.93 GiB;GPU KV cache size: 1,350,041 tokens;
  mem: Total GPU memory saved: 5.0288 GB, Static buffer pool: 1.4368 GB;Maximum concurrency for 131,072 tokens per request: 10.30x;Actual usage is 15.46 GiB for consumed memory (weights + non-torch), 1.13 GiB for peak activation, and 0.1 GiB for CUDAGraph;
  host RAM used: +12806 MiB, 46087 MiB available
  bench: exit 0, 106s
  decode c=1: per-stream median 9.8 tok/s, aggregate 9.9 tok/s, 1/1 ok
  decode c=4: per-stream median 9.7 tok/s, aggregate 38.7 tok/s, 4/4 ok
  decode c=16: per-stream median 9.7 tok/s, aggregate 149.4 tok/s, 16/16 ok
  prefill 8192: cold 0.88s (9315 tok/s), warm 0.39s, cached 4176 []
  prefill 32768: cold 4.32s (7583 tok/s), warm 0.47s, cached 29232 []
  prefill 98304: cold 17.06s (5761 tok/s), warm 0.56s, cached 96048 []
  max running/waiting: Running: 16 reqs, Waiting: 0 reqs
== phase p7-pf-g2s2 16:58:24Z maxlen 131072 work: decode prefill
ready in 120s; Model loading took 9.29 GiB;Available KV cache memory: 8.88 GiB;GPU KV cache size: 2,434,662 tokens;
  mem: Total GPU memory saved: 9.3393 GB, Static buffer pool: 1.4368 GB;Maximum concurrency for 131,072 tokens per request: 18.57x;Actual usage is 11.51 GiB for consumed memory (weights + non-torch), 1.13 GiB for peak activation, and 0.1 GiB for CUDAGraph;
  host RAM used: +19329 MiB, 39561 MiB available
  bench: exit 0, 179s
  decode c=1: per-stream median 5.3 tok/s, aggregate 5.3 tok/s, 1/1 ok
  decode c=4: per-stream median 5.3 tok/s, aggregate 21.1 tok/s, 4/4 ok
  decode c=16: per-stream median 5.3 tok/s, aggregate 81.9 tok/s, 16/16 ok
  prefill 8192: cold 1.10s (7444 tok/s), warm 0.46s, cached 4176 []
  prefill 32768: cold 5.46s (6001 tok/s), warm 0.56s, cached 29232 []
  prefill 98304: cold 20.60s (4773 tok/s), warm 0.68s, cached 96048 []
  max running/waiting: Running: 16 reqs, Waiting: 0 reqs
== phase p7-pf-all 17:03:26Z maxlen 131072 work: decode prefill
