== phase p9-ks-dma32-s64 21:45:52Z maxlen 131072 work: decode ks: KSTAGE=gather KSTAGE_DMA_M=32
ready in 126s; Model loading took 14.61 GiB;Available KV cache memory: 4.66 GiB;GPU KV cache size: 1,277,952 tokens;
  mem: Total CPU offloaded parameters: 4.01;Maximum concurrency for 131,072 tokens per request: 9.75x;Actual usage is 15.46 GiB for consumed memory (weights + non-torch), 1.41 GiB for peak activation, and 0.12 GiB for CUDAGraph;
  kstage: gather: 6 layers, 4.01 GiB of experts staged through 0.67 GiB of device buffers; DMA from 32 tokens
  kstage: installed in 0.0s; device memory free 5.02 GiB
  kstage: registered, mode gather
  host RAM used: +10983 MiB, 47644 MiB available
  bench: exit 0, 91s
  decode c=16: per-stream median 12.9 tok/s, aggregate 194.3 tok/s, 16/16 ok
  decode c=32: per-stream median 9.1 tok/s, aggregate 266.7 tok/s, 32/32 ok
  decode c=64: per-stream median 8.2 tok/s, aggregate 447.0 tok/s, 64/64 ok
  max running/waiting: Running: 64 reqs, Waiting: 0 reqs
== phase p8-512k-base 21:49:30Z maxlen 524288 work: needle
ready in 100s; Model loading took 17.88 GiB;Available KV cache memory: 1.69 GiB;GPU KV cache size: 551,676 tokens;
  mem: Maximum concurrency for 524,288 tokens per request: 1.05x;Actual usage is 18.7 GiB for consumed memory (weights + non-torch), 1.13 GiB for peak activation, and 0.09 GiB for CUDAGraph;
  host RAM used: +4423 MiB, 54581 MiB available
  bench: exit 0, 315s
  needle 32768: 8/8 at 32653 tokens, 5s 
  needle 131072: 8/8 at 130072 tokens, 23s 
  needle 262144: 8/8 at 264077 tokens, 69s 
  needle 516000: 8/8 at 509885 tokens, 214s 
  max running/waiting: Running: 1 reqs, Waiting: 0 reqs
== phase p8-512k-f16 21:56:26Z maxlen 524288 work: needle
ready in 100s; Model loading took 17.88 GiB;Available KV cache memory: 1.69 GiB;GPU KV cache size: 569,520 tokens;
  mem: Maximum concurrency for 524,288 tokens per request: 1.09x;Actual usage is 18.7 GiB for consumed memory (weights + non-torch), 1.13 GiB for peak activation, and 0.09 GiB for CUDAGraph;
  host RAM used: +4362 MiB, 54615 MiB available
  bench: exit 0, 318s
  needle 32768: 8/8 at 32653 tokens, 5s 
  needle 131072: 8/8 at 130072 tokens, 24s 
  needle 262144: 8/8 at 264077 tokens, 70s 
  needle 516000: 8/8 at 509885 tokens, 214s 
  max running/waiting: Running: 1 reqs, Waiting: 0 reqs
== phase p8-1m-off4 22:03:24Z maxlen 1048576 work: needle
ready in 106s; Model loading took 13.93 GiB;Available KV cache memory: 5.63 GiB;GPU KV cache size: 1,899,535 tokens;
  mem: Total CPU offloaded parameters: 4.01;Maximum concurrency for 1,048,576 tokens per request: 1.81x;Actual usage is 14.76 GiB for consumed memory (weights + non-torch), 1.13 GiB for peak activation, and 0.09 GiB for CUDAGraph;
  host RAM used: +11520 MiB, 47494 MiB available
  bench: exit 0, 5s
  needle 1040000: None/None at None tokens, 0s prompt 1198435 tokens does not fit max_model_len 1048576
  max running/waiting: 
== phase p8-1m-off2 22:05:16Z maxlen 1048576 work: needle
ready in 100s; Model loading took 15.91 GiB;Available KV cache memory: 3.66 GiB;GPU KV cache size: 1,234,093 tokens;
  mem: Total CPU offloaded parameters: 2.01;Maximum concurrency for 1,048,576 tokens per request: 1.18x;Actual usage is 16.73 GiB for consumed memory (weights + non-torch), 1.13 GiB for peak activation, and 0.09 GiB for CUDAGraph;
  host RAM used: +7881 MiB, 51049 MiB available
  bench: exit 0, 6s
  needle 1040000: None/None at None tokens, 0s prompt 1198435 tokens does not fit max_model_len 1048576
  max running/waiting: 
== done 22:07:03Z
profile: performance
