== phase p12-ks-cache4-a6-lfu 23:15:29Z maxlen 131072 work: agent ks: KSTAGE=cache KSTAGE_COLD_GB=4 KSTAGE_PROFILE=/prof/p7-all.json KSTAGE_STATS=30 KSTAGE_SLOTS=all KSTAGE_EVICT=lfu
ready in 100s; Model loading took 2.34 GiB;Available KV cache memory: 5.72 GiB;GPU KV cache size: 1,566,310 tokens;
  mem: Maximum concurrency for 131,072 tokens per request: 11.95x;Actual usage is 14.67 GiB for consumed memory (weights + non-torch), 1.14 GiB for peak activation, and 0.1 GiB for CUDAGraph;
  kstage: cache: 23 layers, 765 experts cold (33.3 a layer), 15.38 GiB host pages, 11.48 GiB device, policy global, profile /prof/p7-all.json (all); slots all: pinned/slots per layer ['0/125', '0/123', '0/117', '0/92', '0/86', '0/86', '0/91', '0/88', '0/82', '0/103', '0/79', '0/91', '0/96', '0/100', '0/92', '0/92', '0/87', '0/81', '0/89', '0/96', '0/93', '0/89', '0/101']; evict lfu6; frozen from never tokens
  kstage: cache: 391 layer-steps, 2.07 misses and 0.95 copies a layer-step (810 / 370)
  kstage: installed in 1.5s; device memory free 8.92 GiB
  kstage: registered, mode cache
  host RAM used: +20335 MiB, 38665 MiB available
  bench: exit 0, 273s
  agent x6 to 98304: 126 turns, 0 errors, wall 271s, decode median 25.0 tok/s, late TTFT median 2.49s, preemptions 0, prefix hits/queries 5737824/6515712, external hits 0
  max running/waiting: Running: 6 reqs, Waiting: 0 reqs
== phase p12-ks-cache4-all-lfu 23:21:44Z maxlen 131072 work: decode prefill ks: KSTAGE=cache KSTAGE_COLD_GB=4 KSTAGE_PROFILE=/prof/p7-all.json KSTAGE_STATS=30 KSTAGE_SLOTS=all KSTAGE_EVICT=lfu
ready in 105s; Model loading took 2.34 GiB;Available KV cache memory: 5.72 GiB;GPU KV cache size: 1,566,310 tokens;
  mem: Maximum concurrency for 131,072 tokens per request: 11.95x;Actual usage is 14.67 GiB for consumed memory (weights + non-torch), 1.14 GiB for peak activation, and 0.1 GiB for CUDAGraph;
  kstage: cache: 23 layers, 765 experts cold (33.3 a layer), 15.38 GiB host pages, 11.48 GiB device, policy global, profile /prof/p7-all.json (all); slots all: pinned/slots per layer ['0/125', '0/123', '0/117', '0/92', '0/86', '0/86', '0/91', '0/88', '0/82', '0/103', '0/79', '0/91', '0/96', '0/100', '0/92', '0/92', '0/87', '0/81', '0/89', '0/96', '0/93', '0/89', '0/101']; evict lfu6; frozen from never tokens
  kstage: cache: 391 layer-steps, 2.07 misses and 0.95 copies a layer-step (810 / 370)
  kstage: installed in 1.3s; device memory free 8.92 GiB
  kstage: registered, mode cache
  host RAM used: +20173 MiB, 38827 MiB available
  bench: exit 0, 58s
  decode c=1: per-stream median 164.9 tok/s, aggregate 165.5 tok/s, 1/1 ok
  decode c=4: per-stream median 72.0 tok/s, aggregate 256.8 tok/s, 4/4 ok
  decode c=16: per-stream median 24.8 tok/s, aggregate 339.9 tok/s, 16/16 ok
  prefill 8192: cold 1.72s (4764 tok/s), warm 0.80s, cached 4176 []
  prefill 32768: cold 7.46s (4393 tok/s), warm 0.91s, cached 29232 []
  prefill 98304: cold 25.37s (3874 tok/s), warm 0.71s, cached 96048 []
  max running/waiting: Running: 16 reqs, Waiting: 0 reqs
== phase p12-ks-cache4-s64-lfu 23:24:28Z maxlen 131072 work: decode prefill ks: KSTAGE=cache KSTAGE_COLD_GB=4 KSTAGE_PROFILE=/prof/p7-all.json KSTAGE_STATS=30 KSTAGE_SLOTS=64 KSTAGE_EVICT=lfu
ready in 100s; Model loading took 2.34 GiB;Available KV cache memory: 5.72 GiB;GPU KV cache size: 1,566,310 tokens;
  mem: Maximum concurrency for 131,072 tokens per request: 11.95x;Actual usage is 14.67 GiB for consumed memory (weights + non-torch), 1.14 GiB for peak activation, and 0.1 GiB for CUDAGraph;
  kstage: cache: 23 layers, 765 experts cold (33.3 a layer), 11.70 GiB host pages, 11.48 GiB device, policy global, profile /prof/p7-all.json (all); slots 64: pinned/slots per layer ['61/64', '59/64', '53/64', '28/64', '22/64', '22/64', '27/64', '24/64', '18/64', '39/64', '15/64', '27/64', '32/64', '36/64', '28/64', '28/64', '23/64', '17/64', '25/64', '32/64', '29/64', '25/64', '37/64']; evict lfu6; frozen from never tokens
  kstage: cache: 391 layer-steps, 2.07 misses and 0.87 copies a layer-step (808 / 341)
  kstage: installed in 1.2s; device memory free 8.93 GiB
  kstage: registered, mode cache
  host RAM used: +16670 MiB, 42351 MiB available
  bench: exit 0, 58s
  decode c=1: per-stream median 163.6 tok/s, aggregate 164.3 tok/s, 1/1 ok
  decode c=4: per-stream median 72.4 tok/s, aggregate 225.9 tok/s, 4/4 ok
  decode c=16: per-stream median 25.0 tok/s, aggregate 334.4 tok/s, 16/16 ok
  prefill 8192: cold 1.64s (5008 tok/s), warm 0.78s, cached 4176 []
  prefill 32768: cold 7.29s (4495 tok/s), warm 0.86s, cached 29232 []
  prefill 98304: cold 25.28s (3889 tok/s), warm 0.76s, cached 96048 []
  max running/waiting: Running: 16 reqs, Waiting: 0 reqs
== done 23:27:07Z
profile: performance
