Successfully installed kt-kernel-0.6.1
WARNING: Running pip as the 'root' user can result in broken permissions and conflicting behaviour with the system package manager, possibly rendering your system unusable. It is recommended to use a virtual environment instead: https://pip.pypa.io/warnings/venv. Use the --root-user-action option if you know what you are doing and want to suppress this warning.
build_rc=0
  bf16 (8, 2, 256, 512) qlen=1 iter=0: diff=0.002171 relu-only control=0.766
  bf16 (8, 2, 256, 512) qlen=1 iter=1: diff=0.001857 relu-only control=0.762
  bf16 (8, 2, 256, 512) qlen=4 iter=0: diff=0.001997 relu-only control=0.748
  bf16 (8, 2, 256, 512) qlen=4 iter=1: diff=0.002090 relu-only control=0.740
  bf16 (8, 2, 256, 512) qlen=16 iter=0: diff=0.002075 relu-only control=0.755
  bf16 (8, 2, 256, 512) qlen=16 iter=1: diff=0.002028 relu-only control=0.747
  bf16 (8, 2, 256, 512) qlen=300 iter=0: diff=0.002031 relu-only control=0.753
  bf16 (8, 2, 256, 512) qlen=300 iter=1: diff=0.002017 relu-only control=0.752
PASSED
  fp8 (8, 2, 256, 512) qlen=1 iter=0: diff=0.001933 relu-only control=0.766
  fp8 (8, 2, 256, 512) qlen=1 iter=1: diff=0.002100 relu-only control=0.762
  fp8 (8, 2, 256, 512) qlen=4 iter=0: diff=0.002050 relu-only control=0.748
  fp8 (8, 2, 256, 512) qlen=4 iter=1: diff=0.002100 relu-only control=0.741
  fp8 (8, 2, 256, 512) qlen=16 iter=0: diff=0.002035 relu-only control=0.755
  fp8 (8, 2, 256, 512) qlen=16 iter=1: diff=0.001989 relu-only control=0.747
  fp8 (8, 2, 256, 512) qlen=300 iter=0: diff=0.002035 relu-only control=0.753
  fp8 (8, 2, 256, 512) qlen=300 iter=1: diff=0.002023 relu-only control=0.752
PASSED
  gptq4 (8, 2, 256, 512) qlen=1 iter=0: diff=0.002110 relu-only control=0.760
  gptq4 (8, 2, 256, 512) qlen=1 iter=1: diff=0.001848 relu-only control=0.760
  gptq4 (8, 2, 256, 512) qlen=4 iter=0: diff=0.002023 relu-only control=0.750
  gptq4 (8, 2, 256, 512) qlen=4 iter=1: diff=0.002043 relu-only control=0.739
  gptq4 (8, 2, 256, 512) qlen=16 iter=0: diff=0.002089 relu-only control=0.755
  gptq4 (8, 2, 256, 512) qlen=16 iter=1: diff=0.002010 relu-only control=0.747
  gptq4 (8, 2, 256, 512) qlen=300 iter=0: diff=0.002028 relu-only control=0.751
  gptq4 (8, 2, 256, 512) qlen=300 iter=1: diff=0.002020 relu-only control=0.751
PASSED
per_commit/test_moe_avx2_relu2.py::test_avx2_relu2_accuracy[shape0-vnni4-0.2] SKIPPED
  bf16 (128, 6, 2688, 1856) qlen=1 iter=0: diff=0.002156 relu-only control=0.398
  bf16 (128, 6, 2688, 1856) qlen=1 iter=1: diff=0.002157 relu-only control=0.392
  bf16 (128, 6, 2688, 1856) qlen=4 iter=0: diff=0.002172 relu-only control=0.394
  bf16 (128, 6, 2688, 1856) qlen=4 iter=1: diff=0.002178 relu-only control=0.384
  bf16 (128, 6, 2688, 1856) qlen=16 iter=0: diff=0.002180 relu-only control=0.389
  bf16 (128, 6, 2688, 1856) qlen=16 iter=1: diff=0.002204 relu-only control=0.394
  bf16 (128, 6, 2688, 1856) qlen=300 iter=0: diff=0.002178 relu-only control=0.390
  bf16 (128, 6, 2688, 1856) qlen=300 iter=1: diff=0.002185 relu-only control=0.390
PASSED
  fp8 (128, 6, 2688, 1856) qlen=1 iter=0: diff=0.002266 relu-only control=0.398
  fp8 (128, 6, 2688, 1856) qlen=1 iter=1: diff=0.002103 relu-only control=0.393
  fp8 (128, 6, 2688, 1856) qlen=4 iter=0: diff=0.002174 relu-only control=0.394
  fp8 (128, 6, 2688, 1856) qlen=4 iter=1: diff=0.002185 relu-only control=0.384
  fp8 (128, 6, 2688, 1856) qlen=16 iter=0: diff=0.002180 relu-only control=0.389
  fp8 (128, 6, 2688, 1856) qlen=16 iter=1: diff=0.002201 relu-only control=0.394
  fp8 (128, 6, 2688, 1856) qlen=300 iter=0: diff=0.002178 relu-only control=0.390
  fp8 (128, 6, 2688, 1856) qlen=300 iter=1: diff=0.002181 relu-only control=0.390
PASSED
  gptq4 (128, 6, 2688, 1856) qlen=1 iter=0: diff=0.002184 relu-only control=0.396
  gptq4 (128, 6, 2688, 1856) qlen=1 iter=1: diff=0.002117 relu-only control=0.389
  gptq4 (128, 6, 2688, 1856) qlen=4 iter=0: diff=0.002151 relu-only control=0.395
  gptq4 (128, 6, 2688, 1856) qlen=4 iter=1: diff=0.002199 relu-only control=0.382
  gptq4 (128, 6, 2688, 1856) qlen=16 iter=0: diff=0.002190 relu-only control=0.388
  gptq4 (128, 6, 2688, 1856) qlen=16 iter=1: diff=0.002191 relu-only control=0.392
  gptq4 (128, 6, 2688, 1856) qlen=300 iter=0: diff=0.002178 relu-only control=0.390
  gptq4 (128, 6, 2688, 1856) qlen=300 iter=1: diff=0.002184 relu-only control=0.390
PASSED
per_commit/test_moe_avx2_relu2.py::test_avx2_relu2_accuracy[shape1-vnni4-0.2] SKIPPED
PASSED
PASSED
per_commit/test_moe_gptq_int4_accuracy.py::test_sycl_preflight_honors_oneapi_device_selector PASSED
per_commit/test_moe_gptq_int4_accuracy.py::test_sycl_preflight_rejects_inaccessible_render_nodes PASSED
per_commit/test_moe_gptq_int4_accuracy.py::test_sycl_preflight_accepts_accessible_render_node PASSED
per_commit/test_moe_gptq_int4_accuracy.py::test_sycl_preflight_accepts_missing_render_nodes PASSED
per_commit/test_moe_gptq_int4_accuracy.py::test_gptq_int4_backend_selection_falls_back_to_avx2_for_large_group_size PASSED
per_commit/test_moe_gptq_int4_accuracy.py::test_gptq_int4_backend_selection_rejects_forced_avxvnni_with_large_group_size PASSED
per_commit/test_moe_gptq_int4_accuracy.py::test_gptq_int4_backend_selection_prefers_packed_backend PASSED
per_commit/test_moe_gptq_int4_accuracy.py::test_gptq_int4_backend_selection_packed_falls_back_without_vnni PASSED
per_commit/test_moe_gptq_int4_accuracy.py::test_gptq_int4_backend_selection_rejects_forced_packed_with_bad_group_size PASSED
per_commit/test_moe_gptq_int4_accuracy.py::test_gptq_int4_packed_backend_large_hidden_heap_staging SKIPPED
per_commit/test_moe_gptq_int4_accuracy.py::test_gptq_int4_packed_backend_nonaligned_task_split SKIPPED
=================== 17 passed, 4 skipped in 63.11s (0:01:03) ===================
pytest_rc=0
rebuild_done
