laptop nano4b-fp8 nvidia/NVIDIA-Nemotron-3-Nano-4B-FP8@3fe6dab7 extra: --mamba-ssm-cache-dtype float32 --kv-cache-dtype fp8 g7a: none
ready in 100s
Model loading took 5.01 GiB memory and 2.083823 seconds
Available KV cache memory: 12.6 GiB
GPU KV cache size: 660,041 tokens, Maximum concurrency for 16,384 tokens per request: 40.29x
bench c=1 exit 0:  decode rate p50 137.310 p95 137.906 mean 137.408 sd 0.363 cv 0.3% tok/s
bench c=16 exit 0:  decode rate p50 91.705 p95 102.168 mean 92.065 sd 4.425 cv 4.8% tok/s
== think
  v1-s1-nano4b-fp8-think-4k: exit 0, 148s
  v2-s1-nano4b-fp8-think-4k: exit 0, 118s
  rocky-s1-nano4b-fp8-think-4k: exit 0, 104s
  promqlcat-s1-nano4b-fp8-think-4k: exit 0, 34s
  general-s1-nano4b-fp8-think-4k: exit 0, 5s
  alert-s1-nano4b-fp8-think-4k: exit 0, 7s
  trap3-s1-nano4b-fp8-think-4k: exit 0, 15s
== nothink
  v1-s1-nano4b-fp8-nothink: exit 0, 41s
  v2-s1-nano4b-fp8-nothink: exit 0, 35s
  rocky-s1-nano4b-fp8-nothink: exit 0, 40s
  promqlcat-s1-nano4b-fp8-nothink: exit 0, 5s
  general-s1-nano4b-fp8-nothink: exit 0, 4s
  alert-s1-nano4b-fp8-nothink: exit 0, 6s
  trap3-s1-nano4b-fp8-nothink: exit 0, 4s
profile: performance
