Exception in thread Thread-10 (run):
Exception in thread Thread-9 (run):
Exception in thread Thread-6 (run):
Exception in thread Thread-15 (run):
Exception in thread Thread-11 (run):
Exception in thread Thread-16 (run):
Exception in thread Thread-4 (run):
Exception in thread Thread-8 (run):
Exception in thread Thread-5 (run):
Exception in thread Thread-14 (run):
Exception in thread Thread-12 (run):
Exception in thread Thread-1 (run):
Exception in thread Thread-7 (run):
Traceback (most recent call last):
Exception in thread Thread-13 (run):
Traceback (most recent call last):
Traceback (most recent call last):
Traceback (most recent call last):
Traceback (most recent call last):
Traceback (most recent call last):
Traceback (most recent call last):
Traceback (most recent call last):
  File "/usr/lib/python3.14/threading.py", line 1082, in _bootstrap_inner
    self._context.run(self.run)
    ~~~~~~~~~~~~~~~~~^^^^^^^^^^
Traceback (most recent call last):
  File "/usr/lib/python3.14/threading.py", line 1082, in _bootstrap_inner
    self._context.run(self.run)
    ~~~~~~~~~~~~~~~~~^^^^^^^^^^
Traceback (most recent call last):
Traceback (most recent call last):
Traceback (most recent call last):
Traceback (most recent call last):
  File "/usr/lib/python3.14/threading.py", line 1082, in _bootstrap_inner
    self._context.run(self.run)
    ~~~~~~~~~~~~~~~~~^^^^^^^^^^
  File "/usr/lib/python3.14/threading.py", line 1024, in run
    self._target(*self._args, **self._kwargs)
    ~~~~~~~~~~~~^^^^^^^^^^^^^^^^^^^^^^^^^^^^^
  File "/home/david/moe-qlora-agents/probes/offload_bench.py", line 121, in run
    out[i] = f()
             ~^^
  File "/home/david/moe-qlora-agents/probes/offload_bench.py", line 188, in <lambda>
    out, wall = parallel([lambda k=k: agent(k) for k in range(a.agents)])
                                      ~~~~~^^^
  File "/usr/lib/python3.14/threading.py", line 1082, in _bootstrap_inner
    self._context.run(self.run)
    ~~~~~~~~~~~~~~~~~^^^^^^^^^^
  File "/usr/lib/python3.14/threading.py", line 1024, in run
    self._target(*self._args, **self._kwargs)
    ~~~~~~~~~~~~^^^^^^^^^^^^^^^^^^^^^^^^^^^^^
  File "/usr/lib/python3.14/threading.py", line 1082, in _bootstrap_inner
    self._context.run(self.run)
    ~~~~~~~~~~~~~~~~~^^^^^^^^^^
Traceback (most recent call last):
Exception in thread Thread-3 (run):
  File "/usr/lib/python3.14/threading.py", line 1024, in run
    self._target(*self._args, **self._kwargs)
    ~~~~~~~~~~~~^^^^^^^^^^^^^^^^^^^^^^^^^^^^^
  File "/usr/lib/python3.14/threading.py", line 1082, in _bootstrap_inner
    self._context.run(self.run)
    ~~~~~~~~~~~~~~~~~^^^^^^^^^^
  File "/home/david/moe-qlora-agents/probes/offload_bench.py", line 178, in agent
    o = stream(a.base, a.model, ctx, a.gen)
  File "/home/david/moe-qlora-agents/probes/offload_bench.py", line 121, in run
    out[i] = f()
             ~^^
  File "/home/david/moe-qlora-agents/probes/offload_bench.py", line 188, in <lambda>
    out, wall = parallel([lambda k=k: agent(k) for k in range(a.agents)])
                                      ~~~~~^^^
  File "/home/david/moe-qlora-agents/probes/offload_bench.py", line 178, in agent
    o = stream(a.base, a.model, ctx, a.gen)
  File "/home/david/moe-qlora-agents/probes/offload_bench.py", line 91, in stream
    r = c.getresponse()
  File "/usr/lib/python3.14/http/client.py", line 1459, in getresponse
    response.begin()
    ~~~~~~~~~~~~~~^^
Traceback (most recent call last):
  File "/usr/lib/python3.14/threading.py", line 1082, in _bootstrap_inner
    self._context.run(self.run)
    ~~~~~~~~~~~~~~~~~^^^^^^^^^^
  File "/home/david/moe-qlora-agents/probes/offload_bench.py", line 91, in stream
    r = c.getresponse()
  File "/usr/lib/python3.14/threading.py", line 1082, in _bootstrap_inner
    self._context.run(self.run)
    ~~~~~~~~~~~~~~~~~^^^^^^^^^^
  File "/usr/lib/python3.14/threading.py", line 1082, in _bootstrap_inner
    self._context.run(self.run)
    ~~~~~~~~~~~~~~~~~^^^^^^^^^^
  File "/usr/lib/python3.14/http/client.py", line 336, in begin
    version, status, reason = self._read_status()
                              ~~~~~~~~~~~~~~~~~^^
  File "/usr/lib/python3.14/http/client.py", line 305, in _read_status
    raise RemoteDisconnected("Remote end closed connection without"
                             " response")
  File "/usr/lib/python3.14/threading.py", line 1024, in run
    self._target(*self._args, **self._kwargs)
    ~~~~~~~~~~~~^^^^^^^^^^^^^^^^^^^^^^^^^^^^^
  File "/usr/lib/python3.14/threading.py", line 1082, in _bootstrap_inner
    self._context.run(self.run)
    ~~~~~~~~~~~~~~~~~^^^^^^^^^^
  File "/usr/lib/python3.14/threading.py", line 1024, in run
    self._target(*self._args, **self._kwargs)
    ~~~~~~~~~~~~^^^^^^^^^^^^^^^^^^^^^^^^^^^^^
  File "/usr/lib/python3.14/threading.py", line 1082, in _bootstrap_inner
    self._context.run(self.run)
    ~~~~~~~~~~~~~~~~~^^^^^^^^^^
  File "/home/david/moe-qlora-agents/probes/offload_bench.py", line 121, in run
    out[i] = f()
             ~^^
  File "/usr/lib/python3.14/threading.py", line 1082, in _bootstrap_inner
    self._context.run(self.run)
    ~~~~~~~~~~~~~~~~~^^^^^^^^^^
  File "/usr/lib/python3.14/threading.py", line 1024, in run
    self._target(*self._args, **self._kwargs)
    ~~~~~~~~~~~~^^^^^^^^^^^^^^^^^^^^^^^^^^^^^
  File "/usr/lib/python3.14/threading.py", line 1082, in _bootstrap_inner
    self._context.run(self.run)
    ~~~~~~~~~~~~~~~~~^^^^^^^^^^
  File "/usr/lib/python3.14/threading.py", line 1024, in run
    self._target(*self._args, **self._kwargs)
    ~~~~~~~~~~~~^^^^^^^^^^^^^^^^^^^^^^^^^^^^^
  File "/usr/lib/python3.14/threading.py", line 1024, in run
    self._target(*self._args, **self._kwargs)
    ~~~~~~~~~~~~^^^^^^^^^^^^^^^^^^^^^^^^^^^^^
  File "/usr/lib/python3.14/threading.py", line 1024, in run
    self._target(*self._args, **self._kwargs)
    ~~~~~~~~~~~~^^^^^^^^^^^^^^^^^^^^^^^^^^^^^
  File "/usr/lib/python3.14/threading.py", line 1024, in run
    self._target(*self._args, **self._kwargs)
    ~~~~~~~~~~~~^^^^^^^^^^^^^^^^^^^^^^^^^^^^^
http.client.RemoteDisconnected: Remote end closed connection without response
  File "/usr/lib/python3.14/threading.py", line 1024, in run
    self._target(*self._args, **self._kwargs)
    ~~~~~~~~~~~~^^^^^^^^^^^^^^^^^^^^^^^^^^^^^
  File "/usr/lib/python3.14/http/client.py", line 1459, in getresponse
    response.begin()
    ~~~~~~~~~~~~~~^^
  File "/home/david/moe-qlora-agents/probes/offload_bench.py", line 121, in run
    out[i] = f()
             ~^^
  File "/home/david/moe-qlora-agents/probes/offload_bench.py", line 188, in <lambda>
    out, wall = parallel([lambda k=k: agent(k) for k in range(a.agents)])
                                      ~~~~~^^^
  File "/home/david/moe-qlora-agents/probes/offload_bench.py", line 178, in agent
    o = stream(a.base, a.model, ctx, a.gen)
  File "/usr/lib/python3.14/threading.py", line 1024, in run
    self._target(*self._args, **self._kwargs)
    ~~~~~~~~~~~~^^^^^^^^^^^^^^^^^^^^^^^^^^^^^
  File "/home/david/moe-qlora-agents/probes/offload_bench.py", line 121, in run
    out[i] = f()
             ~^^
  File "/usr/lib/python3.14/threading.py", line 1082, in _bootstrap_inner
    self._context.run(self.run)
    ~~~~~~~~~~~~~~~~~^^^^^^^^^^
  File "/home/david/moe-qlora-agents/probes/offload_bench.py", line 121, in run
    out[i] = f()
             ~^^
  File "/home/david/moe-qlora-agents/probes/offload_bench.py", line 121, in run
    out[i] = f()
             ~^^
  File "/home/david/moe-qlora-agents/probes/offload_bench.py", line 121, in run
    out[i] = f()
             ~^^
  File "/home/david/moe-qlora-agents/probes/offload_bench.py", line 121, in run
    out[i] = f()
             ~^^
  File "/home/david/moe-qlora-agents/probes/offload_bench.py", line 188, in <lambda>
    out, wall = parallel([lambda k=k: agent(k) for k in range(a.agents)])
                                      ~~~~~^^^
  File "/home/david/moe-qlora-agents/probes/offload_bench.py", line 121, in run
    out[i] = f()
             ~^^
  File "/home/david/moe-qlora-agents/probes/offload_bench.py", line 188, in <lambda>
    out, wall = parallel([lambda k=k: agent(k) for k in range(a.agents)])
                                      ~~~~~^^^
  File "/usr/lib/python3.14/threading.py", line 1024, in run
    self._target(*self._args, **self._kwargs)
    ~~~~~~~~~~~~^^^^^^^^^^^^^^^^^^^^^^^^^^^^^
  File "/usr/lib/python3.14/http/client.py", line 336, in begin
    version, status, reason = self._read_status()
                              ~~~~~~~~~~~~~~~~~^^
  File "/home/david/moe-qlora-agents/probes/offload_bench.py", line 91, in stream
    r = c.getresponse()
  File "/usr/lib/python3.14/threading.py", line 1024, in run
    self._target(*self._args, **self._kwargs)
    ~~~~~~~~~~~~^^^^^^^^^^^^^^^^^^^^^^^^^^^^^
  File "/home/david/moe-qlora-agents/probes/offload_bench.py", line 178, in agent
    o = stream(a.base, a.model, ctx, a.gen)
  File "/home/david/moe-qlora-agents/probes/offload_bench.py", line 121, in run
    out[i] = f()
             ~^^
  File "/home/david/moe-qlora-agents/probes/offload_bench.py", line 188, in <lambda>
    out, wall = parallel([lambda k=k: agent(k) for k in range(a.agents)])
                                      ~~~~~^^^
  File "/usr/lib/python3.14/http/client.py", line 305, in _read_status
    raise RemoteDisconnected("Remote end closed connection without"
                             " response")
  File "/home/david/moe-qlora-agents/probes/offload_bench.py", line 188, in <lambda>
    out, wall = parallel([lambda k=k: agent(k) for k in range(a.agents)])
                                      ~~~~~^^^
  File "/usr/lib/python3.14/http/client.py", line 1459, in getresponse
    response.begin()
    ~~~~~~~~~~~~~~^^
  File "/usr/lib/python3.14/threading.py", line 1082, in _bootstrap_inner
    self._context.run(self.run)
    ~~~~~~~~~~~~~~~~~^^^^^^^^^^
  File "/home/david/moe-qlora-agents/probes/offload_bench.py", line 91, in stream
    r = c.getresponse()
  File "/home/david/moe-qlora-agents/probes/offload_bench.py", line 178, in agent
    o = stream(a.base, a.model, ctx, a.gen)
  File "/home/david/moe-qlora-agents/probes/offload_bench.py", line 178, in agent
    o = stream(a.base, a.model, ctx, a.gen)
  File "/home/david/moe-qlora-agents/probes/offload_bench.py", line 91, in stream
    r = c.getresponse()
http.client.RemoteDisconnected: Remote end closed connection without response
  File "/home/david/moe-qlora-agents/probes/offload_bench.py", line 121, in run
    out[i] = f()
             ~^^
  File "/home/david/moe-qlora-agents/probes/offload_bench.py", line 178, in agent
    o = stream(a.base, a.model, ctx, a.gen)
  File "/usr/lib/python3.14/http/client.py", line 336, in begin
    version, status, reason = self._read_status()
                              ~~~~~~~~~~~~~~~~~^^
  File "/home/david/moe-qlora-agents/probes/offload_bench.py", line 188, in <lambda>
    out, wall = parallel([lambda k=k: agent(k) for k in range(a.agents)])
                                      ~~~~~^^^
  File "/usr/lib/python3.14/http/client.py", line 1459, in getresponse
    response.begin()
    ~~~~~~~~~~~~~~^^
  File "/home/david/moe-qlora-agents/probes/offload_bench.py", line 91, in stream
    r = c.getresponse()
  File "/home/david/moe-qlora-agents/probes/offload_bench.py", line 121, in run
    out[i] = f()
             ~^^
  File "/home/david/moe-qlora-agents/probes/offload_bench.py", line 91, in stream
    r = c.getresponse()
  File "/usr/lib/python3.14/http/client.py", line 305, in _read_status
    raise RemoteDisconnected("Remote end closed connection without"
                             " response")
  File "/home/david/moe-qlora-agents/probes/offload_bench.py", line 178, in agent
    o = stream(a.base, a.model, ctx, a.gen)
  File "/usr/lib/python3.14/http/client.py", line 336, in begin
    version, status, reason = self._read_status()
                              ~~~~~~~~~~~~~~~~~^^
  File "/home/david/moe-qlora-agents/probes/offload_bench.py", line 121, in run
    out[i] = f()
             ~^^
  File "/usr/lib/python3.14/threading.py", line 1024, in run
    self._target(*self._args, **self._kwargs)
    ~~~~~~~~~~~~^^^^^^^^^^^^^^^^^^^^^^^^^^^^^
  File "/home/david/moe-qlora-agents/probes/offload_bench.py", line 188, in <lambda>
    out, wall = parallel([lambda k=k: agent(k) for k in range(a.agents)])
                                      ~~~~~^^^
  File "/usr/lib/python3.14/http/client.py", line 1459, in getresponse
    response.begin()
    ~~~~~~~~~~~~~~^^
  File "/usr/lib/python3.14/http/client.py", line 336, in begin
    version, status, reason = self._read_status()
                              ~~~~~~~~~~~~~~~~~^^
  File "/home/david/moe-qlora-agents/probes/offload_bench.py", line 91, in stream
    r = c.getresponse()
  File "/usr/lib/python3.14/http/client.py", line 1459, in getresponse
    response.begin()
    ~~~~~~~~~~~~~~^^
  File "/home/david/moe-qlora-agents/probes/offload_bench.py", line 188, in <lambda>
    out, wall = parallel([lambda k=k: agent(k) for k in range(a.agents)])
                                      ~~~~~^^^
  File "/home/david/moe-qlora-agents/probes/offload_bench.py", line 188, in <lambda>
    out, wall = parallel([lambda k=k: agent(k) for k in range(a.agents)])
                                      ~~~~~^^^
  File "/home/david/moe-qlora-agents/probes/offload_bench.py", line 178, in agent
    o = stream(a.base, a.model, ctx, a.gen)
http.client.RemoteDisconnected: Remote end closed connection without response
  File "/usr/lib/python3.14/http/client.py", line 1459, in getresponse
    response.begin()
    ~~~~~~~~~~~~~~^^
  File "/usr/lib/python3.14/http/client.py", line 336, in begin
    version, status, reason = self._read_status()
                              ~~~~~~~~~~~~~~~~~^^
  File "/home/david/moe-qlora-agents/probes/offload_bench.py", line 188, in <lambda>
    out, wall = parallel([lambda k=k: agent(k) for k in range(a.agents)])
                                      ~~~~~^^^
  File "/home/david/moe-qlora-agents/probes/offload_bench.py", line 178, in agent
    o = stream(a.base, a.model, ctx, a.gen)
  File "/usr/lib/python3.14/http/client.py", line 305, in _read_status
    raise RemoteDisconnected("Remote end closed connection without"
                             " response")
  File "/usr/lib/python3.14/http/client.py", line 336, in begin
    version, status, reason = self._read_status()
                              ~~~~~~~~~~~~~~~~~^^
  File "/usr/lib/python3.14/http/client.py", line 305, in _read_status
    raise RemoteDisconnected("Remote end closed connection without"
                             " response")
  File "/usr/lib/python3.14/http/client.py", line 305, in _read_status
    raise RemoteDisconnected("Remote end closed connection without"
                             " response")
  File "/home/david/moe-qlora-agents/probes/offload_bench.py", line 91, in stream
    r = c.getresponse()
  File "/home/david/moe-qlora-agents/probes/offload_bench.py", line 91, in stream
    r = c.getresponse()
http.client.RemoteDisconnected: Remote end closed connection without response
  File "/usr/lib/python3.14/http/client.py", line 1459, in getresponse
    response.begin()
    ~~~~~~~~~~~~~~^^
  File "/home/david/moe-qlora-agents/probes/offload_bench.py", line 188, in <lambda>
    out, wall = parallel([lambda k=k: agent(k) for k in range(a.agents)])
                                      ~~~~~^^^
  File "/home/david/moe-qlora-agents/probes/offload_bench.py", line 188, in <lambda>
    out, wall = parallel([lambda k=k: agent(k) for k in range(a.agents)])
                                      ~~~~~^^^
  File "/usr/lib/python3.14/http/client.py", line 1459, in getresponse
    response.begin()
    ~~~~~~~~~~~~~~^^
  File "/usr/lib/python3.14/http/client.py", line 1459, in getresponse
    response.begin()
    ~~~~~~~~~~~~~~^^
http.client.RemoteDisconnected: Remote end closed connection without response
  File "/home/david/moe-qlora-agents/probes/offload_bench.py", line 178, in agent
    o = stream(a.base, a.model, ctx, a.gen)
  File "/home/david/moe-qlora-agents/probes/offload_bench.py", line 121, in run
    out[i] = f()
             ~^^
  File "/usr/lib/python3.14/http/client.py", line 336, in begin
    version, status, reason = self._read_status()
                              ~~~~~~~~~~~~~~~~~^^
  File "/usr/lib/python3.14/http/client.py", line 336, in begin
    version, status, reason = self._read_status()
                              ~~~~~~~~~~~~~~~~~^^
  File "/usr/lib/python3.14/http/client.py", line 305, in _read_status
    raise RemoteDisconnected("Remote end closed connection without"
                             " response")
  File "/home/david/moe-qlora-agents/probes/offload_bench.py", line 178, in agent
    o = stream(a.base, a.model, ctx, a.gen)
http.client.RemoteDisconnected: Remote end closed connection without response
  File "/home/david/moe-qlora-agents/probes/offload_bench.py", line 178, in agent
    o = stream(a.base, a.model, ctx, a.gen)
  File "/usr/lib/python3.14/http/client.py", line 305, in _read_status
    raise RemoteDisconnected("Remote end closed connection without"
                             " response")
  File "/home/david/moe-qlora-agents/probes/offload_bench.py", line 178, in agent
    o = stream(a.base, a.model, ctx, a.gen)
  File "/home/david/moe-qlora-agents/probes/offload_bench.py", line 188, in <lambda>
    out, wall = parallel([lambda k=k: agent(k) for k in range(a.agents)])
                                      ~~~~~^^^
  File "/usr/lib/python3.14/http/client.py", line 305, in _read_status
    raise RemoteDisconnected("Remote end closed connection without"
                             " response")
  File "/usr/lib/python3.14/http/client.py", line 336, in begin
    version, status, reason = self._read_status()
                              ~~~~~~~~~~~~~~~~~^^
  File "/home/david/moe-qlora-agents/probes/offload_bench.py", line 91, in stream
    r = c.getresponse()
http.client.RemoteDisconnected: Remote end closed connection without response
  File "/home/david/moe-qlora-agents/probes/offload_bench.py", line 178, in agent
    o = stream(a.base, a.model, ctx, a.gen)
http.client.RemoteDisconnected: Remote end closed connection without response
  File "/home/david/moe-qlora-agents/probes/offload_bench.py", line 91, in stream
    r = c.getresponse()
  File "/usr/lib/python3.14/http/client.py", line 1459, in getresponse
    response.begin()
    ~~~~~~~~~~~~~~^^
  File "/home/david/moe-qlora-agents/probes/offload_bench.py", line 91, in stream
    r = c.getresponse()
http.client.RemoteDisconnected: Remote end closed connection without response
  File "/home/david/moe-qlora-agents/probes/offload_bench.py", line 91, in stream
    r = c.getresponse()
  File "/usr/lib/python3.14/http/client.py", line 336, in begin
    version, status, reason = self._read_status()
                              ~~~~~~~~~~~~~~~~~^^
  File "/usr/lib/python3.14/http/client.py", line 1459, in getresponse
    response.begin()
    ~~~~~~~~~~~~~~^^
  File "/usr/lib/python3.14/http/client.py", line 1459, in getresponse
    response.begin()
    ~~~~~~~~~~~~~~^^
  File "/usr/lib/python3.14/http/client.py", line 305, in _read_status
    raise RemoteDisconnected("Remote end closed connection without"
                             " response")
  File "/usr/lib/python3.14/http/client.py", line 1459, in getresponse
    response.begin()
    ~~~~~~~~~~~~~~^^
  File "/home/david/moe-qlora-agents/probes/offload_bench.py", line 91, in stream
    r = c.getresponse()
  File "/usr/lib/python3.14/http/client.py", line 336, in begin
    version, status, reason = self._read_status()
                              ~~~~~~~~~~~~~~~~~^^
  File "/usr/lib/python3.14/http/client.py", line 336, in begin
    version, status, reason = self._read_status()
                              ~~~~~~~~~~~~~~~~~^^
http.client.RemoteDisconnected: Remote end closed connection without response
  File "/usr/lib/python3.14/http/client.py", line 305, in _read_status
    raise RemoteDisconnected("Remote end closed connection without"
                             " response")
  File "/usr/lib/python3.14/http/client.py", line 336, in begin
    version, status, reason = self._read_status()
                              ~~~~~~~~~~~~~~~~~^^
  File "/usr/lib/python3.14/http/client.py", line 305, in _read_status
    raise RemoteDisconnected("Remote end closed connection without"
                             " response")
  File "/usr/lib/python3.14/http/client.py", line 1459, in getresponse
    response.begin()
    ~~~~~~~~~~~~~~^^
  File "/usr/lib/python3.14/http/client.py", line 305, in _read_status
    raise RemoteDisconnected("Remote end closed connection without"
                             " response")
http.client.RemoteDisconnected: Remote end closed connection without response
  File "/usr/lib/python3.14/http/client.py", line 305, in _read_status
    raise RemoteDisconnected("Remote end closed connection without"
                             " response")
http.client.RemoteDisconnected: Remote end closed connection without response
  File "/usr/lib/python3.14/http/client.py", line 336, in begin
    version, status, reason = self._read_status()
                              ~~~~~~~~~~~~~~~~~^^
http.client.RemoteDisconnected: Remote end closed connection without response
http.client.RemoteDisconnected: Remote end closed connection without response
  File "/usr/lib/python3.14/http/client.py", line 305, in _read_status
    raise RemoteDisconnected("Remote end closed connection without"
                             " response")
http.client.RemoteDisconnected: Remote end closed connection without response
Traceback (most recent call last):
  File "/home/david/moe-qlora-agents/probes/offload_bench.py", line 390, in <module>
    main()
    ~~~~^^
  File "/home/david/moe-qlora-agents/probes/offload_bench.py", line 380, in main
    out["agent"] = mode_agent(a, ids, max(off, 16 * 1024 * 40 + sum(a.lens) * 2))
                   ~~~~~~~~~~^^^^^^^^^^^^^^^^^^^^^^^^^^^^^^^^^^^^^^^^^^^^^^^^^^^^
  File "/home/david/moe-qlora-agents/probes/offload_bench.py", line 189, in mode_agent
    m1 = metrics(a.base)
  File "/home/david/moe-qlora-agents/probes/offload_bench.py", line 47, in metrics
    with urllib.request.urlopen(base + "/metrics", timeout=30) as r:
         ~~~~~~~~~~~~~~~~~~~~~~^^^^^^^^^^^^^^^^^^^^^^^^^^^^^^^
  File "/usr/lib/python3.14/urllib/request.py", line 187, in urlopen
    return opener.open(url, data, timeout)
           ~~~~~~~~~~~^^^^^^^^^^^^^^^^^^^^
  File "/usr/lib/python3.14/urllib/request.py", line 487, in open
    response = self._open(req, data)
  File "/usr/lib/python3.14/urllib/request.py", line 504, in _open
    result = self._call_chain(self.handle_open, protocol, protocol +
                              '_open', req)
  File "/usr/lib/python3.14/urllib/request.py", line 464, in _call_chain
    result = func(*args)
  File "/usr/lib/python3.14/urllib/request.py", line 1350, in http_open
    return self.do_open(http.client.HTTPConnection, req)
           ~~~~~~~~~~~~^^^^^^^^^^^^^^^^^^^^^^^^^^^^^^^^^
  File "/usr/lib/python3.14/urllib/request.py", line 1325, in do_open
    r = h.getresponse()
  File "/usr/lib/python3.14/http/client.py", line 1459, in getresponse
    response.begin()
    ~~~~~~~~~~~~~~^^
  File "/usr/lib/python3.14/http/client.py", line 336, in begin
    version, status, reason = self._read_status()
                              ~~~~~~~~~~~~~~~~~^^
  File "/usr/lib/python3.14/http/client.py", line 297, in _read_status
    line = str(self.fp.readline(_MAXLINE + 1), "iso-8859-1")
               ~~~~~~~~~~~~~~~~^^^^^^^^^^^^^^
  File "/usr/lib/python3.14/socket.py", line 725, in readinto
    return self._sock.recv_into(b)
           ~~~~~~~~~~~~~~~~~~~~^^^
ConnectionResetError: [Errno 104] Connection reset by peer
