== ll-gpu-ub2048-kvq4-a8l 01:21:51Z
ready in 20s; 
  GPU used: 22364 MiB
  host RAM used: +1762 MiB, 27150 MiB available
  smoke 2+2= '4, 2+3=5'
  smoke The capital of France is ' Paris.  \nThe capital of Germany'
  bench: exit 0, 646s
  agent x8 to 126976: 224 turns, 0 errors, wall 644s, decode median 12.8 tok/s, late TTFT median 3.11s, preemptions 0, prefix hits/queries 0/0, external hits 0
== ll-cmoe-mc15000-ub2048-t8-kvq4-a8l 01:32:59Z
ready in 20s; CUDA0 model buffer size = 2434.84 MiB;CUDA_Host model buffer size = 16429.90 MiB;CUDA0 KV buffer size = 1728.00 MiB;CUDA0 RS buffer size = 380.94 MiB;CUDA0 compute buffer size = 2081.58 MiB;CUDA_Host compute buffer size = 596.14 MiB;
  0.18.576.211 I impl:      CUDA0 MoE cache size = 14997.81 MiB for 15757.88 MiB of host experts
  GPU used: 21998 MiB
  host RAM used: +17685 MiB, 11222 MiB available
  smoke 2+2= '4, 2+3=5'
  smoke The capital of France is ' Paris.  \nThe capital of Germany'
  bench: exit 0, 741s
  agent x8 to 126976: 224 turns, 0 errors, wall 739s, decode median 11.3 tok/s, late TTFT median 3.74s, preemptions 0, prefix hits/queries 0/0, external hits 0
  12.41.561.442 I llama_moe_cache: ubatch <= 8: hits = 6328280, misses = 48415, hit rate = 99.24%, uploaded = 259143.18 MiB
  12.41.561.445 I llama_moe_cache: ubatch  > 8: hits = 8459, misses = 798, hit rate = 91.38%, uploaded = 4271.33 MiB
  12.41.561.445 I llama_moe_cache: large batches: 3222424 experts copied from the cache, 8624075.17 MiB
== ll-ncm8-ub2048-t8-kvq4-a16l 01:45:43Z
ready in 20s; 
  GPU used: 23806 MiB
  host RAM used: +3909 MiB, 25011 MiB available
  smoke 2+2= '4, 2+3=5'
  smoke The capital of France is ' Paris.  \nThe capital of Germany'
  bench: exit 0, 1820s
  agent x16 to 126976: 448 turns, 0 errors, wall 1817s, decode median 4.2 tok/s, late TTFT median 4.43s, preemptions 0, prefix hits/queries 0/0, external hits 0
