== ll-ncm8-ub1536-t16-kvq4-a16l 04:08:19Z
ready in 10s; 
  GPU used: 23870 MiB
  host RAM used: +3820 MiB, 55131 MiB available
  smoke 2+2= '4, 2+3=5'
  smoke The capital of France is ' Paris.  \nThe capital of Germany'
  bench: exit 1, 3s
== ll-ncm6-ub512-t16-kvq4-a16l 04:08:33Z
container exited before ready (10s)
0.04.379.414 E cmn  common_init_: failed to create context with model '/gguf/lightning-nvfp4.gguf'
0.04.379.417 E cmn  common_init_: failed to create context with model '/gguf/lightning-nvfp4.gguf'
0.04.379.420 E srv    load_model: failed to create_context with model '/gguf/lightning-nvfp4.gguf'
0.04.382.140 E srv  llama_server: exiting due to model loading error
== ll-ncm8-ub1024-t24-kvq4-a16l 04:08:44Z
ready in 11s; 
  GPU used: 23692 MiB
  host RAM used: +3331 MiB, 55299 MiB available
  smoke 2+2= '4, 2+3=5'
  smoke The capital of France is ' Paris.  \nThe capital of Germany'
  bench: exit 0, 1165s
  agent x16 to 126976: 448 turns, 0 errors, wall 1163s, decode median 6.8 tok/s, late TTFT median 2.98s, preemptions 0, prefix hits/queries 0/0, external hits 0
