== ll-gpu-ub2048-np8-cram16384-kvq4-a16l 05:15:02Z
ready in 5s; CUDA0 model buffer size = 18192.75 MiB;CUDA_Host model buffer size = 672.00 MiB;CUDA0 KV buffer size = 1728.00 MiB;CUDA0 RS buffer size = 380.94 MiB;CUDA0 compute buffer size = 1716.13 MiB;CUDA_Host compute buffer size = 596.14 MiB;
  GPU used: 22604 MiB
  host RAM used: +1796 MiB, 57094 MiB available
  smoke 2+2= '4, 2+3=5'
  smoke The capital of France is ' Paris.  \nThe capital of Germany'
  bench: exit 0, 1049s
  agent x16 to 126976: 448 turns, 0 errors, wall 1047s, decode median 15.1 tok/s, late TTFT median 24.66s, preemptions 0, prefix hits/queries 0/0, external hits 0
== ll-gpu-ub2048-np12-cram16384-kvq4-a16l 05:32:38Z
container exited before ready (10s)
0.04.485.533 E cmn  common_init_: failed to create context with model '/gguf/lightning-nvfp4.gguf'
0.04.485.536 E cmn  common_init_: failed to create context with model '/gguf/lightning-nvfp4.gguf'
0.04.485.539 E srv    load_model: failed to create_context with model '/gguf/lightning-nvfp4.gguf'
0.04.490.769 E srv  llama_server: exiting due to model loading error
== ll-gpu-ub2048-np10-cram16384-kvq4-a16l 05:32:49Z
ready in 5s; CUDA0 model buffer size = 18192.75 MiB;CUDA_Host model buffer size = 672.00 MiB;CUDA0 KV buffer size = 2160.00 MiB;CUDA0 RS buffer size = 476.17 MiB;CUDA0 compute buffer size = 1972.80 MiB;CUDA_Host compute buffer size = 596.72 MiB;
  GPU used: 23441 MiB
  host RAM used: +1734 MiB, 56943 MiB available
  smoke 2+2= '4, 2+3=5'
  smoke The capital of France is ' Paris.  \nThe capital of Germany'
  bench: exit 0, 1034s
  agent x16 to 126976: 448 turns, 0 errors, wall 1032s, decode median 12.1 tok/s, late TTFT median 20.70s, preemptions 0, prefix hits/queries 0/0, external hits 0
