desktop launched
laptop: hybrid_done
== desktop log
vmm rc=0
copy solo a done
kt t10 solo done
kt t10 hybrid done
kt t5 solo done
kt t5 hybrid done
copy solo b done
hybrid_done
== desktop vmm
{"alloc": "torch_pin", "ce_h2d": 12.05, "ce_from_device_view": 12.04, "gather_k6": 12.1, "gather_k22": 11.93, "gather_k68": 11.57, "kernel_read": 7.18}
{"alloc": "thp_register", "ce_h2d": 12.61, "ce_from_device_view": 12.6, "gather_k6": 12.73, "gather_k22": 12.7, "gather_k68": 12.66, "kernel_read": 11.52}
{"alloc": "vmm_host", "ce_from_device_view": 12.06, "gather_k6": 11.98, "gather_k22": 11.93, "gather_k68": 11.59, "kernel_read": 7.16}
== laptop log
copy solo a done
kt t16 solo done
kt t16 hybrid done
kt t8 solo done
kt t8 hybrid done
copy solo b done
hybrid_done
all_hybrid.out all_hybrid.sh desktop-copy-during-gptq4-t10.jsonl desktop-copy-during-gptq4-t5.jsonl desktop-copy-solo-a.jsonl desktop-copy-solo-b.jsonl desktop-gptq4-t10-hybrid.err desktop-gptq4-t10-hybrid.tsv desktop-gptq4-t10-solo.err desktop-gptq4-t10-solo.tsv desktop-gptq4-t5-hybrid.err desktop-gptq4-t5-hybrid.tsv desktop-gptq4-t5-solo.err desktop-gptq4-t5-solo.tsv hybrid_run.sh laptop-copy-during-vnni4-t16.jsonl laptop-copy-during-vnni4-t8.jsonl laptop-copy-solo-a.jsonl laptop-copy-solo-b.jsonl laptop-vnni4-t16-hybrid.err laptop-vnni4-t16-hybrid.tsv laptop-vnni4-t16-solo.err laptop-vnni4-t16-solo.tsv laptop-vnni4-t8-hybrid.err laptop-vnni4-t8-hybrid.tsv laptop-vnni4-t8-solo.err laptop-vnni4-t8-solo.tsv 