== phase uva8-base-r1 13:15:19Z offload 8 GiB env: 
ready in 171s; Available KV cache memory: 8.57 GiB;GPU KV cache size: 1,468,416 tokens;
  host RAM used: +17650 MiB, 11285 MiB available; AnonHugePages 0 GiB
  bench: exit 0, 258s
  decode c=1: per-stream median 15.4 tok/s, aggregate 15.5 tok/s, 1/1 ok
  decode c=4: per-stream median 4.5 tok/s, aggregate 16.8 tok/s, 4/4 ok
  decode c=16: per-stream median 1.6 tok/s, aggregate 23.6 tok/s, 16/16 ok
== phase uva8-thp-r1 13:22:31Z offload 8 GiB env: KSTAGE_UVA_THP=1 VLLM_WEIGHT_OFFLOADING_DISABLE_PIN_MEMORY=1
ready in 176s; Available KV cache memory: 8.58 GiB;GPU KV cache size: 1,468,416 tokens;
  kstage: UVA THP: 1.26 GiB re-offloaded on mirrors so far, 1.05 on huge pages; 0.000 GiB pinned
  kstage: UVA THP: 2.01 GiB re-offloaded on mirrors so far, 1.79 on huge pages; 0.000 GiB pinned
  kstage: UVA THP: 3.27 GiB re-offloaded on mirrors so far, 3.05 on huge pages; 0.000 GiB pinned
  kstage: UVA THP: 4.01 GiB re-offloaded on mirrors so far, 3.76 on huge pages; 0.000 GiB pinned
  kstage: UVA THP: 5.28 GiB re-offloaded on mirrors so far, 5.04 on huge pages; 0.000 GiB pinned
  kstage: UVA THP: 6.02 GiB re-offloaded on mirrors so far, 5.76 on huge pages; 0.000 GiB pinned
  kstage: UVA THP: 7.29 GiB re-offloaded on mirrors so far, 7.01 on huge pages; 0.000 GiB pinned
  kstage: UVA THP: 8.03 GiB re-offloaded on mirrors so far, 7.77 on huge pages; 0.000 GiB pinned
  host RAM used: +12000 MiB, 16926 MiB available; AnonHugePages 7.76562 GiB
  bench: exit 0, 178s
  decode c=1: per-stream median 22.1 tok/s, aggregate 22.2 tok/s, 1/1 ok
  decode c=4: per-stream median 6.6 tok/s, aggregate 24.6 tok/s, 4/4 ok
  decode c=16: per-stream median 2.3 tok/s, aggregate 34.3 tok/s, 16/16 ok
== phase uva8-thp-r2 13:28:27Z offload 8 GiB env: KSTAGE_UVA_THP=1 VLLM_WEIGHT_OFFLOADING_DISABLE_PIN_MEMORY=1
ready in 176s; Available KV cache memory: 8.58 GiB;GPU KV cache size: 1,468,416 tokens;
  kstage: UVA THP: 1.26 GiB re-offloaded on mirrors so far, 1.12 on huge pages; 0.000 GiB pinned
  kstage: UVA THP: 2.01 GiB re-offloaded on mirrors so far, 1.87 on huge pages; 0.000 GiB pinned
  kstage: UVA THP: 3.27 GiB re-offloaded on mirrors so far, 3.14 on huge pages; 0.000 GiB pinned
  kstage: UVA THP: 4.01 GiB re-offloaded on mirrors so far, 3.88 on huge pages; 0.000 GiB pinned
  kstage: UVA THP: 5.28 GiB re-offloaded on mirrors so far, 5.13 on huge pages; 0.000 GiB pinned
  kstage: UVA THP: 6.02 GiB re-offloaded on mirrors so far, 5.84 on huge pages; 0.000 GiB pinned
  kstage: UVA THP: 7.29 GiB re-offloaded on mirrors so far, 7.10 on huge pages; 0.000 GiB pinned
  kstage: UVA THP: 8.03 GiB re-offloaded on mirrors so far, 7.82 on huge pages; 0.000 GiB pinned
  host RAM used: +12100 MiB, 16844 MiB available; AnonHugePages 7.81641 GiB
  bench: exit 0, 179s
  decode c=1: per-stream median 22.0 tok/s, aggregate 22.0 tok/s, 1/1 ok
  decode c=4: per-stream median 6.5 tok/s, aggregate 24.1 tok/s, 4/4 ok
  decode c=16: per-stream median 2.3 tok/s, aggregate 34.4 tok/s, 16/16 ok
== phase uva8-base-r2 13:34:24Z offload 8 GiB env: 
ready in 171s; Available KV cache memory: 8.57 GiB;GPU KV cache size: 1,468,416 tokens;
  host RAM used: +17661 MiB, 11305 MiB available; AnonHugePages 0 GiB
  bench: exit 0, 258s
  decode c=1: per-stream median 15.4 tok/s, aggregate 15.5 tok/s, 1/1 ok
  decode c=4: per-stream median 4.5 tok/s, aggregate 16.8 tok/s, 4/4 ok
  decode c=16: per-stream median 1.6 tok/s, aggregate 23.6 tok/s, 16/16 ok
== done 13:41:35Z
